Archive member included to satisfy reference by file (symbol)

C:/ST/STM32CubeIDE_2.1.0/STM32CubeIDE/plugins/com.st.stm32cube.ide.mcu.externaltools.gnu-tools-for-stm32.14.3.rel1.win32_1.0.100.202602081740/tools/bin/../lib/gcc/arm-none-eabi/14.3.1/../../../../arm-none-eabi/lib/thumb/v7e-m+fp/hard\libc_nano.a(libc_a-assert.o)
                              ./MCUBoot/bootutil/src/bootutil_loader.o (__assert_func)
C:/ST/STM32CubeIDE_2.1.0/STM32CubeIDE/plugins/com.st.stm32cube.ide.mcu.externaltools.gnu-tools-for-stm32.14.3.rel1.win32_1.0.100.202602081740/tools/bin/../lib/gcc/arm-none-eabi/14.3.1/../../../../arm-none-eabi/lib/thumb/v7e-m+fp/hard\libc_nano.a(libc_a-calloc.o)
                              ./MCUBoot/crypto/mbedtls/library/asn1parse.o (calloc)
C:/ST/STM32CubeIDE_2.1.0/STM32CubeIDE/plugins/com.st.stm32cube.ide.mcu.externaltools.gnu-tools-for-stm32.14.3.rel1.win32_1.0.100.202602081740/tools/bin/../lib/gcc/arm-none-eabi/14.3.1/../../../../arm-none-eabi/lib/thumb/v7e-m+fp/hard\libc_nano.a(libc_a-callocr.o)
                              C:/ST/STM32CubeIDE_2.1.0/STM32CubeIDE/plugins/com.st.stm32cube.ide.mcu.externaltools.gnu-tools-for-stm32.14.3.rel1.win32_1.0.100.202602081740/tools/bin/../lib/gcc/arm-none-eabi/14.3.1/../../../../arm-none-eabi/lib/thumb/v7e-m+fp/hard\libc_nano.a(libc_a-calloc.o) (_calloc_r)
C:/ST/STM32CubeIDE_2.1.0/STM32CubeIDE/plugins/com.st.stm32cube.ide.mcu.externaltools.gnu-tools-for-stm32.14.3.rel1.win32_1.0.100.202602081740/tools/bin/../lib/gcc/arm-none-eabi/14.3.1/../../../../arm-none-eabi/lib/thumb/v7e-m+fp/hard\libc_nano.a(libc_a-exit.o)
                              C:/ST/STM32CubeIDE_2.1.0/STM32CubeIDE/plugins/com.st.stm32cube.ide.mcu.externaltools.gnu-tools-for-stm32.14.3.rel1.win32_1.0.100.202602081740/tools/bin/../lib/gcc/arm-none-eabi/14.3.1/../../../../arm-none-eabi/lib/thumb/v7e-m+fp/hard/crt0.o (exit)
C:/ST/STM32CubeIDE_2.1.0/STM32CubeIDE/plugins/com.st.stm32cube.ide.mcu.externaltools.gnu-tools-for-stm32.14.3.rel1.win32_1.0.100.202602081740/tools/bin/../lib/gcc/arm-none-eabi/14.3.1/../../../../arm-none-eabi/lib/thumb/v7e-m+fp/hard\libc_nano.a(libc_a-malloc.o)
                              ./MCUBoot/bootutil/src/loader.o (malloc)
C:/ST/STM32CubeIDE_2.1.0/STM32CubeIDE/plugins/com.st.stm32cube.ide.mcu.externaltools.gnu-tools-for-stm32.14.3.rel1.win32_1.0.100.202602081740/tools/bin/../lib/gcc/arm-none-eabi/14.3.1/../../../../arm-none-eabi/lib/thumb/v7e-m+fp/hard\libc_nano.a(libc_a-mallocr.o)
                              C:/ST/STM32CubeIDE_2.1.0/STM32CubeIDE/plugins/com.st.stm32cube.ide.mcu.externaltools.gnu-tools-for-stm32.14.3.rel1.win32_1.0.100.202602081740/tools/bin/../lib/gcc/arm-none-eabi/14.3.1/../../../../arm-none-eabi/lib/thumb/v7e-m+fp/hard\libc_nano.a(libc_a-callocr.o) (_malloc_r)
C:/ST/STM32CubeIDE_2.1.0/STM32CubeIDE/plugins/com.st.stm32cube.ide.mcu.externaltools.gnu-tools-for-stm32.14.3.rel1.win32_1.0.100.202602081740/tools/bin/../lib/gcc/arm-none-eabi/14.3.1/../../../../arm-none-eabi/lib/thumb/v7e-m+fp/hard\libc_nano.a(libc_a-mlock.o)
                              C:/ST/STM32CubeIDE_2.1.0/STM32CubeIDE/plugins/com.st.stm32cube.ide.mcu.externaltools.gnu-tools-for-stm32.14.3.rel1.win32_1.0.100.202602081740/tools/bin/../lib/gcc/arm-none-eabi/14.3.1/../../../../arm-none-eabi/lib/thumb/v7e-m+fp/hard\libc_nano.a(libc_a-mallocr.o) (__malloc_lock)
C:/ST/STM32CubeIDE_2.1.0/STM32CubeIDE/plugins/com.st.stm32cube.ide.mcu.externaltools.gnu-tools-for-stm32.14.3.rel1.win32_1.0.100.202602081740/tools/bin/../lib/gcc/arm-none-eabi/14.3.1/../../../../arm-none-eabi/lib/thumb/v7e-m+fp/hard\libc_nano.a(libc_a-fclose.o)
                              ./MCUBoot/crypto/mbedtls/library/pkparse.o (fclose)
C:/ST/STM32CubeIDE_2.1.0/STM32CubeIDE/plugins/com.st.stm32cube.ide.mcu.externaltools.gnu-tools-for-stm32.14.3.rel1.win32_1.0.100.202602081740/tools/bin/../lib/gcc/arm-none-eabi/14.3.1/../../../../arm-none-eabi/lib/thumb/v7e-m+fp/hard\libc_nano.a(libc_a-fflush.o)
                              C:/ST/STM32CubeIDE_2.1.0/STM32CubeIDE/plugins/com.st.stm32cube.ide.mcu.externaltools.gnu-tools-for-stm32.14.3.rel1.win32_1.0.100.202602081740/tools/bin/../lib/gcc/arm-none-eabi/14.3.1/../../../../arm-none-eabi/lib/thumb/v7e-m+fp/hard\libc_nano.a(libc_a-fclose.o) (__sflush_r)
C:/ST/STM32CubeIDE_2.1.0/STM32CubeIDE/plugins/com.st.stm32cube.ide.mcu.externaltools.gnu-tools-for-stm32.14.3.rel1.win32_1.0.100.202602081740/tools/bin/../lib/gcc/arm-none-eabi/14.3.1/../../../../arm-none-eabi/lib/thumb/v7e-m+fp/hard\libc_nano.a(libc_a-fgets.o)
                              ./MCUBoot/crypto/mbedtls/library/bignum.o (fgets)
C:/ST/STM32CubeIDE_2.1.0/STM32CubeIDE/plugins/com.st.stm32cube.ide.mcu.externaltools.gnu-tools-for-stm32.14.3.rel1.win32_1.0.100.202602081740/tools/bin/../lib/gcc/arm-none-eabi/14.3.1/../../../../arm-none-eabi/lib/thumb/v7e-m+fp/hard\libc_nano.a(libc_a-findfp.o)
[...]
Memory Configuration

Name             Origin             Length             Attributes
FLASH            0x08000000         0x00020000         xr
RAM              0x20000000         0x00010000         xrw
RAM2             0x10000000         0x00010000         xrw
RAM3             0x20030000         0x00060000         xrw
*default*        0x00000000         0xffffffff

Linker script and memory map

LOAD C:/ST/STM32CubeIDE_2.1.0/STM32CubeIDE/plugins/com.st.stm32cube.ide.mcu.externaltools.gnu-tools-for-stm32.14.3.rel1.win32_1.0.100.202602081740/tools/bin/../lib/gcc/arm-none-eabi/14.3.1/thumb/v7e-m+fp/hard/crti.o
LOAD C:/ST/STM32CubeIDE_2.1.0/STM32CubeIDE/plugins/com.st.stm32cube.ide.mcu.externaltools.gnu-tools-for-stm32.14.3.rel1.win32_1.0.100.202602081740/tools/bin/../lib/gcc/arm-none-eabi/14.3.1/thumb/v7e-m+fp/hard/crtbegin.o
LOAD C:/ST/STM32CubeIDE_2.1.0/STM32CubeIDE/plugins/com.st.stm32cube.ide.mcu.externaltools.gnu-tools-for-stm32.14.3.rel1.win32_1.0.100.202602081740/tools/bin/../lib/gcc/arm-none-eabi/14.3.1/../../../../arm-none-eabi/lib/thumb/v7e-m+fp/hard/crt0.o
LOAD ./Core/Src/gpio.o
LOAD ./Core/Src/iwdg.o
LOAD ./Core/Src/main.o
LOAD ./Core/Src/stm32l4xx_hal_msp.o
LOAD ./Core/Src/stm32l4xx_it.o
LOAD ./Core/Src/syscalls.o
LOAD ./Core/Src/sysmem.o
LOAD ./Core/Src/system_stm32l4xx.o
LOAD ./Core/Src/usart.o
LOAD ./Core/Startup/startup_stm32l4r5vgtx.o
LOAD ./Drivers/STM32L4xx_HAL_Driver/Src/stm32l4xx_hal.o
LOAD ./Drivers/STM32L4xx_HAL_Driver/Src/stm32l4xx_hal_cortex.o
LOAD ./Drivers/STM32L4xx_HAL_Driver/Src/stm32l4xx_hal_dma.o
LOAD ./Drivers/STM32L4xx_HAL_Driver/Src/stm32l4xx_hal_dma_ex.o
LOAD ./Drivers/STM32L4xx_HAL_Driver/Src/stm32l4xx_hal_exti.o
LOAD ./Drivers/STM32L4xx_HAL_Driver/Src/stm32l4xx_hal_flash.o
LOAD ./Drivers/STM32L4xx_HAL_Driver/Src/stm32l4xx_hal_flash_ex.o
LOAD ./Drivers/STM32L4xx_HAL_Driver/Src/stm32l4xx_hal_flash_ramfunc.o
LOAD ./Drivers/STM32L4xx_HAL_Driver/Src/stm32l4xx_hal_gpio.o
LOAD ./Drivers/STM32L4xx_HAL_Driver/Src/stm32l4xx_hal_i2c.o
LOAD ./Drivers/STM32L4xx_HAL_Driver/Src/stm32l4xx_hal_i2c_ex.o
LOAD ./Drivers/STM32L4xx_HAL_Driver/Src/stm32l4xx_hal_iwdg.o
LOAD ./Drivers/STM32L4xx_HAL_Driver/Src/stm32l4xx_hal_pwr.o
LOAD ./Drivers/STM32L4xx_HAL_Driver/Src/stm32l4xx_hal_pwr_ex.o
LOAD ./Drivers/STM32L4xx_HAL_Driver/Src/stm32l4xx_hal_rcc.o
LOAD ./Drivers/STM32L4xx_HAL_Driver/Src/stm32l4xx_hal_rcc_ex.o
LOAD ./Drivers/STM32L4xx_HAL_Driver/Src/stm32l4xx_hal_uart.o
LOAD ./Drivers/STM32L4xx_HAL_Driver/Src/stm32l4xx_hal_uart_ex.o
LOAD ./MCUBoot/bootutil/src/boot_record.o
LOAD ./MCUBoot/bootutil/src/bootutil_area.o
LOAD ./MCUBoot/bootutil/src/bootutil_find_key.o
LOAD ./MCUBoot/bootutil/src/bootutil_img_hash.o
LOAD ./MCUBoot/bootutil/src/bootutil_loader.o
LOAD ./MCUBoot/bootutil/src/bootutil_misc.o
LOAD ./MCUBoot/bootutil/src/bootutil_public.o
LOAD ./MCUBoot/bootutil/src/caps.o
LOAD ./MCUBoot/bootutil/src/encrypted.o
LOAD ./MCUBoot/bootutil/src/fault_injection_hardening.o
LOAD ./MCUBoot/bootutil/src/image_ecdsa.o
LOAD ./MCUBoot/bootutil/src/image_validate.o
LOAD ./MCUBoot/bootutil/src/loader.o
LOAD ./MCUBoot/bootutil/src/swap_misc.o
LOAD ./MCUBoot/bootutil/src/swap_move.o
LOAD ./MCUBoot/bootutil/src/tlv.o
LOAD ./MCUBoot/crypto/mbedtls/library/asn1parse.o
LOAD ./MCUBoot/crypto/mbedtls/library/asn1write.o
LOAD ./MCUBoot/crypto/mbedtls/library/bignum.o
LOAD ./MCUBoot/crypto/mbedtls/library/bignum_core.o
LOAD ./MCUBoot/crypto/mbedtls/library/bignum_mod.o
LOAD ./MCUBoot/crypto/mbedtls/library/bignum_mod_raw.o
LOAD ./MCUBoot/crypto/mbedtls/library/constant_time.o
LOAD ./MCUBoot/crypto/mbedtls/library/ecdsa.o
LOAD ./MCUBoot/crypto/mbedtls/library/ecp.o
LOAD ./MCUBoot/crypto/mbedtls/library/ecp_curves.o
LOAD ./MCUBoot/crypto/mbedtls/library/memory_buffer_alloc.o
LOAD ./MCUBoot/crypto/mbedtls/library/oid.o
LOAD ./MCUBoot/crypto/mbedtls/library/pk.o
LOAD ./MCUBoot/crypto/mbedtls/library/pk_wrap.o
LOAD ./MCUBoot/crypto/mbedtls/library/pkparse.o
LOAD ./MCUBoot/crypto/mbedtls/library/platform.o
LOAD ./MCUBoot/crypto/mbedtls/library/platform_util.o
LOAD ./MCUBoot/crypto/mbedtls/library/sha256.o
LOAD ./MCUBoot/flash_map_backend/boot_hal.o
LOAD ./MCUBoot/flash_map_backend/flash_map_backend.o
LOAD ./MCUBoot/flash_map_backend/keys.o
START GROUP
LOAD C:/ST/STM32CubeIDE_2.1.0/STM32CubeIDE/plugins/com.st.stm32cube.ide.mcu.externaltools.gnu-tools-for-stm32.14.3.rel1.win32_1.0.100.202602081740/tools/bin/../lib/gcc/arm-none-eabi/14.3.1/../../../../arm-none-eabi/lib/thumb/v7e-m+fp/hard\libc_nano.a
LOAD C:/ST/STM32CubeIDE_2.1.0/STM32CubeIDE/plugins/com.st.stm32cube.ide.mcu.externaltools.gnu-tools-for-stm32.14.3.rel1.win32_1.0.100.202602081740/tools/bin/../lib/gcc/arm-none-eabi/14.3.1/../../../../arm-none-eabi/lib/thumb/v7e-m+fp/hard\libm.a
END GROUP
START GROUP
LOAD C:/ST/STM32CubeIDE_2.1.0/STM32CubeIDE/plugins/com.st.stm32cube.ide.mcu.externaltools.gnu-tools-for-stm32.14.3.rel1.win32_1.0.100.202602081740/tools/bin/../lib/gcc/arm-none-eabi/14.3.1/thumb/v7e-m+fp/hard\libgcc.a
LOAD C:/ST/STM32CubeIDE_2.1.0/STM32CubeIDE/plugins/com.st.stm32cube.ide.mcu.externaltools.gnu-tools-for-stm32.14.3.rel1.win32_1.0.100.202602081740/tools/bin/../lib/gcc/arm-none-eabi/14.3.1/../../../../arm-none-eabi/lib/thumb/v7e-m+fp/hard\libc_nano.a
END GROUP
START GROUP
LOAD C:/ST/STM32CubeIDE_2.1.0/STM32CubeIDE/plugins/com.st.stm32cube.ide.mcu.externaltools.gnu-tools-for-stm32.14.3.rel1.win32_1.0.100.202602081740/tools/bin/../lib/gcc/arm-none-eabi/14.3.1/thumb/v7e-m+fp/hard\libgcc.a
LOAD C:/ST/STM32CubeIDE_2.1.0/STM32CubeIDE/plugins/com.st.stm32cube.ide.mcu.externaltools.gnu-tools-for-stm32.14.3.rel1.win32_1.0.100.202602081740/tools/bin/../lib/gcc/arm-none-eabi/14.3.1/../../../../arm-none-eabi/lib/thumb/v7e-m+fp/hard\libc_nano.a
LOAD C:/ST/STM32CubeIDE_2.1.0/STM32CubeIDE/plugins/com.st.stm32cube.ide.mcu.externaltools.gnu-tools-for-stm32.14.3.rel1.win32_1.0.100.202602081740/tools/bin/../lib/gcc/arm-none-eabi/14.3.1/../../../../arm-none-eabi/lib/thumb/v7e-m+fp/hard\libnosys.a
END GROUP
START GROUP
LOAD C:/ST/STM32CubeIDE_2.1.0/STM32CubeIDE/plugins/com.st.stm32cube.ide.mcu.externaltools.gnu-tools-for-stm32.14.3.rel1.win32_1.0.100.202602081740/tools/bin/../lib/gcc/arm-none-eabi/14.3.1/thumb/v7e-m+fp/hard\libgcc.a
LOAD C:/ST/STM32CubeIDE_2.1.0/STM32CubeIDE/plugins/com.st.stm32cube.ide.mcu.externaltools.gnu-tools-for-stm32.14.3.rel1.win32_1.0.100.202602081740/tools/bin/../lib/gcc/arm-none-eabi/14.3.1/../../../../arm-none-eabi/lib/thumb/v7e-m+fp/hard\libc_nano.a
LOAD C:/ST/STM32CubeIDE_2.1.0/STM32CubeIDE/plugins/com.st.stm32cube.ide.mcu.externaltools.gnu-tools-for-stm32.14.3.rel1.win32_1.0.100.202602081740/tools/bin/../lib/gcc/arm-none-eabi/14.3.1/../../../../arm-none-eabi/lib/thumb/v7e-m+fp/hard\libnosys.a
END GROUP
LOAD C:/ST/STM32CubeIDE_2.1.0/STM32CubeIDE/plugins/com.st.stm32cube.ide.mcu.externaltools.gnu-tools-for-stm32.14.3.rel1.win32_1.0.100.202602081740/tools/bin/../lib/gcc/arm-none-eabi/14.3.1/thumb/v7e-m+fp/hard/crtend.o
LOAD C:/ST/STM32CubeIDE_2.1.0/STM32CubeIDE/plugins/com.st.stm32cube.ide.mcu.externaltools.gnu-tools-for-stm32.14.3.rel1.win32_1.0.100.202602081740/tools/bin/../lib/gcc/arm-none-eabi/14.3.1/thumb/v7e-m+fp/hard/crtn.o
                0x20090000                        _estack = (ORIGIN (RAM3) + LENGTH (RAM3))
                0x00000200                        _Min_Heap_Size = 0x200
                0x00000400                        _Min_Stack_Size = 0x400

.isr_vector     0x08000000      0x1bc
                0x08000000                        . = ALIGN (0x4)
 *(.isr_vector)
 .isr_vector    0x08000000      0x1bc ./Core/Startup/startup_stm32l4r5vgtx.o
                0x08000000                g_pfnVectors
                0x080001bc                        . = ALIGN (0x4)

.text           0x080001c0     0xfb3c
                0x080001c0                        . = ALIGN (0x4)
 *(.text)
 .text          0x080001c0       0x40 C:/ST/STM32CubeIDE_2.1.0/STM32CubeIDE/plugins/com.st.stm32cube.ide.mcu.externaltools.gnu-tools-for-stm32.14.3.rel1.win32_1.0.100.202602081740/tools/bin/../lib/gcc/arm-none-eabi/14.3.1/thumb/v7e-m+fp/hard/crtbegin.o
 .text          0x08000200       0xa0 C:/ST/STM32CubeIDE_2.1.0/STM32CubeIDE/plugins/com.st.stm32cube.ide.mcu.externaltools.gnu-tools-for-stm32.14.3.rel1.win32_1.0.100.202602081740/tools/bin/../lib/gcc/arm-none-eabi/14.3.1/../../../../arm-none-eabi/lib/thumb/v7e-m+fp/hard\libc_nano.a(libc_a-memchr.o)
                0x08000200                memchr
 .text          0x080002a0       0x30 C:/ST/STM32CubeIDE_2.1.0/STM32CubeIDE/plugins/com.st.stm32cube.ide.mcu.externaltools.gnu-tools-for-stm32.14.3.rel1.win32_1.0.100.202602081740/tools/bin/../lib/gcc/arm-none-eabi/14.3.1/thumb/v7e-m+fp/hard\libgcc.a(_aeabi_uldivmod.o)
                0x080002a0                __aeabi_uldivmod
 .text          0x080002d0      0x2f8 C:/ST/STM32CubeIDE_2.1.0/STM32CubeIDE/plugins/com.st.stm32cube.ide.mcu.externaltools.gnu-tools-for-stm32.14.3.rel1.win32_1.0.100.202602081740/tools/bin/../lib/gcc/arm-none-eabi/14.3.1/thumb/v7e-m+fp/hard\libgcc.a(_udivmoddi4.o)
                0x080002d0                __udivmoddi4
 .text          0x080005c8        0x4 C:/ST/STM32CubeIDE_2.1.0/STM32CubeIDE/plugins/com.st.stm32cube.ide.mcu.externaltools.gnu-tools-for-stm32.14.3.rel1.win32_1.0.100.202602081740/tools/bin/../lib/gcc/arm-none-eabi/14.3.1/thumb/v7e-m+fp/hard\libgcc.a(_dvmd_tls.o)
                0x080005c8                __aeabi_idiv0
                0x080005c8                __aeabi_ldiv0
 *(.text*)
 .text.MX_GPIO_Init
                0x080005cc       0x48 ./Core/Src/gpio.o
                0x080005cc                MX_GPIO_Init
 .text._write   0x08000614       0x2c ./Core/Src/main.o
                0x08000614                _write
 .text.mcuboot_watchdog_feed
                0x08000640        0xe ./Core/Src/main.o
                0x08000640                mcuboot_watchdog_feed
 *fill*         0x0800064e        0x2 
 .text.main     0x08000650      0x104 ./Core/Src/main.o
                0x08000650                main
 .text.SystemClock_Config
                0x08000754       0xa6 ./Core/Src/main.o
                0x08000754                SystemClock_Config
 *fill*         0x080007fa        0x2 
 .text.Error_Handler
                0x080007fc       0x18 ./Core/Src/main.o
                0x080007fc                Error_Handler
 .text.HAL_MspInit
                0x08000814       0x48 ./Core/Src/stm32l4xx_hal_msp.o
                0x08000814                HAL_MspInit
 .text.NMI_Handler
                0x0800085c        0x8 ./Core/Src/stm32l4xx_it.o
                0x0800085c                NMI_Handler
 .text.HardFault_Handler
                0x08000864        0x8 ./Core/Src/stm32l4xx_it.o
                0x08000864                HardFault_Handler
 .text.MemManage_Handler
                0x0800086c        0x8 ./Core/Src/stm32l4xx_it.o
                0x0800086c                MemManage_Handler
 .text.BusFault_Handler
                0x08000874        0x8 ./Core/Src/stm32l4xx_it.o
                0x08000874                BusFault_Handler
 .text.UsageFault_Handler
                0x0800087c        0x8 ./Core/Src/stm32l4xx_it.o
                0x0800087c                UsageFault_Handler
 .text.SVC_Handler
                0x08000884        0xe ./Core/Src/stm32l4xx_it.o
                0x08000884                SVC_Handler
 .text.DebugMon_Handler
                0x08000892        0xe ./Core/Src/stm32l4xx_it.o
                0x08000892                DebugMon_Handler
 .text.PendSV_Handler
                0x080008a0        0xe ./Core/Src/stm32l4xx_it.o
                0x080008a0                PendSV_Handler
 .text.SysTick_Handler
                0x080008ae        0xc ./Core/Src/stm32l4xx_it.o
                0x080008ae                SysTick_Handler
 .text._getpid  0x080008ba       0x10 ./Core/Src/syscalls.o
                0x080008ba                _getpid
 .text._kill    0x080008ca       0x20 ./Core/Src/syscalls.o
                0x080008ca                _kill
 .text._exit    0x080008ea       0x16 ./Core/Src/syscalls.o
                0x080008ea                _exit
 .text._read    0x08000900       0x3a ./Core/Src/syscalls.o
                0x08000900                _read
 .text._close   0x0800093a       0x18 ./Core/Src/syscalls.o
                0x0800093a                _close
 .text._fstat   0x08000952       0x20 ./Core/Src/syscalls.o
                0x08000952                _fstat
 .text._isatty  0x08000972       0x16 ./Core/Src/syscalls.o
                0x08000972                _isatty
 .text._lseek   0x08000988       0x1a ./Core/Src/syscalls.o
                0x08000988                _lseek
 *fill*         0x080009a2        0x2 
 .text._sbrk    0x080009a4       0x6c ./Core/Src/sysmem.o
                0x080009a4                _sbrk
 .text.SystemInit
                0x08000a10       0x24 ./Core/Src/system_stm32l4xx.o
                0x08000a10                SystemInit
 .text.MX_UART4_Init
                0x08000a34       0x98 ./Core/Src/usart.o
                0x08000a34                MX_UART4_Init
 .text.MX_USART2_UART_Init
                0x08000acc       0x98 ./Core/Src/usart.o
                0x08000acc                MX_USART2_UART_Init
 .text.HAL_UART_MspInit
                0x08000b64      0x140 ./Core/Src/usart.o
                0x08000b64                HAL_UART_MspInit
 .text.Reset_Handler
                0x08000ca4       0x50 ./Core/Startup/startup_stm32l4r5vgtx.o
                0x08000ca4                Reset_Handler
 .text.Default_Handler
                0x08000cf4        0x2 ./Core/Startup/startup_stm32l4r5vgtx.o
                0x08000cf4                RTC_Alarm_IRQHandler
                0x08000cf4                EXTI2_IRQHandler
                0x08000cf4                TIM8_TRG_COM_IRQHandler
                0x08000cf4                TIM8_CC_IRQHandler
                0x08000cf4                TIM1_CC_IRQHandler
                0x08000cf4                TSC_IRQHandler
                0x08000cf4                TAMP_STAMP_IRQHandler
                0x08000cf4                EXTI3_IRQHandler
                0x08000cf4                LPTIM2_IRQHandler
                0x08000cf4                DFSDM1_FLT1_IRQHandler
                0x08000cf4                GFXMMU_IRQHandler
                0x08000cf4                I2C3_ER_IRQHandler
                0x08000cf4                DFSDM1_FLT2_IRQHandler
                0x08000cf4                EXTI0_IRQHandler
                0x08000cf4                I2C2_EV_IRQHandler
                0x08000cf4                CAN1_RX0_IRQHandler
                0x08000cf4                FPU_IRQHandler
                0x08000cf4                TIM1_UP_TIM16_IRQHandler
                0x08000cf4                LTDC_ER_IRQHandler
                0x08000cf4                SPI1_IRQHandler
                0x08000cf4                OCTOSPI1_IRQHandler
                0x08000cf4                TIM6_DAC_IRQHandler
                0x08000cf4                DCMI_IRQHandler
                0x08000cf4                TIM8_UP_IRQHandler
                0x08000cf4                OCTOSPI2_IRQHandler
                0x08000cf4                DMA2_Channel2_IRQHandler
                0x08000cf4                DMA1_Channel4_IRQHandler
                0x08000cf4                SAI2_IRQHandler
                0x08000cf4                ADC1_IRQHandler
                0x08000cf4                DFSDM1_FLT3_IRQHandler
                0x08000cf4                USART3_IRQHandler
                0x08000cf4                DMA1_Channel7_IRQHandler
                0x08000cf4                CAN1_RX1_IRQHandler
                0x08000cf4                UART5_IRQHandler
                0x08000cf4                TIM4_IRQHandler
                0x08000cf4                DMA2_Channel1_IRQHandler
                0x08000cf4                I2C1_EV_IRQHandler
                0x08000cf4                DMAMUX1_OVR_IRQHandler
                0x08000cf4                DMA1_Channel6_IRQHandler
                0x08000cf4                UART4_IRQHandler
                0x08000cf4                DMA2_Channel4_IRQHandler
                0x08000cf4                TIM3_IRQHandler
                0x08000cf4                RCC_IRQHandler
                0x08000cf4                DMA1_Channel1_IRQHandler
                0x08000cf4                Default_Handler
                0x08000cf4                DMA2_Channel7_IRQHandler
                0x08000cf4                EXTI15_10_IRQHandler
                0x08000cf4                TIM7_IRQHandler
                0x08000cf4                SDMMC1_IRQHandler
                0x08000cf4                TIM5_IRQHandler
                0x08000cf4                I2C3_EV_IRQHandler
                0x08000cf4                EXTI9_5_IRQHandler
                0x08000cf4                RTC_WKUP_IRQHandler
                0x08000cf4                LTDC_IRQHandler
                0x08000cf4                PVD_PVM_IRQHandler
                0x08000cf4                SPI2_IRQHandler
                0x08000cf4                CAN1_TX_IRQHandler
                0x08000cf4                DMA2_Channel5_IRQHandler
                0x08000cf4                CRS_IRQHandler
                0x08000cf4                DMA1_Channel5_IRQHandler
                0x08000cf4                EXTI4_IRQHandler
                0x08000cf4                RNG_IRQHandler
                0x08000cf4                TIM1_TRG_COM_TIM17_IRQHandler
                0x08000cf4                DMA1_Channel3_IRQHandler
                0x08000cf4                COMP_IRQHandler
                0x08000cf4                WWDG_IRQHandler
                0x08000cf4                I2C4_EV_IRQHandler
                0x08000cf4                LPUART1_IRQHandler
                0x08000cf4                DMA2_Channel6_IRQHandler
                0x08000cf4                TIM2_IRQHandler
                0x08000cf4                DMA2D_IRQHandler
                0x08000cf4                EXTI1_IRQHandler
                0x08000cf4                USART2_IRQHandler
                0x08000cf4                DFSDM1_FLT0_IRQHandler
                0x08000cf4                I2C2_ER_IRQHandler
                0x08000cf4                DMA1_Channel2_IRQHandler
                0x08000cf4                TIM8_BRK_IRQHandler
                0x08000cf4                CAN1_SCE_IRQHandler
                0x08000cf4                FLASH_IRQHandler
                0x08000cf4                USART1_IRQHandler
                0x08000cf4                OTG_FS_IRQHandler
                0x08000cf4                SPI3_IRQHandler
                0x08000cf4                I2C1_ER_IRQHandler
                0x08000cf4                FMC_IRQHandler
                0x08000cf4                LPTIM1_IRQHandler
                0x08000cf4                I2C4_ER_IRQHandler
                0x08000cf4                SAI1_IRQHandler
                0x08000cf4                DMA2_Channel3_IRQHandler
                0x08000cf4                TIM1_BRK_TIM15_IRQHandler
 *fill*         0x08000cf6        0x2 
 .text.HAL_Init
                0x08000cf8       0x40 ./Drivers/STM32L4xx_HAL_Driver/Src/stm32l4xx_hal.o
                0x08000cf8                HAL_Init
 .text.HAL_InitTick
                0x08000d38       0x78 ./Drivers/STM32L4xx_HAL_Driver/Src/stm32l4xx_hal.o
                0x08000d38                HAL_InitTick
 .text.HAL_IncTick
                0x08000db0       0x28 ./Drivers/STM32L4xx_HAL_Driver/Src/stm32l4xx_hal.o
                0x08000db0                HAL_IncTick
 .text.HAL_GetTick
                0x08000dd8       0x18 ./Drivers/STM32L4xx_HAL_Driver/Src/stm32l4xx_hal.o
                0x08000dd8                HAL_GetTick
 .text.HAL_Delay
                0x08000df0       0x48 ./Drivers/STM32L4xx_HAL_Driver/Src/stm32l4xx_hal.o
                0x08000df0                HAL_Delay
 .text.__NVIC_SetPriorityGrouping
                0x08000e38       0x48 ./Drivers/STM32L4xx_HAL_Driver/Src/stm32l4xx_hal_cortex.o
 .text.__NVIC_GetPriorityGrouping
                0x08000e80       0x1c ./Drivers/STM32L4xx_HAL_Driver/Src/stm32l4xx_hal_cortex.o
 .text.__NVIC_SetPriority
                0x08000e9c       0x54 ./Drivers/STM32L4xx_HAL_Driver/Src/stm32l4xx_hal_cortex.o
 .text.NVIC_EncodePriority
                0x08000ef0       0x66 ./Drivers/STM32L4xx_HAL_Driver/Src/stm32l4xx_hal_cortex.o
 *fill*         0x08000f56        0x2 
 .text.SysTick_Config
                0x08000f58       0x44 ./Drivers/STM32L4xx_HAL_Driver/Src/stm32l4xx_hal_cortex.o
 .text.HAL_NVIC_SetPriorityGrouping
                0x08000f9c       0x16 ./Drivers/STM32L4xx_HAL_Driver/Src/stm32l4xx_hal_cortex.o
                0x08000f9c                HAL_NVIC_SetPriorityGrouping
 .text.HAL_NVIC_SetPriority
                0x08000fb2       0x38 ./Drivers/STM32L4xx_HAL_Driver/Src/stm32l4xx_hal_cortex.o
                0x08000fb2                HAL_NVIC_SetPriority
 .text.HAL_SYSTICK_Config
                0x08000fea       0x18 ./Drivers/STM32L4xx_HAL_Driver/Src/stm32l4xx_hal_cortex.o
                0x08000fea                HAL_SYSTICK_Config
 *fill*         0x08001002        0x2 
 .text.HAL_MPU_Enable
                0x08001004       0x30 ./Drivers/STM32L4xx_HAL_Driver/Src/stm32l4xx_hal_cortex.o
                0x08001004                HAL_MPU_Enable
 .text.HAL_MPU_Disable
                0x08001034       0x20 ./Drivers/STM32L4xx_HAL_Driver/Src/stm32l4xx_hal_cortex.o
                0x08001034                HAL_MPU_Disable
 .text.HAL_MPU_ConfigRegion
                0x08001054       0x80 ./Drivers/STM32L4xx_HAL_Driver/Src/stm32l4xx_hal_cortex.o
                0x08001054                HAL_MPU_ConfigRegion
 .text.HAL_FLASH_Program
                0x080010d4       0xd8 ./Drivers/STM32L4xx_HAL_Driver/Src/stm32l4xx_hal_flash.o
                0x080010d4                HAL_FLASH_Program
 .text.HAL_FLASH_Unlock
                0x080011ac       0x44 ./Drivers/STM32L4xx_HAL_Driver/Src/stm32l4xx_hal_flash.o
                0x080011ac                HAL_FLASH_Unlock
 .text.HAL_FLASH_Lock
                0x080011f0       0x20 ./Drivers/STM32L4xx_HAL_Driver/Src/stm32l4xx_hal_flash.o
                0x080011f0                HAL_FLASH_Lock
 .text.FLASH_WaitForLastOperation
                0x08001210       0xac ./Drivers/STM32L4xx_HAL_Driver/Src/stm32l4xx_hal_flash.o
                0x08001210                FLASH_WaitForLastOperation
 .text.FLASH_Program_DoubleWord
                0x080012bc       0x4c ./Drivers/STM32L4xx_HAL_Driver/Src/stm32l4xx_hal_flash.o
 .text.FLASH_Program_Fast
                0x08001308       0x6c ./Drivers/STM32L4xx_HAL_Driver/Src/stm32l4xx_hal_flash.o
 .text.HAL_FLASHEx_Erase
                0x08001374      0x138 ./Drivers/STM32L4xx_HAL_Driver/Src/stm32l4xx_hal_flash_ex.o
                0x08001374                HAL_FLASHEx_Erase
 .text.FLASH_MassErase
                0x080014ac       0x70 ./Drivers/STM32L4xx_HAL_Driver/Src/stm32l4xx_hal_flash_ex.o
 .text.FLASH_PageErase
                0x0800151c       0x88 ./Drivers/STM32L4xx_HAL_Driver/Src/stm32l4xx_hal_flash_ex.o
                0x0800151c                FLASH_PageErase
 .text.FLASH_FlushCaches
                0x080015a4       0x94 ./Drivers/STM32L4xx_HAL_Driver/Src/stm32l4xx_hal_flash_ex.o
                0x080015a4                FLASH_FlushCaches
 .text.HAL_GPIO_Init
                0x08001638      0x324 ./Drivers/STM32L4xx_HAL_Driver/Src/stm32l4xx_hal_gpio.o
                0x08001638                HAL_GPIO_Init
 .text.HAL_IWDG_Refresh
                0x0800195c       0x20 ./Drivers/STM32L4xx_HAL_Driver/Src/stm32l4xx_hal_iwdg.o
                0x0800195c                HAL_IWDG_Refresh
 .text.HAL_PWREx_GetVoltageRange
                0x0800197c       0x40 ./Drivers/STM32L4xx_HAL_Driver/Src/stm32l4xx_hal_pwr_ex.o
                0x0800197c                HAL_PWREx_GetVoltageRange
 .text.HAL_PWREx_ControlVoltageScaling
                0x080019bc      0x148 ./Drivers/STM32L4xx_HAL_Driver/Src/stm32l4xx_hal_pwr_ex.o
                0x080019bc                HAL_PWREx_ControlVoltageScaling
 .text.HAL_RCC_DeInit
                0x08001b04      0x144 ./Drivers/STM32L4xx_HAL_Driver/Src/stm32l4xx_hal_rcc.o
                0x08001b04                HAL_RCC_DeInit
 .text.HAL_RCC_OscConfig
                0x08001c48      0x834 ./Drivers/STM32L4xx_HAL_Driver/Src/stm32l4xx_hal_rcc.o
                0x08001c48                HAL_RCC_OscConfig
 .text.HAL_RCC_ClockConfig
                0x0800247c      0x274 ./Drivers/STM32L4xx_HAL_Driver/Src/stm32l4xx_hal_rcc.o
                0x0800247c                HAL_RCC_ClockConfig
 .text.HAL_RCC_GetSysClockFreq
                0x080026f0      0x118 ./Drivers/STM32L4xx_HAL_Driver/Src/stm32l4xx_hal_rcc.o
                0x080026f0                HAL_RCC_GetSysClockFreq
 .text.HAL_RCC_GetHCLKFreq
                0x08002808       0x18 ./Drivers/STM32L4xx_HAL_Driver/Src/stm32l4xx_hal_rcc.o
                0x08002808                HAL_RCC_GetHCLKFreq
 .text.HAL_RCC_GetPCLK1Freq
                0x08002820       0x2c ./Drivers/STM32L4xx_HAL_Driver/Src/stm32l4xx_hal_rcc.o
                0x08002820                HAL_RCC_GetPCLK1Freq
 .text.HAL_RCC_GetPCLK2Freq
                0x0800284c       0x2c ./Drivers/STM32L4xx_HAL_Driver/Src/stm32l4xx_hal_rcc.o
                0x0800284c                HAL_RCC_GetPCLK2Freq
 .text.RCC_SetFlashLatencyFromMSIRange
                0x08002878       0xb4 ./Drivers/STM32L4xx_HAL_Driver/Src/stm32l4xx_hal_rcc.o
 .text.RCC_GetSysClockFreqFromPLLSource
                0x0800292c       0xcc ./Drivers/STM32L4xx_HAL_Driver/Src/stm32l4xx_hal_rcc.o
 .text.HAL_RCCEx_PeriphCLKConfig
                0x080029f8      0x660 ./Drivers/STM32L4xx_HAL_Driver/Src/stm32l4xx_hal_rcc_ex.o
                0x080029f8                HAL_RCCEx_PeriphCLKConfig
 .text.RCCEx_PLLSAI1_Config
                0x08003058      0x1e8 ./Drivers/STM32L4xx_HAL_Driver/Src/stm32l4xx_hal_rcc_ex.o
 .text.RCCEx_PLLSAI2_Config
                0x08003240      0x1e8 ./Drivers/STM32L4xx_HAL_Driver/Src/stm32l4xx_hal_rcc_ex.o
 .text.HAL_UART_Init
                0x08003428       0xa0 ./Drivers/STM32L4xx_HAL_Driver/Src/stm32l4xx_hal_uart.o
                0x08003428                HAL_UART_Init
 .text.HAL_UART_Transmit
                0x080034c8      0x132 ./Drivers/STM32L4xx_HAL_Driver/Src/stm32l4xx_hal_uart.o
                0x080034c8                HAL_UART_Transmit
 *fill*         0x080035fa        0x2 
 .text.UART_SetConfig
                0x080035fc      0x5f8 ./Drivers/STM32L4xx_HAL_Driver/Src/stm32l4xx_hal_uart.o
                0x080035fc                UART_SetConfig
 .text.UART_AdvFeatureConfig
                0x08003bf4      0x144 ./Drivers/STM32L4xx_HAL_Driver/Src/stm32l4xx_hal_uart.o
                0x08003bf4                UART_AdvFeatureConfig
 .text.UART_CheckIdleState
                0x08003d38      0x154 ./Drivers/STM32L4xx_HAL_Driver/Src/stm32l4xx_hal_uart.o
                0x08003d38                UART_CheckIdleState
 .text.UART_WaitOnFlagUntilTimeout
                0x08003e8c       0xda ./Drivers/STM32L4xx_HAL_Driver/Src/stm32l4xx_hal_uart.o
                0x08003e8c                UART_WaitOnFlagUntilTimeout
 .text.UART_EndRxTransfer
                0x08003f66       0xcc ./Drivers/STM32L4xx_HAL_Driver/Src/stm32l4xx_hal_uart.o
 .text.HAL_UARTEx_DisableFifoMode
                0x08004032       0x72 ./Drivers/STM32L4xx_HAL_Driver/Src/stm32l4xx_hal_uart_ex.o
                0x08004032                HAL_UARTEx_DisableFifoMode
 .text.HAL_UARTEx_SetTxFifoThreshold
                0x080040a4       0x7c ./Drivers/STM32L4xx_HAL_Driver/Src/stm32l4xx_hal_uart_ex.o
                0x080040a4                HAL_UARTEx_SetTxFifoThreshold
 .text.HAL_UARTEx_SetRxFifoThreshold
                0x08004120       0x7c ./Drivers/STM32L4xx_HAL_Driver/Src/stm32l4xx_hal_uart_ex.o
                0x08004120                HAL_UARTEx_SetRxFifoThreshold
 .text.UARTEx_SetNbDataToProcess
                0x0800419c       0x9c ./Drivers/STM32L4xx_HAL_Driver/Src/stm32l4xx_hal_uart_ex.o
 .text.boot_trailer_info_sz
                0x08004238       0x10 ./MCUBoot/bootutil/src/bootutil_area.o
 .text.boot_status_entry_sz
                0x08004248       0x1c ./MCUBoot/bootutil/src/bootutil_area.o
 .text.boot_status_sz
                0x08004264       0x20 ./MCUBoot/bootutil/src/bootutil_area.o
                0x08004264                boot_status_sz
 .text.boot_trailer_sz
                0x08004284       0x20 ./MCUBoot/bootutil/src/bootutil_area.o
                0x08004284                boot_trailer_sz
 .text.boot_trailer_scramble_offset
                0x080042a4       0x8c ./MCUBoot/bootutil/src/bootutil_area.o
                0x080042a4                boot_trailer_scramble_offset
 .text.boot_erase_region
                0x08004330      0x14c ./MCUBoot/bootutil/src/bootutil_area.o
                0x08004330                boot_erase_region
 .text.boot_scramble_region
                0x0800447c       0x48 ./MCUBoot/bootutil/src/bootutil_area.o
                0x0800447c                boot_scramble_region
 .text.boot_scramble_slot
                0x080044c4       0x2e ./MCUBoot/bootutil/src/bootutil_area.o
                0x080044c4                boot_scramble_slot
 .text.bootutil_sha_init
                0x080044f2       0x22 ./MCUBoot/bootutil/src/bootutil_find_key.o
 .text.bootutil_sha_drop
                0x08004514       0x18 ./MCUBoot/bootutil/src/bootutil_find_key.o
 .text.bootutil_sha_update
                0x0800452c       0x22 ./MCUBoot/bootutil/src/bootutil_find_key.o
 .text.bootutil_sha_finish
                0x0800454e       0x1e ./MCUBoot/bootutil/src/bootutil_find_key.o
 .text.bootutil_find_key
                0x0800456c       0xb8 ./MCUBoot/bootutil/src/bootutil_find_key.o
                0x0800456c                bootutil_find_key
 .text.bootutil_sha_init
                0x08004624       0x22 ./MCUBoot/bootutil/src/bootutil_img_hash.o
 .text.bootutil_sha_drop
                0x08004646       0x18 ./MCUBoot/bootutil/src/bootutil_img_hash.o
 .text.bootutil_sha_update
                0x0800465e       0x22 ./MCUBoot/bootutil/src/bootutil_img_hash.o
 .text.bootutil_sha_finish
                0x08004680       0x1e ./MCUBoot/bootutil/src/bootutil_img_hash.o
 *fill*         0x0800469e        0x2 
 .text.bootutil_img_hash
                0x080046a0      0x140 ./MCUBoot/bootutil/src/bootutil_img_hash.o
                0x080046a0                bootutil_img_hash
 .text.boot_u32_safe_add
                0x080047e0       0x32 ./MCUBoot/bootutil/src/bootutil_loader.o
 .text.boot_img_hdr
                0x08004812       0x22 ./MCUBoot/bootutil/src/bootutil_loader.o
 .text.boot_check_header_erased
                0x08004834       0x6c ./MCUBoot/bootutil/src/bootutil_loader.o
                0x08004834                boot_check_header_erased
 .text.boot_check_header_valid
                0x080048a0       0xf0 ./MCUBoot/bootutil/src/bootutil_loader.o
                0x080048a0                boot_check_header_valid
 .text.boot_read_image_headers
                0x08004990       0x6c ./MCUBoot/bootutil/src/bootutil_loader.o
                0x08004990                boot_read_image_headers
 .text.boot_check_image
                0x080049fc       0x90 ./MCUBoot/bootutil/src/bootutil_loader.o
                0x080049fc                boot_check_image
 .text.boot_add_shared_data
                0x08004a8c       0x1a ./MCUBoot/bootutil/src/bootutil_loader.o
                0x08004a8c                boot_add_shared_data
 *fill*         0x08004aa6        0x2 
 .text.boot_open_all_flash_areas
                0x08004aa8       0x9c ./MCUBoot/bootutil/src/bootutil_loader.o
                0x08004aa8                boot_open_all_flash_areas
 .text.boot_close_all_flash_areas
                0x08004b44       0x56 ./MCUBoot/bootutil/src/bootutil_loader.o
                0x08004b44                boot_close_all_flash_areas
 .text.boot_state_init
                0x08004b9a       0x1a ./MCUBoot/bootutil/src/bootutil_loader.o
                0x08004b9a                boot_state_init
 .text.boot_img_hdr
                0x08004bb4       0x22 ./MCUBoot/bootutil/src/bootutil_misc.o
 *fill*         0x08004bd6        0x2 
 .text.boot_magic_decode
                0x08004bd8       0x2c ./MCUBoot/bootutil/src/bootutil_misc.o
 .text.boot_magic_off
                0x08004c04       0x1a ./MCUBoot/bootutil/src/bootutil_misc.o
 .text.boot_swap_size_off
                0x08004c1e       0x1a ./MCUBoot/bootutil/src/bootutil_misc.o
 .text.boot_fih_memequal
                0x08004c38       0x20 ./MCUBoot/bootutil/src/bootutil_misc.o
                0x08004c38                boot_fih_memequal
 .text.boot_status_entries
                0x08004c58       0x44 ./MCUBoot/bootutil/src/bootutil_misc.o
                0x08004c58                boot_status_entries
 .text.boot_status_off
                0x08004c9c       0x54 ./MCUBoot/bootutil/src/bootutil_misc.o
                0x08004c9c                boot_status_off
 .text.boot_find_status
                0x08004cf0       0x9c ./MCUBoot/bootutil/src/bootutil_misc.o
                0x08004cf0                boot_find_status
 .text.boot_read_swap_size
                0x08004d8c       0x2a ./MCUBoot/bootutil/src/bootutil_misc.o
                0x08004d8c                boot_read_swap_size
 *fill*         0x08004db6        0x2 
 .text.boot_write_swap_size
                0x08004db8       0x4c ./MCUBoot/bootutil/src/bootutil_misc.o
                0x08004db8                boot_write_swap_size
 .text.bootutil_max_image_size
                0x08004e04       0x1a ./MCUBoot/bootutil/src/bootutil_misc.o
                0x08004e04                bootutil_max_image_size
 *fill*         0x08004e1e        0x2 
 .text.boot_read_image_size
                0x08004e20      0x120 ./MCUBoot/bootutil/src/bootutil_misc.o
                0x08004e20                boot_read_image_size
 .text.boot_initialize_area
                0x08004f40       0x68 ./MCUBoot/bootutil/src/bootutil_misc.o
                0x08004f40                boot_initialize_area
 .text.boot_write_sz
                0x08004fa8       0x1e ./MCUBoot/bootutil/src/bootutil_misc.o
 *fill*         0x08004fc6        0x2 
 .text.boot_read_sectors
                0x08004fc8       0x8c ./MCUBoot/bootutil/src/bootutil_misc.o
                0x08004fc8                boot_read_sectors
 .text.boot_state_clear
                0x08005054       0x14 ./MCUBoot/bootutil/src/bootutil_misc.o
                0x08005054                boot_state_clear
 .text.boot_magic_decode
                0x08005068       0x2c ./MCUBoot/bootutil/src/bootutil_public.o
 .text.boot_magic_off
                0x08005094       0x1a ./MCUBoot/bootutil/src/bootutil_public.o
 .text.boot_image_ok_off
                0x080050ae       0x1e ./MCUBoot/bootutil/src/bootutil_public.o
 .text.boot_copy_done_off
                0x080050cc       0x1a ./MCUBoot/bootutil/src/bootutil_public.o
 .text.boot_flag_decode
                0x080050e6       0x22 ./MCUBoot/bootutil/src/bootutil_public.o
 .text.boot_swap_info_off
                0x08005108       0x1a ./MCUBoot/bootutil/src/bootutil_public.o
                0x08005108                boot_swap_info_off
 .text.boot_magic_compatible_check
                0x08005122       0x48 ./MCUBoot/bootutil/src/bootutil_public.o
                0x08005122                boot_magic_compatible_check
 .text.bootutil_buffer_is_erased
                0x0800516a       0x5a ./MCUBoot/bootutil/src/bootutil_public.o
                0x0800516a                bootutil_buffer_is_erased
 .text.boot_read_flag
                0x080051c4       0x58 ./MCUBoot/bootutil/src/bootutil_public.o
 .text.boot_read_copy_done
                0x0800521c       0x26 ./MCUBoot/bootutil/src/bootutil_public.o
 .text.boot_read_swap_state
                0x08005242       0xe8 ./MCUBoot/bootutil/src/bootutil_public.o
                0x08005242                boot_read_swap_state
 .text.boot_read_swap_state_by_id
                0x0800532a       0x44 ./MCUBoot/bootutil/src/bootutil_public.o
                0x0800532a                boot_read_swap_state_by_id
 *fill*         0x0800536e        0x2 
 .text.boot_write_magic
                0x08005370       0x88 ./MCUBoot/bootutil/src/bootutil_public.o
                0x08005370                boot_write_magic
 .text.boot_write_trailer
                0x080053f8       0xac ./MCUBoot/bootutil/src/bootutil_public.o
                0x080053f8                boot_write_trailer
 .text.boot_write_trailer_flag
                0x080054a4       0x2a ./MCUBoot/bootutil/src/bootutil_public.o
                0x080054a4                boot_write_trailer_flag
 *fill*         0x080054ce        0x2 
 .text.boot_write_image_ok
                0x080054d0       0x48 ./MCUBoot/bootutil/src/bootutil_public.o
                0x080054d0                boot_write_image_ok
 .text.boot_read_image_ok
                0x08005518       0x26 ./MCUBoot/bootutil/src/bootutil_public.o
                0x08005518                boot_read_image_ok
 *fill*         0x0800553e        0x2 
 .text.boot_write_swap_info
                0x08005540       0xac ./MCUBoot/bootutil/src/bootutil_public.o
                0x08005540                boot_write_swap_info
 .text.boot_swap_type_multi
                0x080055ec      0x178 ./MCUBoot/bootutil/src/bootutil_public.o
                0x080055ec                boot_swap_type_multi
 .text.boot_write_copy_done
                0x08005764       0x48 ./MCUBoot/bootutil/src/bootutil_public.o
                0x08005764                boot_write_copy_done
 .text.bootutil_import_key
                0x080057ac       0xd4 ./MCUBoot/bootutil/src/image_ecdsa.o
 .text.bootutil_ecdsa_init
                0x08005880       0x16 ./MCUBoot/bootutil/src/image_ecdsa.o
 .text.bootutil_ecdsa_drop
                0x08005896       0x16 ./MCUBoot/bootutil/src/image_ecdsa.o
 .text.bootutil_ecdsa_verify
                0x080058ac       0x88 ./MCUBoot/bootutil/src/image_ecdsa.o
 .text.bootutil_ecdsa_parse_public_key
                0x08005934       0x20 ./MCUBoot/bootutil/src/image_ecdsa.o
 .text.bootutil_verify_sig
                0x08005954       0xf4 ./MCUBoot/bootutil/src/image_ecdsa.o
                0x08005954                bootutil_verify_sig
 .text.bootutil_img_validate
                0x08005a48      0x314 ./MCUBoot/bootutil/src/image_validate.o
                0x08005a48                bootutil_img_validate
 .text.boot_img_hdr
                0x08005d5c       0x22 ./MCUBoot/bootutil/src/loader.o
 .text.boot_img_slot_off
                0x08005d7e       0x2a ./MCUBoot/bootutil/src/loader.o
 .text.fill_rsp
                0x08005da8       0x50 ./MCUBoot/bootutil/src/loader.o
 .text.boot_status_reset
                0x08005df8       0x3e ./MCUBoot/bootutil/src/loader.o
                0x08005df8                boot_status_reset
 .text.boot_status_is_reset
                0x08005e36       0x38 ./MCUBoot/bootutil/src/loader.o
                0x08005e36                boot_status_is_reset
 *fill*         0x08005e6e        0x2 
 .text.boot_write_status
                0x08005e70       0x9c ./MCUBoot/bootutil/src/loader.o
                0x08005e70                boot_write_status
 .text.boot_validate_slot
                0x08005f0c      0x188 ./MCUBoot/bootutil/src/loader.o
 .text.boot_validated_swap_type
                0x08006094       0x78 ./MCUBoot/bootutil/src/loader.o
 .text.boot_copy_region
                0x0800610c       0x8c ./MCUBoot/bootutil/src/loader.o
                0x0800610c                boot_copy_region
 .text.boot_swap_image
                0x08006198      0x140 ./MCUBoot/bootutil/src/loader.o
 .text.boot_perform_update
                0x080062d8       0x94 ./MCUBoot/bootutil/src/loader.o
 .text.boot_complete_partial_swap
                0x0800636c       0xc4 ./MCUBoot/bootutil/src/loader.o
 .text.boot_prepare_image_for_update
                0x08006430      0x188 ./MCUBoot/bootutil/src/loader.o
 .text.boot_update_hw_rollback_protection
                0x080065b8       0x16 ./MCUBoot/bootutil/src/loader.o
 .text.check_downgrade_prevention
                0x080065ce       0x16 ./MCUBoot/bootutil/src/loader.o
 .text.context_boot_go
                0x080065e4      0x250 ./MCUBoot/bootutil/src/loader.o
                0x080065e4                context_boot_go
 .text.boot_go  0x08006834       0x44 ./MCUBoot/bootutil/src/loader.o
                0x08006834                boot_go
 .text.swap_scramble_trailer_sectors
                0x08006878       0x68 ./MCUBoot/bootutil/src/swap_misc.o
                0x08006878                swap_scramble_trailer_sectors
 .text.swap_status_init
                0x080068e0       0xf0 ./MCUBoot/bootutil/src/swap_misc.o
                0x080068e0                swap_status_init
 .text.swap_read_status
                0x080069d0       0xcc ./MCUBoot/bootutil/src/swap_misc.o
                0x080069d0                swap_read_status
 .text.swap_set_copy_done
                0x08006a9c       0x48 ./MCUBoot/bootutil/src/swap_misc.o
                0x08006a9c                swap_set_copy_done
 .text.swap_set_image_ok
                0x08006ae4       0x6e ./MCUBoot/bootutil/src/swap_misc.o
                0x08006ae4                swap_set_image_ok
 .text.boot_img_num_sectors
                0x08006b52       0x26 ./MCUBoot/bootutil/src/swap_move.o
 .text.boot_img_sector_size
                0x08006b78       0x38 ./MCUBoot/bootutil/src/swap_move.o
 .text.boot_img_sector_off
                0x08006bb0       0x52 ./MCUBoot/bootutil/src/swap_move.o
 .text.find_last_idx
                0x08006c02       0x42 ./MCUBoot/bootutil/src/swap_move.o
                0x08006c02                find_last_idx
 .text.boot_read_image_header
                0x08006c44      0x14c ./MCUBoot/bootutil/src/swap_move.o
                0x08006c44                boot_read_image_header
 .text.swap_read_status_bytes
                0x08006d90      0x128 ./MCUBoot/bootutil/src/swap_move.o
                0x08006d90                swap_read_status_bytes
 .text.boot_status_internal_off
                0x08006eb8       0x66 ./MCUBoot/bootutil/src/swap_move.o
                0x08006eb8                boot_status_internal_off
 *fill*         0x08006f1e        0x2 
 .text.boot_slots_compatible
                0x08006f20       0xf8 ./MCUBoot/bootutil/src/swap_move.o
                0x08006f20                boot_slots_compatible
 .text.swap_status_source
                0x08007018      0x120 ./MCUBoot/bootutil/src/swap_move.o
                0x08007018                swap_status_source
 .text.boot_move_sector_up
                0x08007138      0x120 ./MCUBoot/bootutil/src/swap_move.o
 .text.boot_swap_sectors
                0x08007258      0x148 ./MCUBoot/bootutil/src/swap_move.o
 .text.fixup_revert
                0x080073a0      0x118 ./MCUBoot/bootutil/src/swap_move.o
                0x080073a0                fixup_revert
 .text.swap_run
                0x080074b8      0x178 ./MCUBoot/bootutil/src/swap_move.o
                0x080074b8                swap_run
 .text.app_max_size
                0x08007630       0x76 ./MCUBoot/bootutil/src/swap_move.o
                0x08007630                app_max_size
 *fill*         0x080076a6        0x2 
 .text.bootutil_tlv_iter_begin
                0x080076a8      0x114 ./MCUBoot/bootutil/src/tlv.o
                0x080076a8                bootutil_tlv_iter_begin
 .text.bootutil_tlv_iter_next
                0x080077bc      0x158 ./MCUBoot/bootutil/src/tlv.o
                0x080077bc                bootutil_tlv_iter_next
 .text.mbedtls_asn1_get_len
                0x08007914       0x64 ./MCUBoot/crypto/mbedtls/library/asn1parse.o
                0x08007914                mbedtls_asn1_get_len
 .text.mbedtls_asn1_get_tag
                0x08007978       0x7c ./MCUBoot/crypto/mbedtls/library/asn1parse.o
                0x08007978                mbedtls_asn1_get_tag
 .text.mbedtls_asn1_get_mpi
                0x080079f4       0x88 ./MCUBoot/crypto/mbedtls/library/asn1parse.o
                0x080079f4                mbedtls_asn1_get_mpi
 .text.mbedtls_asn1_get_bitstring_null
                0x08007a7c       0x4c ./MCUBoot/crypto/mbedtls/library/asn1parse.o
                0x08007a7c                mbedtls_asn1_get_bitstring_null
 .text.mbedtls_asn1_get_alg
                0x08007ac8       0xc0 ./MCUBoot/crypto/mbedtls/library/asn1parse.o
                0x08007ac8                mbedtls_asn1_get_alg
 .text.mbedtls_mpi_init
                0x08007b88        0xc ./MCUBoot/crypto/mbedtls/library/bignum.o
                0x08007b88                mbedtls_mpi_init
 .text.mbedtls_mpi_free
                0x08007b94       0x20 ./MCUBoot/crypto/mbedtls/library/bignum.o
                0x08007b94                mbedtls_mpi_free
 .text.mbedtls_mpi_grow
                0x08007bb4       0x58 ./MCUBoot/crypto/mbedtls/library/bignum.o
                0x08007bb4                mbedtls_mpi_grow
 .text.mbedtls_mpi_safe_cond_assign
                0x08007c0c       0x6c ./MCUBoot/crypto/mbedtls/library/bignum.o
                0x08007c0c                mbedtls_mpi_safe_cond_assign
 .text.mbedtls_mpi_safe_cond_swap
                0x08007c78       0x6c ./MCUBoot/crypto/mbedtls/library/bignum.o
                0x08007c78                mbedtls_mpi_safe_cond_swap
 .text.mbedtls_mpi_resize_clear
                0x08007ce4       0x58 ./MCUBoot/crypto/mbedtls/library/bignum.o
 .text.mbedtls_mpi_shrink
                0x08007d3c       0x80 ./MCUBoot/crypto/mbedtls/library/bignum.o
                0x08007d3c                mbedtls_mpi_shrink
 .text.mbedtls_mpi_copy
                0x08007dbc       0x90 ./MCUBoot/crypto/mbedtls/library/bignum.o
                0x08007dbc                mbedtls_mpi_copy
 .text.mbedtls_mpi_lset
                0x08007e4c       0x58 ./MCUBoot/crypto/mbedtls/library/bignum.o
                0x08007e4c                mbedtls_mpi_lset
 .text.mbedtls_mpi_get_bit
                0x08007ea4       0x20 ./MCUBoot/crypto/mbedtls/library/bignum.o
                0x08007ea4                mbedtls_mpi_get_bit
 .text.mbedtls_mpi_set_bit
                0x08007ec4       0x50 ./MCUBoot/crypto/mbedtls/library/bignum.o
                0x08007ec4                mbedtls_mpi_set_bit
 .text.mbedtls_mpi_bitlen
                0x08007f14        0x8 ./MCUBoot/crypto/mbedtls/library/bignum.o
                0x08007f14                mbedtls_mpi_bitlen
 .text.mbedtls_mpi_size
                0x08007f1c       0x10 ./MCUBoot/crypto/mbedtls/library/bignum.o
                0x08007f1c                mbedtls_mpi_size
 .text.mbedtls_mpi_read_binary_le
                0x08007f2c       0x30 ./MCUBoot/crypto/mbedtls/library/bignum.o
                0x08007f2c                mbedtls_mpi_read_binary_le
 .text.mbedtls_mpi_read_binary
                0x08007f5c       0x30 ./MCUBoot/crypto/mbedtls/library/bignum.o
                0x08007f5c                mbedtls_mpi_read_binary
 .text.mbedtls_mpi_shift_l
                0x08007f8c       0x40 ./MCUBoot/crypto/mbedtls/library/bignum.o
                0x08007f8c                mbedtls_mpi_shift_l
 .text.mbedtls_mpi_shift_r
                0x08007fcc       0x18 ./MCUBoot/crypto/mbedtls/library/bignum.o
                0x08007fcc                mbedtls_mpi_shift_r
 .text.mbedtls_mpi_cmp_abs
                0x08007fe4       0x7c ./MCUBoot/crypto/mbedtls/library/bignum.o
                0x08007fe4                mbedtls_mpi_cmp_abs
 .text.mbedtls_mpi_cmp_mpi
                0x08008060       0xac ./MCUBoot/crypto/mbedtls/library/bignum.o
                0x08008060                mbedtls_mpi_cmp_mpi
 .text.mbedtls_mpi_cmp_int
                0x0800810c       0x30 ./MCUBoot/crypto/mbedtls/library/bignum.o
                0x0800810c                mbedtls_mpi_cmp_int
 .text.mbedtls_mpi_add_abs
                0x0800813c       0x9c ./MCUBoot/crypto/mbedtls/library/bignum.o
                0x0800813c                mbedtls_mpi_add_abs
 .text.mbedtls_mpi_sub_abs
                0x080081d8       0xb4 ./MCUBoot/crypto/mbedtls/library/bignum.o
                0x080081d8                mbedtls_mpi_sub_abs
 .text.add_sub_mpi
                0x0800828c       0x74 ./MCUBoot/crypto/mbedtls/library/bignum.o
 .text.mbedtls_mpi_add_mpi
                0x08008300        0x8 ./MCUBoot/crypto/mbedtls/library/bignum.o
                0x08008300                mbedtls_mpi_add_mpi
 .text.mbedtls_mpi_sub_mpi
                0x08008308        0x8 ./MCUBoot/crypto/mbedtls/library/bignum.o
                0x08008308                mbedtls_mpi_sub_mpi
 .text.mbedtls_mpi_add_int
                0x08008310       0x30 ./MCUBoot/crypto/mbedtls/library/bignum.o
                0x08008310                mbedtls_mpi_add_int
 .text.mbedtls_mpi_sub_int
                0x08008340       0x34 ./MCUBoot/crypto/mbedtls/library/bignum.o
                0x08008340                mbedtls_mpi_sub_int
 .text.mbedtls_mpi_mul_mpi
                0x08008374      0x114 ./MCUBoot/crypto/mbedtls/library/bignum.o
                0x08008374                mbedtls_mpi_mul_mpi
 .text.mbedtls_mpi_mul_int
                0x08008488       0x84 ./MCUBoot/crypto/mbedtls/library/bignum.o
                0x08008488                mbedtls_mpi_mul_int
 .text.mbedtls_mpi_div_mpi
                0x0800850c      0x540 ./MCUBoot/crypto/mbedtls/library/bignum.o
                0x0800850c                mbedtls_mpi_div_mpi
 .text.mbedtls_mpi_mod_mpi
                0x08008a4c       0xa0 ./MCUBoot/crypto/mbedtls/library/bignum.o
                0x08008a4c                mbedtls_mpi_mod_mpi
 .text.mbedtls_mpi_exp_mod
                0x08008aec      0x248 ./MCUBoot/crypto/mbedtls/library/bignum.o
                0x08008aec                mbedtls_mpi_exp_mod
 .text.mbedtls_mpi_gcd
                0x08008d34      0x204 ./MCUBoot/crypto/mbedtls/library/bignum.o
                0x08008d34                mbedtls_mpi_gcd
 .text.mbedtls_mpi_random
                0x08008f38       0x54 ./MCUBoot/crypto/mbedtls/library/bignum.o
                0x08008f38                mbedtls_mpi_random
 .text.mbedtls_mpi_inv_mod
                0x08008f8c      0x5e8 ./MCUBoot/crypto/mbedtls/library/bignum.o
                0x08008f8c                mbedtls_mpi_inv_mod
 .text.mbedtls_mpi_core_bitlen
                0x08009574       0x28 ./MCUBoot/crypto/mbedtls/library/bignum_core.o
                0x08009574                mbedtls_mpi_core_bitlen
 .text.mbedtls_mpi_core_uint_le_mpi
                0x0800959c       0x3c ./MCUBoot/crypto/mbedtls/library/bignum_core.o
                0x0800959c                mbedtls_mpi_core_uint_le_mpi
 .text.mbedtls_mpi_core_lt_ct
                0x080095d8       0x54 ./MCUBoot/crypto/mbedtls/library/bignum_core.o
                0x080095d8                mbedtls_mpi_core_lt_ct
 .text.mbedtls_mpi_core_cond_assign
                0x0800962c       0x34 ./MCUBoot/crypto/mbedtls/library/bignum_core.o
                0x0800962c                mbedtls_mpi_core_cond_assign
 .text.mbedtls_mpi_core_cond_swap
                0x08009660       0x44 ./MCUBoot/crypto/mbedtls/library/bignum_core.o
                0x08009660                mbedtls_mpi_core_cond_swap
 .text.mbedtls_mpi_core_read_le
                0x080096a4       0x54 ./MCUBoot/crypto/mbedtls/library/bignum_core.o
                0x080096a4                mbedtls_mpi_core_read_le
 .text.mbedtls_mpi_core_read_be
                0x080096f8       0x5c ./MCUBoot/crypto/mbedtls/library/bignum_core.o
                0x080096f8                mbedtls_mpi_core_read_be
 .text.mbedtls_mpi_core_shift_r
                0x08009754       0x90 ./MCUBoot/crypto/mbedtls/library/bignum_core.o
                0x08009754                mbedtls_mpi_core_shift_r
 .text.mbedtls_mpi_core_shift_l
                0x080097e4       0x7c ./MCUBoot/crypto/mbedtls/library/bignum_core.o
                0x080097e4                mbedtls_mpi_core_shift_l
 .text.mbedtls_mpi_core_add
                0x08009860       0x38 ./MCUBoot/crypto/mbedtls/library/bignum_core.o
                0x08009860                mbedtls_mpi_core_add
 .text.mbedtls_mpi_core_sub
                0x08009898       0x40 ./MCUBoot/crypto/mbedtls/library/bignum_core.o
                0x08009898                mbedtls_mpi_core_sub
 .text.mbedtls_mpi_core_mla
                0x080098d8       0xe0 ./MCUBoot/crypto/mbedtls/library/bignum_core.o
                0x080098d8                mbedtls_mpi_core_mla
 .text.mbedtls_mpi_core_mul
                0x080099b8       0x4c ./MCUBoot/crypto/mbedtls/library/bignum_core.o
                0x080099b8                mbedtls_mpi_core_mul
 .text.mbedtls_mpi_core_montmul_init
                0x08009a04       0x30 ./MCUBoot/crypto/mbedtls/library/bignum_core.o
                0x08009a04                mbedtls_mpi_core_montmul_init
 .text.mbedtls_mpi_core_montmul
                0x08009a34       0xe4 ./MCUBoot/crypto/mbedtls/library/bignum_core.o
                0x08009a34                mbedtls_mpi_core_montmul
 .text.mbedtls_mpi_core_get_mont_r2_unsafe
                0x08009b18       0x38 ./MCUBoot/crypto/mbedtls/library/bignum_core.o
                0x08009b18                mbedtls_mpi_core_get_mont_r2_unsafe
 .text.mbedtls_mpi_core_fill_random
                0x08009b50       0x6c ./MCUBoot/crypto/mbedtls/library/bignum_core.o
                0x08009b50                mbedtls_mpi_core_fill_random
 .text.mbedtls_mpi_core_random
                0x08009bbc       0xc0 ./MCUBoot/crypto/mbedtls/library/bignum_core.o
                0x08009bbc                mbedtls_mpi_core_random
 .text.mbedtls_mpi_core_exp_mod_working_limbs
                0x08009c7c       0x14 ./MCUBoot/crypto/mbedtls/library/bignum_core.o
                0x08009c7c                mbedtls_mpi_core_exp_mod_working_limbs
 .text.mbedtls_mpi_core_exp_mod
                0x08009c90      0x1fc ./MCUBoot/crypto/mbedtls/library/bignum_core.o
                0x08009c90                mbedtls_mpi_core_exp_mod
 .text.mbedtls_mpi_core_sub_int
                0x08009e8c       0x30 ./MCUBoot/crypto/mbedtls/library/bignum_core.o
                0x08009e8c                mbedtls_mpi_core_sub_int
 .text.mbedtls_mpi_core_check_zero_ct
                0x08009ebc       0x24 ./MCUBoot/crypto/mbedtls/library/bignum_core.o
                0x08009ebc                mbedtls_mpi_core_check_zero_ct
 .text.mbedtls_mpi_core_to_mont_rep
                0x08009ee0       0x1c ./MCUBoot/crypto/mbedtls/library/bignum_core.o
                0x08009ee0                mbedtls_mpi_core_to_mont_rep
 .text.mbedtls_mpi_core_from_mont_rep
                0x08009efc       0x20 ./MCUBoot/crypto/mbedtls/library/bignum_core.o
                0x08009efc                mbedtls_mpi_core_from_mont_rep
 .text.mbedtls_ct_memcpy_if
                0x08009f1c       0x74 ./MCUBoot/crypto/mbedtls/library/constant_time.o
                0x08009f1c                mbedtls_ct_memcpy_if
 .text.derive_mpi
                0x08009f90       0x5c ./MCUBoot/crypto/mbedtls/library/ecdsa.o
 .text.mbedtls_ecdsa_verify_restartable
                0x08009fec      0x150 ./MCUBoot/crypto/mbedtls/library/ecdsa.o
                0x08009fec                mbedtls_ecdsa_verify_restartable
 .text.mbedtls_ecdsa_read_signature_restartable
                0x0800a13c       0x9c ./MCUBoot/crypto/mbedtls/library/ecdsa.o
                0x0800a13c                mbedtls_ecdsa_read_signature_restartable
 .text.mbedtls_ecdsa_read_signature
                0x0800a1d8       0x14 ./MCUBoot/crypto/mbedtls/library/ecdsa.o
                0x0800a1d8                mbedtls_ecdsa_read_signature
 .text.mbedtls_ecdsa_init
                0x0800a1ec        0x4 ./MCUBoot/crypto/mbedtls/library/ecdsa.o
                0x0800a1ec                mbedtls_ecdsa_init
 .text.mbedtls_ecdsa_free
                0x0800a1f0        0x8 ./MCUBoot/crypto/mbedtls/library/ecdsa.o
                0x0800a1f0                mbedtls_ecdsa_free
 .text.ecp_modp
                0x0800a1f8       0x90 ./MCUBoot/crypto/mbedtls/library/ecp.o
 .text.ecp_safe_invert_jac
                0x0800a288       0x58 ./MCUBoot/crypto/mbedtls/library/ecp.o
 .text.ecp_select_comb
                0x0800a2e0       0x84 ./MCUBoot/crypto/mbedtls/library/ecp.o
 .text.mbedtls_mpi_sub_mod
                0x0800a364       0x40 ./MCUBoot/crypto/mbedtls/library/ecp.o
 .text.mbedtls_mpi_mul_mod
                0x0800a3a4       0x30 ./MCUBoot/crypto/mbedtls/library/ecp.o
 .text.mbedtls_mpi_add_mod
                0x0800a3d4       0x3c ./MCUBoot/crypto/mbedtls/library/ecp.o
 .text.mbedtls_mpi_shift_l_mod.constprop.0
                0x0800a410       0x38 ./MCUBoot/crypto/mbedtls/library/ecp.o
 .text.ecp_sw_rhs.part.0
                0x0800a448       0xdc ./MCUBoot/crypto/mbedtls/library/ecp.o
 .text.ecp_randomize_mxz
                0x0800a524       0x98 ./MCUBoot/crypto/mbedtls/library/ecp.o
 .text.ecp_normalize_jac
                0x0800a5bc       0xfc ./MCUBoot/crypto/mbedtls/library/ecp.o
 .text.ecp_normalize_jac_many
                0x0800a6b8      0x220 ./MCUBoot/crypto/mbedtls/library/ecp.o
 .text.ecp_randomize_jac
                0x0800a8d8      0x124 ./MCUBoot/crypto/mbedtls/library/ecp.o
 .text.ecp_double_jac
                0x0800a9fc      0x404 ./MCUBoot/crypto/mbedtls/library/ecp.o
 .text.ecp_add_mixed
                0x0800ae00      0x334 ./MCUBoot/crypto/mbedtls/library/ecp.o
 .text.ecp_mul_comb_after_precomp.isra.0
                0x0800b134      0x22c ./MCUBoot/crypto/mbedtls/library/ecp.o
 .text.mbedtls_ecp_point_init
                0x0800b360       0x1c ./MCUBoot/crypto/mbedtls/library/ecp.o
                0x0800b360                mbedtls_ecp_point_init
 .text.mbedtls_ecp_group_init
                0x0800b37c       0x54 ./MCUBoot/crypto/mbedtls/library/ecp.o
                0x0800b37c                mbedtls_ecp_group_init
 .text.mbedtls_ecp_keypair_init
                0x0800b3d0       0x2c ./MCUBoot/crypto/mbedtls/library/ecp.o
                0x0800b3d0                mbedtls_ecp_keypair_init
 .text.mbedtls_ecp_point_free
                0x0800b3fc       0x20 ./MCUBoot/crypto/mbedtls/library/ecp.o
                0x0800b3fc                mbedtls_ecp_point_free
 .text.mbedtls_ecp_group_free
                0x0800b41c       0x8c ./MCUBoot/crypto/mbedtls/library/ecp.o
                0x0800b41c                mbedtls_ecp_group_free
 .text.mbedtls_ecp_keypair_free
                0x0800b4a8       0x30 ./MCUBoot/crypto/mbedtls/library/ecp.o
                0x0800b4a8                mbedtls_ecp_keypair_free
 .text.mbedtls_ecp_is_zero
                0x0800b4d8       0x14 ./MCUBoot/crypto/mbedtls/library/ecp.o
                0x0800b4d8                mbedtls_ecp_is_zero
 .text.mbedtls_ecp_point_read_binary
                0x0800b4ec      0x1f0 ./MCUBoot/crypto/mbedtls/library/ecp.o
                0x0800b4ec                mbedtls_ecp_point_read_binary
 .text.mbedtls_ecp_check_pubkey
                0x0800b6dc      0x1c0 ./MCUBoot/crypto/mbedtls/library/ecp.o
                0x0800b6dc                mbedtls_ecp_check_pubkey
 .text.mbedtls_ecp_check_privkey
                0x0800b89c       0x6c ./MCUBoot/crypto/mbedtls/library/ecp.o
                0x0800b89c                mbedtls_ecp_check_privkey
 .text.ecp_mul_restartable_internal.isra.0
                0x0800b908      0x864 ./MCUBoot/crypto/mbedtls/library/ecp.o
 .text.mbedtls_ecp_mul_shortcuts.isra.0
                0x0800c16c      0x140 ./MCUBoot/crypto/mbedtls/library/ecp.o
 .text.mbedtls_ecp_muladd_restartable
                0x0800c2ac       0xb8 ./MCUBoot/crypto/mbedtls/library/ecp.o
                0x0800c2ac                mbedtls_ecp_muladd_restartable
 .text.ecp_mod_p448
                0x0800c364       0xf4 ./MCUBoot/crypto/mbedtls/library/ecp_curves.o
 .text.ecp_mod_p255
                0x0800c458       0x50 ./MCUBoot/crypto/mbedtls/library/ecp_curves.o
 .text.ecp_mod_p521
                0x0800c4a8       0x6c ./MCUBoot/crypto/mbedtls/library/ecp_curves.o
 .text.ecp_mod_p384
                0x0800c514      0x590 ./MCUBoot/crypto/mbedtls/library/ecp_curves.o
 .text.ecp_mod_koblitz.constprop.0
                0x0800caa4      0x114 ./MCUBoot/crypto/mbedtls/library/ecp_curves.o
 .text.ecp_mod_p192k1
                0x0800cbb8        0xc ./MCUBoot/crypto/mbedtls/library/ecp_curves.o
 .text.ecp_mod_p224k1
                0x0800cbc4        0xc ./MCUBoot/crypto/mbedtls/library/ecp_curves.o
 .text.ecp_mod_p256k1
                0x0800cbd0        0xc ./MCUBoot/crypto/mbedtls/library/ecp_curves.o
 .text.ecp_mod_p224
                0x0800cbdc      0x230 ./MCUBoot/crypto/mbedtls/library/ecp_curves.o
 .text.ecp_mod_p192
                0x0800ce0c      0x184 ./MCUBoot/crypto/mbedtls/library/ecp_curves.o
 .text.ecp_mod_p256
                0x0800cf90      0x460 ./MCUBoot/crypto/mbedtls/library/ecp_curves.o
 .text.mbedtls_ecp_group_load
                0x0800d3f0      0x678 ./MCUBoot/crypto/mbedtls/library/ecp_curves.o
                0x0800d3f0                mbedtls_ecp_group_load
 .text.mbedtls_platform_zeroize
                0x0800da68       0x18 ./MCUBoot/crypto/mbedtls/library/platform_util.o
                0x0800da68                mbedtls_platform_zeroize
 .text.mbedtls_zeroize_and_free
                0x0800da80       0x20 ./MCUBoot/crypto/mbedtls/library/platform_util.o
                0x0800da80                mbedtls_zeroize_and_free
 .text.mbedtls_sha256_init
                0x0800daa0        0x8 ./MCUBoot/crypto/mbedtls/library/sha256.o
                0x0800daa0                mbedtls_sha256_init
 .text.mbedtls_sha256_free
                0x0800daa8        0xc ./MCUBoot/crypto/mbedtls/library/sha256.o
                0x0800daa8                mbedtls_sha256_free
 .text.mbedtls_sha256_starts
                0x0800dab4       0x94 ./MCUBoot/crypto/mbedtls/library/sha256.o
                0x0800dab4                mbedtls_sha256_starts
 .text.mbedtls_internal_sha256_process
                0x0800db48      0x740 ./MCUBoot/crypto/mbedtls/library/sha256.o
                0x0800db48                mbedtls_internal_sha256_process
 .text.mbedtls_sha256_update
                0x0800e288       0x94 ./MCUBoot/crypto/mbedtls/library/sha256.o
                0x0800e288                mbedtls_sha256_update
 .text.mbedtls_sha256_finish
                0x0800e31c       0xa0 ./MCUBoot/crypto/mbedtls/library/sha256.o
                0x0800e31c                mbedtls_sha256_finish
 .text.boot_platform_quit
                0x0800e3bc       0x1c ./MCUBoot/flash_map_backend/boot_hal.o
                0x0800e3bc                boot_platform_quit
 .text.boot_hal_mpu_config
                0x0800e3d8       0xa4 ./MCUBoot/flash_map_backend/boot_hal.o
 .text.boot_hal_hw_deinit
                0x0800e47c       0x6c ./MCUBoot/flash_map_backend/boot_hal.o
 .text.boot_hal_jump_to_app
                0x0800e4e8       0xd8 ./MCUBoot/flash_map_backend/boot_hal.o
                0x0800e4e8                boot_hal_jump_to_app
 .text.flash_abs_addr
                0x0800e5c0       0x22 ./MCUBoot/flash_map_backend/flash_map_backend.o
 .text.addr_to_page
                0x0800e5e2       0x1c ./MCUBoot/flash_map_backend/flash_map_backend.o
 *fill*         0x0800e5fe        0x2 
 .text.flash_area_check_bounds
                0x0800e600       0x3c ./MCUBoot/flash_map_backend/flash_map_backend.o
 .text.flash_area_open
                0x0800e63c       0xa8 ./MCUBoot/flash_map_backend/flash_map_backend.o
                0x0800e63c                flash_area_open
 .text.flash_area_close
                0x0800e6e4       0x14 ./MCUBoot/flash_map_backend/flash_map_backend.o
                0x0800e6e4                flash_area_close
 .text.flash_area_read
                0x0800e6f8       0x56 ./MCUBoot/flash_map_backend/flash_map_backend.o
                0x0800e6f8                flash_area_read
 *fill*         0x0800e74e        0x2 
 .text.flash_area_write
                0x0800e750      0x158 ./MCUBoot/flash_map_backend/flash_map_backend.o
                0x0800e750                flash_area_write
 .text.flash_area_erase
                0x0800e8a8      0x130 ./MCUBoot/flash_map_backend/flash_map_backend.o
                0x0800e8a8                flash_area_erase
 .text.flash_area_align
                0x0800e9d8       0x16 ./MCUBoot/flash_map_backend/flash_map_backend.o
                0x0800e9d8                flash_area_align
 .text.flash_area_erased_val
                0x0800e9ee       0x16 ./MCUBoot/flash_map_backend/flash_map_backend.o
                0x0800e9ee                flash_area_erased_val
 .text.flash_area_get_off
                0x0800ea04       0x18 ./MCUBoot/flash_map_backend/flash_map_backend.o
                0x0800ea04                flash_area_get_off
 .text.flash_area_get_size
                0x0800ea1c       0x18 ./MCUBoot/flash_map_backend/flash_map_backend.o
                0x0800ea1c                flash_area_get_size
 .text.flash_area_get_id
                0x0800ea34       0x18 ./MCUBoot/flash_map_backend/flash_map_backend.o
                0x0800ea34                flash_area_get_id
 .text.flash_area_get_device_id
                0x0800ea4c       0x18 ./MCUBoot/flash_map_backend/flash_map_backend.o
                0x0800ea4c                flash_area_get_device_id
 .text.flash_sector_get_off
                0x0800ea64       0x18 ./MCUBoot/flash_map_backend/flash_map_backend.o
                0x0800ea64                flash_sector_get_off
 .text.flash_sector_get_size
                0x0800ea7c       0x18 ./MCUBoot/flash_map_backend/flash_map_backend.o
                0x0800ea7c                flash_sector_get_size
 .text.flash_area_get_sector
                0x0800ea94       0x52 ./MCUBoot/flash_map_backend/flash_map_backend.o
                0x0800ea94                flash_area_get_sector
 *fill*         0x0800eae6        0x2 
 .text.flash_area_id_from_multi_image_slot_hook
                0x0800eae8       0x64 ./MCUBoot/flash_map_backend/flash_map_backend.o
                0x0800eae8                flash_area_id_from_multi_image_slot_hook
 .text.flash_area_id_from_multi_image_slot
                0x0800eb4c       0x22 ./MCUBoot/flash_map_backend/flash_map_backend.o
                0x0800eb4c                flash_area_id_from_multi_image_slot
 *fill*         0x0800eb6e        0x2 
 .text.flash_area_to_sectors
                0x0800eb70       0xe8 ./MCUBoot/flash_map_backend/flash_map_backend.o
                0x0800eb70                flash_area_to_sectors
 .text.__assert_func
                0x0800ec58       0x3c C:/ST/STM32CubeIDE_2.1.0/STM32CubeIDE/plugins/com.st.stm32cube.ide.mcu.externaltools.gnu-tools-for-stm32.14.3.rel1.win32_1.0.100.202602081740/tools/bin/../lib/gcc/arm-none-eabi/14.3.1/../../../../arm-none-eabi/lib/thumb/v7e-m+fp/hard\libc_nano.a(libc_a-assert.o)
                0x0800ec58                __assert_func
 .text.calloc   0x0800ec94       0x10 C:/ST/STM32CubeIDE_2.1.0/STM32CubeIDE/plugins/com.st.stm32cube.ide.mcu.externaltools.gnu-tools-for-stm32.14.3.rel1.win32_1.0.100.202602081740/tools/bin/../lib/gcc/arm-none-eabi/14.3.1/../../../../arm-none-eabi/lib/thumb/v7e-m+fp/hard\libc_nano.a(libc_a-calloc.o)
                0x0800ec94                calloc
 .text._calloc_r
                0x0800eca4       0x28 C:/ST/STM32CubeIDE_2.1.0/STM32CubeIDE/plugins/com.st.stm32cube.ide.mcu.externaltools.gnu-tools-for-stm32.14.3.rel1.win32_1.0.100.202602081740/tools/bin/../lib/gcc/arm-none-eabi/14.3.1/../../../../arm-none-eabi/lib/thumb/v7e-m+fp/hard\libc_nano.a(libc_a-callocr.o)
                0x0800eca4                _calloc_r
 .text.free     0x0800eccc       0x10 C:/ST/STM32CubeIDE_2.1.0/STM32CubeIDE/plugins/com.st.stm32cube.ide.mcu.externaltools.gnu-tools-for-stm32.14.3.rel1.win32_1.0.100.202602081740/tools/bin/../lib/gcc/arm-none-eabi/14.3.1/../../../../arm-none-eabi/lib/thumb/v7e-m+fp/hard\libc_nano.a(libc_a-malloc.o)
                0x0800eccc                free
 .text.sbrk_aligned
                0x0800ecdc       0x44 C:/ST/STM32CubeIDE_2.1.0/STM32CubeIDE/plugins/com.st.stm32cube.ide.mcu.externaltools.gnu-tools-for-stm32.14.3.rel1.win32_1.0.100.202602081740/tools/bin/../lib/gcc/arm-none-eabi/14.3.1/../../../../arm-none-eabi/lib/thumb/v7e-m+fp/hard\libc_nano.a(libc_a-mallocr.o)
 .text._malloc_r
                0x0800ed20      0x100 C:/ST/STM32CubeIDE_2.1.0/STM32CubeIDE/plugins/com.st.stm32cube.ide.mcu.externaltools.gnu-tools-for-stm32.14.3.rel1.win32_1.0.100.202602081740/tools/bin/../lib/gcc/arm-none-eabi/14.3.1/../../../../arm-none-eabi/lib/thumb/v7e-m+fp/hard\libc_nano.a(libc_a-mallocr.o)
                0x0800ed20                _malloc_r
 .text.__malloc_lock
                0x0800ee20        0xc C:/ST/STM32CubeIDE_2.1.0/STM32CubeIDE/plugins/com.st.stm32cube.ide.mcu.externaltools.gnu-tools-for-stm32.14.3.rel1.win32_1.0.100.202602081740/tools/bin/../lib/gcc/arm-none-eabi/14.3.1/../../../../arm-none-eabi/lib/thumb/v7e-m+fp/hard\libc_nano.a(libc_a-mlock.o)
                0x0800ee20                __malloc_lock
 .text.__malloc_unlock
                0x0800ee2c        0xc C:/ST/STM32CubeIDE_2.1.0/STM32CubeIDE/plugins/com.st.stm32cube.ide.mcu.externaltools.gnu-tools-for-stm32.14.3.rel1.win32_1.0.100.202602081740/tools/bin/../lib/gcc/arm-none-eabi/14.3.1/../../../../arm-none-eabi/lib/thumb/v7e-m+fp/hard\libc_nano.a(libc_a-mlock.o)
                0x0800ee2c                __malloc_unlock
 .text.__sflush_r
                0x0800ee38      0x104 C:/ST/STM32CubeIDE_2.1.0/STM32CubeIDE/plugins/com.st.stm32cube.ide.mcu.externaltools.gnu-tools-for-stm32.14.3.rel1.win32_1.0.100.202602081740/tools/bin/../lib/gcc/arm-none-eabi/14.3.1/../../../../arm-none-eabi/lib/thumb/v7e-m+fp/hard\libc_nano.a(libc_a-fflush.o)
                0x0800ee38                __sflush_r
 .text._fflush_r
                0x0800ef3c       0x50 C:/ST/STM32CubeIDE_2.1.0/STM32CubeIDE/plugins/com.st.stm32cube.ide.mcu.externaltools.gnu-tools-for-stm32.14.3.rel1.win32_1.0.100.202602081740/tools/bin/../lib/gcc/arm-none-eabi/14.3.1/../../../../arm-none-eabi/lib/thumb/v7e-m+fp/hard\libc_nano.a(libc_a-fflush.o)
                0x0800ef3c                _fflush_r
 .text.std      0x0800ef8c       0x6c C:/ST/STM32CubeIDE_2.1.0/STM32CubeIDE/plugins/com.st.stm32cube.ide.mcu.externaltools.gnu-tools-for-stm32.14.3.rel1.win32_1.0.100.202602081740/tools/bin/../lib/gcc/arm-none-eabi/14.3.1/../../../../arm-none-eabi/lib/thumb/v7e-m+fp/hard\libc_nano.a(libc_a-findfp.o)
 .text.stdio_exit_handler
                0x0800eff8       0x18 C:/ST/STM32CubeIDE_2.1.0/STM32CubeIDE/plugins/com.st.stm32cube.ide.mcu.externaltools.gnu-tools-for-stm32.14.3.rel1.win32_1.0.100.202602081740/tools/bin/../lib/gcc/arm-none-eabi/14.3.1/../../../../arm-none-eabi/lib/thumb/v7e-m+fp/hard\libc_nano.a(libc_a-findfp.o)
 .text.cleanup_stdio
                0x0800f010       0x40 C:/ST/STM32CubeIDE_2.1.0/STM32CubeIDE/plugins/com.st.stm32cube.ide.mcu.externaltools.gnu-tools-for-stm32.14.3.rel1.win32_1.0.100.202602081740/tools/bin/../lib/gcc/arm-none-eabi/14.3.1/../../../../arm-none-eabi/lib/thumb/v7e-m+fp/hard\libc_nano.a(libc_a-findfp.o)
 .text.global_stdio_init.part.0
                0x0800f050       0x40 C:/ST/STM32CubeIDE_2.1.0/STM32CubeIDE/plugins/com.st.stm32cube.ide.mcu.externaltools.gnu-tools-for-stm32.14.3.rel1.win32_1.0.100.202602081740/tools/bin/../lib/gcc/arm-none-eabi/14.3.1/../../../../arm-none-eabi/lib/thumb/v7e-m+fp/hard\libc_nano.a(libc_a-findfp.o)
 .text.__sfp_lock_acquire
                0x0800f090        0xc C:/ST/STM32CubeIDE_2.1.0/STM32CubeIDE/plugins/com.st.stm32cube.ide.mcu.externaltools.gnu-tools-for-stm32.14.3.rel1.win32_1.0.100.202602081740/tools/bin/../lib/gcc/arm-none-eabi/14.3.1/../../../../arm-none-eabi/lib/thumb/v7e-m+fp/hard\libc_nano.a(libc_a-findfp.o)
                0x0800f090                __sfp_lock_acquire
 .text.__sfp_lock_release
                0x0800f09c        0xc C:/ST/STM32CubeIDE_2.1.0/STM32CubeIDE/plugins/com.st.stm32cube.ide.mcu.externaltools.gnu-tools-for-stm32.14.3.rel1.win32_1.0.100.202602081740/tools/bin/../lib/gcc/arm-none-eabi/14.3.1/../../../../arm-none-eabi/lib/thumb/v7e-m+fp/hard\libc_nano.a(libc_a-findfp.o)
                0x0800f09c                __sfp_lock_release
 .text.__sinit  0x0800f0a8       0x30 C:/ST/STM32CubeIDE_2.1.0/STM32CubeIDE/plugins/com.st.stm32cube.ide.mcu.externaltools.gnu-tools-for-stm32.14.3.rel1.win32_1.0.100.202602081740/tools/bin/../lib/gcc/arm-none-eabi/14.3.1/../../../../arm-none-eabi/lib/thumb/v7e-m+fp/hard\libc_nano.a(libc_a-findfp.o)
                0x0800f0a8                __sinit
 .text.fprintf  0x0800f0d8       0x24 C:/ST/STM32CubeIDE_2.1.0/STM32CubeIDE/plugins/com.st.stm32cube.ide.mcu.externaltools.gnu-tools-for-stm32.14.3.rel1.win32_1.0.100.202602081740/tools/bin/../lib/gcc/arm-none-eabi/14.3.1/../../../../arm-none-eabi/lib/thumb/v7e-m+fp/hard\libc_nano.a(libc_a-fprintf.o)
                0x0800f0d8                fiprintf
                0x0800f0d8                fprintf
 .text._fwalk_sglue
                0x0800f0fc       0x3c C:/ST/STM32CubeIDE_2.1.0/STM32CubeIDE/plugins/com.st.stm32cube.ide.mcu.externaltools.gnu-tools-for-stm32.14.3.rel1.win32_1.0.100.202602081740/tools/bin/../lib/gcc/arm-none-eabi/14.3.1/../../../../arm-none-eabi/lib/thumb/v7e-m+fp/hard\libc_nano.a(libc_a-fwalk.o)
                0x0800f0fc                _fwalk_sglue
 .text.printf   0x0800f138       0x24 C:/ST/STM32CubeIDE_2.1.0/STM32CubeIDE/plugins/com.st.stm32cube.ide.mcu.externaltools.gnu-tools-for-stm32.14.3.rel1.win32_1.0.100.202602081740/tools/bin/../lib/gcc/arm-none-eabi/14.3.1/../../../../arm-none-eabi/lib/thumb/v7e-m+fp/hard\libc_nano.a(libc_a-printf.o)
                0x0800f138                iprintf
                0x0800f138                printf
 .text._puts_r  0x0800f15c       0xaa C:/ST/STM32CubeIDE_2.1.0/STM32CubeIDE/plugins/com.st.stm32cube.ide.mcu.externaltools.gnu-tools-for-stm32.14.3.rel1.win32_1.0.100.202602081740/tools/bin/../lib/gcc/arm-none-eabi/14.3.1/../../../../arm-none-eabi/lib/thumb/v7e-m+fp/hard\libc_nano.a(libc_a-puts.o)
                0x0800f15c                _puts_r
 *fill*         0x0800f206        0x2 
 .text.puts     0x0800f208       0x10 C:/ST/STM32CubeIDE_2.1.0/STM32CubeIDE/plugins/com.st.stm32cube.ide.mcu.externaltools.gnu-tools-for-stm32.14.3.rel1.win32_1.0.100.202602081740/tools/bin/../lib/gcc/arm-none-eabi/14.3.1/../../../../arm-none-eabi/lib/thumb/v7e-m+fp/hard\libc_nano.a(libc_a-puts.o)
                0x0800f208                puts
 .text.__sread  0x0800f218       0x22 C:/ST/STM32CubeIDE_2.1.0/STM32CubeIDE/plugins/com.st.stm32cube.ide.mcu.externaltools.gnu-tools-for-stm32.14.3.rel1.win32_1.0.100.202602081740/tools/bin/../lib/gcc/arm-none-eabi/14.3.1/../../../../arm-none-eabi/lib/thumb/v7e-m+fp/hard\libc_nano.a(libc_a-stdio.o)
                0x0800f218                __sread
 .text.__swrite
                0x0800f23a       0x38 C:/ST/STM32CubeIDE_2.1.0/STM32CubeIDE/plugins/com.st.stm32cube.ide.mcu.externaltools.gnu-tools-for-stm32.14.3.rel1.win32_1.0.100.202602081740/tools/bin/../lib/gcc/arm-none-eabi/14.3.1/../../../../arm-none-eabi/lib/thumb/v7e-m+fp/hard\libc_nano.a(libc_a-stdio.o)
                0x0800f23a                __swrite
 .text.__sseek  0x0800f272       0x26 C:/ST/STM32CubeIDE_2.1.0/STM32CubeIDE/plugins/com.st.stm32cube.ide.mcu.externaltools.gnu-tools-for-stm32.14.3.rel1.win32_1.0.100.202602081740/tools/bin/../lib/gcc/arm-none-eabi/14.3.1/../../../../arm-none-eabi/lib/thumb/v7e-m+fp/hard\libc_nano.a(libc_a-stdio.o)
                0x0800f272                __sseek
 .text.__sclose
                0x0800f298        0x8 C:/ST/STM32CubeIDE_2.1.0/STM32CubeIDE/plugins/com.st.stm32cube.ide.mcu.externaltools.gnu-tools-for-stm32.14.3.rel1.win32_1.0.100.202602081740/tools/bin/../lib/gcc/arm-none-eabi/14.3.1/../../../../arm-none-eabi/lib/thumb/v7e-m+fp/hard\libc_nano.a(libc_a-stdio.o)
                0x0800f298                __sclose
 .text.__swbuf_r
                0x0800f2a0       0x7c C:/ST/STM32CubeIDE_2.1.0/STM32CubeIDE/plugins/com.st.stm32cube.ide.mcu.externaltools.gnu-tools-for-stm32.14.3.rel1.win32_1.0.100.202602081740/tools/bin/../lib/gcc/arm-none-eabi/14.3.1/../../../../arm-none-eabi/lib/thumb/v7e-m+fp/hard\libc_nano.a(libc_a-wbuf.o)
                0x0800f2a0                __swbuf_r
 .text.__swsetup_r
                0x0800f31c       0xa8 C:/ST/STM32CubeIDE_2.1.0/STM32CubeIDE/plugins/com.st.stm32cube.ide.mcu.externaltools.gnu-tools-for-stm32.14.3.rel1.win32_1.0.100.202602081740/tools/bin/../lib/gcc/arm-none-eabi/14.3.1/../../../../arm-none-eabi/lib/thumb/v7e-m+fp/hard\libc_nano.a(libc_a-wsetup.o)
                0x0800f31c                __swsetup_r
 .text.memcmp   0x0800f3c4       0x20 C:/ST/STM32CubeIDE_2.1.0/STM32CubeIDE/plugins/com.st.stm32cube.ide.mcu.externaltools.gnu-tools-for-stm32.14.3.rel1.win32_1.0.100.202602081740/tools/bin/../lib/gcc/arm-none-eabi/14.3.1/../../../../arm-none-eabi/lib/thumb/v7e-m+fp/hard\libc_nano.a(libc_a-memcmp.o)
                0x0800f3c4                memcmp
 .text.memset   0x0800f3e4       0x10 C:/ST/STM32CubeIDE_2.1.0/STM32CubeIDE/plugins/com.st.stm32cube.ide.mcu.externaltools.gnu-tools-for-stm32.14.3.rel1.win32_1.0.100.202602081740/tools/bin/../lib/gcc/arm-none-eabi/14.3.1/../../../../arm-none-eabi/lib/thumb/v7e-m+fp/hard\libc_nano.a(libc_a-memset.o)
                0x0800f3e4                memset
 .text._close_r
                0x0800f3f4       0x20 C:/ST/STM32CubeIDE_2.1.0/STM32CubeIDE/plugins/com.st.stm32cube.ide.mcu.externaltools.gnu-tools-for-stm32.14.3.rel1.win32_1.0.100.202602081740/tools/bin/../lib/gcc/arm-none-eabi/14.3.1/../../../../arm-none-eabi/lib/thumb/v7e-m+fp/hard\libc_nano.a(libc_a-closer.o)
                0x0800f3f4                _close_r
 .text._lseek_r
                0x0800f414       0x24 C:/ST/STM32CubeIDE_2.1.0/STM32CubeIDE/plugins/com.st.stm32cube.ide.mcu.externaltools.gnu-tools-for-stm32.14.3.rel1.win32_1.0.100.202602081740/tools/bin/../lib/gcc/arm-none-eabi/14.3.1/../../../../arm-none-eabi/lib/thumb/v7e-m+fp/hard\libc_nano.a(libc_a-lseekr.o)
                0x0800f414                _lseek_r
 .text._read_r  0x0800f438       0x24 C:/ST/STM32CubeIDE_2.1.0/STM32CubeIDE/plugins/com.st.stm32cube.ide.mcu.externaltools.gnu-tools-for-stm32.14.3.rel1.win32_1.0.100.202602081740/tools/bin/../lib/gcc/arm-none-eabi/14.3.1/../../../../arm-none-eabi/lib/thumb/v7e-m+fp/hard\libc_nano.a(libc_a-readr.o)
                0x0800f438                _read_r
 .text._sbrk_r  0x0800f45c       0x20 C:/ST/STM32CubeIDE_2.1.0/STM32CubeIDE/plugins/com.st.stm32cube.ide.mcu.externaltools.gnu-tools-for-stm32.14.3.rel1.win32_1.0.100.202602081740/tools/bin/../lib/gcc/arm-none-eabi/14.3.1/../../../../arm-none-eabi/lib/thumb/v7e-m+fp/hard\libc_nano.a(libc_a-sbrkr.o)
                0x0800f45c                _sbrk_r
 .text._write_r
                0x0800f47c       0x24 C:/ST/STM32CubeIDE_2.1.0/STM32CubeIDE/plugins/com.st.stm32cube.ide.mcu.externaltools.gnu-tools-for-stm32.14.3.rel1.win32_1.0.100.202602081740/tools/bin/../lib/gcc/arm-none-eabi/14.3.1/../../../../arm-none-eabi/lib/thumb/v7e-m+fp/hard\libc_nano.a(libc_a-writer.o)
                0x0800f47c                _write_r
 .text.__errno  0x0800f4a0        0xc C:/ST/STM32CubeIDE_2.1.0/STM32CubeIDE/plugins/com.st.stm32cube.ide.mcu.externaltools.gnu-tools-for-stm32.14.3.rel1.win32_1.0.100.202602081740/tools/bin/../lib/gcc/arm-none-eabi/14.3.1/../../../../arm-none-eabi/lib/thumb/v7e-m+fp/hard\libc_nano.a(libc_a-errno.o)
                0x0800f4a0                __errno
 .text.__libc_init_array
                0x0800f4ac       0x48 C:/ST/STM32CubeIDE_2.1.0/STM32CubeIDE/plugins/com.st.stm32cube.ide.mcu.externaltools.gnu-tools-for-stm32.14.3.rel1.win32_1.0.100.202602081740/tools/bin/../lib/gcc/arm-none-eabi/14.3.1/../../../../arm-none-eabi/lib/thumb/v7e-m+fp/hard\libc_nano.a(libc_a-init.o)
                0x0800f4ac                __libc_init_array
 .text.__retarget_lock_init_recursive
                0x0800f4f4        0x2 C:/ST/STM32CubeIDE_2.1.0/STM32CubeIDE/plugins/com.st.stm32cube.ide.mcu.externaltools.gnu-tools-for-stm32.14.3.rel1.win32_1.0.100.202602081740/tools/bin/../lib/gcc/arm-none-eabi/14.3.1/../../../../arm-none-eabi/lib/thumb/v7e-m+fp/hard\libc_nano.a(libc_a-lock.o)
                0x0800f4f4                __retarget_lock_init_recursive
 .text.__retarget_lock_acquire_recursive
                0x0800f4f6        0x2 C:/ST/STM32CubeIDE_2.1.0/STM32CubeIDE/plugins/com.st.stm32cube.ide.mcu.externaltools.gnu-tools-for-stm32.14.3.rel1.win32_1.0.100.202602081740/tools/bin/../lib/gcc/arm-none-eabi/14.3.1/../../../../arm-none-eabi/lib/thumb/v7e-m+fp/hard\libc_nano.a(libc_a-lock.o)
                0x0800f4f6                __retarget_lock_acquire_recursive
 .text.__retarget_lock_release_recursive
                0x0800f4f8        0x2 C:/ST/STM32CubeIDE_2.1.0/STM32CubeIDE/plugins/com.st.stm32cube.ide.mcu.externaltools.gnu-tools-for-stm32.14.3.rel1.win32_1.0.100.202602081740/tools/bin/../lib/gcc/arm-none-eabi/14.3.1/../../../../arm-none-eabi/lib/thumb/v7e-m+fp/hard\libc_nano.a(libc_a-lock.o)
                0x0800f4f8                __retarget_lock_release_recursive
 .text.memcpy   0x0800f4fa       0x1c C:/ST/STM32CubeIDE_2.1.0/STM32CubeIDE/plugins/com.st.stm32cube.ide.mcu.externaltools.gnu-tools-for-stm32.14.3.rel1.win32_1.0.100.202602081740/tools/bin/../lib/gcc/arm-none-eabi/14.3.1/../../../../arm-none-eabi/lib/thumb/v7e-m+fp/hard\libc_nano.a(libc_a-memcpy-stub.o)
                0x0800f4fa                memcpy
 .text.abort    0x0800f516        0xe C:/ST/STM32CubeIDE_2.1.0/STM32CubeIDE/plugins/com.st.stm32cube.ide.mcu.externaltools.gnu-tools-for-stm32.14.3.rel1.win32_1.0.100.202602081740/tools/bin/../lib/gcc/arm-none-eabi/14.3.1/../../../../arm-none-eabi/lib/thumb/v7e-m+fp/hard\libc_nano.a(libc_a-abort.o)
                0x0800f516                abort
 .text._free_r  0x0800f524       0x94 C:/ST/STM32CubeIDE_2.1.0/STM32CubeIDE/plugins/com.st.stm32cube.ide.mcu.externaltools.gnu-tools-for-stm32.14.3.rel1.win32_1.0.100.202602081740/tools/bin/../lib/gcc/arm-none-eabi/14.3.1/../../../../arm-none-eabi/lib/thumb/v7e-m+fp/hard\libc_nano.a(libc_a-freer.o)
                0x0800f524                _free_r
 .text.__sfputc_r
                0x0800f5b8       0x2e C:/ST/STM32CubeIDE_2.1.0/STM32CubeIDE/plugins/com.st.stm32cube.ide.mcu.externaltools.gnu-tools-for-stm32.14.3.rel1.win32_1.0.100.202602081740/tools/bin/../lib/gcc/arm-none-eabi/14.3.1/../../../../arm-none-eabi/lib/thumb/v7e-m+fp/hard\libc_nano.a(libc_a-nano-vfprintf.o)
 .text.__sfputs_r
                0x0800f5e6       0x24 C:/ST/STM32CubeIDE_2.1.0/STM32CubeIDE/plugins/com.st.stm32cube.ide.mcu.externaltools.gnu-tools-for-stm32.14.3.rel1.win32_1.0.100.202602081740/tools/bin/../lib/gcc/arm-none-eabi/14.3.1/../../../../arm-none-eabi/lib/thumb/v7e-m+fp/hard\libc_nano.a(libc_a-nano-vfprintf.o)
                0x0800f5e6                __sfputs_r
 *fill*         0x0800f60a        0x2 
 .text._vfprintf_r
                0x0800f60c      0x228 C:/ST/STM32CubeIDE_2.1.0/STM32CubeIDE/plugins/com.st.stm32cube.ide.mcu.externaltools.gnu-tools-for-stm32.14.3.rel1.win32_1.0.100.202602081740/tools/bin/../lib/gcc/arm-none-eabi/14.3.1/../../../../arm-none-eabi/lib/thumb/v7e-m+fp/hard\libc_nano.a(libc_a-nano-vfprintf.o)
                0x0800f60c                _vfprintf_r
                0x0800f60c                _vfiprintf_r
 .text._printf_common
                0x0800f834       0xda C:/ST/STM32CubeIDE_2.1.0/STM32CubeIDE/plugins/com.st.stm32cube.ide.mcu.externaltools.gnu-tools-for-stm32.14.3.rel1.win32_1.0.100.202602081740/tools/bin/../lib/gcc/arm-none-eabi/14.3.1/../../../../arm-none-eabi/lib/thumb/v7e-m+fp/hard\libc_nano.a(libc_a-nano-vfprintf_i.o)
                0x0800f834                _printf_common
 *fill*         0x0800f90e        0x2 
 .text._printf_i
                0x0800f910      0x24c C:/ST/STM32CubeIDE_2.1.0/STM32CubeIDE/plugins/com.st.stm32cube.ide.mcu.externaltools.gnu-tools-for-stm32.14.3.rel1.win32_1.0.100.202602081740/tools/bin/../lib/gcc/arm-none-eabi/14.3.1/../../../../arm-none-eabi/lib/thumb/v7e-m+fp/hard\libc_nano.a(libc_a-nano-vfprintf_i.o)
                0x0800f910                _printf_i
 .text.__swhatbuf_r
                0x0800fb5c       0x48 C:/ST/STM32CubeIDE_2.1.0/STM32CubeIDE/plugins/com.st.stm32cube.ide.mcu.externaltools.gnu-tools-for-stm32.14.3.rel1.win32_1.0.100.202602081740/tools/bin/../lib/gcc/arm-none-eabi/14.3.1/../../../../arm-none-eabi/lib/thumb/v7e-m+fp/hard\libc_nano.a(libc_a-makebuf.o)
                0x0800fb5c                __swhatbuf_r
 .text.__smakebuf_r
                0x0800fba4       0x72 C:/ST/STM32CubeIDE_2.1.0/STM32CubeIDE/plugins/com.st.stm32cube.ide.mcu.externaltools.gnu-tools-for-stm32.14.3.rel1.win32_1.0.100.202602081740/tools/bin/../lib/gcc/arm-none-eabi/14.3.1/../../../../arm-none-eabi/lib/thumb/v7e-m+fp/hard\libc_nano.a(libc_a-makebuf.o)
                0x0800fba4                __smakebuf_r
 .text._raise_r
                0x0800fc16       0x50 C:/ST/STM32CubeIDE_2.1.0/STM32CubeIDE/plugins/com.st.stm32cube.ide.mcu.externaltools.gnu-tools-for-stm32.14.3.rel1.win32_1.0.100.202602081740/tools/bin/../lib/gcc/arm-none-eabi/14.3.1/../../../../arm-none-eabi/lib/thumb/v7e-m+fp/hard\libc_nano.a(libc_a-signal.o)
                0x0800fc16                _raise_r
 *fill*         0x0800fc66        0x2 
 .text.raise    0x0800fc68       0x10 C:/ST/STM32CubeIDE_2.1.0/STM32CubeIDE/plugins/com.st.stm32cube.ide.mcu.externaltools.gnu-tools-for-stm32.14.3.rel1.win32_1.0.100.202602081740/tools/bin/../lib/gcc/arm-none-eabi/14.3.1/../../../../arm-none-eabi/lib/thumb/v7e-m+fp/hard\libc_nano.a(libc_a-signal.o)
                0x0800fc68                raise
 .text._fstat_r
                0x0800fc78       0x24 C:/ST/STM32CubeIDE_2.1.0/STM32CubeIDE/plugins/com.st.stm32cube.ide.mcu.externaltools.gnu-tools-for-stm32.14.3.rel1.win32_1.0.100.202602081740/tools/bin/../lib/gcc/arm-none-eabi/14.3.1/../../../../arm-none-eabi/lib/thumb/v7e-m+fp/hard\libc_nano.a(libc_a-fstatr.o)
                0x0800fc78                _fstat_r
 .text._isatty_r
                0x0800fc9c       0x20 C:/ST/STM32CubeIDE_2.1.0/STM32CubeIDE/plugins/com.st.stm32cube.ide.mcu.externaltools.gnu-tools-for-stm32.14.3.rel1.win32_1.0.100.202602081740/tools/bin/../lib/gcc/arm-none-eabi/14.3.1/../../../../arm-none-eabi/lib/thumb/v7e-m+fp/hard\libc_nano.a(libc_a-isattyr.o)
                0x0800fc9c                _isatty_r
 .text._kill_r  0x0800fcbc       0x24 C:/ST/STM32CubeIDE_2.1.0/STM32CubeIDE/plugins/com.st.stm32cube.ide.mcu.externaltools.gnu-tools-for-stm32.14.3.rel1.win32_1.0.100.202602081740/tools/bin/../lib/gcc/arm-none-eabi/14.3.1/../../../../arm-none-eabi/lib/thumb/v7e-m+fp/hard\libc_nano.a(libc_a-signalr.o)
                0x0800fcbc                _kill_r
 .text._getpid_r
                0x0800fce0        0x4 C:/ST/STM32CubeIDE_2.1.0/STM32CubeIDE/plugins/com.st.stm32cube.ide.mcu.externaltools.gnu-tools-for-stm32.14.3.rel1.win32_1.0.100.202602081740/tools/bin/../lib/gcc/arm-none-eabi/14.3.1/../../../../arm-none-eabi/lib/thumb/v7e-m+fp/hard\libc_nano.a(libc_a-signalr.o)
                0x0800fce0                _getpid_r
 *(.glue_7)
 .glue_7        0x0800fce4        0x0 linker stubs
 *(.glue_7t)
 .glue_7t       0x0800fce4        0x0 linker stubs
 *(.eh_frame)
 .eh_frame      0x0800fce4        0x0 C:/ST/STM32CubeIDE_2.1.0/STM32CubeIDE/plugins/com.st.stm32cube.ide.mcu.externaltools.gnu-tools-for-stm32.14.3.rel1.win32_1.0.100.202602081740/tools/bin/../lib/gcc/arm-none-eabi/14.3.1/thumb/v7e-m+fp/hard/crtbegin.o
 *(.init)
 .init          0x0800fce4        0x4 C:/ST/STM32CubeIDE_2.1.0/STM32CubeIDE/plugins/com.st.stm32cube.ide.mcu.externaltools.gnu-tools-for-stm32.14.3.rel1.win32_1.0.100.202602081740/tools/bin/../lib/gcc/arm-none-eabi/14.3.1/thumb/v7e-m+fp/hard/crti.o
                0x0800fce4                _init
 .init          0x0800fce8        0x8 C:/ST/STM32CubeIDE_2.1.0/STM32CubeIDE/plugins/com.st.stm32cube.ide.mcu.externaltools.gnu-tools-for-stm32.14.3.rel1.win32_1.0.100.202602081740/tools/bin/../lib/gcc/arm-none-eabi/14.3.1/thumb/v7e-m+fp/hard/crtn.o
 *(.fini)
 .fini          0x0800fcf0        0x4 C:/ST/STM32CubeIDE_2.1.0/STM32CubeIDE/plugins/com.st.stm32cube.ide.mcu.externaltools.gnu-tools-for-stm32.14.3.rel1.win32_1.0.100.202602081740/tools/bin/../lib/gcc/arm-none-eabi/14.3.1/thumb/v7e-m+fp/hard/crti.o
                0x0800fcf0                _fini
 .fini          0x0800fcf4        0x8 C:/ST/STM32CubeIDE_2.1.0/STM32CubeIDE/plugins/com.st.stm32cube.ide.mcu.externaltools.gnu-tools-for-stm32.14.3.rel1.win32_1.0.100.202602081740/tools/bin/../lib/gcc/arm-none-eabi/14.3.1/thumb/v7e-m+fp/hard/crtn.o
                0x0800fcfc                        . = ALIGN (0x4)
                0x0800fcfc                        _etext = .

.vfp11_veneer   0x0800fcfc        0x0
 .vfp11_veneer  0x0800fcfc        0x0 linker stubs

.v4_bx          0x0800fcfc        0x0
 .v4_bx         0x0800fcfc        0x0 linker stubs

.iplt           0x0800fcfc        0x0
 .iplt          0x0800fcfc        0x0 C:/ST/STM32CubeIDE_2.1.0/STM32CubeIDE/plugins/com.st.stm32cube.ide.mcu.externaltools.gnu-tools-for-stm32.14.3.rel1.win32_1.0.100.202602081740/tools/bin/../lib/gcc/arm-none-eabi/14.3.1/thumb/v7e-m+fp/hard/crtbegin.o

.rodata         0x0800fcfc     0x943c
                0x0800fcfc                        . = ALIGN (0x4)
 *(.rodata)
 .rodata        0x0800fcfc      0x259 ./Core/Src/main.o
 *fill*         0x0800ff55        0x3 
 .rodata        0x0800ff58      0x165 ./MCUBoot/bootutil/src/bootutil_area.o
 *fill*         0x080100bd        0x3 
 .rodata        0x080100c0       0x22 ./MCUBoot/bootutil/src/bootutil_find_key.o
 *fill*         0x080100e2        0x2 
 .rodata        0x080100e4       0x72 ./MCUBoot/bootutil/src/bootutil_img_hash.o
 *fill*         0x08010156        0x2 
 .rodata        0x08010158       0xcd ./MCUBoot/bootutil/src/bootutil_loader.o
 *fill*         0x08010225        0x3 
 .rodata        0x08010228      0x114 ./MCUBoot/bootutil/src/bootutil_misc.o
 .rodata        0x0801033c      0x3df ./MCUBoot/bootutil/src/bootutil_public.o
 *fill*         0x0801071b        0x1 
 .rodata        0x0801071c       0x3b ./MCUBoot/bootutil/src/image_ecdsa.o
 *fill*         0x08010757        0x1 
 .rodata        0x08010758      0x1b7 ./MCUBoot/bootutil/src/image_validate.o
 *fill*         0x0801090f        0x1 
 .rodata        0x08010910      0x31a ./MCUBoot/bootutil/src/loader.o
 *fill*         0x08010c2a        0x2 
 .rodata        0x08010c2c       0xd4 ./MCUBoot/bootutil/src/swap_misc.o
 .rodata        0x08010d00      0x38c ./MCUBoot/bootutil/src/swap_move.o
 .rodata        0x0801108c      0x1b2 ./MCUBoot/bootutil/src/tlv.o
 *fill*         0x0801123e        0x2 
 .rodata        0x08011240      0x194 ./MCUBoot/flash_map_backend/boot_hal.o
 .rodata        0x080113d4      0x508 ./MCUBoot/flash_map_backend/flash_map_backend.o
 *(.rodata*)
 .rodata.AHBPrescTable
                0x080118dc       0x10 ./Core/Src/system_stm32l4xx.o
                0x080118dc                AHBPrescTable
 .rodata.APBPrescTable
                0x080118ec        0x8 ./Core/Src/system_stm32l4xx.o
                0x080118ec                APBPrescTable
 .rodata.MSIRangeTable
                0x080118f4       0x30 ./Core/Src/system_stm32l4xx.o
                0x080118f4                MSIRangeTable
 .rodata.UARTPrescTable
                0x08011924       0x18 ./Drivers/STM32L4xx_HAL_Driver/Src/stm32l4xx_hal_uart.o
                0x08011924                UARTPrescTable
 .rodata.numerator.1
                0x0801193c        0x8 ./Drivers/STM32L4xx_HAL_Driver/Src/stm32l4xx_hal_uart_ex.o
 .rodata.denominator.0
                0x08011944        0x8 ./Drivers/STM32L4xx_HAL_Driver/Src/stm32l4xx_hal_uart_ex.o
 .rodata.__func__.4
                0x0801194c       0x19 ./MCUBoot/bootutil/src/bootutil_loader.o
 *fill*         0x08011965        0x3 
 .rodata.__func__.3
                0x08011968       0x18 ./MCUBoot/bootutil/src/bootutil_loader.o
 .rodata.__func__.2
                0x08011980       0x11 ./MCUBoot/bootutil/src/bootutil_loader.o
 *fill*         0x08011991        0x3 
 .rodata.__func__.0
                0x08011994       0x1a ./MCUBoot/bootutil/src/bootutil_loader.o
 *fill*         0x080119ae        0x2 
 .rodata.__func__.1
                0x080119b0       0x10 ./MCUBoot/bootutil/src/bootutil_misc.o
 .rodata.__func__.0
                0x080119c0       0x15 ./MCUBoot/bootutil/src/bootutil_misc.o
 *fill*         0x080119d5        0x3 
 .rodata.boot_img_magic
                0x080119d8       0x10 ./MCUBoot/bootutil/src/bootutil_public.o
                0x080119d8                boot_img_magic
 .rodata.boot_swap_tables
                0x080119e8       0x12 ./MCUBoot/bootutil/src/bootutil_public.o
 *fill*         0x080119fa        0x2 
 .rodata.__func__.2
                0x080119fc       0x13 ./MCUBoot/bootutil/src/bootutil_public.o
 *fill*         0x08011a0f        0x1 
 .rodata.__func__.1
                0x08011a10       0x15 ./MCUBoot/bootutil/src/bootutil_public.o
 *fill*         0x08011a25        0x3 
 .rodata.ec_pubkey_oid
                0x08011a28        0x8 ./MCUBoot/bootutil/src/image_ecdsa.o
 .rodata.ec_secp256r1_oid
                0x08011a30        0x9 ./MCUBoot/bootutil/src/image_ecdsa.o
 *fill*         0x08011a39        0x3 
 .rodata.__func__.7
                0x08011a3c       0x13 ./MCUBoot/bootutil/src/loader.o
 *fill*         0x08011a4f        0x1 
 .rodata.__func__.5
                0x08011a50       0x10 ./MCUBoot/bootutil/src/loader.o
 .rodata.__func__.4
                0x08011a60       0x14 ./MCUBoot/bootutil/src/loader.o
 .rodata.__func__.3
                0x08011a74       0x1b ./MCUBoot/bootutil/src/loader.o
 *fill*         0x08011a8f        0x1 
 .rodata.__func__.2
                0x08011a90       0x1e ./MCUBoot/bootutil/src/loader.o
 *fill*         0x08011aae        0x2 
 .rodata.__func__.1
                0x08011ab0       0x10 ./MCUBoot/bootutil/src/loader.o
 .rodata.__func__.1
                0x08011ac0       0x11 ./MCUBoot/bootutil/src/swap_misc.o
 *fill*         0x08011ad1        0x3 
 .rodata.__func__.0
                0x08011ad4       0x11 ./MCUBoot/bootutil/src/swap_misc.o
 *fill*         0x08011ae5        0x3 
 .rodata.__func__.5
                0x08011ae8       0x17 ./MCUBoot/bootutil/src/swap_move.o
 *fill*         0x08011aff        0x1 
 .rodata.__func__.4
                0x08011b00       0x13 ./MCUBoot/bootutil/src/swap_move.o
 *fill*         0x08011b13        0x1 
 .rodata.__func__.3
                0x08011b14       0x14 ./MCUBoot/bootutil/src/swap_move.o
 .rodata.__func__.2
                0x08011b28       0x12 ./MCUBoot/bootutil/src/swap_move.o
 *fill*         0x08011b3a        0x2 
 .rodata.__func__.1
                0x08011b3c        0xd ./MCUBoot/bootutil/src/swap_move.o
 *fill*         0x08011b49        0x3 
 .rodata.__func__.0