Archive member included to satisfy reference by file (symbol)

C:/ST/STM32CubeIDE_2.1.0/STM32CubeIDE/plugins/com.st.stm32cube.ide.mcu.externaltools.gnu-tools-for-stm32.14.3.rel1.win32_1.0.100.202602081740/tools/bin/../lib/gcc/arm-none-eabi/14.3.1/../../../../arm-none-eabi/lib/thumb/v7e-m+fp/hard\libc_nano.a(libc_a-assert.o)
                              ./MCUBoot/bootutil/src/bootutil_loader.o (__assert_func)
C:/ST/STM32CubeIDE_2.1.0/STM32CubeIDE/plugins/com.st.stm32cube.ide.mcu.externaltools.gnu-tools-for-stm32.14.3.rel1.win32_1.0.100.202602081740/tools/bin/../lib/gcc/arm-none-eabi/14.3.1/../../../../arm-none-eabi/lib/thumb/v7e-m+fp/hard\libc_nano.a(libc_a-calloc.o)
                              ./MCUBoot/crypto/mbedtls/library/asn1parse.o (calloc)
C:/ST/STM32CubeIDE_2.1.0/STM32CubeIDE/plugins/com.st.stm32cube.ide.mcu.externaltools.gnu-tools-for-stm32.14.3.rel1.win32_1.0.100.202602081740/tools/bin/../lib/gcc/arm-none-eabi/14.3.1/../../../../arm-none-eabi/lib/thumb/v7e-m+fp/hard\libc_nano.a(libc_a-callocr.o)
                              C:/ST/STM32CubeIDE_2.1.0/STM32CubeIDE/plugins/com.st.stm32cube.ide.mcu.externaltools.gnu-tools-for-stm32.14.3.rel1.win32_1.0.100.202602081740/tools/bin/../lib/gcc/arm-none-eabi/14.3.1/../../../../arm-none-eabi/lib/thumb/v7e-m+fp/hard\libc_nano.a(libc_a-calloc.o) (_calloc_r)
C:/ST/STM32CubeIDE_2.1.0/STM32CubeIDE/plugins/com.st.stm32cube.ide.mcu.externaltools.gnu-tools-for-stm32.14.3.rel1.win32_1.0.100.202602081740/tools/bin/../lib/gcc/arm-none-eabi/14.3.1/../../../../arm-none-eabi/lib/thumb/v7e-m+fp/hard\libc_nano.a(libc_a-exit.o)
                              C:/ST/STM32CubeIDE_2.1.0/STM32CubeIDE/plugins/com.st.stm32cube.ide.mcu.externaltools.gnu-tools-for-stm32.14.3.rel1.win32_1.0.100.202602081740/tools/bin/../lib/gcc/arm-none-eabi/14.3.1/../../../../arm-none-eabi/lib/thumb/v7e-m+fp/hard/crt0.o (exit)
C:/ST/STM32CubeIDE_2.1.0/STM32CubeIDE/plugins/com.st.stm32cube.ide.mcu.externaltools.gnu-tools-for-stm32.14.3.rel1.win32_1.0.100.202602081740/tools/bin/../lib/gcc/arm-none-eabi/14.3.1/../../../../arm-none-eabi/lib/thumb/v7e-m+fp/hard\libc_nano.a(libc_a-malloc.o)
                              ./MCUBoot/bootutil/src/loader.o (malloc)
C:/ST/STM32CubeIDE_2.1.0/STM32CubeIDE/plugins/com.st.stm32cube.ide.mcu.externaltools.gnu-tools-for-stm32.14.3.rel1.win32_1.0.100.202602081740/tools/bin/../lib/gcc/arm-none-eabi/14.3.1/../../../../arm-none-eabi/lib/thumb/v7e-m+fp/hard\libc_nano.a(libc_a-mallocr.o)
                              C:/ST/STM32CubeIDE_2.1.0/STM32CubeIDE/plugins/com.st.stm32cube.ide.mcu.externaltools.gnu-tools-for-stm32.14.3.rel1.win32_1.0.100.202602081740/tools/bin/../lib/gcc/arm-none-eabi/14.3.1/../../../../arm-none-eabi/lib/thumb/v7e-m+fp/hard\libc_nano.a(libc_a-callocr.o) (_malloc_r)
C:/ST/STM32CubeIDE_2.1.0/STM32CubeIDE/plugins/com.st.stm32cube.ide.mcu.externaltools.gnu-tools-for-stm32.14.3.rel1.win32_1.0.100.202602081740/tools/bin/../lib/gcc/arm-none-eabi/14.3.1/../../../../arm-none-eabi/lib/thumb/v7e-m+fp/hard\libc_nano.a(libc_a-mlock.o)
                              C:/ST/STM32CubeIDE_2.1.0/STM32CubeIDE/plugins/com.st.stm32cube.ide.mcu.externaltools.gnu-tools-for-stm32.14.3.rel1.win32_1.0.100.202602081740/tools/bin/../lib/gcc/arm-none-eabi/14.3.1/../../../../arm-none-eabi/lib/thumb/v7e-m+fp/hard\libc_nano.a(libc_a-mallocr.o) (__malloc_lock)
C:/ST/STM32CubeIDE_2.1.0/STM32CubeIDE/plugins/com.st.stm32cube.ide.mcu.externaltools.gnu-tools-for-stm32.14.3.rel1.win32_1.0.100.202602081740/tools/bin/../lib/gcc/arm-none-eabi/14.3.1/../../../../arm-none-eabi/lib/thumb/v7e-m+fp/hard\libc_nano.a(libc_a-fclose.o)
                              ./MCUBoot/crypto/mbedtls/library/pkparse.o (fclose)
C:/ST/STM32CubeIDE_2.1.0/STM32CubeIDE/plugins/com.st.stm32cube.ide.mcu.externaltools.gnu-tools-for-stm32.14.3.rel1.win32_1.0.100.202602081740/tools/bin/../lib/gcc/arm-none-eabi/14.3.1/../../../../arm-none-eabi/lib/thumb/v7e-m+fp/hard\libc_nano.a(libc_a-fflush.o)
                              C:/ST/STM32CubeIDE_2.1.0/STM32CubeIDE/plugins/com.st.stm32cube.ide.mcu.externaltools.gnu-tools-for-stm32.14.3.rel1.win32_1.0.100.202602081740/tools/bin/../lib/gcc/arm-none-eabi/14.3.1/../../../../arm-none-eabi/lib/thumb/v7e-m+fp/hard\libc_nano.a(libc_a-fclose.o) (__sflush_r)
C:/ST/STM32CubeIDE_2.1.0/STM32CubeIDE/plugins/com.st.stm32cube.ide.mcu.externaltools.gnu-tools-for-stm32.14.3.rel1.win32_1.0.100.202602081740/tools/bin/../lib/gcc/arm-none-eabi/14.3.1/../../../../arm-none-eabi/lib/thumb/v7e-m+fp/hard\libc_nano.a(libc_a-fgets.o)
                              ./MCUBoot/crypto/mbedtls/library/bignum.o (fgets)
C:/ST/STM32CubeIDE_2.1.0/STM32CubeIDE/plugins/com.st.stm32cube.ide.mcu.externaltools.gnu-tools-for-stm32.14.3.rel1.win32_1.0.100.202602081740/tools/bin/../lib/gcc/arm-none-eabi/14.3.1/../../../../arm-none-eabi/lib/thumb/v7e-m+fp/hard\libc_nano.a(libc_a-findfp.o)
[...]
Memory Configuration

Name             Origin             Length             Attributes
FLASH            0x08000000         0x00020000         xr
RAM              0x20000000         0x00010000         xrw
RAM2             0x10000000         0x00010000         xrw
RAM3             0x20030000         0x00060000         xrw
*default*        0x00000000         0xffffffff

Linker script and memory map

LOAD C:/ST/STM32CubeIDE_2.1.0/STM32CubeIDE/plugins/com.st.stm32cube.ide.mcu.externaltools.gnu-tools-for-stm32.14.3.rel1.win32_1.0.100.202602081740/tools/bin/../lib/gcc/arm-none-eabi/14.3.1/thumb/v7e-m+fp/hard/crti.o
LOAD C:/ST/STM32CubeIDE_2.1.0/STM32CubeIDE/plugins/com.st.stm32cube.ide.mcu.externaltools.gnu-tools-for-stm32.14.3.rel1.win32_1.0.100.202602081740/tools/bin/../lib/gcc/arm-none-eabi/14.3.1/thumb/v7e-m+fp/hard/crtbegin.o
LOAD C:/ST/STM32CubeIDE_2.1.0/STM32CubeIDE/plugins/com.st.stm32cube.ide.mcu.externaltools.gnu-tools-for-stm32.14.3.rel1.win32_1.0.100.202602081740/tools/bin/../lib/gcc/arm-none-eabi/14.3.1/../../../../arm-none-eabi/lib/thumb/v7e-m+fp/hard/crt0.o
LOAD ./Core/Src/gpio.o
LOAD ./Core/Src/iwdg.o
LOAD ./Core/Src/main.o
LOAD ./Core/Src/stm32l4xx_hal_msp.o
LOAD ./Core/Src/stm32l4xx_it.o
LOAD ./Core/Src/syscalls.o
LOAD ./Core/Src/sysmem.o
LOAD ./Core/Src/system_stm32l4xx.o
LOAD ./Core/Src/usart.o
LOAD ./Core/Startup/startup_stm32l4r5vgtx.o
LOAD ./Drivers/STM32L4xx_HAL_Driver/Src/stm32l4xx_hal.o
LOAD ./Drivers/STM32L4xx_HAL_Driver/Src/stm32l4xx_hal_cortex.o
LOAD ./Drivers/STM32L4xx_HAL_Driver/Src/stm32l4xx_hal_dma.o
LOAD ./Drivers/STM32L4xx_HAL_Driver/Src/stm32l4xx_hal_dma_ex.o
LOAD ./Drivers/STM32L4xx_HAL_Driver/Src/stm32l4xx_hal_exti.o
LOAD ./Drivers/STM32L4xx_HAL_Driver/Src/stm32l4xx_hal_flash.o
LOAD ./Drivers/STM32L4xx_HAL_Driver/Src/stm32l4xx_hal_flash_ex.o
LOAD ./Drivers/STM32L4xx_HAL_Driver/Src/stm32l4xx_hal_flash_ramfunc.o
LOAD ./Drivers/STM32L4xx_HAL_Driver/Src/stm32l4xx_hal_gpio.o
LOAD ./Drivers/STM32L4xx_HAL_Driver/Src/stm32l4xx_hal_i2c.o
LOAD ./Drivers/STM32L4xx_HAL_Driver/Src/stm32l4xx_hal_i2c_ex.o
LOAD ./Drivers/STM32L4xx_HAL_Driver/Src/stm32l4xx_hal_iwdg.o
LOAD ./Drivers/STM32L4xx_HAL_Driver/Src/stm32l4xx_hal_pwr.o
LOAD ./Drivers/STM32L4xx_HAL_Driver/Src/stm32l4xx_hal_pwr_ex.o
LOAD ./Drivers/STM32L4xx_HAL_Driver/Src/stm32l4xx_hal_rcc.o
LOAD ./Drivers/STM32L4xx_HAL_Driver/Src/stm32l4xx_hal_rcc_ex.o
LOAD ./Drivers/STM32L4xx_HAL_Driver/Src/stm32l4xx_hal_uart.o
LOAD ./Drivers/STM32L4xx_HAL_Driver/Src/stm32l4xx_hal_uart_ex.o
LOAD ./MCUBoot/bootutil/src/boot_record.o
LOAD ./MCUBoot/bootutil/src/bootutil_area.o
LOAD ./MCUBoot/bootutil/src/bootutil_find_key.o
LOAD ./MCUBoot/bootutil/src/bootutil_img_hash.o
LOAD ./MCUBoot/bootutil/src/bootutil_loader.o
LOAD ./MCUBoot/bootutil/src/bootutil_misc.o
LOAD ./MCUBoot/bootutil/src/bootutil_public.o
LOAD ./MCUBoot/bootutil/src/caps.o
LOAD ./MCUBoot/bootutil/src/encrypted.o
LOAD ./MCUBoot/bootutil/src/fault_injection_hardening.o
LOAD ./MCUBoot/bootutil/src/image_ecdsa.o
LOAD ./MCUBoot/bootutil/src/image_validate.o
LOAD ./MCUBoot/bootutil/src/loader.o
LOAD ./MCUBoot/bootutil/src/swap_misc.o
LOAD ./MCUBoot/bootutil/src/swap_move.o
LOAD ./MCUBoot/bootutil/src/tlv.o
LOAD ./MCUBoot/crypto/mbedtls/library/asn1parse.o
LOAD ./MCUBoot/crypto/mbedtls/library/asn1write.o
LOAD ./MCUBoot/crypto/mbedtls/library/bignum.o
LOAD ./MCUBoot/crypto/mbedtls/library/bignum_core.o
LOAD ./MCUBoot/crypto/mbedtls/library/bignum_mod.o
LOAD ./MCUBoot/crypto/mbedtls/library/bignum_mod_raw.o
LOAD ./MCUBoot/crypto/mbedtls/library/constant_time.o
LOAD ./MCUBoot/crypto/mbedtls/library/ecdsa.o
LOAD ./MCUBoot/crypto/mbedtls/library/ecp.o
LOAD ./MCUBoot/crypto/mbedtls/library/ecp_curves.o
LOAD ./MCUBoot/crypto/mbedtls/library/memory_buffer_alloc.o
LOAD ./MCUBoot/crypto/mbedtls/library/oid.o
LOAD ./MCUBoot/crypto/mbedtls/library/pk.o
LOAD ./MCUBoot/crypto/mbedtls/library/pk_wrap.o
LOAD ./MCUBoot/crypto/mbedtls/library/pkparse.o
LOAD ./MCUBoot/crypto/mbedtls/library/platform.o
LOAD ./MCUBoot/crypto/mbedtls/library/platform_util.o
LOAD ./MCUBoot/crypto/mbedtls/library/sha256.o
LOAD ./MCUBoot/flash_map_backend/boot_hal.o
LOAD ./MCUBoot/flash_map_backend/flash_map_backend.o
LOAD ./MCUBoot/flash_map_backend/keys.o
START GROUP
LOAD C:/ST/STM32CubeIDE_2.1.0/STM32CubeIDE/plugins/com.st.stm32cube.ide.mcu.externaltools.gnu-tools-for-stm32.14.3.rel1.win32_1.0.100.202602081740/tools/bin/../lib/gcc/arm-none-eabi/14.3.1/../../../../arm-none-eabi/lib/thumb/v7e-m+fp/hard\libc_nano.a
LOAD C:/ST/STM32CubeIDE_2.1.0/STM32CubeIDE/plugins/com.st.stm32cube.ide.mcu.externaltools.gnu-tools-for-stm32.14.3.rel1.win32_1.0.100.202602081740/tools/bin/../lib/gcc/arm-none-eabi/14.3.1/../../../../arm-none-eabi/lib/thumb/v7e-m+fp/hard\libm.a
END GROUP
START GROUP
LOAD C:/ST/STM32CubeIDE_2.1.0/STM32CubeIDE/plugins/com.st.stm32cube.ide.mcu.externaltools.gnu-tools-for-stm32.14.3.rel1.win32_1.0.100.202602081740/tools/bin/../lib/gcc/arm-none-eabi/14.3.1/thumb/v7e-m+fp/hard\libgcc.a
LOAD C:/ST/STM32CubeIDE_2.1.0/STM32CubeIDE/plugins/com.st.stm32cube.ide.mcu.externaltools.gnu-tools-for-stm32.14.3.rel1.win32_1.0.100.202602081740/tools/bin/../lib/gcc/arm-none-eabi/14.3.1/../../../../arm-none-eabi/lib/thumb/v7e-m+fp/hard\libc_nano.a
END GROUP
START GROUP
LOAD C:/ST/STM32CubeIDE_2.1.0/STM32CubeIDE/plugins/com.st.stm32cube.ide.mcu.externaltools.gnu-tools-for-stm32.14.3.rel1.win32_1.0.100.202602081740/tools/bin/../lib/gcc/arm-none-eabi/14.3.1/thumb/v7e-m+fp/hard\libgcc.a
LOAD C:/ST/STM32CubeIDE_2.1.0/STM32CubeIDE/plugins/com.st.stm32cube.ide.mcu.externaltools.gnu-tools-for-stm32.14.3.rel1.win32_1.0.100.202602081740/tools/bin/../lib/gcc/arm-none-eabi/14.3.1/../../../../arm-none-eabi/lib/thumb/v7e-m+fp/hard\libc_nano.a
LOAD C:/ST/STM32CubeIDE_2.1.0/STM32CubeIDE/plugins/com.st.stm32cube.ide.mcu.externaltools.gnu-tools-for-stm32.14.3.rel1.win32_1.0.100.202602081740/tools/bin/../lib/gcc/arm-none-eabi/14.3.1/../../../../arm-none-eabi/lib/thumb/v7e-m+fp/hard\libnosys.a
END GROUP
START GROUP
LOAD C:/ST/STM32CubeIDE_2.1.0/STM32CubeIDE/plugins/com.st.stm32cube.ide.mcu.externaltools.gnu-tools-for-stm32.14.3.rel1.win32_1.0.100.202602081740/tools/bin/../lib/gcc/arm-none-eabi/14.3.1/thumb/v7e-m+fp/hard\libgcc.a
LOAD C:/ST/STM32CubeIDE_2.1.0/STM32CubeIDE/plugins/com.st.stm32cube.ide.mcu.externaltools.gnu-tools-for-stm32.14.3.rel1.win32_1.0.100.202602081740/tools/bin/../lib/gcc/arm-none-eabi/14.3.1/../../../../arm-none-eabi/lib/thumb/v7e-m+fp/hard\libc_nano.a
LOAD C:/ST/STM32CubeIDE_2.1.0/STM32CubeIDE/plugins/com.st.stm32cube.ide.mcu.externaltools.gnu-tools-for-stm32.14.3.rel1.win32_1.0.100.202602081740/tools/bin/../lib/gcc/arm-none-eabi/14.3.1/../../../../arm-none-eabi/lib/thumb/v7e-m+fp/hard\libnosys.a
END GROUP
LOAD C:/ST/STM32CubeIDE_2.1.0/STM32CubeIDE/plugins/com.st.stm32cube.ide.mcu.externaltools.gnu-tools-for-stm32.14.3.rel1.win32_1.0.100.202602081740/tools/bin/../lib/gcc/arm-none-eabi/14.3.1/thumb/v7e-m+fp/hard/crtend.o
LOAD C:/ST/STM32CubeIDE_2.1.0/STM32CubeIDE/plugins/com.st.stm32cube.ide.mcu.externaltools.gnu-tools-for-stm32.14.3.rel1.win32_1.0.100.202602081740/tools/bin/../lib/gcc/arm-none-eabi/14.3.1/thumb/v7e-m+fp/hard/crtn.o
                0x20090000                        _estack = (ORIGIN (RAM3) + LENGTH (RAM3))
                0x00000200                        _Min_Heap_Size = 0x200
                0x00000400                        _Min_Stack_Size = 0x400

.isr_vector     0x08000000      0x1bc
                0x08000000                        . = ALIGN (0x4)
 *(.isr_vector)
 .isr_vector    0x08000000      0x1bc ./Core/Startup/startup_stm32l4r5vgtx.o
                0x08000000                g_pfnVectors
                0x080001bc                        . = ALIGN (0x4)

.text           0x080001c0     0xf3dc
                0x080001c0                        . = ALIGN (0x4)
 *(.text)
 .text          0x080001c0       0x40 C:/ST/STM32CubeIDE_2.1.0/STM32CubeIDE/plugins/com.st.stm32cube.ide.mcu.externaltools.gnu-tools-for-stm32.14.3.rel1.win32_1.0.100.202602081740/tools/bin/../lib/gcc/arm-none-eabi/14.3.1/thumb/v7e-m+fp/hard/crtbegin.o
 .text          0x08000200       0xa0 C:/ST/STM32CubeIDE_2.1.0/STM32CubeIDE/plugins/com.st.stm32cube.ide.mcu.externaltools.gnu-tools-for-stm32.14.3.rel1.win32_1.0.100.202602081740/tools/bin/../lib/gcc/arm-none-eabi/14.3.1/../../../../arm-none-eabi/lib/thumb/v7e-m+fp/hard\libc_nano.a(libc_a-memchr.o)
                0x08000200                memchr
 .text          0x080002a0       0x30 C:/ST/STM32CubeIDE_2.1.0/STM32CubeIDE/plugins/com.st.stm32cube.ide.mcu.externaltools.gnu-tools-for-stm32.14.3.rel1.win32_1.0.100.202602081740/tools/bin/../lib/gcc/arm-none-eabi/14.3.1/thumb/v7e-m+fp/hard\libgcc.a(_aeabi_uldivmod.o)
                0x080002a0                __aeabi_uldivmod
 .text          0x080002d0      0x2f8 C:/ST/STM32CubeIDE_2.1.0/STM32CubeIDE/plugins/com.st.stm32cube.ide.mcu.externaltools.gnu-tools-for-stm32.14.3.rel1.win32_1.0.100.202602081740/tools/bin/../lib/gcc/arm-none-eabi/14.3.1/thumb/v7e-m+fp/hard\libgcc.a(_udivmoddi4.o)
                0x080002d0                __udivmoddi4
 .text          0x080005c8        0x4 C:/ST/STM32CubeIDE_2.1.0/STM32CubeIDE/plugins/com.st.stm32cube.ide.mcu.externaltools.gnu-tools-for-stm32.14.3.rel1.win32_1.0.100.202602081740/tools/bin/../lib/gcc/arm-none-eabi/14.3.1/thumb/v7e-m+fp/hard\libgcc.a(_dvmd_tls.o)
                0x080005c8                __aeabi_idiv0
                0x080005c8                __aeabi_ldiv0
 *(.text*)
 .text.MX_GPIO_Init
                0x080005cc       0x48 ./Core/Src/gpio.o
                0x080005cc                MX_GPIO_Init
 .text.MX_IWDG_Init
                0x08000614       0x3c ./Core/Src/iwdg.o
                0x08000614                MX_IWDG_Init
 .text._write   0x08000650       0x28 ./Core/Src/main.o
                0x08000650                _write
 .text.mcuboot_watchdog_feed
                0x08000678       0x14 ./Core/Src/main.o
                0x08000678                mcuboot_watchdog_feed
 .text.main     0x0800068c       0x6c ./Core/Src/main.o
                0x0800068c                main
 .text.SystemClock_Config
                0x080006f8       0x8e ./Core/Src/main.o
                0x080006f8                SystemClock_Config
 .text.Error_Handler
                0x08000786        0xc ./Core/Src/main.o
                0x08000786                Error_Handler
 *fill*         0x08000792        0x2 
 .text.HAL_MspInit
                0x08000794       0x48 ./Core/Src/stm32l4xx_hal_msp.o
                0x08000794                HAL_MspInit
 .text.NMI_Handler
                0x080007dc        0x8 ./Core/Src/stm32l4xx_it.o
                0x080007dc                NMI_Handler
 .text.HardFault_Handler
                0x080007e4        0x8 ./Core/Src/stm32l4xx_it.o
                0x080007e4                HardFault_Handler
 .text.MemManage_Handler
                0x080007ec        0x8 ./Core/Src/stm32l4xx_it.o
                0x080007ec                MemManage_Handler
 .text.BusFault_Handler
                0x080007f4        0x8 ./Core/Src/stm32l4xx_it.o
                0x080007f4                BusFault_Handler
 .text.UsageFault_Handler
                0x080007fc        0x8 ./Core/Src/stm32l4xx_it.o
                0x080007fc                UsageFault_Handler
 .text.SVC_Handler
                0x08000804        0xe ./Core/Src/stm32l4xx_it.o
                0x08000804                SVC_Handler
 .text.DebugMon_Handler
                0x08000812        0xe ./Core/Src/stm32l4xx_it.o
                0x08000812                DebugMon_Handler
 .text.PendSV_Handler
                0x08000820        0xe ./Core/Src/stm32l4xx_it.o
                0x08000820                PendSV_Handler
 .text.SysTick_Handler
                0x0800082e        0xc ./Core/Src/stm32l4xx_it.o
                0x0800082e                SysTick_Handler
 .text._getpid  0x0800083a       0x10 ./Core/Src/syscalls.o
                0x0800083a                _getpid
 .text._kill    0x0800084a       0x20 ./Core/Src/syscalls.o
                0x0800084a                _kill
 .text._exit    0x0800086a       0x16 ./Core/Src/syscalls.o
                0x0800086a                _exit
 .text._read    0x08000880       0x3a ./Core/Src/syscalls.o
                0x08000880                _read
 .text._close   0x080008ba       0x18 ./Core/Src/syscalls.o
                0x080008ba                _close
 .text._fstat   0x080008d2       0x20 ./Core/Src/syscalls.o
                0x080008d2                _fstat
 .text._isatty  0x080008f2       0x16 ./Core/Src/syscalls.o
                0x080008f2                _isatty
 .text._lseek   0x08000908       0x1a ./Core/Src/syscalls.o
                0x08000908                _lseek
 *fill*         0x08000922        0x2 
 .text._sbrk    0x08000924       0x6c ./Core/Src/sysmem.o
                0x08000924                _sbrk
 .text.SystemInit
                0x08000990       0x24 ./Core/Src/system_stm32l4xx.o
                0x08000990                SystemInit
 .text.MX_UART4_Init
                0x080009b4       0x98 ./Core/Src/usart.o
                0x080009b4                MX_UART4_Init
 .text.MX_USART2_UART_Init
                0x08000a4c       0x98 ./Core/Src/usart.o
                0x08000a4c                MX_USART2_UART_Init
 .text.HAL_UART_MspInit
                0x08000ae4      0x140 ./Core/Src/usart.o
                0x08000ae4                HAL_UART_MspInit
 .text.Reset_Handler
                0x08000c24       0x50 ./Core/Startup/startup_stm32l4r5vgtx.o
                0x08000c24                Reset_Handler
 .text.Default_Handler
                0x08000c74        0x2 ./Core/Startup/startup_stm32l4r5vgtx.o
                0x08000c74                RTC_Alarm_IRQHandler
                0x08000c74                EXTI2_IRQHandler
                0x08000c74                TIM8_TRG_COM_IRQHandler
                0x08000c74                TIM8_CC_IRQHandler
                0x08000c74                TIM1_CC_IRQHandler
                0x08000c74                TSC_IRQHandler
                0x08000c74                TAMP_STAMP_IRQHandler
                0x08000c74                EXTI3_IRQHandler
                0x08000c74                LPTIM2_IRQHandler
                0x08000c74                DFSDM1_FLT1_IRQHandler
                0x08000c74                GFXMMU_IRQHandler
                0x08000c74                I2C3_ER_IRQHandler
                0x08000c74                DFSDM1_FLT2_IRQHandler
                0x08000c74                EXTI0_IRQHandler
                0x08000c74                I2C2_EV_IRQHandler
                0x08000c74                CAN1_RX0_IRQHandler
                0x08000c74                FPU_IRQHandler
                0x08000c74                TIM1_UP_TIM16_IRQHandler
                0x08000c74                LTDC_ER_IRQHandler
                0x08000c74                SPI1_IRQHandler
                0x08000c74                OCTOSPI1_IRQHandler
                0x08000c74                TIM6_DAC_IRQHandler
                0x08000c74                DCMI_IRQHandler
                0x08000c74                TIM8_UP_IRQHandler
                0x08000c74                OCTOSPI2_IRQHandler
                0x08000c74                DMA2_Channel2_IRQHandler
                0x08000c74                DMA1_Channel4_IRQHandler
                0x08000c74                SAI2_IRQHandler
                0x08000c74                ADC1_IRQHandler
                0x08000c74                DFSDM1_FLT3_IRQHandler
                0x08000c74                USART3_IRQHandler
                0x08000c74                DMA1_Channel7_IRQHandler
                0x08000c74                CAN1_RX1_IRQHandler
                0x08000c74                UART5_IRQHandler
                0x08000c74                TIM4_IRQHandler
                0x08000c74                DMA2_Channel1_IRQHandler
                0x08000c74                I2C1_EV_IRQHandler
                0x08000c74                DMAMUX1_OVR_IRQHandler
                0x08000c74                DMA1_Channel6_IRQHandler
                0x08000c74                UART4_IRQHandler
                0x08000c74                DMA2_Channel4_IRQHandler
                0x08000c74                TIM3_IRQHandler
                0x08000c74                RCC_IRQHandler
                0x08000c74                DMA1_Channel1_IRQHandler
                0x08000c74                Default_Handler
                0x08000c74                DMA2_Channel7_IRQHandler
                0x08000c74                EXTI15_10_IRQHandler
                0x08000c74                TIM7_IRQHandler
                0x08000c74                SDMMC1_IRQHandler
                0x08000c74                TIM5_IRQHandler
                0x08000c74                I2C3_EV_IRQHandler
                0x08000c74                EXTI9_5_IRQHandler
                0x08000c74                RTC_WKUP_IRQHandler
                0x08000c74                LTDC_IRQHandler
                0x08000c74                PVD_PVM_IRQHandler
                0x08000c74                SPI2_IRQHandler
                0x08000c74                CAN1_TX_IRQHandler
                0x08000c74                DMA2_Channel5_IRQHandler
                0x08000c74                CRS_IRQHandler
                0x08000c74                DMA1_Channel5_IRQHandler
                0x08000c74                EXTI4_IRQHandler
                0x08000c74                RNG_IRQHandler
                0x08000c74                TIM1_TRG_COM_TIM17_IRQHandler
                0x08000c74                DMA1_Channel3_IRQHandler
                0x08000c74                COMP_IRQHandler
                0x08000c74                WWDG_IRQHandler
                0x08000c74                I2C4_EV_IRQHandler
                0x08000c74                LPUART1_IRQHandler
                0x08000c74                DMA2_Channel6_IRQHandler
                0x08000c74                TIM2_IRQHandler
                0x08000c74                DMA2D_IRQHandler
                0x08000c74                EXTI1_IRQHandler
                0x08000c74                USART2_IRQHandler
                0x08000c74                DFSDM1_FLT0_IRQHandler
                0x08000c74                I2C2_ER_IRQHandler
                0x08000c74                DMA1_Channel2_IRQHandler
                0x08000c74                TIM8_BRK_IRQHandler
                0x08000c74                CAN1_SCE_IRQHandler
                0x08000c74                FLASH_IRQHandler
                0x08000c74                USART1_IRQHandler
                0x08000c74                OTG_FS_IRQHandler
                0x08000c74                SPI3_IRQHandler
                0x08000c74                I2C1_ER_IRQHandler
                0x08000c74                FMC_IRQHandler
                0x08000c74                LPTIM1_IRQHandler
                0x08000c74                I2C4_ER_IRQHandler
                0x08000c74                SAI1_IRQHandler
                0x08000c74                DMA2_Channel3_IRQHandler
                0x08000c74                TIM1_BRK_TIM15_IRQHandler
 *fill*         0x08000c76        0x2 
 .text.HAL_Init
                0x08000c78       0x40 ./Drivers/STM32L4xx_HAL_Driver/Src/stm32l4xx_hal.o
                0x08000c78                HAL_Init
 .text.HAL_InitTick
                0x08000cb8       0x78 ./Drivers/STM32L4xx_HAL_Driver/Src/stm32l4xx_hal.o
                0x08000cb8                HAL_InitTick
 .text.HAL_IncTick
                0x08000d30       0x28 ./Drivers/STM32L4xx_HAL_Driver/Src/stm32l4xx_hal.o
                0x08000d30                HAL_IncTick
 .text.HAL_GetTick
                0x08000d58       0x18 ./Drivers/STM32L4xx_HAL_Driver/Src/stm32l4xx_hal.o
                0x08000d58                HAL_GetTick
 .text.HAL_Delay
                0x08000d70       0x48 ./Drivers/STM32L4xx_HAL_Driver/Src/stm32l4xx_hal.o
                0x08000d70                HAL_Delay
 .text.__NVIC_SetPriorityGrouping
                0x08000db8       0x48 ./Drivers/STM32L4xx_HAL_Driver/Src/stm32l4xx_hal_cortex.o
 .text.__NVIC_GetPriorityGrouping
                0x08000e00       0x1c ./Drivers/STM32L4xx_HAL_Driver/Src/stm32l4xx_hal_cortex.o
 .text.__NVIC_SetPriority
                0x08000e1c       0x54 ./Drivers/STM32L4xx_HAL_Driver/Src/stm32l4xx_hal_cortex.o
 .text.NVIC_EncodePriority
                0x08000e70       0x66 ./Drivers/STM32L4xx_HAL_Driver/Src/stm32l4xx_hal_cortex.o
 *fill*         0x08000ed6        0x2 
 .text.SysTick_Config
                0x08000ed8       0x44 ./Drivers/STM32L4xx_HAL_Driver/Src/stm32l4xx_hal_cortex.o
 .text.HAL_NVIC_SetPriorityGrouping
                0x08000f1c       0x16 ./Drivers/STM32L4xx_HAL_Driver/Src/stm32l4xx_hal_cortex.o
                0x08000f1c                HAL_NVIC_SetPriorityGrouping
 .text.HAL_NVIC_SetPriority
                0x08000f32       0x38 ./Drivers/STM32L4xx_HAL_Driver/Src/stm32l4xx_hal_cortex.o
                0x08000f32                HAL_NVIC_SetPriority
 .text.HAL_SYSTICK_Config
                0x08000f6a       0x18 ./Drivers/STM32L4xx_HAL_Driver/Src/stm32l4xx_hal_cortex.o
                0x08000f6a                HAL_SYSTICK_Config
 *fill*         0x08000f82        0x2 
 .text.HAL_MPU_Enable
                0x08000f84       0x30 ./Drivers/STM32L4xx_HAL_Driver/Src/stm32l4xx_hal_cortex.o
                0x08000f84                HAL_MPU_Enable
 .text.HAL_MPU_Disable
                0x08000fb4       0x20 ./Drivers/STM32L4xx_HAL_Driver/Src/stm32l4xx_hal_cortex.o
                0x08000fb4                HAL_MPU_Disable
 .text.HAL_MPU_ConfigRegion
                0x08000fd4       0x80 ./Drivers/STM32L4xx_HAL_Driver/Src/stm32l4xx_hal_cortex.o
                0x08000fd4                HAL_MPU_ConfigRegion
 .text.HAL_FLASH_Program
                0x08001054       0xd8 ./Drivers/STM32L4xx_HAL_Driver/Src/stm32l4xx_hal_flash.o
                0x08001054                HAL_FLASH_Program
 .text.HAL_FLASH_Unlock
                0x0800112c       0x44 ./Drivers/STM32L4xx_HAL_Driver/Src/stm32l4xx_hal_flash.o
                0x0800112c                HAL_FLASH_Unlock
 .text.HAL_FLASH_Lock
                0x08001170       0x20 ./Drivers/STM32L4xx_HAL_Driver/Src/stm32l4xx_hal_flash.o
                0x08001170                HAL_FLASH_Lock
 .text.FLASH_WaitForLastOperation
                0x08001190       0xac ./Drivers/STM32L4xx_HAL_Driver/Src/stm32l4xx_hal_flash.o
                0x08001190                FLASH_WaitForLastOperation
 .text.FLASH_Program_DoubleWord
                0x0800123c       0x4c ./Drivers/STM32L4xx_HAL_Driver/Src/stm32l4xx_hal_flash.o
 .text.FLASH_Program_Fast
                0x08001288       0x6c ./Drivers/STM32L4xx_HAL_Driver/Src/stm32l4xx_hal_flash.o
 .text.HAL_FLASHEx_Erase
                0x080012f4      0x138 ./Drivers/STM32L4xx_HAL_Driver/Src/stm32l4xx_hal_flash_ex.o
                0x080012f4                HAL_FLASHEx_Erase
 .text.FLASH_MassErase
                0x0800142c       0x70 ./Drivers/STM32L4xx_HAL_Driver/Src/stm32l4xx_hal_flash_ex.o
 .text.FLASH_PageErase
                0x0800149c       0x88 ./Drivers/STM32L4xx_HAL_Driver/Src/stm32l4xx_hal_flash_ex.o
                0x0800149c                FLASH_PageErase
 .text.FLASH_FlushCaches
                0x08001524       0x94 ./Drivers/STM32L4xx_HAL_Driver/Src/stm32l4xx_hal_flash_ex.o
                0x08001524                FLASH_FlushCaches
 .text.HAL_GPIO_Init
                0x080015b8      0x324 ./Drivers/STM32L4xx_HAL_Driver/Src/stm32l4xx_hal_gpio.o
                0x080015b8                HAL_GPIO_Init
 .text.HAL_IWDG_Init
                0x080018dc       0xa2 ./Drivers/STM32L4xx_HAL_Driver/Src/stm32l4xx_hal_iwdg.o
                0x080018dc                HAL_IWDG_Init
 .text.HAL_IWDG_Refresh
                0x0800197e       0x20 ./Drivers/STM32L4xx_HAL_Driver/Src/stm32l4xx_hal_iwdg.o
                0x0800197e                HAL_IWDG_Refresh
 *fill*         0x0800199e        0x2 
 .text.HAL_PWREx_GetVoltageRange
                0x080019a0       0x40 ./Drivers/STM32L4xx_HAL_Driver/Src/stm32l4xx_hal_pwr_ex.o
                0x080019a0                HAL_PWREx_GetVoltageRange
 .text.HAL_PWREx_ControlVoltageScaling
                0x080019e0      0x148 ./Drivers/STM32L4xx_HAL_Driver/Src/stm32l4xx_hal_pwr_ex.o
                0x080019e0                HAL_PWREx_ControlVoltageScaling
 .text.HAL_RCC_DeInit
                0x08001b28      0x144 ./Drivers/STM32L4xx_HAL_Driver/Src/stm32l4xx_hal_rcc.o
                0x08001b28                HAL_RCC_DeInit
 .text.HAL_RCC_OscConfig
                0x08001c6c      0x834 ./Drivers/STM32L4xx_HAL_Driver/Src/stm32l4xx_hal_rcc.o
                0x08001c6c                HAL_RCC_OscConfig
 .text.HAL_RCC_ClockConfig
                0x080024a0      0x274 ./Drivers/STM32L4xx_HAL_Driver/Src/stm32l4xx_hal_rcc.o
                0x080024a0                HAL_RCC_ClockConfig
 .text.HAL_RCC_GetSysClockFreq
                0x08002714      0x118 ./Drivers/STM32L4xx_HAL_Driver/Src/stm32l4xx_hal_rcc.o
                0x08002714                HAL_RCC_GetSysClockFreq
 .text.HAL_RCC_GetHCLKFreq
                0x0800282c       0x18 ./Drivers/STM32L4xx_HAL_Driver/Src/stm32l4xx_hal_rcc.o
                0x0800282c                HAL_RCC_GetHCLKFreq
 .text.HAL_RCC_GetPCLK1Freq
                0x08002844       0x2c ./Drivers/STM32L4xx_HAL_Driver/Src/stm32l4xx_hal_rcc.o
                0x08002844                HAL_RCC_GetPCLK1Freq
 .text.HAL_RCC_GetPCLK2Freq
                0x08002870       0x2c ./Drivers/STM32L4xx_HAL_Driver/Src/stm32l4xx_hal_rcc.o
                0x08002870                HAL_RCC_GetPCLK2Freq
 .text.RCC_SetFlashLatencyFromMSIRange
                0x0800289c       0xb4 ./Drivers/STM32L4xx_HAL_Driver/Src/stm32l4xx_hal_rcc.o
 .text.RCC_GetSysClockFreqFromPLLSource
                0x08002950       0xcc ./Drivers/STM32L4xx_HAL_Driver/Src/stm32l4xx_hal_rcc.o
 .text.HAL_RCCEx_PeriphCLKConfig
                0x08002a1c      0x660 ./Drivers/STM32L4xx_HAL_Driver/Src/stm32l4xx_hal_rcc_ex.o
                0x08002a1c                HAL_RCCEx_PeriphCLKConfig
 .text.RCCEx_PLLSAI1_Config
                0x0800307c      0x1e8 ./Drivers/STM32L4xx_HAL_Driver/Src/stm32l4xx_hal_rcc_ex.o
 .text.RCCEx_PLLSAI2_Config
                0x08003264      0x1e8 ./Drivers/STM32L4xx_HAL_Driver/Src/stm32l4xx_hal_rcc_ex.o
 .text.HAL_UART_Init
                0x0800344c       0xa0 ./Drivers/STM32L4xx_HAL_Driver/Src/stm32l4xx_hal_uart.o
                0x0800344c                HAL_UART_Init
 .text.HAL_UART_Transmit
                0x080034ec      0x132 ./Drivers/STM32L4xx_HAL_Driver/Src/stm32l4xx_hal_uart.o
                0x080034ec                HAL_UART_Transmit
 *fill*         0x0800361e        0x2 
 .text.UART_SetConfig
                0x08003620      0x5f8 ./Drivers/STM32L4xx_HAL_Driver/Src/stm32l4xx_hal_uart.o
                0x08003620                UART_SetConfig
 .text.UART_AdvFeatureConfig
                0x08003c18      0x144 ./Drivers/STM32L4xx_HAL_Driver/Src/stm32l4xx_hal_uart.o
                0x08003c18                UART_AdvFeatureConfig
 .text.UART_CheckIdleState
                0x08003d5c      0x154 ./Drivers/STM32L4xx_HAL_Driver/Src/stm32l4xx_hal_uart.o
                0x08003d5c                UART_CheckIdleState
 .text.UART_WaitOnFlagUntilTimeout
                0x08003eb0       0xda ./Drivers/STM32L4xx_HAL_Driver/Src/stm32l4xx_hal_uart.o
                0x08003eb0                UART_WaitOnFlagUntilTimeout
 .text.UART_EndRxTransfer
                0x08003f8a       0xcc ./Drivers/STM32L4xx_HAL_Driver/Src/stm32l4xx_hal_uart.o
 .text.HAL_UARTEx_DisableFifoMode
                0x08004056       0x72 ./Drivers/STM32L4xx_HAL_Driver/Src/stm32l4xx_hal_uart_ex.o
                0x08004056                HAL_UARTEx_DisableFifoMode
 .text.HAL_UARTEx_SetTxFifoThreshold
                0x080040c8       0x7c ./Drivers/STM32L4xx_HAL_Driver/Src/stm32l4xx_hal_uart_ex.o
                0x080040c8                HAL_UARTEx_SetTxFifoThreshold
 .text.HAL_UARTEx_SetRxFifoThreshold
                0x08004144       0x7c ./Drivers/STM32L4xx_HAL_Driver/Src/stm32l4xx_hal_uart_ex.o
                0x08004144                HAL_UARTEx_SetRxFifoThreshold
 .text.UARTEx_SetNbDataToProcess
                0x080041c0       0x9c ./Drivers/STM32L4xx_HAL_Driver/Src/stm32l4xx_hal_uart_ex.o
 .text.boot_trailer_info_sz
                0x0800425c       0x10 ./MCUBoot/bootutil/src/bootutil_area.o
 .text.boot_status_entry_sz
                0x0800426c       0x1c ./MCUBoot/bootutil/src/bootutil_area.o
 .text.boot_status_sz
                0x08004288       0x20 ./MCUBoot/bootutil/src/bootutil_area.o
                0x08004288                boot_status_sz
 .text.boot_trailer_sz
                0x080042a8       0x20 ./MCUBoot/bootutil/src/bootutil_area.o
                0x080042a8                boot_trailer_sz
 .text.boot_trailer_scramble_offset
                0x080042c8       0x6a ./MCUBoot/bootutil/src/bootutil_area.o
                0x080042c8                boot_trailer_scramble_offset
 .text.boot_erase_region
                0x08004332      0x12c ./MCUBoot/bootutil/src/bootutil_area.o
                0x08004332                boot_erase_region
 .text.boot_scramble_region
                0x0800445e       0x34 ./MCUBoot/bootutil/src/bootutil_area.o
                0x0800445e                boot_scramble_region
 .text.boot_scramble_slot
                0x08004492       0x2e ./MCUBoot/bootutil/src/bootutil_area.o
                0x08004492                boot_scramble_slot
 .text.bootutil_sha_init
                0x080044c0       0x22 ./MCUBoot/bootutil/src/bootutil_find_key.o
 .text.bootutil_sha_drop
                0x080044e2       0x18 ./MCUBoot/bootutil/src/bootutil_find_key.o
 .text.bootutil_sha_update
                0x080044fa       0x22 ./MCUBoot/bootutil/src/bootutil_find_key.o
 .text.bootutil_sha_finish
                0x0800451c       0x1e ./MCUBoot/bootutil/src/bootutil_find_key.o
 *fill*         0x0800453a        0x2 
 .text.bootutil_find_key
                0x0800453c       0xb0 ./MCUBoot/bootutil/src/bootutil_find_key.o
                0x0800453c                bootutil_find_key
 .text.bootutil_sha_init
                0x080045ec       0x22 ./MCUBoot/bootutil/src/bootutil_img_hash.o
 .text.bootutil_sha_drop
                0x0800460e       0x18 ./MCUBoot/bootutil/src/bootutil_img_hash.o
 .text.bootutil_sha_update
                0x08004626       0x22 ./MCUBoot/bootutil/src/bootutil_img_hash.o
 .text.bootutil_sha_finish
                0x08004648       0x1e ./MCUBoot/bootutil/src/bootutil_img_hash.o
 .text.bootutil_img_hash
                0x08004666      0x11a ./MCUBoot/bootutil/src/bootutil_img_hash.o
                0x08004666                bootutil_img_hash
 .text.boot_u32_safe_add
                0x08004780       0x32 ./MCUBoot/bootutil/src/bootutil_loader.o
 .text.boot_img_hdr
                0x080047b2       0x22 ./MCUBoot/bootutil/src/bootutil_loader.o
 .text.boot_check_header_erased
                0x080047d4       0x6c ./MCUBoot/bootutil/src/bootutil_loader.o
                0x080047d4                boot_check_header_erased
 .text.boot_check_header_valid
                0x08004840       0xf0 ./MCUBoot/bootutil/src/bootutil_loader.o
                0x08004840                boot_check_header_valid
 .text.boot_read_image_headers
                0x08004930       0x6c ./MCUBoot/bootutil/src/bootutil_loader.o
                0x08004930                boot_read_image_headers
 .text.boot_check_image
                0x0800499c       0x90 ./MCUBoot/bootutil/src/bootutil_loader.o
                0x0800499c                boot_check_image
 .text.boot_add_shared_data
                0x08004a2c       0x1a ./MCUBoot/bootutil/src/bootutil_loader.o
                0x08004a2c                boot_add_shared_data
 *fill*         0x08004a46        0x2 
 .text.boot_open_all_flash_areas
                0x08004a48       0x88 ./MCUBoot/bootutil/src/bootutil_loader.o
                0x08004a48                boot_open_all_flash_areas
 .text.boot_close_all_flash_areas
                0x08004ad0       0x56 ./MCUBoot/bootutil/src/bootutil_loader.o
                0x08004ad0                boot_close_all_flash_areas
 .text.boot_state_init
                0x08004b26       0x1a ./MCUBoot/bootutil/src/bootutil_loader.o
                0x08004b26                boot_state_init
 .text.boot_img_hdr
                0x08004b40       0x22 ./MCUBoot/bootutil/src/bootutil_misc.o
 *fill*         0x08004b62        0x2 
 .text.boot_magic_decode
                0x08004b64       0x2c ./MCUBoot/bootutil/src/bootutil_misc.o
 .text.boot_magic_off
                0x08004b90       0x1a ./MCUBoot/bootutil/src/bootutil_misc.o
 .text.boot_swap_size_off
                0x08004baa       0x1a ./MCUBoot/bootutil/src/bootutil_misc.o
 .text.boot_fih_memequal
                0x08004bc4       0x20 ./MCUBoot/bootutil/src/bootutil_misc.o
                0x08004bc4                boot_fih_memequal
 .text.boot_status_entries
                0x08004be4       0x44 ./MCUBoot/bootutil/src/bootutil_misc.o
                0x08004be4                boot_status_entries
 .text.boot_status_off
                0x08004c28       0x54 ./MCUBoot/bootutil/src/bootutil_misc.o
                0x08004c28                boot_status_off
 .text.boot_find_status
                0x08004c7c       0x84 ./MCUBoot/bootutil/src/bootutil_misc.o
                0x08004c7c                boot_find_status
 .text.boot_read_swap_size
                0x08004d00       0x2a ./MCUBoot/bootutil/src/bootutil_misc.o
                0x08004d00                boot_read_swap_size
 .text.boot_write_swap_size
                0x08004d2a       0x28 ./MCUBoot/bootutil/src/bootutil_misc.o
                0x08004d2a                boot_write_swap_size
 .text.bootutil_max_image_size
                0x08004d52       0x1a ./MCUBoot/bootutil/src/bootutil_misc.o
                0x08004d52                bootutil_max_image_size
 .text.boot_read_image_size
                0x08004d6c      0x120 ./MCUBoot/bootutil/src/bootutil_misc.o
                0x08004d6c                boot_read_image_size
 .text.boot_initialize_area
                0x08004e8c       0x68 ./MCUBoot/bootutil/src/bootutil_misc.o
                0x08004e8c                boot_initialize_area
 .text.boot_write_sz
                0x08004ef4       0x1e ./MCUBoot/bootutil/src/bootutil_misc.o
 *fill*         0x08004f12        0x2 
 .text.boot_read_sectors
                0x08004f14       0x8c ./MCUBoot/bootutil/src/bootutil_misc.o
                0x08004f14                boot_read_sectors
 .text.boot_state_clear
                0x08004fa0       0x14 ./MCUBoot/bootutil/src/bootutil_misc.o
                0x08004fa0                boot_state_clear
 .text.boot_magic_decode
                0x08004fb4       0x2c ./MCUBoot/bootutil/src/bootutil_public.o
 .text.boot_magic_off
                0x08004fe0       0x1a ./MCUBoot/bootutil/src/bootutil_public.o
 .text.boot_image_ok_off
                0x08004ffa       0x1e ./MCUBoot/bootutil/src/bootutil_public.o
 .text.boot_copy_done_off
                0x08005018       0x1a ./MCUBoot/bootutil/src/bootutil_public.o
 .text.boot_flag_decode
                0x08005032       0x22 ./MCUBoot/bootutil/src/bootutil_public.o
 .text.boot_swap_info_off
                0x08005054       0x1a ./MCUBoot/bootutil/src/bootutil_public.o
                0x08005054                boot_swap_info_off
 .text.boot_magic_compatible_check
                0x0800506e       0x48 ./MCUBoot/bootutil/src/bootutil_public.o
                0x0800506e                boot_magic_compatible_check
 .text.bootutil_buffer_is_erased
                0x080050b6       0x5a ./MCUBoot/bootutil/src/bootutil_public.o
                0x080050b6                bootutil_buffer_is_erased
 .text.boot_read_flag
                0x08005110       0x58 ./MCUBoot/bootutil/src/bootutil_public.o
 .text.boot_read_copy_done
                0x08005168       0x26 ./MCUBoot/bootutil/src/bootutil_public.o
 .text.boot_read_swap_state
                0x0800518e       0xe8 ./MCUBoot/bootutil/src/bootutil_public.o
                0x0800518e                boot_read_swap_state
 .text.boot_read_swap_state_by_id
                0x08005276       0x44 ./MCUBoot/bootutil/src/bootutil_public.o
                0x08005276                boot_read_swap_state_by_id
 *fill*         0x080052ba        0x2 
 .text.boot_write_magic
                0x080052bc       0x64 ./MCUBoot/bootutil/src/bootutil_public.o
                0x080052bc                boot_write_magic
 .text.boot_write_trailer
                0x08005320       0x9c ./MCUBoot/bootutil/src/bootutil_public.o
                0x08005320                boot_write_trailer
 .text.boot_write_trailer_flag
                0x080053bc       0x2a ./MCUBoot/bootutil/src/bootutil_public.o
                0x080053bc                boot_write_trailer_flag
 .text.boot_write_image_ok
                0x080053e6       0x24 ./MCUBoot/bootutil/src/bootutil_public.o
                0x080053e6                boot_write_image_ok
 .text.boot_read_image_ok
                0x0800540a       0x26 ./MCUBoot/bootutil/src/bootutil_public.o
                0x0800540a                boot_read_image_ok
 .text.boot_write_swap_info
                0x08005430       0x7c ./MCUBoot/bootutil/src/bootutil_public.o
                0x08005430                boot_write_swap_info
 .text.boot_swap_type_multi
                0x080054ac      0x11c ./MCUBoot/bootutil/src/bootutil_public.o
                0x080054ac                boot_swap_type_multi
 .text.boot_write_copy_done
                0x080055c8       0x24 ./MCUBoot/bootutil/src/bootutil_public.o
                0x080055c8                boot_write_copy_done
 .text.bootutil_import_key
                0x080055ec       0xd4 ./MCUBoot/bootutil/src/image_ecdsa.o
 .text.bootutil_ecdsa_init
                0x080056c0       0x16 ./MCUBoot/bootutil/src/image_ecdsa.o
 .text.bootutil_ecdsa_drop
                0x080056d6       0x16 ./MCUBoot/bootutil/src/image_ecdsa.o
 .text.bootutil_ecdsa_verify
                0x080056ec       0x88 ./MCUBoot/bootutil/src/image_ecdsa.o
 .text.bootutil_ecdsa_parse_public_key
                0x08005774       0x20 ./MCUBoot/bootutil/src/image_ecdsa.o
 .text.bootutil_verify_sig
                0x08005794       0xe4 ./MCUBoot/bootutil/src/image_ecdsa.o
                0x08005794                bootutil_verify_sig
 .text.bootutil_img_validate
                0x08005878      0x2bc ./MCUBoot/bootutil/src/image_validate.o
                0x08005878                bootutil_img_validate
 .text.boot_img_hdr
                0x08005b34       0x22 ./MCUBoot/bootutil/src/loader.o
 .text.boot_img_slot_off
                0x08005b56       0x2a ./MCUBoot/bootutil/src/loader.o
 .text.fill_rsp
                0x08005b80       0x50 ./MCUBoot/bootutil/src/loader.o
 .text.boot_status_reset
                0x08005bd0       0x3e ./MCUBoot/bootutil/src/loader.o
                0x08005bd0                boot_status_reset
 .text.boot_status_is_reset
                0x08005c0e       0x38 ./MCUBoot/bootutil/src/loader.o
                0x08005c0e                boot_status_is_reset
 .text.boot_write_status
                0x08005c46       0x78 ./MCUBoot/bootutil/src/loader.o
                0x08005c46                boot_write_status
 *fill*         0x08005cbe        0x2 
 .text.boot_validate_slot
                0x08005cc0      0x13c ./MCUBoot/bootutil/src/loader.o
 .text.boot_validated_swap_type
                0x08005dfc       0x78 ./MCUBoot/bootutil/src/loader.o
 .text.boot_copy_region
                0x08005e74       0x8c ./MCUBoot/bootutil/src/loader.o
                0x08005e74                boot_copy_region
 .text.boot_swap_image
                0x08005f00      0x124 ./MCUBoot/bootutil/src/loader.o
 .text.boot_perform_update
                0x08006024       0x94 ./MCUBoot/bootutil/src/loader.o
 .text.boot_complete_partial_swap
                0x080060b8       0xb8 ./MCUBoot/bootutil/src/loader.o
 .text.boot_prepare_image_for_update
                0x08006170      0x168 ./MCUBoot/bootutil/src/loader.o
 .text.boot_update_hw_rollback_protection
                0x080062d8       0x16 ./MCUBoot/bootutil/src/loader.o
 .text.check_downgrade_prevention
                0x080062ee       0x16 ./MCUBoot/bootutil/src/loader.o
 .text.context_boot_go
                0x08006304      0x224 ./MCUBoot/bootutil/src/loader.o
                0x08006304                context_boot_go
 .text.boot_go  0x08006528       0x44 ./MCUBoot/bootutil/src/loader.o
                0x08006528                boot_go
 .text.swap_scramble_trailer_sectors
                0x0800656c       0x54 ./MCUBoot/bootutil/src/swap_misc.o
                0x0800656c                swap_scramble_trailer_sectors
 .text.swap_status_init
                0x080065c0       0xdc ./MCUBoot/bootutil/src/swap_misc.o
                0x080065c0                swap_status_init
 .text.swap_read_status
                0x0800669c       0xcc ./MCUBoot/bootutil/src/swap_misc.o
                0x0800669c                swap_read_status
 .text.swap_set_copy_done
                0x08006768       0x48 ./MCUBoot/bootutil/src/swap_misc.o
                0x08006768                swap_set_copy_done
 .text.swap_set_image_ok
                0x080067b0       0x6e ./MCUBoot/bootutil/src/swap_misc.o
                0x080067b0                swap_set_image_ok
 .text.boot_img_num_sectors
                0x0800681e       0x26 ./MCUBoot/bootutil/src/swap_move.o
 .text.boot_img_sector_size
                0x08006844       0x38 ./MCUBoot/bootutil/src/swap_move.o
 .text.boot_img_sector_off
                0x0800687c       0x52 ./MCUBoot/bootutil/src/swap_move.o
 .text.find_last_idx
                0x080068ce       0x42 ./MCUBoot/bootutil/src/swap_move.o
                0x080068ce                find_last_idx
 .text.boot_read_image_header
                0x08006910      0x14c ./MCUBoot/bootutil/src/swap_move.o
                0x08006910                boot_read_image_header
 .text.swap_read_status_bytes
                0x08006a5c      0x118 ./MCUBoot/bootutil/src/swap_move.o
                0x08006a5c                swap_read_status_bytes
 .text.boot_status_internal_off
                0x08006b74       0x66 ./MCUBoot/bootutil/src/swap_move.o
                0x08006b74                boot_status_internal_off
 .text.boot_slots_compatible
                0x08006bda       0xa4 ./MCUBoot/bootutil/src/swap_move.o
                0x08006bda                boot_slots_compatible
 *fill*         0x08006c7e        0x2 
 .text.swap_status_source
                0x08006c80       0x9c ./MCUBoot/bootutil/src/swap_move.o
                0x08006c80                swap_status_source
 .text.boot_move_sector_up
                0x08006d1c      0x120 ./MCUBoot/bootutil/src/swap_move.o
 .text.boot_swap_sectors
                0x08006e3c      0x148 ./MCUBoot/bootutil/src/swap_move.o
 .text.fixup_revert
                0x08006f84       0xd8 ./MCUBoot/bootutil/src/swap_move.o
                0x08006f84                fixup_revert
 .text.swap_run
                0x0800705c      0x148 ./MCUBoot/bootutil/src/swap_move.o
                0x0800705c                swap_run
 .text.app_max_size
                0x080071a4       0x76 ./MCUBoot/bootutil/src/swap_move.o
                0x080071a4                app_max_size
 .text.bootutil_tlv_iter_begin
                0x0800721a      0x100 ./MCUBoot/bootutil/src/tlv.o
                0x0800721a                bootutil_tlv_iter_begin
 .text.bootutil_tlv_iter_next
                0x0800731a       0xec ./MCUBoot/bootutil/src/tlv.o
                0x0800731a                bootutil_tlv_iter_next
 *fill*         0x08007406        0x2 
 .text.mbedtls_asn1_get_len
                0x08007408       0x64 ./MCUBoot/crypto/mbedtls/library/asn1parse.o
                0x08007408                mbedtls_asn1_get_len
 .text.mbedtls_asn1_get_tag
                0x0800746c       0x7c ./MCUBoot/crypto/mbedtls/library/asn1parse.o
                0x0800746c                mbedtls_asn1_get_tag
 .text.mbedtls_asn1_get_mpi
                0x080074e8       0x88 ./MCUBoot/crypto/mbedtls/library/asn1parse.o
                0x080074e8                mbedtls_asn1_get_mpi
 .text.mbedtls_asn1_get_bitstring_null
                0x08007570       0x4c ./MCUBoot/crypto/mbedtls/library/asn1parse.o
                0x08007570                mbedtls_asn1_get_bitstring_null
 .text.mbedtls_asn1_get_alg
                0x080075bc       0xc0 ./MCUBoot/crypto/mbedtls/library/asn1parse.o
                0x080075bc                mbedtls_asn1_get_alg
 .text.mbedtls_mpi_init
                0x0800767c        0xc ./MCUBoot/crypto/mbedtls/library/bignum.o
                0x0800767c                mbedtls_mpi_init
 .text.mbedtls_mpi_free
                0x08007688       0x20 ./MCUBoot/crypto/mbedtls/library/bignum.o
                0x08007688                mbedtls_mpi_free
 .text.mbedtls_mpi_grow
                0x080076a8       0x58 ./MCUBoot/crypto/mbedtls/library/bignum.o
                0x080076a8                mbedtls_mpi_grow
 .text.mbedtls_mpi_safe_cond_assign
                0x08007700       0x6c ./MCUBoot/crypto/mbedtls/library/bignum.o
                0x08007700                mbedtls_mpi_safe_cond_assign
 .text.mbedtls_mpi_safe_cond_swap
                0x0800776c       0x6c ./MCUBoot/crypto/mbedtls/library/bignum.o
                0x0800776c                mbedtls_mpi_safe_cond_swap
 .text.mbedtls_mpi_resize_clear
                0x080077d8       0x58 ./MCUBoot/crypto/mbedtls/library/bignum.o
 .text.mbedtls_mpi_shrink
                0x08007830       0x80 ./MCUBoot/crypto/mbedtls/library/bignum.o
                0x08007830                mbedtls_mpi_shrink
 .text.mbedtls_mpi_copy
                0x080078b0       0x90 ./MCUBoot/crypto/mbedtls/library/bignum.o
                0x080078b0                mbedtls_mpi_copy
 .text.mbedtls_mpi_lset
                0x08007940       0x58 ./MCUBoot/crypto/mbedtls/library/bignum.o
                0x08007940                mbedtls_mpi_lset
 .text.mbedtls_mpi_get_bit
                0x08007998       0x20 ./MCUBoot/crypto/mbedtls/library/bignum.o
                0x08007998                mbedtls_mpi_get_bit
 .text.mbedtls_mpi_set_bit
                0x080079b8       0x50 ./MCUBoot/crypto/mbedtls/library/bignum.o
                0x080079b8                mbedtls_mpi_set_bit
 .text.mbedtls_mpi_bitlen
                0x08007a08        0x8 ./MCUBoot/crypto/mbedtls/library/bignum.o
                0x08007a08                mbedtls_mpi_bitlen
 .text.mbedtls_mpi_size
                0x08007a10       0x10 ./MCUBoot/crypto/mbedtls/library/bignum.o
                0x08007a10                mbedtls_mpi_size
 .text.mbedtls_mpi_read_binary_le
                0x08007a20       0x30 ./MCUBoot/crypto/mbedtls/library/bignum.o
                0x08007a20                mbedtls_mpi_read_binary_le
 .text.mbedtls_mpi_read_binary
                0x08007a50       0x30 ./MCUBoot/crypto/mbedtls/library/bignum.o
                0x08007a50                mbedtls_mpi_read_binary
 .text.mbedtls_mpi_shift_l
                0x08007a80       0x40 ./MCUBoot/crypto/mbedtls/library/bignum.o
                0x08007a80                mbedtls_mpi_shift_l
 .text.mbedtls_mpi_shift_r
                0x08007ac0       0x18 ./MCUBoot/crypto/mbedtls/library/bignum.o
                0x08007ac0                mbedtls_mpi_shift_r
 .text.mbedtls_mpi_cmp_abs
                0x08007ad8       0x7c ./MCUBoot/crypto/mbedtls/library/bignum.o
                0x08007ad8                mbedtls_mpi_cmp_abs
 .text.mbedtls_mpi_cmp_mpi
                0x08007b54       0xac ./MCUBoot/crypto/mbedtls/library/bignum.o
                0x08007b54                mbedtls_mpi_cmp_mpi
 .text.mbedtls_mpi_cmp_int
                0x08007c00       0x30 ./MCUBoot/crypto/mbedtls/library/bignum.o
                0x08007c00                mbedtls_mpi_cmp_int
 .text.mbedtls_mpi_add_abs
                0x08007c30       0x9c ./MCUBoot/crypto/mbedtls/library/bignum.o
                0x08007c30                mbedtls_mpi_add_abs
 .text.mbedtls_mpi_sub_abs
                0x08007ccc       0xb4 ./MCUBoot/crypto/mbedtls/library/bignum.o
                0x08007ccc                mbedtls_mpi_sub_abs
 .text.add_sub_mpi
                0x08007d80       0x74 ./MCUBoot/crypto/mbedtls/library/bignum.o
 .text.mbedtls_mpi_add_mpi
                0x08007df4        0x8 ./MCUBoot/crypto/mbedtls/library/bignum.o
                0x08007df4                mbedtls_mpi_add_mpi
 .text.mbedtls_mpi_sub_mpi
                0x08007dfc        0x8 ./MCUBoot/crypto/mbedtls/library/bignum.o
                0x08007dfc                mbedtls_mpi_sub_mpi
 .text.mbedtls_mpi_add_int
                0x08007e04       0x30 ./MCUBoot/crypto/mbedtls/library/bignum.o
                0x08007e04                mbedtls_mpi_add_int
 .text.mbedtls_mpi_sub_int
                0x08007e34       0x34 ./MCUBoot/crypto/mbedtls/library/bignum.o
                0x08007e34                mbedtls_mpi_sub_int
 .text.mbedtls_mpi_mul_mpi
                0x08007e68      0x114 ./MCUBoot/crypto/mbedtls/library/bignum.o
                0x08007e68                mbedtls_mpi_mul_mpi
 .text.mbedtls_mpi_mul_int
                0x08007f7c       0x84 ./MCUBoot/crypto/mbedtls/library/bignum.o
                0x08007f7c                mbedtls_mpi_mul_int
 .text.mbedtls_mpi_div_mpi
                0x08008000      0x540 ./MCUBoot/crypto/mbedtls/library/bignum.o
                0x08008000                mbedtls_mpi_div_mpi
 .text.mbedtls_mpi_mod_mpi
                0x08008540       0xa0 ./MCUBoot/crypto/mbedtls/library/bignum.o
                0x08008540                mbedtls_mpi_mod_mpi
 .text.mbedtls_mpi_exp_mod
                0x080085e0      0x248 ./MCUBoot/crypto/mbedtls/library/bignum.o
                0x080085e0                mbedtls_mpi_exp_mod
 .text.mbedtls_mpi_gcd
                0x08008828      0x204 ./MCUBoot/crypto/mbedtls/library/bignum.o
                0x08008828                mbedtls_mpi_gcd
 .text.mbedtls_mpi_random
                0x08008a2c       0x54 ./MCUBoot/crypto/mbedtls/library/bignum.o
                0x08008a2c                mbedtls_mpi_random
 .text.mbedtls_mpi_inv_mod
                0x08008a80      0x5e8 ./MCUBoot/crypto/mbedtls/library/bignum.o
                0x08008a80                mbedtls_mpi_inv_mod
 .text.mbedtls_mpi_core_bitlen
                0x08009068       0x28 ./MCUBoot/crypto/mbedtls/library/bignum_core.o
                0x08009068                mbedtls_mpi_core_bitlen
 .text.mbedtls_mpi_core_uint_le_mpi
                0x08009090       0x3c ./MCUBoot/crypto/mbedtls/library/bignum_core.o
                0x08009090                mbedtls_mpi_core_uint_le_mpi
 .text.mbedtls_mpi_core_lt_ct
                0x080090cc       0x54 ./MCUBoot/crypto/mbedtls/library/bignum_core.o
                0x080090cc                mbedtls_mpi_core_lt_ct
 .text.mbedtls_mpi_core_cond_assign
                0x08009120       0x34 ./MCUBoot/crypto/mbedtls/library/bignum_core.o
                0x08009120                mbedtls_mpi_core_cond_assign
 .text.mbedtls_mpi_core_cond_swap
                0x08009154       0x44 ./MCUBoot/crypto/mbedtls/library/bignum_core.o
                0x08009154                mbedtls_mpi_core_cond_swap
 .text.mbedtls_mpi_core_read_le
                0x08009198       0x54 ./MCUBoot/crypto/mbedtls/library/bignum_core.o
                0x08009198                mbedtls_mpi_core_read_le
 .text.mbedtls_mpi_core_read_be
                0x080091ec       0x5c ./MCUBoot/crypto/mbedtls/library/bignum_core.o
                0x080091ec                mbedtls_mpi_core_read_be
 .text.mbedtls_mpi_core_shift_r
                0x08009248       0x90 ./MCUBoot/crypto/mbedtls/library/bignum_core.o
                0x08009248                mbedtls_mpi_core_shift_r
 .text.mbedtls_mpi_core_shift_l
                0x080092d8       0x7c ./MCUBoot/crypto/mbedtls/library/bignum_core.o
                0x080092d8                mbedtls_mpi_core_shift_l
 .text.mbedtls_mpi_core_add
                0x08009354       0x38 ./MCUBoot/crypto/mbedtls/library/bignum_core.o
                0x08009354                mbedtls_mpi_core_add
 .text.mbedtls_mpi_core_sub
                0x0800938c       0x40 ./MCUBoot/crypto/mbedtls/library/bignum_core.o
                0x0800938c                mbedtls_mpi_core_sub
 .text.mbedtls_mpi_core_mla
                0x080093cc       0xe0 ./MCUBoot/crypto/mbedtls/library/bignum_core.o
                0x080093cc                mbedtls_mpi_core_mla
 .text.mbedtls_mpi_core_mul
                0x080094ac       0x4c ./MCUBoot/crypto/mbedtls/library/bignum_core.o
                0x080094ac                mbedtls_mpi_core_mul
 .text.mbedtls_mpi_core_montmul_init
                0x080094f8       0x30 ./MCUBoot/crypto/mbedtls/library/bignum_core.o
                0x080094f8                mbedtls_mpi_core_montmul_init
 .text.mbedtls_mpi_core_montmul
                0x08009528       0xe4 ./MCUBoot/crypto/mbedtls/library/bignum_core.o
                0x08009528                mbedtls_mpi_core_montmul
 .text.mbedtls_mpi_core_get_mont_r2_unsafe
                0x0800960c       0x38 ./MCUBoot/crypto/mbedtls/library/bignum_core.o
                0x0800960c                mbedtls_mpi_core_get_mont_r2_unsafe
 .text.mbedtls_mpi_core_fill_random
                0x08009644       0x6c ./MCUBoot/crypto/mbedtls/library/bignum_core.o
                0x08009644                mbedtls_mpi_core_fill_random
 .text.mbedtls_mpi_core_random
                0x080096b0       0xc0 ./MCUBoot/crypto/mbedtls/library/bignum_core.o
                0x080096b0                mbedtls_mpi_core_random
 .text.mbedtls_mpi_core_exp_mod_working_limbs
                0x08009770       0x14 ./MCUBoot/crypto/mbedtls/library/bignum_core.o
                0x08009770                mbedtls_mpi_core_exp_mod_working_limbs
 .text.mbedtls_mpi_core_exp_mod
                0x08009784      0x1fc ./MCUBoot/crypto/mbedtls/library/bignum_core.o
                0x08009784                mbedtls_mpi_core_exp_mod
 .text.mbedtls_mpi_core_sub_int
                0x08009980       0x30 ./MCUBoot/crypto/mbedtls/library/bignum_core.o
                0x08009980                mbedtls_mpi_core_sub_int
 .text.mbedtls_mpi_core_check_zero_ct
                0x080099b0       0x24 ./MCUBoot/crypto/mbedtls/library/bignum_core.o
                0x080099b0                mbedtls_mpi_core_check_zero_ct
 .text.mbedtls_mpi_core_to_mont_rep
                0x080099d4       0x1c ./MCUBoot/crypto/mbedtls/library/bignum_core.o
                0x080099d4                mbedtls_mpi_core_to_mont_rep
 .text.mbedtls_mpi_core_from_mont_rep
                0x080099f0       0x20 ./MCUBoot/crypto/mbedtls/library/bignum_core.o
                0x080099f0                mbedtls_mpi_core_from_mont_rep
 .text.mbedtls_ct_memcpy_if
                0x08009a10       0x74 ./MCUBoot/crypto/mbedtls/library/constant_time.o
                0x08009a10                mbedtls_ct_memcpy_if
 .text.derive_mpi
                0x08009a84       0x5c ./MCUBoot/crypto/mbedtls/library/ecdsa.o
 .text.mbedtls_ecdsa_verify_restartable
                0x08009ae0      0x150 ./MCUBoot/crypto/mbedtls/library/ecdsa.o
                0x08009ae0                mbedtls_ecdsa_verify_restartable
 .text.mbedtls_ecdsa_read_signature_restartable
                0x08009c30       0x9c ./MCUBoot/crypto/mbedtls/library/ecdsa.o
                0x08009c30                mbedtls_ecdsa_read_signature_restartable
 .text.mbedtls_ecdsa_read_signature
                0x08009ccc       0x14 ./MCUBoot/crypto/mbedtls/library/ecdsa.o
                0x08009ccc                mbedtls_ecdsa_read_signature
 .text.mbedtls_ecdsa_init
                0x08009ce0        0x4 ./MCUBoot/crypto/mbedtls/library/ecdsa.o
                0x08009ce0                mbedtls_ecdsa_init
 .text.mbedtls_ecdsa_free
                0x08009ce4        0x8 ./MCUBoot/crypto/mbedtls/library/ecdsa.o
                0x08009ce4                mbedtls_ecdsa_free
 .text.ecp_modp
                0x08009cec       0x90 ./MCUBoot/crypto/mbedtls/library/ecp.o
 .text.ecp_safe_invert_jac
                0x08009d7c       0x58 ./MCUBoot/crypto/mbedtls/library/ecp.o
 .text.ecp_select_comb
                0x08009dd4       0x84 ./MCUBoot/crypto/mbedtls/library/ecp.o
 .text.mbedtls_mpi_sub_mod
                0x08009e58       0x40 ./MCUBoot/crypto/mbedtls/library/ecp.o
 .text.mbedtls_mpi_mul_mod
                0x08009e98       0x30 ./MCUBoot/crypto/mbedtls/library/ecp.o
 .text.mbedtls_mpi_add_mod
                0x08009ec8       0x3c ./MCUBoot/crypto/mbedtls/library/ecp.o
 .text.mbedtls_mpi_shift_l_mod.constprop.0
                0x08009f04       0x38 ./MCUBoot/crypto/mbedtls/library/ecp.o
 .text.ecp_sw_rhs.part.0
                0x08009f3c       0xdc ./MCUBoot/crypto/mbedtls/library/ecp.o
 .text.ecp_randomize_mxz
                0x0800a018       0x98 ./MCUBoot/crypto/mbedtls/library/ecp.o
 .text.ecp_normalize_jac
                0x0800a0b0       0xfc ./MCUBoot/crypto/mbedtls/library/ecp.o
 .text.ecp_normalize_jac_many
                0x0800a1ac      0x220 ./MCUBoot/crypto/mbedtls/library/ecp.o
 .text.ecp_randomize_jac
                0x0800a3cc      0x124 ./MCUBoot/crypto/mbedtls/library/ecp.o
 .text.ecp_double_jac
                0x0800a4f0      0x404 ./MCUBoot/crypto/mbedtls/library/ecp.o
 .text.ecp_add_mixed
                0x0800a8f4      0x334 ./MCUBoot/crypto/mbedtls/library/ecp.o
 .text.ecp_mul_comb_after_precomp.isra.0
                0x0800ac28      0x22c ./MCUBoot/crypto/mbedtls/library/ecp.o
 .text.mbedtls_ecp_point_init
                0x0800ae54       0x1c ./MCUBoot/crypto/mbedtls/library/ecp.o
                0x0800ae54                mbedtls_ecp_point_init
 .text.mbedtls_ecp_group_init
                0x0800ae70       0x54 ./MCUBoot/crypto/mbedtls/library/ecp.o
                0x0800ae70                mbedtls_ecp_group_init
 .text.mbedtls_ecp_keypair_init
                0x0800aec4       0x2c ./MCUBoot/crypto/mbedtls/library/ecp.o
                0x0800aec4                mbedtls_ecp_keypair_init
 .text.mbedtls_ecp_point_free
                0x0800aef0       0x20 ./MCUBoot/crypto/mbedtls/library/ecp.o
                0x0800aef0                mbedtls_ecp_point_free
 .text.mbedtls_ecp_group_free
                0x0800af10       0x8c ./MCUBoot/crypto/mbedtls/library/ecp.o
                0x0800af10                mbedtls_ecp_group_free
 .text.mbedtls_ecp_keypair_free
                0x0800af9c       0x30 ./MCUBoot/crypto/mbedtls/library/ecp.o
                0x0800af9c                mbedtls_ecp_keypair_free
 .text.mbedtls_ecp_is_zero
                0x0800afcc       0x14 ./MCUBoot/crypto/mbedtls/library/ecp.o
                0x0800afcc                mbedtls_ecp_is_zero
 .text.mbedtls_ecp_point_read_binary
                0x0800afe0      0x1f0 ./MCUBoot/crypto/mbedtls/library/ecp.o
                0x0800afe0                mbedtls_ecp_point_read_binary
 .text.mbedtls_ecp_check_pubkey
                0x0800b1d0      0x1c0 ./MCUBoot/crypto/mbedtls/library/ecp.o
                0x0800b1d0                mbedtls_ecp_check_pubkey
 .text.mbedtls_ecp_check_privkey
                0x0800b390       0x6c ./MCUBoot/crypto/mbedtls/library/ecp.o
                0x0800b390                mbedtls_ecp_check_privkey
 .text.ecp_mul_restartable_internal.isra.0
                0x0800b3fc      0x864 ./MCUBoot/crypto/mbedtls/library/ecp.o
 .text.mbedtls_ecp_mul_shortcuts.isra.0
                0x0800bc60      0x140 ./MCUBoot/crypto/mbedtls/library/ecp.o
 .text.mbedtls_ecp_muladd_restartable
                0x0800bda0       0xb8 ./MCUBoot/crypto/mbedtls/library/ecp.o
                0x0800bda0                mbedtls_ecp_muladd_restartable
 .text.ecp_mod_p448
                0x0800be58       0xf4 ./MCUBoot/crypto/mbedtls/library/ecp_curves.o
 .text.ecp_mod_p255
                0x0800bf4c       0x50 ./MCUBoot/crypto/mbedtls/library/ecp_curves.o
 .text.ecp_mod_p521
                0x0800bf9c       0x6c ./MCUBoot/crypto/mbedtls/library/ecp_curves.o
 .text.ecp_mod_p384
                0x0800c008      0x590 ./MCUBoot/crypto/mbedtls/library/ecp_curves.o
 .text.ecp_mod_koblitz.constprop.0
                0x0800c598      0x114 ./MCUBoot/crypto/mbedtls/library/ecp_curves.o
 .text.ecp_mod_p192k1
                0x0800c6ac        0xc ./MCUBoot/crypto/mbedtls/library/ecp_curves.o
 .text.ecp_mod_p224k1
                0x0800c6b8        0xc ./MCUBoot/crypto/mbedtls/library/ecp_curves.o
 .text.ecp_mod_p256k1
                0x0800c6c4        0xc ./MCUBoot/crypto/mbedtls/library/ecp_curves.o
 .text.ecp_mod_p224
                0x0800c6d0      0x230 ./MCUBoot/crypto/mbedtls/library/ecp_curves.o
 .text.ecp_mod_p192
                0x0800c900      0x184 ./MCUBoot/crypto/mbedtls/library/ecp_curves.o
 .text.ecp_mod_p256
                0x0800ca84      0x460 ./MCUBoot/crypto/mbedtls/library/ecp_curves.o
 .text.mbedtls_ecp_group_load
                0x0800cee4      0x678 ./MCUBoot/crypto/mbedtls/library/ecp_curves.o
                0x0800cee4                mbedtls_ecp_group_load
 .text.mbedtls_platform_zeroize
                0x0800d55c       0x18 ./MCUBoot/crypto/mbedtls/library/platform_util.o
                0x0800d55c                mbedtls_platform_zeroize
 .text.mbedtls_zeroize_and_free
                0x0800d574       0x20 ./MCUBoot/crypto/mbedtls/library/platform_util.o
                0x0800d574                mbedtls_zeroize_and_free
 .text.mbedtls_sha256_init
                0x0800d594        0x8 ./MCUBoot/crypto/mbedtls/library/sha256.o
                0x0800d594                mbedtls_sha256_init
 .text.mbedtls_sha256_free
                0x0800d59c        0xc ./MCUBoot/crypto/mbedtls/library/sha256.o
                0x0800d59c                mbedtls_sha256_free
 .text.mbedtls_sha256_starts
                0x0800d5a8       0x94 ./MCUBoot/crypto/mbedtls/library/sha256.o
                0x0800d5a8                mbedtls_sha256_starts
 .text.mbedtls_internal_sha256_process
                0x0800d63c      0x740 ./MCUBoot/crypto/mbedtls/library/sha256.o
                0x0800d63c                mbedtls_internal_sha256_process
 .text.mbedtls_sha256_update
                0x0800dd7c       0x94 ./MCUBoot/crypto/mbedtls/library/sha256.o
                0x0800dd7c                mbedtls_sha256_update
 .text.mbedtls_sha256_finish
                0x0800de10       0xa0 ./MCUBoot/crypto/mbedtls/library/sha256.o
                0x0800de10                mbedtls_sha256_finish
 .text.boot_platform_quit
                0x0800deb0       0x10 ./MCUBoot/flash_map_backend/boot_hal.o
                0x0800deb0                boot_platform_quit
 .text.boot_hal_mpu_config
                0x0800dec0       0x98 ./MCUBoot/flash_map_backend/boot_hal.o
 .text.boot_hal_hw_deinit
                0x0800df58       0x60 ./MCUBoot/flash_map_backend/boot_hal.o
 .text.boot_hal_jump_to_app
                0x0800dfb8       0x9c ./MCUBoot/flash_map_backend/boot_hal.o
                0x0800dfb8                boot_hal_jump_to_app
 .text.flash_abs_addr
                0x0800e054       0x22 ./MCUBoot/flash_map_backend/flash_map_backend.o
 .text.addr_to_page
                0x0800e076       0x1c ./MCUBoot/flash_map_backend/flash_map_backend.o
 .text.flash_area_check_bounds
                0x0800e092       0x2e ./MCUBoot/flash_map_backend/flash_map_backend.o
 .text.flash_area_open
                0x0800e0c0       0x6c ./MCUBoot/flash_map_backend/flash_map_backend.o
                0x0800e0c0                flash_area_open
 .text.flash_area_close
                0x0800e12c       0x14 ./MCUBoot/flash_map_backend/flash_map_backend.o
                0x0800e12c                flash_area_close
 .text.flash_area_read
                0x0800e140       0x56 ./MCUBoot/flash_map_backend/flash_map_backend.o
                0x0800e140                flash_area_read
 *fill*         0x0800e196        0x2 
 .text.flash_area_write
                0x0800e198      0x100 ./MCUBoot/flash_map_backend/flash_map_backend.o
                0x0800e198                flash_area_write
 .text.flash_area_erase
                0x0800e298       0xdc ./MCUBoot/flash_map_backend/flash_map_backend.o
                0x0800e298                flash_area_erase
 .text.flash_area_align
                0x0800e374       0x16 ./MCUBoot/flash_map_backend/flash_map_backend.o
                0x0800e374                flash_area_align
 .text.flash_area_erased_val
                0x0800e38a       0x16 ./MCUBoot/flash_map_backend/flash_map_backend.o
                0x0800e38a                flash_area_erased_val
 .text.flash_area_get_off
                0x0800e3a0       0x18 ./MCUBoot/flash_map_backend/flash_map_backend.o
                0x0800e3a0                flash_area_get_off
 .text.flash_area_get_size
                0x0800e3b8       0x18 ./MCUBoot/flash_map_backend/flash_map_backend.o
                0x0800e3b8                flash_area_get_size
 .text.flash_area_get_id
                0x0800e3d0       0x18 ./MCUBoot/flash_map_backend/flash_map_backend.o
                0x0800e3d0                flash_area_get_id
 .text.flash_area_get_device_id
                0x0800e3e8       0x18 ./MCUBoot/flash_map_backend/flash_map_backend.o
                0x0800e3e8                flash_area_get_device_id
 .text.flash_sector_get_off
                0x0800e400       0x18 ./MCUBoot/flash_map_backend/flash_map_backend.o
                0x0800e400                flash_sector_get_off
 .text.flash_sector_get_size
                0x0800e418       0x18 ./MCUBoot/flash_map_backend/flash_map_backend.o
                0x0800e418                flash_sector_get_size
 .text.flash_area_get_sector
                0x0800e430       0x52 ./MCUBoot/flash_map_backend/flash_map_backend.o
                0x0800e430                flash_area_get_sector
 .text.flash_area_id_from_multi_image_slot_hook
                0x0800e482       0x5c ./MCUBoot/flash_map_backend/flash_map_backend.o
                0x0800e482                flash_area_id_from_multi_image_slot_hook
 .text.flash_area_id_from_multi_image_slot
                0x0800e4de       0x22 ./MCUBoot/flash_map_backend/flash_map_backend.o
                0x0800e4de                flash_area_id_from_multi_image_slot
 .text.flash_area_to_sectors
                0x0800e500       0xd6 ./MCUBoot/flash_map_backend/flash_map_backend.o
                0x0800e500                flash_area_to_sectors
 *fill*         0x0800e5d6        0x2 
 .text.__assert_func
                0x0800e5d8       0x3c C:/ST/STM32CubeIDE_2.1.0/STM32CubeIDE/plugins/com.st.stm32cube.ide.mcu.externaltools.gnu-tools-for-stm32.14.3.rel1.win32_1.0.100.202602081740/tools/bin/../lib/gcc/arm-none-eabi/14.3.1/../../../../arm-none-eabi/lib/thumb/v7e-m+fp/hard\libc_nano.a(libc_a-assert.o)
                0x0800e5d8                __assert_func
 .text.calloc   0x0800e614       0x10 C:/ST/STM32CubeIDE_2.1.0/STM32CubeIDE/plugins/com.st.stm32cube.ide.mcu.externaltools.gnu-tools-for-stm32.14.3.rel1.win32_1.0.100.202602081740/tools/bin/../lib/gcc/arm-none-eabi/14.3.1/../../../../arm-none-eabi/lib/thumb/v7e-m+fp/hard\libc_nano.a(libc_a-calloc.o)
                0x0800e614                calloc
 .text._calloc_r
                0x0800e624       0x28 C:/ST/STM32CubeIDE_2.1.0/STM32CubeIDE/plugins/com.st.stm32cube.ide.mcu.externaltools.gnu-tools-for-stm32.14.3.rel1.win32_1.0.100.202602081740/tools/bin/../lib/gcc/arm-none-eabi/14.3.1/../../../../arm-none-eabi/lib/thumb/v7e-m+fp/hard\libc_nano.a(libc_a-callocr.o)
                0x0800e624                _calloc_r
 .text.free     0x0800e64c       0x10 C:/ST/STM32CubeIDE_2.1.0/STM32CubeIDE/plugins/com.st.stm32cube.ide.mcu.externaltools.gnu-tools-for-stm32.14.3.rel1.win32_1.0.100.202602081740/tools/bin/../lib/gcc/arm-none-eabi/14.3.1/../../../../arm-none-eabi/lib/thumb/v7e-m+fp/hard\libc_nano.a(libc_a-malloc.o)
                0x0800e64c                free
 .text.sbrk_aligned
                0x0800e65c       0x44 C:/ST/STM32CubeIDE_2.1.0/STM32CubeIDE/plugins/com.st.stm32cube.ide.mcu.externaltools.gnu-tools-for-stm32.14.3.rel1.win32_1.0.100.202602081740/tools/bin/../lib/gcc/arm-none-eabi/14.3.1/../../../../arm-none-eabi/lib/thumb/v7e-m+fp/hard\libc_nano.a(libc_a-mallocr.o)
 .text._malloc_r
                0x0800e6a0      0x100 C:/ST/STM32CubeIDE_2.1.0/STM32CubeIDE/plugins/com.st.stm32cube.ide.mcu.externaltools.gnu-tools-for-stm32.14.3.rel1.win32_1.0.100.202602081740/tools/bin/../lib/gcc/arm-none-eabi/14.3.1/../../../../arm-none-eabi/lib/thumb/v7e-m+fp/hard\libc_nano.a(libc_a-mallocr.o)
                0x0800e6a0                _malloc_r
 .text.__malloc_lock
                0x0800e7a0        0xc C:/ST/STM32CubeIDE_2.1.0/STM32CubeIDE/plugins/com.st.stm32cube.ide.mcu.externaltools.gnu-tools-for-stm32.14.3.rel1.win32_1.0.100.202602081740/tools/bin/../lib/gcc/arm-none-eabi/14.3.1/../../../../arm-none-eabi/lib/thumb/v7e-m+fp/hard\libc_nano.a(libc_a-mlock.o)
                0x0800e7a0                __malloc_lock
 .text.__malloc_unlock
                0x0800e7ac        0xc C:/ST/STM32CubeIDE_2.1.0/STM32CubeIDE/plugins/com.st.stm32cube.ide.mcu.externaltools.gnu-tools-for-stm32.14.3.rel1.win32_1.0.100.202602081740/tools/bin/../lib/gcc/arm-none-eabi/14.3.1/../../../../arm-none-eabi/lib/thumb/v7e-m+fp/hard\libc_nano.a(libc_a-mlock.o)
                0x0800e7ac                __malloc_unlock
 .text.__sflush_r
                0x0800e7b8      0x104 C:/ST/STM32CubeIDE_2.1.0/STM32CubeIDE/plugins/com.st.stm32cube.ide.mcu.externaltools.gnu-tools-for-stm32.14.3.rel1.win32_1.0.100.202602081740/tools/bin/../lib/gcc/arm-none-eabi/14.3.1/../../../../arm-none-eabi/lib/thumb/v7e-m+fp/hard\libc_nano.a(libc_a-fflush.o)
                0x0800e7b8                __sflush_r
 .text._fflush_r
                0x0800e8bc       0x50 C:/ST/STM32CubeIDE_2.1.0/STM32CubeIDE/plugins/com.st.stm32cube.ide.mcu.externaltools.gnu-tools-for-stm32.14.3.rel1.win32_1.0.100.202602081740/tools/bin/../lib/gcc/arm-none-eabi/14.3.1/../../../../arm-none-eabi/lib/thumb/v7e-m+fp/hard\libc_nano.a(libc_a-fflush.o)
                0x0800e8bc                _fflush_r
 .text.std      0x0800e90c       0x6c C:/ST/STM32CubeIDE_2.1.0/STM32CubeIDE/plugins/com.st.stm32cube.ide.mcu.externaltools.gnu-tools-for-stm32.14.3.rel1.win32_1.0.100.202602081740/tools/bin/../lib/gcc/arm-none-eabi/14.3.1/../../../../arm-none-eabi/lib/thumb/v7e-m+fp/hard\libc_nano.a(libc_a-findfp.o)
 .text.stdio_exit_handler
                0x0800e978       0x18 C:/ST/STM32CubeIDE_2.1.0/STM32CubeIDE/plugins/com.st.stm32cube.ide.mcu.externaltools.gnu-tools-for-stm32.14.3.rel1.win32_1.0.100.202602081740/tools/bin/../lib/gcc/arm-none-eabi/14.3.1/../../../../arm-none-eabi/lib/thumb/v7e-m+fp/hard\libc_nano.a(libc_a-findfp.o)
 .text.cleanup_stdio
                0x0800e990       0x40 C:/ST/STM32CubeIDE_2.1.0/STM32CubeIDE/plugins/com.st.stm32cube.ide.mcu.externaltools.gnu-tools-for-stm32.14.3.rel1.win32_1.0.100.202602081740/tools/bin/../lib/gcc/arm-none-eabi/14.3.1/../../../../arm-none-eabi/lib/thumb/v7e-m+fp/hard\libc_nano.a(libc_a-findfp.o)
 .text.global_stdio_init.part.0
                0x0800e9d0       0x40 C:/ST/STM32CubeIDE_2.1.0/STM32CubeIDE/plugins/com.st.stm32cube.ide.mcu.externaltools.gnu-tools-for-stm32.14.3.rel1.win32_1.0.100.202602081740/tools/bin/../lib/gcc/arm-none-eabi/14.3.1/../../../../arm-none-eabi/lib/thumb/v7e-m+fp/hard\libc_nano.a(libc_a-findfp.o)
 .text.__sfp_lock_acquire
                0x0800ea10        0xc C:/ST/STM32CubeIDE_2.1.0/STM32CubeIDE/plugins/com.st.stm32cube.ide.mcu.externaltools.gnu-tools-for-stm32.14.3.rel1.win32_1.0.100.202602081740/tools/bin/../lib/gcc/arm-none-eabi/14.3.1/../../../../arm-none-eabi/lib/thumb/v7e-m+fp/hard\libc_nano.a(libc_a-findfp.o)
                0x0800ea10                __sfp_lock_acquire
 .text.__sfp_lock_release
                0x0800ea1c        0xc C:/ST/STM32CubeIDE_2.1.0/STM32CubeIDE/plugins/com.st.stm32cube.ide.mcu.externaltools.gnu-tools-for-stm32.14.3.rel1.win32_1.0.100.202602081740/tools/bin/../lib/gcc/arm-none-eabi/14.3.1/../../../../arm-none-eabi/lib/thumb/v7e-m+fp/hard\libc_nano.a(libc_a-findfp.o)
                0x0800ea1c                __sfp_lock_release
 .text.__sinit  0x0800ea28       0x30 C:/ST/STM32CubeIDE_2.1.0/STM32CubeIDE/plugins/com.st.stm32cube.ide.mcu.externaltools.gnu-tools-for-stm32.14.3.rel1.win32_1.0.100.202602081740/tools/bin/../lib/gcc/arm-none-eabi/14.3.1/../../../../arm-none-eabi/lib/thumb/v7e-m+fp/hard\libc_nano.a(libc_a-findfp.o)
                0x0800ea28                __sinit
 .text.fprintf  0x0800ea58       0x24 C:/ST/STM32CubeIDE_2.1.0/STM32CubeIDE/plugins/com.st.stm32cube.ide.mcu.externaltools.gnu-tools-for-stm32.14.3.rel1.win32_1.0.100.202602081740/tools/bin/../lib/gcc/arm-none-eabi/14.3.1/../../../../arm-none-eabi/lib/thumb/v7e-m+fp/hard\libc_nano.a(libc_a-fprintf.o)
                0x0800ea58                fiprintf
                0x0800ea58                fprintf
 .text._fwalk_sglue
                0x0800ea7c       0x3c C:/ST/STM32CubeIDE_2.1.0/STM32CubeIDE/plugins/com.st.stm32cube.ide.mcu.externaltools.gnu-tools-for-stm32.14.3.rel1.win32_1.0.100.202602081740/tools/bin/../lib/gcc/arm-none-eabi/14.3.1/../../../../arm-none-eabi/lib/thumb/v7e-m+fp/hard\libc_nano.a(libc_a-fwalk.o)
                0x0800ea7c                _fwalk_sglue
 .text.__sread  0x0800eab8       0x22 C:/ST/STM32CubeIDE_2.1.0/STM32CubeIDE/plugins/com.st.stm32cube.ide.mcu.externaltools.gnu-tools-for-stm32.14.3.rel1.win32_1.0.100.202602081740/tools/bin/../lib/gcc/arm-none-eabi/14.3.1/../../../../arm-none-eabi/lib/thumb/v7e-m+fp/hard\libc_nano.a(libc_a-stdio.o)
                0x0800eab8                __sread
 .text.__swrite
                0x0800eada       0x38 C:/ST/STM32CubeIDE_2.1.0/STM32CubeIDE/plugins/com.st.stm32cube.ide.mcu.externaltools.gnu-tools-for-stm32.14.3.rel1.win32_1.0.100.202602081740/tools/bin/../lib/gcc/arm-none-eabi/14.3.1/../../../../arm-none-eabi/lib/thumb/v7e-m+fp/hard\libc_nano.a(libc_a-stdio.o)
                0x0800eada                __swrite
 .text.__sseek  0x0800eb12       0x26 C:/ST/STM32CubeIDE_2.1.0/STM32CubeIDE/plugins/com.st.stm32cube.ide.mcu.externaltools.gnu-tools-for-stm32.14.3.rel1.win32_1.0.100.202602081740/tools/bin/../lib/gcc/arm-none-eabi/14.3.1/../../../../arm-none-eabi/lib/thumb/v7e-m+fp/hard\libc_nano.a(libc_a-stdio.o)
                0x0800eb12                __sseek
 .text.__sclose
                0x0800eb38        0x8 C:/ST/STM32CubeIDE_2.1.0/STM32CubeIDE/plugins/com.st.stm32cube.ide.mcu.externaltools.gnu-tools-for-stm32.14.3.rel1.win32_1.0.100.202602081740/tools/bin/../lib/gcc/arm-none-eabi/14.3.1/../../../../arm-none-eabi/lib/thumb/v7e-m+fp/hard\libc_nano.a(libc_a-stdio.o)
                0x0800eb38                __sclose
 .text.__swbuf_r
                0x0800eb40       0x7c C:/ST/STM32CubeIDE_2.1.0/STM32CubeIDE/plugins/com.st.stm32cube.ide.mcu.externaltools.gnu-tools-for-stm32.14.3.rel1.win32_1.0.100.202602081740/tools/bin/../lib/gcc/arm-none-eabi/14.3.1/../../../../arm-none-eabi/lib/thumb/v7e-m+fp/hard\libc_nano.a(libc_a-wbuf.o)
                0x0800eb40                __swbuf_r
 .text.__swsetup_r
                0x0800ebbc       0xa8 C:/ST/STM32CubeIDE_2.1.0/STM32CubeIDE/plugins/com.st.stm32cube.ide.mcu.externaltools.gnu-tools-for-stm32.14.3.rel1.win32_1.0.100.202602081740/tools/bin/../lib/gcc/arm-none-eabi/14.3.1/../../../../arm-none-eabi/lib/thumb/v7e-m+fp/hard\libc_nano.a(libc_a-wsetup.o)
                0x0800ebbc                __swsetup_r
 .text.memcmp   0x0800ec64       0x20 C:/ST/STM32CubeIDE_2.1.0/STM32CubeIDE/plugins/com.st.stm32cube.ide.mcu.externaltools.gnu-tools-for-stm32.14.3.rel1.win32_1.0.100.202602081740/tools/bin/../lib/gcc/arm-none-eabi/14.3.1/../../../../arm-none-eabi/lib/thumb/v7e-m+fp/hard\libc_nano.a(libc_a-memcmp.o)
                0x0800ec64                memcmp
 .text.memset   0x0800ec84       0x10 C:/ST/STM32CubeIDE_2.1.0/STM32CubeIDE/plugins/com.st.stm32cube.ide.mcu.externaltools.gnu-tools-for-stm32.14.3.rel1.win32_1.0.100.202602081740/tools/bin/../lib/gcc/arm-none-eabi/14.3.1/../../../../arm-none-eabi/lib/thumb/v7e-m+fp/hard\libc_nano.a(libc_a-memset.o)
                0x0800ec84                memset
 .text._close_r
                0x0800ec94       0x20 C:/ST/STM32CubeIDE_2.1.0/STM32CubeIDE/plugins/com.st.stm32cube.ide.mcu.externaltools.gnu-tools-for-stm32.14.3.rel1.win32_1.0.100.202602081740/tools/bin/../lib/gcc/arm-none-eabi/14.3.1/../../../../arm-none-eabi/lib/thumb/v7e-m+fp/hard\libc_nano.a(libc_a-closer.o)
                0x0800ec94                _close_r
 .text._lseek_r
                0x0800ecb4       0x24 C:/ST/STM32CubeIDE_2.1.0/STM32CubeIDE/plugins/com.st.stm32cube.ide.mcu.externaltools.gnu-tools-for-stm32.14.3.rel1.win32_1.0.100.202602081740/tools/bin/../lib/gcc/arm-none-eabi/14.3.1/../../../../arm-none-eabi/lib/thumb/v7e-m+fp/hard\libc_nano.a(libc_a-lseekr.o)
                0x0800ecb4                _lseek_r
 .text._read_r  0x0800ecd8       0x24 C:/ST/STM32CubeIDE_2.1.0/STM32CubeIDE/plugins/com.st.stm32cube.ide.mcu.externaltools.gnu-tools-for-stm32.14.3.rel1.win32_1.0.100.202602081740/tools/bin/../lib/gcc/arm-none-eabi/14.3.1/../../../../arm-none-eabi/lib/thumb/v7e-m+fp/hard\libc_nano.a(libc_a-readr.o)
                0x0800ecd8                _read_r
 .text._sbrk_r  0x0800ecfc       0x20 C:/ST/STM32CubeIDE_2.1.0/STM32CubeIDE/plugins/com.st.stm32cube.ide.mcu.externaltools.gnu-tools-for-stm32.14.3.rel1.win32_1.0.100.202602081740/tools/bin/../lib/gcc/arm-none-eabi/14.3.1/../../../../arm-none-eabi/lib/thumb/v7e-m+fp/hard\libc_nano.a(libc_a-sbrkr.o)
                0x0800ecfc                _sbrk_r
 .text._write_r
                0x0800ed1c       0x24 C:/ST/STM32CubeIDE_2.1.0/STM32CubeIDE/plugins/com.st.stm32cube.ide.mcu.externaltools.gnu-tools-for-stm32.14.3.rel1.win32_1.0.100.202602081740/tools/bin/../lib/gcc/arm-none-eabi/14.3.1/../../../../arm-none-eabi/lib/thumb/v7e-m+fp/hard\libc_nano.a(libc_a-writer.o)
                0x0800ed1c                _write_r
 .text.__errno  0x0800ed40        0xc C:/ST/STM32CubeIDE_2.1.0/STM32CubeIDE/plugins/com.st.stm32cube.ide.mcu.externaltools.gnu-tools-for-stm32.14.3.rel1.win32_1.0.100.202602081740/tools/bin/../lib/gcc/arm-none-eabi/14.3.1/../../../../arm-none-eabi/lib/thumb/v7e-m+fp/hard\libc_nano.a(libc_a-errno.o)
                0x0800ed40                __errno
 .text.__libc_init_array
                0x0800ed4c       0x48 C:/ST/STM32CubeIDE_2.1.0/STM32CubeIDE/plugins/com.st.stm32cube.ide.mcu.externaltools.gnu-tools-for-stm32.14.3.rel1.win32_1.0.100.202602081740/tools/bin/../lib/gcc/arm-none-eabi/14.3.1/../../../../arm-none-eabi/lib/thumb/v7e-m+fp/hard\libc_nano.a(libc_a-init.o)
                0x0800ed4c                __libc_init_array
 .text.__retarget_lock_init_recursive
                0x0800ed94        0x2 C:/ST/STM32CubeIDE_2.1.0/STM32CubeIDE/plugins/com.st.stm32cube.ide.mcu.externaltools.gnu-tools-for-stm32.14.3.rel1.win32_1.0.100.202602081740/tools/bin/../lib/gcc/arm-none-eabi/14.3.1/../../../../arm-none-eabi/lib/thumb/v7e-m+fp/hard\libc_nano.a(libc_a-lock.o)
                0x0800ed94                __retarget_lock_init_recursive
 .text.__retarget_lock_acquire_recursive
                0x0800ed96        0x2 C:/ST/STM32CubeIDE_2.1.0/STM32CubeIDE/plugins/com.st.stm32cube.ide.mcu.externaltools.gnu-tools-for-stm32.14.3.rel1.win32_1.0.100.202602081740/tools/bin/../lib/gcc/arm-none-eabi/14.3.1/../../../../arm-none-eabi/lib/thumb/v7e-m+fp/hard\libc_nano.a(libc_a-lock.o)
                0x0800ed96                __retarget_lock_acquire_recursive
 .text.__retarget_lock_release_recursive
                0x0800ed98        0x2 C:/ST/STM32CubeIDE_2.1.0/STM32CubeIDE/plugins/com.st.stm32cube.ide.mcu.externaltools.gnu-tools-for-stm32.14.3.rel1.win32_1.0.100.202602081740/tools/bin/../lib/gcc/arm-none-eabi/14.3.1/../../../../arm-none-eabi/lib/thumb/v7e-m+fp/hard\libc_nano.a(libc_a-lock.o)
                0x0800ed98                __retarget_lock_release_recursive
 .text.memcpy   0x0800ed9a       0x1c C:/ST/STM32CubeIDE_2.1.0/STM32CubeIDE/plugins/com.st.stm32cube.ide.mcu.externaltools.gnu-tools-for-stm32.14.3.rel1.win32_1.0.100.202602081740/tools/bin/../lib/gcc/arm-none-eabi/14.3.1/../../../../arm-none-eabi/lib/thumb/v7e-m+fp/hard\libc_nano.a(libc_a-memcpy-stub.o)
                0x0800ed9a                memcpy
 .text.abort    0x0800edb6        0xe C:/ST/STM32CubeIDE_2.1.0/STM32CubeIDE/plugins/com.st.stm32cube.ide.mcu.externaltools.gnu-tools-for-stm32.14.3.rel1.win32_1.0.100.202602081740/tools/bin/../lib/gcc/arm-none-eabi/14.3.1/../../../../arm-none-eabi/lib/thumb/v7e-m+fp/hard\libc_nano.a(libc_a-abort.o)
                0x0800edb6                abort
 .text._free_r  0x0800edc4       0x94 C:/ST/STM32CubeIDE_2.1.0/STM32CubeIDE/plugins/com.st.stm32cube.ide.mcu.externaltools.gnu-tools-for-stm32.14.3.rel1.win32_1.0.100.202602081740/tools/bin/../lib/gcc/arm-none-eabi/14.3.1/../../../../arm-none-eabi/lib/thumb/v7e-m+fp/hard\libc_nano.a(libc_a-freer.o)
                0x0800edc4                _free_r
 .text.__sfputc_r
                0x0800ee58       0x2e C:/ST/STM32CubeIDE_2.1.0/STM32CubeIDE/plugins/com.st.stm32cube.ide.mcu.externaltools.gnu-tools-for-stm32.14.3.rel1.win32_1.0.100.202602081740/tools/bin/../lib/gcc/arm-none-eabi/14.3.1/../../../../arm-none-eabi/lib/thumb/v7e-m+fp/hard\libc_nano.a(libc_a-nano-vfprintf.o)
 .text.__sfputs_r
                0x0800ee86       0x24 C:/ST/STM32CubeIDE_2.1.0/STM32CubeIDE/plugins/com.st.stm32cube.ide.mcu.externaltools.gnu-tools-for-stm32.14.3.rel1.win32_1.0.100.202602081740/tools/bin/../lib/gcc/arm-none-eabi/14.3.1/../../../../arm-none-eabi/lib/thumb/v7e-m+fp/hard\libc_nano.a(libc_a-nano-vfprintf.o)
                0x0800ee86                __sfputs_r
 *fill*         0x0800eeaa        0x2 
 .text._vfprintf_r
                0x0800eeac      0x228 C:/ST/STM32CubeIDE_2.1.0/STM32CubeIDE/plugins/com.st.stm32cube.ide.mcu.externaltools.gnu-tools-for-stm32.14.3.rel1.win32_1.0.100.202602081740/tools/bin/../lib/gcc/arm-none-eabi/14.3.1/../../../../arm-none-eabi/lib/thumb/v7e-m+fp/hard\libc_nano.a(libc_a-nano-vfprintf.o)
                0x0800eeac                _vfprintf_r
                0x0800eeac                _vfiprintf_r
 .text._printf_common
                0x0800f0d4       0xda C:/ST/STM32CubeIDE_2.1.0/STM32CubeIDE/plugins/com.st.stm32cube.ide.mcu.externaltools.gnu-tools-for-stm32.14.3.rel1.win32_1.0.100.202602081740/tools/bin/../lib/gcc/arm-none-eabi/14.3.1/../../../../arm-none-eabi/lib/thumb/v7e-m+fp/hard\libc_nano.a(libc_a-nano-vfprintf_i.o)
                0x0800f0d4                _printf_common
 *fill*         0x0800f1ae        0x2 
 .text._printf_i
                0x0800f1b0      0x24c C:/ST/STM32CubeIDE_2.1.0/STM32CubeIDE/plugins/com.st.stm32cube.ide.mcu.externaltools.gnu-tools-for-stm32.14.3.rel1.win32_1.0.100.202602081740/tools/bin/../lib/gcc/arm-none-eabi/14.3.1/../../../../arm-none-eabi/lib/thumb/v7e-m+fp/hard\libc_nano.a(libc_a-nano-vfprintf_i.o)
                0x0800f1b0                _printf_i
 .text.__swhatbuf_r
                0x0800f3fc       0x48 C:/ST/STM32CubeIDE_2.1.0/STM32CubeIDE/plugins/com.st.stm32cube.ide.mcu.externaltools.gnu-tools-for-stm32.14.3.rel1.win32_1.0.100.202602081740/tools/bin/../lib/gcc/arm-none-eabi/14.3.1/../../../../arm-none-eabi/lib/thumb/v7e-m+fp/hard\libc_nano.a(libc_a-makebuf.o)
                0x0800f3fc                __swhatbuf_r
 .text.__smakebuf_r
                0x0800f444       0x72 C:/ST/STM32CubeIDE_2.1.0/STM32CubeIDE/plugins/com.st.stm32cube.ide.mcu.externaltools.gnu-tools-for-stm32.14.3.rel1.win32_1.0.100.202602081740/tools/bin/../lib/gcc/arm-none-eabi/14.3.1/../../../../arm-none-eabi/lib/thumb/v7e-m+fp/hard\libc_nano.a(libc_a-makebuf.o)
                0x0800f444                __smakebuf_r
 .text._raise_r
                0x0800f4b6       0x50 C:/ST/STM32CubeIDE_2.1.0/STM32CubeIDE/plugins/com.st.stm32cube.ide.mcu.externaltools.gnu-tools-for-stm32.14.3.rel1.win32_1.0.100.202602081740/tools/bin/../lib/gcc/arm-none-eabi/14.3.1/../../../../arm-none-eabi/lib/thumb/v7e-m+fp/hard\libc_nano.a(libc_a-signal.o)
                0x0800f4b6                _raise_r
 *fill*         0x0800f506        0x2 
 .text.raise    0x0800f508       0x10 C:/ST/STM32CubeIDE_2.1.0/STM32CubeIDE/plugins/com.st.stm32cube.ide.mcu.externaltools.gnu-tools-for-stm32.14.3.rel1.win32_1.0.100.202602081740/tools/bin/../lib/gcc/arm-none-eabi/14.3.1/../../../../arm-none-eabi/lib/thumb/v7e-m+fp/hard\libc_nano.a(libc_a-signal.o)
                0x0800f508                raise
 .text._fstat_r
                0x0800f518       0x24 C:/ST/STM32CubeIDE_2.1.0/STM32CubeIDE/plugins/com.st.stm32cube.ide.mcu.externaltools.gnu-tools-for-stm32.14.3.rel1.win32_1.0.100.202602081740/tools/bin/../lib/gcc/arm-none-eabi/14.3.1/../../../../arm-none-eabi/lib/thumb/v7e-m+fp/hard\libc_nano.a(libc_a-fstatr.o)
                0x0800f518                _fstat_r
 .text._isatty_r
                0x0800f53c       0x20 C:/ST/STM32CubeIDE_2.1.0/STM32CubeIDE/plugins/com.st.stm32cube.ide.mcu.externaltools.gnu-tools-for-stm32.14.3.rel1.win32_1.0.100.202602081740/tools/bin/../lib/gcc/arm-none-eabi/14.3.1/../../../../arm-none-eabi/lib/thumb/v7e-m+fp/hard\libc_nano.a(libc_a-isattyr.o)
                0x0800f53c                _isatty_r
 .text._kill_r  0x0800f55c       0x24 C:/ST/STM32CubeIDE_2.1.0/STM32CubeIDE/plugins/com.st.stm32cube.ide.mcu.externaltools.gnu-tools-for-stm32.14.3.rel1.win32_1.0.100.202602081740/tools/bin/../lib/gcc/arm-none-eabi/14.3.1/../../../../arm-none-eabi/lib/thumb/v7e-m+fp/hard\libc_nano.a(libc_a-signalr.o)
                0x0800f55c                _kill_r
 .text._getpid_r
                0x0800f580        0x4 C:/ST/STM32CubeIDE_2.1.0/STM32CubeIDE/plugins/com.st.stm32cube.ide.mcu.externaltools.gnu-tools-for-stm32.14.3.rel1.win32_1.0.100.202602081740/tools/bin/../lib/gcc/arm-none-eabi/14.3.1/../../../../arm-none-eabi/lib/thumb/v7e-m+fp/hard\libc_nano.a(libc_a-signalr.o)
                0x0800f580                _getpid_r
 *(.glue_7)
 .glue_7        0x0800f584        0x0 linker stubs
 *(.glue_7t)
 .glue_7t       0x0800f584        0x0 linker stubs
 *(.eh_frame)
 .eh_frame      0x0800f584        0x0 C:/ST/STM32CubeIDE_2.1.0/STM32CubeIDE/plugins/com.st.stm32cube.ide.mcu.externaltools.gnu-tools-for-stm32.14.3.rel1.win32_1.0.100.202602081740/tools/bin/../lib/gcc/arm-none-eabi/14.3.1/thumb/v7e-m+fp/hard/crtbegin.o
 *(.init)
 .init          0x0800f584        0x4 C:/ST/STM32CubeIDE_2.1.0/STM32CubeIDE/plugins/com.st.stm32cube.ide.mcu.externaltools.gnu-tools-for-stm32.14.3.rel1.win32_1.0.100.202602081740/tools/bin/../lib/gcc/arm-none-eabi/14.3.1/thumb/v7e-m+fp/hard/crti.o
                0x0800f584                _init
 .init          0x0800f588        0x8 C:/ST/STM32CubeIDE_2.1.0/STM32CubeIDE/plugins/com.st.stm32cube.ide.mcu.externaltools.gnu-tools-for-stm32.14.3.rel1.win32_1.0.100.202602081740/tools/bin/../lib/gcc/arm-none-eabi/14.3.1/thumb/v7e-m+fp/hard/crtn.o
 *(.fini)
 .fini          0x0800f590        0x4 C:/ST/STM32CubeIDE_2.1.0/STM32CubeIDE/plugins/com.st.stm32cube.ide.mcu.externaltools.gnu-tools-for-stm32.14.3.rel1.win32_1.0.100.202602081740/tools/bin/../lib/gcc/arm-none-eabi/14.3.1/thumb/v7e-m+fp/hard/crti.o
                0x0800f590                _fini
 .fini          0x0800f594        0x8 C:/ST/STM32CubeIDE_2.1.0/STM32CubeIDE/plugins/com.st.stm32cube.ide.mcu.externaltools.gnu-tools-for-stm32.14.3.rel1.win32_1.0.100.202602081740/tools/bin/../lib/gcc/arm-none-eabi/14.3.1/thumb/v7e-m+fp/hard/crtn.o
                0x0800f59c                        . = ALIGN (0x4)
                0x0800f59c                        _etext = .

.vfp11_veneer   0x0800f59c        0x0
 .vfp11_veneer  0x0800f59c        0x0 linker stubs

.v4_bx          0x0800f59c        0x0
 .v4_bx         0x0800f59c        0x0 linker stubs

.iplt           0x0800f59c        0x0
 .iplt          0x0800f59c        0x0 C:/ST/STM32CubeIDE_2.1.0/STM32CubeIDE/plugins/com.st.stm32cube.ide.mcu.externaltools.gnu-tools-for-stm32.14.3.rel1.win32_1.0.100.202602081740/tools/bin/../lib/gcc/arm-none-eabi/14.3.1/thumb/v7e-m+fp/hard/crtbegin.o

.rodata         0x0800f59c     0x7a58
                0x0800f59c                        . = ALIGN (0x4)
 *(.rodata)
 .rodata        0x0800f59c       0x40 ./MCUBoot/bootutil/src/bootutil_loader.o
 .rodata        0x0800f5dc       0x9c ./MCUBoot/bootutil/src/bootutil_misc.o
 .rodata        0x0800f678       0x56 ./MCUBoot/bootutil/src/bootutil_public.o
 *fill*         0x0800f6ce        0x2 
 .rodata        0x0800f6d0       0x4a ./MCUBoot/bootutil/src/loader.o
 *fill*         0x0800f71a        0x2 
 .rodata        0x0800f71c       0x3c ./MCUBoot/bootutil/src/swap_misc.o
 .rodata        0x0800f758       0x58 ./MCUBoot/bootutil/src/swap_move.o
 *(.rodata*)
 .rodata.AHBPrescTable
                0x0800f7b0       0x10 ./Core/Src/system_stm32l4xx.o
                0x0800f7b0                AHBPrescTable
 .rodata.APBPrescTable
                0x0800f7c0        0x8 ./Core/Src/system_stm32l4xx.o
                0x0800f7c0                APBPrescTable
 .rodata.MSIRangeTable
                0x0800f7c8       0x30 ./Core/Src/system_stm32l4xx.o
                0x0800f7c8                MSIRangeTable
 .rodata.UARTPrescTable
                0x0800f7f8       0x18 ./Drivers/STM32L4xx_HAL_Driver/Src/stm32l4xx_hal_uart.o
                0x0800f7f8                UARTPrescTable
 .rodata.numerator.1
                0x0800f810        0x8 ./Drivers/STM32L4xx_HAL_Driver/Src/stm32l4xx_hal_uart_ex.o
 .rodata.denominator.0
                0x0800f818        0x8 ./Drivers/STM32L4xx_HAL_Driver/Src/stm32l4xx_hal_uart_ex.o
 .rodata.__func__.4
                0x0800f820       0x19 ./MCUBoot/bootutil/src/bootutil_loader.o
 *fill*         0x0800f839        0x3 
 .rodata.__func__.3
                0x0800f83c       0x18 ./MCUBoot/bootutil/src/bootutil_loader.o
 .rodata.__func__.2
                0x0800f854       0x11 ./MCUBoot/bootutil/src/bootutil_loader.o
 *fill*         0x0800f865        0x3 
 .rodata.__func__.0
                0x0800f868       0x1a ./MCUBoot/bootutil/src/bootutil_loader.o
 *fill*         0x0800f882        0x2 
 .rodata.__func__.1
                0x0800f884       0x10 ./MCUBoot/bootutil/src/bootutil_misc.o
 .rodata.__func__.0
                0x0800f894       0x15 ./MCUBoot/bootutil/src/bootutil_misc.o
 *fill*         0x0800f8a9        0x3 
 .rodata.boot_img_magic
                0x0800f8ac       0x10 ./MCUBoot/bootutil/src/bootutil_public.o
                0x0800f8ac                boot_img_magic
 .rodata.boot_swap_tables
                0x0800f8bc       0x12 ./MCUBoot/bootutil/src/bootutil_public.o
 *fill*         0x0800f8ce        0x2 
 .rodata.__func__.2
                0x0800f8d0       0x13 ./MCUBoot/bootutil/src/bootutil_public.o
 *fill*         0x0800f8e3        0x1 
 .rodata.__func__.1
                0x0800f8e4       0x15 ./MCUBoot/bootutil/src/bootutil_public.o
 *fill*         0x0800f8f9        0x3 
 .rodata.ec_pubkey_oid
                0x0800f8fc        0x8 ./MCUBoot/bootutil/src/image_ecdsa.o
 .rodata.ec_secp256r1_oid
                0x0800f904        0x9 ./MCUBoot/bootutil/src/image_ecdsa.o
 *fill*         0x0800f90d        0x3 
 .rodata.__func__.7
                0x0800f910       0x13 ./MCUBoot/bootutil/src/loader.o
 *fill*         0x0800f923        0x1 
 .rodata.__func__.5
                0x0800f924       0x10 ./MCUBoot/bootutil/src/loader.o
 .rodata.__func__.4
                0x0800f934       0x14 ./MCUBoot/bootutil/src/loader.o
 .rodata.__func__.3
                0x0800f948       0x1b ./MCUBoot/bootutil/src/loader.o
 *fill*         0x0800f963        0x1 
 .rodata.__func__.2
                0x0800f964       0x1e ./MCUBoot/bootutil/src/loader.o
 *fill*         0x0800f982        0x2 
 .rodata.__func__.1
                0x0800f984       0x10 ./MCUBoot/bootutil/src/loader.o
 .rodata.__func__.1
                0x0800f994       0x11 ./MCUBoot/bootutil/src/swap_misc.o
 *fill*         0x0800f9a5        0x3 
 .rodata.__func__.0
                0x0800f9a8       0x11 ./MCUBoot/bootutil/src/swap_misc.o
 *fill*         0x0800f9b9        0x3 
 .rodata.__func__.5
                0x0800f9bc       0x17 ./MCUBoot/bootutil/src/swap_move.o
 *fill*         0x0800f9d3        0x1 
 .rodata.__func__.4
                0x0800f9d4       0x13 ./MCUBoot/bootutil/src/swap_move.o
 *fill*         0x0800f9e7        0x1 
 .rodata.__func__.3
                0x0800f9e8       0x14 ./MCUBoot/bootutil/src/swap_move.o
 .rodata.__func__.2
                0x0800f9fc       0x12 ./MCUBoot/bootutil/src/swap_move.o
 *fill*         0x0800fa0e        0x2 
 .rodata.__func__.1
                0x0800fa10        0xd ./MCUBoot/bootutil/src/swap_move.o
 *fill*         0x0800fa1d        0x3 
 .rodata.__func__.0
                0x0800fa20        0x9 ./MCUBoot/bootutil/src/swap_move.o
 *fill*         0x0800fa29        0x3 
 .rodata.ecp_x25519_bad_point_2
                0x0800fa2c        0x8 ./MCUBoot/crypto/mbedtls/library/ecp.o
 .rodata.ecp_x25519_bad_point_1
                0x0800fa34        0x8 ./MCUBoot/crypto/mbedtls/library/ecp.o
 .rodata.x25519_bad_point_2
                0x0800fa3c       0x20 ./MCUBoot/crypto/mbedtls/library/ecp.o
 .rodata.x25519_bad_point_1
                0x0800fa5c       0x20 ./MCUBoot/crypto/mbedtls/library/ecp.o
 .rodata.Rp.0   0x0800fa7c        0x8 ./MCUBoot/crypto/mbedtls/library/ecp_curves.o
 .rodata.Rp.1   0x0800fa84        0x8 ./MCUBoot/crypto/mbedtls/library/ecp_curves.o
 .rodata.Rp.2   0x0800fa8c        0x8 ./MCUBoot/crypto/mbedtls/library/ecp_curves.o
 .rodata.curve448_part_of_n
                0x0800fa94       0x1c ./MCUBoot/crypto/mbedtls/library/ecp_curves.o
 .rodata.curve25519_part_of_n
                0x0800fab0       0x10 ./MCUBoot/crypto/mbedtls/library/ecp_curves.o
 .rodata.brainpoolP512r1_T
                0x0800fac0      0x300 ./MCUBoot/crypto/mbedtls/library/ecp_curves.o
 .rodata.brainpoolP512r1_T_31_Y
                0x0800fdc0       0x40 ./MCUBoot/crypto/mbedtls/library/ecp_curves.o
 .rodata.brainpoolP512r1_T_31_X
                0x0800fe00       0x40 ./MCUBoot/crypto/mbedtls/library/ecp_curves.o
 .rodata.brainpoolP512r1_T_30_Y
                0x0800fe40       0x40 ./MCUBoot/crypto/mbedtls/library/ecp_curves.o
 .rodata.brainpoolP512r1_T_30_X
                0x0800fe80       0x40 ./MCUBoot/crypto/mbedtls/library/ecp_curves.o
 .rodata.brainpoolP512r1_T_29_Y
                0x0800fec0       0x40 ./MCUBoot/crypto/mbedtls/library/ecp_curves.o
 .rodata.brainpoolP512r1_T_29_X
                0x0800ff00       0x40 ./MCUBoot/crypto/mbedtls/library/ecp_curves.o
 .rodata.brainpoolP512r1_T_28_Y
                0x0800ff40       0x40 ./MCUBoot/crypto/mbedtls/library/ecp_curves.o
 .rodata.brainpoolP512r1_T_28_X
                0x0800ff80       0x40 ./MCUBoot/crypto/mbedtls/library/ecp_curves.o