../MCUBoot/bootutil/src/bootutil_misc.h:35:1:boot_image_ok_off	8	static
../MCUBoot/bootutil/src/bootutil_public.c:165:1:boot_swap_info_off	8	static
../MCUBoot/bootutil/src/bootutil_public.c:182:1:boot_magic_compatible_check	0	static
../MCUBoot/bootutil/src/bootutil_public.c:196:6:bootutil_buffer_is_erased	16	static
../MCUBoot/bootutil/src/bootutil_public.c:218:1:boot_read_flag	16	static
../MCUBoot/bootutil/src/bootutil_public.c:303:1:boot_write_magic	40	static
../MCUBoot/bootutil/src/bootutil_public.c:345:1:boot_write_trailer	40	static
../MCUBoot/bootutil/src/bootutil_public.c:377:1:boot_write_trailer_flag	16	static
../MCUBoot/bootutil/src/bootutil_public.c:385:1:boot_write_image_ok	16	static
../MCUBoot/bootutil/src/bootutil_public.c:397:1:boot_read_image_ok	16	static
../MCUBoot/bootutil/src/bootutil_public.c:243:1:boot_read_swap_state	40	static
../MCUBoot/bootutil/src/bootutil_public.c:287:1:boot_read_swap_state_by_id	16	static
../MCUBoot/bootutil/src/bootutil_public.c:408:1:boot_write_swap_info	40	static
../MCUBoot/bootutil/src/bootutil_public.c:425:1:boot_swap_type_multi	40	static
../MCUBoot/bootutil/src/bootutil_public.c:495:1:boot_write_copy_done	16	static
../MCUBoot/bootutil/src/bootutil_public.c:528:1:boot_set_next	24	static
../MCUBoot/bootutil/src/bootutil_public.c:670:1:boot_swap_type	0	static
../MCUBoot/bootutil/src/bootutil_public.c:690:1:boot_set_pending_multi	16	static
../MCUBoot/bootutil/src/bootutil_public.c:720:1:boot_set_pending	0	static
../MCUBoot/bootutil/src/bootutil_public.c:735:1:boot_set_confirmed_multi	16	static
../MCUBoot/bootutil/src/bootutil_public.c:762:1:boot_set_confirmed	0	static
../MCUBoot/bootutil/src/bootutil_public.c:768:1:boot_image_load_header	24	static
