../MCUBoot/bootutil/src/loader.c:541:1:boot_validate_slot	24	static,ignoring_inline_asm
../MCUBoot/bootutil/src/loader.c:93:27:boot_get_loader_state	0	static
../MCUBoot/bootutil/src/loader.c:369:1:boot_status_reset	0	static
../MCUBoot/bootutil/src/loader.c:393:1:boot_status_is_reset	0	static
../MCUBoot/bootutil/src/loader.c:1124:1:boot_swap_image.isra	24	static
../MCUBoot/bootutil/src/loader.c:414:1:boot_write_status	32	static
../MCUBoot/bootutil/src/loader.c:792:1:boot_copy_region	32	static
../MCUBoot/bootutil/src/loader.c:1716:1:context_boot_go	48	static,ignoring_inline_asm
../MCUBoot/bootutil/src/loader.c:1991:1:split_go	112	static,ignoring_inline_asm
../MCUBoot/bootutil/src/loader.c:2478:1:boot_go	8	static,ignoring_inline_asm
../MCUBoot/bootutil/src/loader.c:2503:1:boot_go_for_image_id	8	static,ignoring_inline_asm
