../MCUBoot/bootutil/src/bootutil_priv.h:483:1:boot_img_sector_off	16	static
../MCUBoot/bootutil/src/swap_move.c:51:1:find_last_idx	8	static
../MCUBoot/bootutil/src/swap_move.c:72:1:boot_read_image_header	40	static
../MCUBoot/bootutil/src/swap_move.c:138:1:swap_read_status_bytes	56	static
../MCUBoot/bootutil/src/swap_move.c:214:1:boot_status_internal_off	8	static
../MCUBoot/bootutil/src/swap_move.c:231:1:boot_slots_compatible	32	static
../MCUBoot/bootutil/src/swap_move.c:312:1:swap_status_source	32	static
../MCUBoot/bootutil/src/swap_move.c:450:1:fixup_revert	32	static
../MCUBoot/bootutil/src/swap_move.c:489:1:swap_run	56	static
../MCUBoot/bootutil/src/swap_move.c:562:5:app_max_size	16	static
