../MCUBoot/bootutil/src/bootutil_priv.h:389:20:boot_u32_safe_add	24	static
../MCUBoot/bootutil/src/bootutil_misc.h:20:1:boot_magic_decode	16	static
../MCUBoot/bootutil/src/bootutil_misc.h:29:1:boot_magic_off	16	static
../MCUBoot/bootutil/src/bootutil_misc.h:35:1:boot_image_ok_off	16	static
../MCUBoot/bootutil/src/bootutil_misc.h:41:1:boot_copy_done_off	16	static
../MCUBoot/bootutil/src/bootutil_public.c:156:1:boot_flag_decode	16	static
../MCUBoot/bootutil/src/bootutil_public.c:165:1:boot_swap_info_off	16	static
../MCUBoot/bootutil/src/bootutil_public.c:182:1:boot_magic_compatible_check	16	static
../MCUBoot/bootutil/src/bootutil_public.c:196:6:bootutil_buffer_is_erased	40	static
../MCUBoot/bootutil/src/bootutil_public.c:218:1:boot_read_flag	32	static
../MCUBoot/bootutil/src/bootutil_public.c:236:1:boot_read_copy_done	16	static
../MCUBoot/bootutil/src/bootutil_public.c:243:1:boot_read_swap_state	48	static
../MCUBoot/bootutil/src/bootutil_public.c:287:1:boot_read_swap_state_by_id	24	static
../MCUBoot/bootutil/src/bootutil_public.c:303:1:boot_write_magic	56	static
../MCUBoot/bootutil/src/bootutil_public.c:345:1:boot_write_trailer	48	static
../MCUBoot/bootutil/src/bootutil_public.c:377:1:boot_write_trailer_flag	32	static
../MCUBoot/bootutil/src/bootutil_public.c:385:1:boot_write_image_ok	32	static
../MCUBoot/bootutil/src/bootutil_public.c:397:1:boot_read_image_ok	16	static
../MCUBoot/bootutil/src/bootutil_public.c:408:1:boot_write_swap_info	40	static
../MCUBoot/bootutil/src/bootutil_public.c:425:1:boot_swap_type_multi	48	static
../MCUBoot/bootutil/src/bootutil_public.c:495:1:boot_write_copy_done	32	static
../MCUBoot/bootutil/src/bootutil_public.c:508:12:flash_area_to_image	16	static
../MCUBoot/bootutil/src/bootutil_public.c:528:1:boot_set_next	32	static
../MCUBoot/bootutil/src/bootutil_public.c:670:1:boot_swap_type	8	static
../MCUBoot/bootutil/src/bootutil_public.c:690:1:boot_set_pending_multi	24	static
../MCUBoot/bootutil/src/bootutil_public.c:720:1:boot_set_pending	16	static
../MCUBoot/bootutil/src/bootutil_public.c:735:1:boot_set_confirmed_multi	24	static
../MCUBoot/bootutil/src/bootutil_public.c:762:1:boot_set_confirmed	8	static
../MCUBoot/bootutil/src/bootutil_public.c:768:1:boot_image_load_header	32	static
