../MCUBoot/bootutil/src/bootutil_priv.h:449:1:boot_img_hdr	16	static
../MCUBoot/bootutil/src/bootutil_misc.h:20:1:boot_magic_decode	16	static
../MCUBoot/bootutil/src/bootutil_misc.h:29:1:boot_magic_off	16	static
../MCUBoot/bootutil/src/bootutil_misc.h:60:1:boot_swap_size_off	16	static
../MCUBoot/bootutil/src/bootutil_misc.c:81:9:boot_fih_memequal	24	static
../MCUBoot/bootutil/src/bootutil_misc.c:108:1:boot_status_entries	16	static
../MCUBoot/bootutil/src/bootutil_misc.c:123:1:boot_status_off	24	static
../MCUBoot/bootutil/src/bootutil_misc.c:166:1:boot_find_status	48	static
../MCUBoot/bootutil/src/bootutil_misc.c:207:1:boot_read_swap_size	24	static
../MCUBoot/bootutil/src/bootutil_misc.c:295:1:boot_write_swap_size	24	static
../MCUBoot/bootutil/src/bootutil_misc.c:352:10:bootutil_max_image_size	16	static
../MCUBoot/bootutil/src/bootutil_misc.c:384:1:boot_read_image_size	56	static
../MCUBoot/bootutil/src/bootutil_misc.c:436:1:boot_initialize_area	32	static
../MCUBoot/bootutil/src/bootutil_misc.c:476:1:boot_write_sz	24	static
../MCUBoot/bootutil/src/bootutil_misc.c:499:1:boot_read_sectors	24	static
../MCUBoot/bootutil/src/bootutil_misc.c:649:6:boot_state_clear	16	static
