Archive member included to satisfy reference by file (symbol)

C:/ST/STM32CubeIDE_2.1.0/STM32CubeIDE/plugins/com.st.stm32cube.ide.mcu.externaltools.gnu-tools-for-stm32.14.3.rel1.win32_1.0.100.202602081740/tools/bin/../lib/gcc/arm-none-eabi/14.3.1/../../../../arm-none-eabi/lib/thumb/v7e-m+fp/hard\libc_nano.a(libc_a-assert.o)
                              ./MCUBoot/bootutil/src/bootutil_loader.o (__assert_func)
C:/ST/STM32CubeIDE_2.1.0/STM32CubeIDE/plugins/com.st.stm32cube.ide.mcu.externaltools.gnu-tools-for-stm32.14.3.rel1.win32_1.0.100.202602081740/tools/bin/../lib/gcc/arm-none-eabi/14.3.1/../../../../arm-none-eabi/lib/thumb/v7e-m+fp/hard\libc_nano.a(libc_a-exit.o)
                              C:/ST/STM32CubeIDE_2.1.0/STM32CubeIDE/plugins/com.st.stm32cube.ide.mcu.externaltools.gnu-tools-for-stm32.14.3.rel1.win32_1.0.100.202602081740/tools/bin/../lib/gcc/arm-none-eabi/14.3.1/../../../../arm-none-eabi/lib/thumb/v7e-m+fp/hard/crt0.o (exit)
C:/ST/STM32CubeIDE_2.1.0/STM32CubeIDE/plugins/com.st.stm32cube.ide.mcu.externaltools.gnu-tools-for-stm32.14.3.rel1.win32_1.0.100.202602081740/tools/bin/../lib/gcc/arm-none-eabi/14.3.1/../../../../arm-none-eabi/lib/thumb/v7e-m+fp/hard\libc_nano.a(libc_a-malloc.o)
                              ./MCUBoot/bootutil/src/loader.o (malloc)
C:/ST/STM32CubeIDE_2.1.0/STM32CubeIDE/plugins/com.st.stm32cube.ide.mcu.externaltools.gnu-tools-for-stm32.14.3.rel1.win32_1.0.100.202602081740/tools/bin/../lib/gcc/arm-none-eabi/14.3.1/../../../../arm-none-eabi/lib/thumb/v7e-m+fp/hard\libc_nano.a(libc_a-mallocr.o)
                              C:/ST/STM32CubeIDE_2.1.0/STM32CubeIDE/plugins/com.st.stm32cube.ide.mcu.externaltools.gnu-tools-for-stm32.14.3.rel1.win32_1.0.100.202602081740/tools/bin/../lib/gcc/arm-none-eabi/14.3.1/../../../../arm-none-eabi/lib/thumb/v7e-m+fp/hard\libc_nano.a(libc_a-malloc.o) (_malloc_r)
C:/ST/STM32CubeIDE_2.1.0/STM32CubeIDE/plugins/com.st.stm32cube.ide.mcu.externaltools.gnu-tools-for-stm32.14.3.rel1.win32_1.0.100.202602081740/tools/bin/../lib/gcc/arm-none-eabi/14.3.1/../../../../arm-none-eabi/lib/thumb/v7e-m+fp/hard\libc_nano.a(libc_a-mlock.o)
                              C:/ST/STM32CubeIDE_2.1.0/STM32CubeIDE/plugins/com.st.stm32cube.ide.mcu.externaltools.gnu-tools-for-stm32.14.3.rel1.win32_1.0.100.202602081740/tools/bin/../lib/gcc/arm-none-eabi/14.3.1/../../../../arm-none-eabi/lib/thumb/v7e-m+fp/hard\libc_nano.a(libc_a-mallocr.o) (__malloc_lock)
C:/ST/STM32CubeIDE_2.1.0/STM32CubeIDE/plugins/com.st.stm32cube.ide.mcu.externaltools.gnu-tools-for-stm32.14.3.rel1.win32_1.0.100.202602081740/tools/bin/../lib/gcc/arm-none-eabi/14.3.1/../../../../arm-none-eabi/lib/thumb/v7e-m+fp/hard\libc_nano.a(libc_a-findfp.o)
                              C:/ST/STM32CubeIDE_2.1.0/STM32CubeIDE/plugins/com.st.stm32cube.ide.mcu.externaltools.gnu-tools-for-stm32.14.3.rel1.win32_1.0.100.202602081740/tools/bin/../lib/gcc/arm-none-eabi/14.3.1/../../../../arm-none-eabi/lib/thumb/v7e-m+fp/hard\libc_nano.a(libc_a-exit.o) (__stdio_exit_handler)
C:/ST/STM32CubeIDE_2.1.0/STM32CubeIDE/plugins/com.st.stm32cube.ide.mcu.externaltools.gnu-tools-for-stm32.14.3.rel1.win32_1.0.100.202602081740/tools/bin/../lib/gcc/arm-none-eabi/14.3.1/../../../../arm-none-eabi/lib/thumb/v7e-m+fp/hard\libc_nano.a(libc_a-fprintf.o)
                              C:/ST/STM32CubeIDE_2.1.0/STM32CubeIDE/plugins/com.st.stm32cube.ide.mcu.externaltools.gnu-tools-for-stm32.14.3.rel1.win32_1.0.100.202602081740/tools/bin/../lib/gcc/arm-none-eabi/14.3.1/../../../../arm-none-eabi/lib/thumb/v7e-m+fp/hard\libc_nano.a(libc_a-assert.o) (fiprintf)
C:/ST/STM32CubeIDE_2.1.0/STM32CubeIDE/plugins/com.st.stm32cube.ide.mcu.externaltools.gnu-tools-for-stm32.14.3.rel1.win32_1.0.100.202602081740/tools/bin/../lib/gcc/arm-none-eabi/14.3.1/../../../../arm-none-eabi/lib/thumb/v7e-m+fp/hard\libc_nano.a(libc_a-fwalk.o)
                              C:/ST/STM32CubeIDE_2.1.0/STM32CubeIDE/plugins/com.st.stm32cube.ide.mcu.externaltools.gnu-tools-for-stm32.14.3.rel1.win32_1.0.100.202602081740/tools/bin/../lib/gcc/arm-none-eabi/14.3.1/../../../../arm-none-eabi/lib/thumb/v7e-m+fp/hard\libc_nano.a(libc_a-findfp.o) (_fwalk_sglue)
C:/ST/STM32CubeIDE_2.1.0/STM32CubeIDE/plugins/com.st.stm32cube.ide.mcu.externaltools.gnu-tools-for-stm32.14.3.rel1.win32_1.0.100.202602081740/tools/bin/../lib/gcc/arm-none-eabi/14.3.1/../../../../arm-none-eabi/lib/thumb/v7e-m+fp/hard\libc_nano.a(libc_a-stdio.o)
                              C:/ST/STM32CubeIDE_2.1.0/STM32CubeIDE/plugins/com.st.stm32cube.ide.mcu.externaltools.gnu-tools-for-stm32.14.3.rel1.win32_1.0.100.202602081740/tools/bin/../lib/gcc/arm-none-eabi/14.3.1/../../../../arm-none-eabi/lib/thumb/v7e-m+fp/hard\libc_nano.a(libc_a-findfp.o) (__sread)
C:/ST/STM32CubeIDE_2.1.0/STM32CubeIDE/plugins/com.st.stm32cube.ide.mcu.externaltools.gnu-tools-for-stm32.14.3.rel1.win32_1.0.100.202602081740/tools/bin/../lib/gcc/arm-none-eabi/14.3.1/../../../../arm-none-eabi/lib/thumb/v7e-m+fp/hard\libc_nano.a(libc_a-memcmp.o)
[...]
Memory Configuration

Name             Origin             Length             Attributes
FLASH            0x08000000         0x00020000         xr
RAM              0x20000000         0x00010000         xrw
RAM2             0x10000000         0x00010000         xrw
RAM3             0x20030000         0x00060000         xrw
*default*        0x00000000         0xffffffff

Linker script and memory map

LOAD C:/ST/STM32CubeIDE_2.1.0/STM32CubeIDE/plugins/com.st.stm32cube.ide.mcu.externaltools.gnu-tools-for-stm32.14.3.rel1.win32_1.0.100.202602081740/tools/bin/../lib/gcc/arm-none-eabi/14.3.1/thumb/v7e-m+fp/hard/crti.o
LOAD C:/ST/STM32CubeIDE_2.1.0/STM32CubeIDE/plugins/com.st.stm32cube.ide.mcu.externaltools.gnu-tools-for-stm32.14.3.rel1.win32_1.0.100.202602081740/tools/bin/../lib/gcc/arm-none-eabi/14.3.1/thumb/v7e-m+fp/hard/crtbegin.o
LOAD C:/ST/STM32CubeIDE_2.1.0/STM32CubeIDE/plugins/com.st.stm32cube.ide.mcu.externaltools.gnu-tools-for-stm32.14.3.rel1.win32_1.0.100.202602081740/tools/bin/../lib/gcc/arm-none-eabi/14.3.1/../../../../arm-none-eabi/lib/thumb/v7e-m+fp/hard/crt0.o
LOAD ./Core/Src/gpio.o
LOAD ./Core/Src/iwdg.o
LOAD ./Core/Src/main.o
LOAD ./Core/Src/stm32l4xx_hal_msp.o
LOAD ./Core/Src/stm32l4xx_it.o
LOAD ./Core/Src/syscalls.o
LOAD ./Core/Src/sysmem.o
LOAD ./Core/Src/system_stm32l4xx.o
LOAD ./Core/Src/usart.o
LOAD ./Core/Startup/startup_stm32l4r5vgtx.o
LOAD ./Drivers/STM32L4xx_HAL_Driver/Src/stm32l4xx_hal.o
LOAD ./Drivers/STM32L4xx_HAL_Driver/Src/stm32l4xx_hal_cortex.o
LOAD ./Drivers/STM32L4xx_HAL_Driver/Src/stm32l4xx_hal_dma.o
LOAD ./Drivers/STM32L4xx_HAL_Driver/Src/stm32l4xx_hal_dma_ex.o
LOAD ./Drivers/STM32L4xx_HAL_Driver/Src/stm32l4xx_hal_exti.o
LOAD ./Drivers/STM32L4xx_HAL_Driver/Src/stm32l4xx_hal_flash.o
LOAD ./Drivers/STM32L4xx_HAL_Driver/Src/stm32l4xx_hal_flash_ex.o
LOAD ./Drivers/STM32L4xx_HAL_Driver/Src/stm32l4xx_hal_flash_ramfunc.o
LOAD ./Drivers/STM32L4xx_HAL_Driver/Src/stm32l4xx_hal_gpio.o
LOAD ./Drivers/STM32L4xx_HAL_Driver/Src/stm32l4xx_hal_i2c.o
LOAD ./Drivers/STM32L4xx_HAL_Driver/Src/stm32l4xx_hal_i2c_ex.o
LOAD ./Drivers/STM32L4xx_HAL_Driver/Src/stm32l4xx_hal_iwdg.o
LOAD ./Drivers/STM32L4xx_HAL_Driver/Src/stm32l4xx_hal_pwr.o
LOAD ./Drivers/STM32L4xx_HAL_Driver/Src/stm32l4xx_hal_pwr_ex.o
LOAD ./Drivers/STM32L4xx_HAL_Driver/Src/stm32l4xx_hal_rcc.o
LOAD ./Drivers/STM32L4xx_HAL_Driver/Src/stm32l4xx_hal_rcc_ex.o
LOAD ./Drivers/STM32L4xx_HAL_Driver/Src/stm32l4xx_hal_uart.o
LOAD ./Drivers/STM32L4xx_HAL_Driver/Src/stm32l4xx_hal_uart_ex.o
LOAD ./MCUBoot/bootutil/src/boot_record.o
LOAD ./MCUBoot/bootutil/src/bootutil_area.o
LOAD ./MCUBoot/bootutil/src/bootutil_find_key.o
LOAD ./MCUBoot/bootutil/src/bootutil_img_hash.o
LOAD ./MCUBoot/bootutil/src/bootutil_loader.o
LOAD ./MCUBoot/bootutil/src/bootutil_misc.o
LOAD ./MCUBoot/bootutil/src/bootutil_public.o
LOAD ./MCUBoot/bootutil/src/caps.o
LOAD ./MCUBoot/bootutil/src/encrypted.o
LOAD ./MCUBoot/bootutil/src/fault_injection_hardening.o
LOAD ./MCUBoot/bootutil/src/image_ecdsa.o
LOAD ./MCUBoot/bootutil/src/image_validate.o
LOAD ./MCUBoot/bootutil/src/loader.o
LOAD ./MCUBoot/bootutil/src/swap_misc.o
LOAD ./MCUBoot/bootutil/src/swap_move.o
LOAD ./MCUBoot/bootutil/src/tlv.o
LOAD ./MCUBoot/flash_map_backend/boot_hal.o
LOAD ./MCUBoot/flash_map_backend/flash_map_backend.o
LOAD ./MCUBoot/flash_map_backend/keys.o
START GROUP
LOAD C:/ST/STM32CubeIDE_2.1.0/STM32CubeIDE/plugins/com.st.stm32cube.ide.mcu.externaltools.gnu-tools-for-stm32.14.3.rel1.win32_1.0.100.202602081740/tools/bin/../lib/gcc/arm-none-eabi/14.3.1/../../../../arm-none-eabi/lib/thumb/v7e-m+fp/hard\libc_nano.a
LOAD C:/ST/STM32CubeIDE_2.1.0/STM32CubeIDE/plugins/com.st.stm32cube.ide.mcu.externaltools.gnu-tools-for-stm32.14.3.rel1.win32_1.0.100.202602081740/tools/bin/../lib/gcc/arm-none-eabi/14.3.1/../../../../arm-none-eabi/lib/thumb/v7e-m+fp/hard\libm.a
END GROUP
START GROUP
LOAD C:/ST/STM32CubeIDE_2.1.0/STM32CubeIDE/plugins/com.st.stm32cube.ide.mcu.externaltools.gnu-tools-for-stm32.14.3.rel1.win32_1.0.100.202602081740/tools/bin/../lib/gcc/arm-none-eabi/14.3.1/thumb/v7e-m+fp/hard\libgcc.a
LOAD C:/ST/STM32CubeIDE_2.1.0/STM32CubeIDE/plugins/com.st.stm32cube.ide.mcu.externaltools.gnu-tools-for-stm32.14.3.rel1.win32_1.0.100.202602081740/tools/bin/../lib/gcc/arm-none-eabi/14.3.1/../../../../arm-none-eabi/lib/thumb/v7e-m+fp/hard\libc_nano.a
END GROUP
START GROUP
LOAD C:/ST/STM32CubeIDE_2.1.0/STM32CubeIDE/plugins/com.st.stm32cube.ide.mcu.externaltools.gnu-tools-for-stm32.14.3.rel1.win32_1.0.100.202602081740/tools/bin/../lib/gcc/arm-none-eabi/14.3.1/thumb/v7e-m+fp/hard\libgcc.a
LOAD C:/ST/STM32CubeIDE_2.1.0/STM32CubeIDE/plugins/com.st.stm32cube.ide.mcu.externaltools.gnu-tools-for-stm32.14.3.rel1.win32_1.0.100.202602081740/tools/bin/../lib/gcc/arm-none-eabi/14.3.1/../../../../arm-none-eabi/lib/thumb/v7e-m+fp/hard\libc_nano.a
LOAD C:/ST/STM32CubeIDE_2.1.0/STM32CubeIDE/plugins/com.st.stm32cube.ide.mcu.externaltools.gnu-tools-for-stm32.14.3.rel1.win32_1.0.100.202602081740/tools/bin/../lib/gcc/arm-none-eabi/14.3.1/../../../../arm-none-eabi/lib/thumb/v7e-m+fp/hard\libnosys.a
END GROUP
START GROUP
LOAD C:/ST/STM32CubeIDE_2.1.0/STM32CubeIDE/plugins/com.st.stm32cube.ide.mcu.externaltools.gnu-tools-for-stm32.14.3.rel1.win32_1.0.100.202602081740/tools/bin/../lib/gcc/arm-none-eabi/14.3.1/thumb/v7e-m+fp/hard\libgcc.a
LOAD C:/ST/STM32CubeIDE_2.1.0/STM32CubeIDE/plugins/com.st.stm32cube.ide.mcu.externaltools.gnu-tools-for-stm32.14.3.rel1.win32_1.0.100.202602081740/tools/bin/../lib/gcc/arm-none-eabi/14.3.1/../../../../arm-none-eabi/lib/thumb/v7e-m+fp/hard\libc_nano.a
LOAD C:/ST/STM32CubeIDE_2.1.0/STM32CubeIDE/plugins/com.st.stm32cube.ide.mcu.externaltools.gnu-tools-for-stm32.14.3.rel1.win32_1.0.100.202602081740/tools/bin/../lib/gcc/arm-none-eabi/14.3.1/../../../../arm-none-eabi/lib/thumb/v7e-m+fp/hard\libnosys.a
END GROUP
LOAD C:/ST/STM32CubeIDE_2.1.0/STM32CubeIDE/plugins/com.st.stm32cube.ide.mcu.externaltools.gnu-tools-for-stm32.14.3.rel1.win32_1.0.100.202602081740/tools/bin/../lib/gcc/arm-none-eabi/14.3.1/thumb/v7e-m+fp/hard/crtend.o
LOAD C:/ST/STM32CubeIDE_2.1.0/STM32CubeIDE/plugins/com.st.stm32cube.ide.mcu.externaltools.gnu-tools-for-stm32.14.3.rel1.win32_1.0.100.202602081740/tools/bin/../lib/gcc/arm-none-eabi/14.3.1/thumb/v7e-m+fp/hard/crtn.o
                0x20090000                        _estack = (ORIGIN (RAM3) + LENGTH (RAM3))
                0x00000200                        _Min_Heap_Size = 0x200
                0x00000400                        _Min_Stack_Size = 0x400

.isr_vector     0x08000000      0x1bc
                0x08000000                        . = ALIGN (0x4)
 *(.isr_vector)
 .isr_vector    0x08000000      0x1bc ./Core/Startup/startup_stm32l4r5vgtx.o
                0x08000000                g_pfnVectors
                0x080001bc                        . = ALIGN (0x4)

.text           0x080001c0     0x5174
                0x080001c0                        . = ALIGN (0x4)
 *(.text)
 .text          0x080001c0       0x40 C:/ST/STM32CubeIDE_2.1.0/STM32CubeIDE/plugins/com.st.stm32cube.ide.mcu.externaltools.gnu-tools-for-stm32.14.3.rel1.win32_1.0.100.202602081740/tools/bin/../lib/gcc/arm-none-eabi/14.3.1/thumb/v7e-m+fp/hard/crtbegin.o
 .text          0x08000200       0xa0 C:/ST/STM32CubeIDE_2.1.0/STM32CubeIDE/plugins/com.st.stm32cube.ide.mcu.externaltools.gnu-tools-for-stm32.14.3.rel1.win32_1.0.100.202602081740/tools/bin/../lib/gcc/arm-none-eabi/14.3.1/../../../../arm-none-eabi/lib/thumb/v7e-m+fp/hard\libc_nano.a(libc_a-memchr.o)
                0x08000200                memchr
 .text          0x080002a0       0x30 C:/ST/STM32CubeIDE_2.1.0/STM32CubeIDE/plugins/com.st.stm32cube.ide.mcu.externaltools.gnu-tools-for-stm32.14.3.rel1.win32_1.0.100.202602081740/tools/bin/../lib/gcc/arm-none-eabi/14.3.1/thumb/v7e-m+fp/hard\libgcc.a(_aeabi_uldivmod.o)
                0x080002a0                __aeabi_uldivmod
 .text          0x080002d0      0x2f8 C:/ST/STM32CubeIDE_2.1.0/STM32CubeIDE/plugins/com.st.stm32cube.ide.mcu.externaltools.gnu-tools-for-stm32.14.3.rel1.win32_1.0.100.202602081740/tools/bin/../lib/gcc/arm-none-eabi/14.3.1/thumb/v7e-m+fp/hard\libgcc.a(_udivmoddi4.o)
                0x080002d0                __udivmoddi4
 .text          0x080005c8        0x4 C:/ST/STM32CubeIDE_2.1.0/STM32CubeIDE/plugins/com.st.stm32cube.ide.mcu.externaltools.gnu-tools-for-stm32.14.3.rel1.win32_1.0.100.202602081740/tools/bin/../lib/gcc/arm-none-eabi/14.3.1/thumb/v7e-m+fp/hard\libgcc.a(_dvmd_tls.o)
                0x080005c8                __aeabi_idiv0
                0x080005c8                __aeabi_ldiv0
 *(.text*)
 .text.MX_GPIO_Init
                0x080005cc       0x30 ./Core/Src/gpio.o
                0x080005cc                MX_GPIO_Init
 .text.MX_IWDG_Init
                0x080005fc       0x34 ./Core/Src/iwdg.o
                0x080005fc                MX_IWDG_Init
 .text._write   0x08000630       0x18 ./Core/Src/main.o
                0x08000630                _write
 .text.mcuboot_watchdog_feed
                0x08000648        0xc ./Core/Src/main.o
                0x08000648                mcuboot_watchdog_feed
 .text.Error_Handler
                0x08000654        0x6 ./Core/Src/main.o
                0x08000654                Error_Handler
 .text.SystemClock_Config
                0x0800065a       0x60 ./Core/Src/main.o
                0x0800065a                SystemClock_Config
 *fill*         0x080006ba        0x2 
 .text.startup.main
                0x080006bc       0x5c ./Core/Src/main.o
                0x080006bc                main
 .text.HAL_MspInit
                0x08000718       0x30 ./Core/Src/stm32l4xx_hal_msp.o
                0x08000718                HAL_MspInit
 .text.NMI_Handler
                0x08000748        0x2 ./Core/Src/stm32l4xx_it.o
                0x08000748                NMI_Handler
 .text.HardFault_Handler
                0x0800074a        0x2 ./Core/Src/stm32l4xx_it.o
                0x0800074a                HardFault_Handler
 .text.MemManage_Handler
                0x0800074c        0x2 ./Core/Src/stm32l4xx_it.o
                0x0800074c                MemManage_Handler
 .text.BusFault_Handler
                0x0800074e        0x2 ./Core/Src/stm32l4xx_it.o
                0x0800074e                BusFault_Handler
 .text.UsageFault_Handler
                0x08000750        0x2 ./Core/Src/stm32l4xx_it.o
                0x08000750                UsageFault_Handler
 .text.SVC_Handler
                0x08000752        0x2 ./Core/Src/stm32l4xx_it.o
                0x08000752                SVC_Handler
 .text.DebugMon_Handler
                0x08000754        0x2 ./Core/Src/stm32l4xx_it.o
                0x08000754                DebugMon_Handler
 .text.PendSV_Handler
                0x08000756        0x2 ./Core/Src/stm32l4xx_it.o
                0x08000756                PendSV_Handler
 .text.SysTick_Handler
                0x08000758        0x4 ./Core/Src/stm32l4xx_it.o
                0x08000758                SysTick_Handler
 .text._getpid  0x0800075c        0x4 ./Core/Src/syscalls.o
                0x0800075c                _getpid
 .text._kill    0x08000760       0x10 ./Core/Src/syscalls.o
                0x08000760                _kill
 .text._exit    0x08000770        0xc ./Core/Src/syscalls.o
                0x08000770                _exit
 .text._read    0x0800077c       0x1c ./Core/Src/syscalls.o
                0x0800077c                _read
 .text._close   0x08000798        0x6 ./Core/Src/syscalls.o
                0x08000798                _close
 .text._fstat   0x0800079e        0xa ./Core/Src/syscalls.o
                0x0800079e                _fstat
 .text._isatty  0x080007a8        0x4 ./Core/Src/syscalls.o
                0x080007a8                _isatty
 .text._lseek   0x080007ac        0x4 ./Core/Src/syscalls.o
                0x080007ac                _lseek
 .text._sbrk    0x080007b0       0x3c ./Core/Src/sysmem.o
                0x080007b0                _sbrk
 .text.SystemInit
                0x080007ec       0x14 ./Core/Src/system_stm32l4xx.o
                0x080007ec                SystemInit
 .text.MX_UART4_Init
                0x08000800       0x68 ./Core/Src/usart.o
                0x08000800                MX_UART4_Init
 .text.MX_USART2_UART_Init
                0x08000868       0x68 ./Core/Src/usart.o
                0x08000868                MX_USART2_UART_Init
 .text.HAL_UART_MspInit
                0x080008d0       0xd4 ./Core/Src/usart.o
                0x080008d0                HAL_UART_MspInit
 .text.Reset_Handler
                0x080009a4       0x50 ./Core/Startup/startup_stm32l4r5vgtx.o
                0x080009a4                Reset_Handler
 .text.Default_Handler
                0x080009f4        0x2 ./Core/Startup/startup_stm32l4r5vgtx.o
                0x080009f4                RTC_Alarm_IRQHandler
                0x080009f4                EXTI2_IRQHandler
                0x080009f4                TIM8_TRG_COM_IRQHandler
                0x080009f4                TIM8_CC_IRQHandler
                0x080009f4                TIM1_CC_IRQHandler
                0x080009f4                TSC_IRQHandler
                0x080009f4                TAMP_STAMP_IRQHandler
                0x080009f4                EXTI3_IRQHandler
                0x080009f4                LPTIM2_IRQHandler
                0x080009f4                DFSDM1_FLT1_IRQHandler
                0x080009f4                GFXMMU_IRQHandler
                0x080009f4                I2C3_ER_IRQHandler
                0x080009f4                DFSDM1_FLT2_IRQHandler
                0x080009f4                EXTI0_IRQHandler
                0x080009f4                I2C2_EV_IRQHandler
                0x080009f4                CAN1_RX0_IRQHandler
                0x080009f4                FPU_IRQHandler
                0x080009f4                TIM1_UP_TIM16_IRQHandler
                0x080009f4                LTDC_ER_IRQHandler
                0x080009f4                SPI1_IRQHandler
                0x080009f4                OCTOSPI1_IRQHandler
                0x080009f4                TIM6_DAC_IRQHandler
                0x080009f4                DCMI_IRQHandler
                0x080009f4                TIM8_UP_IRQHandler
                0x080009f4                OCTOSPI2_IRQHandler
                0x080009f4                DMA2_Channel2_IRQHandler
                0x080009f4                DMA1_Channel4_IRQHandler
                0x080009f4                SAI2_IRQHandler
                0x080009f4                ADC1_IRQHandler
                0x080009f4                DFSDM1_FLT3_IRQHandler
                0x080009f4                USART3_IRQHandler
                0x080009f4                DMA1_Channel7_IRQHandler
                0x080009f4                CAN1_RX1_IRQHandler
                0x080009f4                UART5_IRQHandler
                0x080009f4                TIM4_IRQHandler
                0x080009f4                DMA2_Channel1_IRQHandler
                0x080009f4                I2C1_EV_IRQHandler
                0x080009f4                DMAMUX1_OVR_IRQHandler
                0x080009f4                DMA1_Channel6_IRQHandler
                0x080009f4                UART4_IRQHandler
                0x080009f4                DMA2_Channel4_IRQHandler
                0x080009f4                TIM3_IRQHandler
                0x080009f4                RCC_IRQHandler
                0x080009f4                DMA1_Channel1_IRQHandler
                0x080009f4                Default_Handler
                0x080009f4                DMA2_Channel7_IRQHandler
                0x080009f4                EXTI15_10_IRQHandler
                0x080009f4                TIM7_IRQHandler
                0x080009f4                SDMMC1_IRQHandler
                0x080009f4                TIM5_IRQHandler
                0x080009f4                I2C3_EV_IRQHandler
                0x080009f4                EXTI9_5_IRQHandler
                0x080009f4                RTC_WKUP_IRQHandler
                0x080009f4                LTDC_IRQHandler
                0x080009f4                PVD_PVM_IRQHandler
                0x080009f4                SPI2_IRQHandler
                0x080009f4                CAN1_TX_IRQHandler
                0x080009f4                DMA2_Channel5_IRQHandler
                0x080009f4                CRS_IRQHandler
                0x080009f4                DMA1_Channel5_IRQHandler
                0x080009f4                EXTI4_IRQHandler
                0x080009f4                RNG_IRQHandler
                0x080009f4                TIM1_TRG_COM_TIM17_IRQHandler
                0x080009f4                DMA1_Channel3_IRQHandler
                0x080009f4                COMP_IRQHandler
                0x080009f4                WWDG_IRQHandler
                0x080009f4                I2C4_EV_IRQHandler
                0x080009f4                LPUART1_IRQHandler
                0x080009f4                DMA2_Channel6_IRQHandler
                0x080009f4                TIM2_IRQHandler
                0x080009f4                DMA2D_IRQHandler
                0x080009f4                EXTI1_IRQHandler
                0x080009f4                USART2_IRQHandler
                0x080009f4                DFSDM1_FLT0_IRQHandler
                0x080009f4                I2C2_ER_IRQHandler
                0x080009f4                DMA1_Channel2_IRQHandler
                0x080009f4                TIM8_BRK_IRQHandler
                0x080009f4                CAN1_SCE_IRQHandler
                0x080009f4                FLASH_IRQHandler
                0x080009f4                USART1_IRQHandler
                0x080009f4                OTG_FS_IRQHandler
                0x080009f4                SPI3_IRQHandler
                0x080009f4                I2C1_ER_IRQHandler
                0x080009f4                FMC_IRQHandler
                0x080009f4                LPTIM1_IRQHandler
                0x080009f4                I2C4_ER_IRQHandler
                0x080009f4                SAI1_IRQHandler
                0x080009f4                DMA2_Channel3_IRQHandler
                0x080009f4                TIM1_BRK_TIM15_IRQHandler
 *fill*         0x080009f6        0x2 
 .text.HAL_InitTick
                0x080009f8       0x4c ./Drivers/STM32L4xx_HAL_Driver/Src/stm32l4xx_hal.o
                0x080009f8                HAL_InitTick
 .text.HAL_Init
                0x08000a44       0x2c ./Drivers/STM32L4xx_HAL_Driver/Src/stm32l4xx_hal.o
                0x08000a44                HAL_Init
 .text.HAL_IncTick
                0x08000a70       0x18 ./Drivers/STM32L4xx_HAL_Driver/Src/stm32l4xx_hal.o
                0x08000a70                HAL_IncTick
 .text.HAL_GetTick
                0x08000a88        0xc ./Drivers/STM32L4xx_HAL_Driver/Src/stm32l4xx_hal.o
                0x08000a88                HAL_GetTick
 .text.HAL_Delay
                0x08000a94       0x28 ./Drivers/STM32L4xx_HAL_Driver/Src/stm32l4xx_hal.o
                0x08000a94                HAL_Delay
 .text.HAL_NVIC_SetPriorityGrouping
                0x08000abc       0x24 ./Drivers/STM32L4xx_HAL_Driver/Src/stm32l4xx_hal_cortex.o
                0x08000abc                HAL_NVIC_SetPriorityGrouping
 .text.HAL_NVIC_SetPriority
                0x08000ae0       0x64 ./Drivers/STM32L4xx_HAL_Driver/Src/stm32l4xx_hal_cortex.o
                0x08000ae0                HAL_NVIC_SetPriority
 .text.HAL_SYSTICK_Config
                0x08000b44       0x28 ./Drivers/STM32L4xx_HAL_Driver/Src/stm32l4xx_hal_cortex.o
                0x08000b44                HAL_SYSTICK_Config
 .text.HAL_MPU_Enable
                0x08000b6c       0x18 ./Drivers/STM32L4xx_HAL_Driver/Src/stm32l4xx_hal_cortex.o
                0x08000b6c                HAL_MPU_Enable
 .text.HAL_MPU_Disable
                0x08000b84       0x14 ./Drivers/STM32L4xx_HAL_Driver/Src/stm32l4xx_hal_cortex.o
                0x08000b84                HAL_MPU_Disable
 .text.HAL_MPU_ConfigRegion
                0x08000b98       0x58 ./Drivers/STM32L4xx_HAL_Driver/Src/stm32l4xx_hal_cortex.o
                0x08000b98                HAL_MPU_ConfigRegion
 .text.FLASH_Program_Fast
                0x08000bf0       0x2c ./Drivers/STM32L4xx_HAL_Driver/Src/stm32l4xx_hal_flash.o
 .text.HAL_FLASH_Unlock
                0x08000c1c       0x24 ./Drivers/STM32L4xx_HAL_Driver/Src/stm32l4xx_hal_flash.o
                0x08000c1c                HAL_FLASH_Unlock
 .text.HAL_FLASH_Lock
                0x08000c40       0x14 ./Drivers/STM32L4xx_HAL_Driver/Src/stm32l4xx_hal_flash.o
                0x08000c40                HAL_FLASH_Lock
 .text.FLASH_WaitForLastOperation
                0x08000c54       0x54 ./Drivers/STM32L4xx_HAL_Driver/Src/stm32l4xx_hal_flash.o
                0x08000c54                FLASH_WaitForLastOperation
 .text.HAL_FLASH_Program
                0x08000ca8       0xa4 ./Drivers/STM32L4xx_HAL_Driver/Src/stm32l4xx_hal_flash.o
                0x08000ca8                HAL_FLASH_Program
 .text.FLASH_MassErase
                0x08000d4c       0x3c ./Drivers/STM32L4xx_HAL_Driver/Src/stm32l4xx_hal_flash_ex.o
 .text.FLASH_PageErase
                0x08000d88       0x3c ./Drivers/STM32L4xx_HAL_Driver/Src/stm32l4xx_hal_flash_ex.o
                0x08000d88                FLASH_PageErase
 .text.FLASH_FlushCaches
                0x08000dc4       0x60 ./Drivers/STM32L4xx_HAL_Driver/Src/stm32l4xx_hal_flash_ex.o
                0x08000dc4                FLASH_FlushCaches
 .text.HAL_FLASHEx_Erase
                0x08000e24       0xdc ./Drivers/STM32L4xx_HAL_Driver/Src/stm32l4xx_hal_flash_ex.o
                0x08000e24                HAL_FLASHEx_Erase
 .text.HAL_GPIO_Init
                0x08000f00      0x1ac ./Drivers/STM32L4xx_HAL_Driver/Src/stm32l4xx_hal_gpio.o
                0x08000f00                HAL_GPIO_Init
 .text.HAL_IWDG_Init
                0x080010ac       0x5e ./Drivers/STM32L4xx_HAL_Driver/Src/stm32l4xx_hal_iwdg.o
                0x080010ac                HAL_IWDG_Init
 .text.HAL_IWDG_Refresh
                0x0800110a        0xc ./Drivers/STM32L4xx_HAL_Driver/Src/stm32l4xx_hal_iwdg.o
                0x0800110a                HAL_IWDG_Refresh
 *fill*         0x08001116        0x2 
 .text.HAL_PWREx_GetVoltageRange
                0x08001118       0x20 ./Drivers/STM32L4xx_HAL_Driver/Src/stm32l4xx_hal_pwr_ex.o
                0x08001118                HAL_PWREx_GetVoltageRange
 .text.HAL_PWREx_ControlVoltageScaling
                0x08001138       0xb0 ./Drivers/STM32L4xx_HAL_Driver/Src/stm32l4xx_hal_pwr_ex.o
                0x08001138                HAL_PWREx_ControlVoltageScaling
 .text.RCC_SetFlashLatencyFromMSIRange
                0x080011e8       0x7c ./Drivers/STM32L4xx_HAL_Driver/Src/stm32l4xx_hal_rcc.o
 .text.HAL_RCC_DeInit
                0x08001264       0xe0 ./Drivers/STM32L4xx_HAL_Driver/Src/stm32l4xx_hal_rcc.o
                0x08001264                HAL_RCC_DeInit
 .text.HAL_RCC_GetSysClockFreq
                0x08001344       0x94 ./Drivers/STM32L4xx_HAL_Driver/Src/stm32l4xx_hal_rcc.o
                0x08001344                HAL_RCC_GetSysClockFreq
 .text.HAL_RCC_OscConfig
                0x080013d8      0x54c ./Drivers/STM32L4xx_HAL_Driver/Src/stm32l4xx_hal_rcc.o
                0x080013d8                HAL_RCC_OscConfig
 .text.HAL_RCC_ClockConfig
                0x08001924      0x1f8 ./Drivers/STM32L4xx_HAL_Driver/Src/stm32l4xx_hal_rcc.o
                0x08001924                HAL_RCC_ClockConfig
 .text.HAL_RCC_GetPCLK1Freq
                0x08001b1c       0x24 ./Drivers/STM32L4xx_HAL_Driver/Src/stm32l4xx_hal_rcc.o
                0x08001b1c                HAL_RCC_GetPCLK1Freq
 .text.HAL_RCC_GetPCLK2Freq
                0x08001b40       0x24 ./Drivers/STM32L4xx_HAL_Driver/Src/stm32l4xx_hal_rcc.o
                0x08001b40                HAL_RCC_GetPCLK2Freq
 .text.RCCEx_PLLSAI1_Config
                0x08001b64      0x100 ./Drivers/STM32L4xx_HAL_Driver/Src/stm32l4xx_hal_rcc_ex.o
 .text.RCCEx_PLLSAI2_Config.constprop.0
                0x08001c64       0xc8 ./Drivers/STM32L4xx_HAL_Driver/Src/stm32l4xx_hal_rcc_ex.o
 .text.HAL_RCCEx_PeriphCLKConfig
                0x08001d2c      0x448 ./Drivers/STM32L4xx_HAL_Driver/Src/stm32l4xx_hal_rcc_ex.o
                0x08001d2c                HAL_RCCEx_PeriphCLKConfig
 .text.UART_EndRxTransfer
                0x08002174       0x58 ./Drivers/STM32L4xx_HAL_Driver/Src/stm32l4xx_hal_uart.o
 .text.UART_SetConfig
                0x080021cc      0x254 ./Drivers/STM32L4xx_HAL_Driver/Src/stm32l4xx_hal_uart.o
                0x080021cc                UART_SetConfig
 .text.UART_AdvFeatureConfig
                0x08002420       0xa8 ./Drivers/STM32L4xx_HAL_Driver/Src/stm32l4xx_hal_uart.o
                0x08002420                UART_AdvFeatureConfig
 .text.UART_WaitOnFlagUntilTimeout
                0x080024c8       0x90 ./Drivers/STM32L4xx_HAL_Driver/Src/stm32l4xx_hal_uart.o
                0x080024c8                UART_WaitOnFlagUntilTimeout
 .text.HAL_UART_Transmit
                0x08002558       0xb6 ./Drivers/STM32L4xx_HAL_Driver/Src/stm32l4xx_hal_uart.o
                0x08002558                HAL_UART_Transmit
 .text.UART_CheckIdleState
                0x0800260e       0xb6 ./Drivers/STM32L4xx_HAL_Driver/Src/stm32l4xx_hal_uart.o
                0x0800260e                UART_CheckIdleState
 .text.HAL_UART_Init
                0x080026c4       0x60 ./Drivers/STM32L4xx_HAL_Driver/Src/stm32l4xx_hal_uart.o
                0x080026c4                HAL_UART_Init
 .text.UARTEx_SetNbDataToProcess
                0x08002724       0x44 ./Drivers/STM32L4xx_HAL_Driver/Src/stm32l4xx_hal_uart_ex.o
 .text.HAL_UARTEx_DisableFifoMode
                0x08002768       0x36 ./Drivers/STM32L4xx_HAL_Driver/Src/stm32l4xx_hal_uart_ex.o
                0x08002768                HAL_UARTEx_DisableFifoMode
 .text.HAL_UARTEx_SetTxFifoThreshold
                0x0800279e       0x40 ./Drivers/STM32L4xx_HAL_Driver/Src/stm32l4xx_hal_uart_ex.o
                0x0800279e                HAL_UARTEx_SetTxFifoThreshold
 .text.HAL_UARTEx_SetRxFifoThreshold
                0x080027de       0x40 ./Drivers/STM32L4xx_HAL_Driver/Src/stm32l4xx_hal_uart_ex.o
                0x080027de                HAL_UARTEx_SetRxFifoThreshold
 .text.boot_trailer_sz
                0x0800281e        0xa ./MCUBoot/bootutil/src/bootutil_area.o
                0x0800281e                boot_trailer_sz
 .text.boot_trailer_scramble_offset
                0x08002828       0x42 ./MCUBoot/bootutil/src/bootutil_area.o
                0x08002828                boot_trailer_scramble_offset
 .text.boot_erase_region
                0x0800286a       0xaa ./MCUBoot/bootutil/src/bootutil_area.o
                0x0800286a                boot_erase_region
 .text.boot_scramble_region
                0x08002914       0x14 ./MCUBoot/bootutil/src/bootutil_area.o
                0x08002914                boot_scramble_region
 .text.boot_scramble_slot
                0x08002928       0x18 ./MCUBoot/bootutil/src/bootutil_area.o
                0x08002928                boot_scramble_slot
 .text.bootutil_find_key
                0x08002940       0x6c ./MCUBoot/bootutil/src/bootutil_find_key.o
                0x08002940                bootutil_find_key
 .text.bootutil_img_hash
                0x080029ac       0x8a ./MCUBoot/bootutil/src/bootutil_img_hash.o
                0x080029ac                bootutil_img_hash
 *fill*         0x08002a36        0x2 
 .text.boot_check_header_erased
                0x08002a38       0x30 ./MCUBoot/bootutil/src/bootutil_loader.o
                0x08002a38                boot_check_header_erased
 .text.boot_check_header_valid
                0x08002a68       0x64 ./MCUBoot/bootutil/src/bootutil_loader.o
                0x08002a68                boot_check_header_valid
 .text.boot_read_image_headers
                0x08002acc       0x30 ./MCUBoot/bootutil/src/bootutil_loader.o
                0x08002acc                boot_read_image_headers
 .text.boot_check_image
                0x08002afc       0x40 ./MCUBoot/bootutil/src/bootutil_loader.o
                0x08002afc                boot_check_image
 .text.boot_add_shared_data
                0x08002b3c        0x4 ./MCUBoot/bootutil/src/bootutil_loader.o
                0x08002b3c                boot_add_shared_data
 .text.boot_open_all_flash_areas
                0x08002b40       0x48 ./MCUBoot/bootutil/src/bootutil_loader.o
                0x08002b40                boot_open_all_flash_areas
 .text.boot_close_all_flash_areas
                0x08002b88       0x1a ./MCUBoot/bootutil/src/bootutil_loader.o
                0x08002b88                boot_close_all_flash_areas
 .text.boot_state_init
                0x08002ba2        0x8 ./MCUBoot/bootutil/src/bootutil_loader.o
                0x08002ba2                boot_state_init
 .text.boot_fih_memequal
                0x08002baa        0x4 ./MCUBoot/bootutil/src/bootutil_misc.o
                0x08002baa                boot_fih_memequal
 .text.boot_status_entries
                0x08002bae       0x2c ./MCUBoot/bootutil/src/bootutil_misc.o
                0x08002bae                boot_status_entries
 *fill*         0x08002bda        0x2 
 .text.boot_status_off
                0x08002bdc       0x3c ./MCUBoot/bootutil/src/bootutil_misc.o
                0x08002bdc                boot_status_off
 .text.boot_find_status
                0x08002c18       0x2a ./MCUBoot/bootutil/src/bootutil_misc.o
                0x08002c18                boot_find_status
 .text.boot_read_swap_size
                0x08002c42       0x1c ./MCUBoot/bootutil/src/bootutil_misc.o
                0x08002c42                boot_read_swap_size
 .text.boot_write_swap_size
                0x08002c5e       0x1e ./MCUBoot/bootutil/src/bootutil_misc.o
                0x08002c5e                boot_write_swap_size
 .text.bootutil_max_image_size
                0x08002c7c        0x4 ./MCUBoot/bootutil/src/bootutil_misc.o
                0x08002c7c                bootutil_max_image_size
 .text.boot_read_image_size
                0x08002c80       0xb0 ./MCUBoot/bootutil/src/bootutil_misc.o
                0x08002c80                boot_read_image_size
 .text.boot_initialize_area
                0x08002d30       0x34 ./MCUBoot/bootutil/src/bootutil_misc.o
                0x08002d30                boot_initialize_area
 .text.boot_read_sectors
                0x08002d64       0x40 ./MCUBoot/bootutil/src/bootutil_misc.o
                0x08002d64                boot_read_sectors
 .text.boot_state_clear
                0x08002da4        0x2 ./MCUBoot/bootutil/src/bootutil_misc.o
                0x08002da4                boot_state_clear
 .text.boot_image_ok_off
                0x08002da6        0xe ./MCUBoot/bootutil/src/bootutil_public.o
 .text.boot_swap_info_off
                0x08002db4        0xa ./MCUBoot/bootutil/src/bootutil_public.o
                0x08002db4                boot_swap_info_off
 .text.boot_magic_compatible_check
                0x08002dbe       0x1c ./MCUBoot/bootutil/src/bootutil_public.o
                0x08002dbe                boot_magic_compatible_check
 .text.bootutil_buffer_is_erased
                0x08002dda       0x28 ./MCUBoot/bootutil/src/bootutil_public.o
                0x08002dda                bootutil_buffer_is_erased
 .text.boot_read_flag
                0x08002e02       0x38 ./MCUBoot/bootutil/src/bootutil_public.o
 *fill*         0x08002e3a        0x2 
 .text.boot_write_magic
                0x08002e3c       0x4c ./MCUBoot/bootutil/src/bootutil_public.o
                0x08002e3c                boot_write_magic
 .text.boot_write_trailer
                0x08002e88       0x70 ./MCUBoot/bootutil/src/bootutil_public.o
                0x08002e88                boot_write_trailer
 .text.boot_write_trailer_flag
                0x08002ef8       0x12 ./MCUBoot/bootutil/src/bootutil_public.o
                0x08002ef8                boot_write_trailer_flag
 .text.boot_write_image_ok
                0x08002f0a       0x16 ./MCUBoot/bootutil/src/bootutil_public.o
                0x08002f0a                boot_write_image_ok
 .text.boot_read_image_ok
                0x08002f20       0x18 ./MCUBoot/bootutil/src/bootutil_public.o
                0x08002f20                boot_read_image_ok
 .text.boot_read_swap_state
                0x08002f38       0xb0 ./MCUBoot/bootutil/src/bootutil_public.o
                0x08002f38                boot_read_swap_state
 .text.boot_read_swap_state_by_id
                0x08002fe8       0x28 ./MCUBoot/bootutil/src/bootutil_public.o
                0x08002fe8                boot_read_swap_state_by_id
 .text.boot_write_swap_info
                0x08003010       0x4c ./MCUBoot/bootutil/src/bootutil_public.o
                0x08003010                boot_write_swap_info
 .text.boot_swap_type_multi
                0x0800305c       0x90 ./MCUBoot/bootutil/src/bootutil_public.o
                0x0800305c                boot_swap_type_multi
 .text.boot_write_copy_done
                0x080030ec       0x18 ./MCUBoot/bootutil/src/bootutil_public.o
                0x080030ec                boot_write_copy_done
 .text.bootutil_verify_sig
                0x08003104       0xf8 ./MCUBoot/bootutil/src/image_ecdsa.o
                0x08003104                bootutil_verify_sig
 .text.bootutil_img_validate
                0x080031fc      0x14c ./MCUBoot/bootutil/src/image_validate.o
                0x080031fc                bootutil_img_validate
 .text.boot_validate_slot.isra.0
                0x08003348       0xb8 ./MCUBoot/bootutil/src/loader.o
 .text.boot_status_is_reset
                0x08003400       0x1a ./MCUBoot/bootutil/src/loader.o
                0x08003400                boot_status_is_reset
 *fill*         0x0800341a        0x2 
 .text.boot_swap_image.isra.0
                0x0800341c       0xb8 ./MCUBoot/bootutil/src/loader.o
 .text.boot_write_status
                0x080034d4       0x50 ./MCUBoot/bootutil/src/loader.o
                0x080034d4                boot_write_status
 .text.boot_copy_region
                0x08003524       0x58 ./MCUBoot/bootutil/src/loader.o
                0x08003524                boot_copy_region
 .text.context_boot_go
                0x0800357c      0x274 ./MCUBoot/bootutil/src/loader.o
                0x0800357c                context_boot_go
 .text.boot_go  0x080037f0       0x24 ./MCUBoot/bootutil/src/loader.o
                0x080037f0                boot_go
 .text.swap_scramble_trailer_sectors
                0x08003814       0x32 ./MCUBoot/bootutil/src/swap_misc.o
                0x08003814                swap_scramble_trailer_sectors
 *fill*         0x08003846        0x2 
 .text.swap_status_init
                0x08003848       0x80 ./MCUBoot/bootutil/src/swap_misc.o
                0x08003848                swap_status_init
 .text.swap_read_status
                0x080038c8       0x84 ./MCUBoot/bootutil/src/swap_misc.o
                0x080038c8                swap_read_status
 .text.swap_set_copy_done
                0x0800394c       0x28 ./MCUBoot/bootutil/src/swap_misc.o
                0x0800394c                swap_set_copy_done
 .text.swap_set_image_ok
                0x08003974       0x40 ./MCUBoot/bootutil/src/swap_misc.o
                0x08003974                swap_set_image_ok
 .text.boot_img_sector_off
                0x080039b4       0x20 ./MCUBoot/bootutil/src/swap_move.o
 .text.find_last_idx
                0x080039d4       0x1c ./MCUBoot/bootutil/src/swap_move.o
                0x080039d4                find_last_idx
 .text.boot_read_image_header
                0x080039f0       0xcc ./MCUBoot/bootutil/src/swap_move.o
                0x080039f0                boot_read_image_header
 .text.swap_read_status_bytes
                0x08003abc       0x9a ./MCUBoot/bootutil/src/swap_move.o
                0x08003abc                swap_read_status_bytes
 .text.boot_status_internal_off
                0x08003b56       0x28 ./MCUBoot/bootutil/src/swap_move.o
                0x08003b56                boot_status_internal_off
 .text.boot_slots_compatible
                0x08003b7e       0x68 ./MCUBoot/bootutil/src/swap_move.o
                0x08003b7e                boot_slots_compatible
 *fill*         0x08003be6        0x2 
 .text.swap_status_source
                0x08003be8       0x5c ./MCUBoot/bootutil/src/swap_move.o
                0x08003be8                swap_status_source
 .text.fixup_revert
                0x08003c44       0x9c ./MCUBoot/bootutil/src/swap_move.o
                0x08003c44                fixup_revert
 .text.swap_run
                0x08003ce0      0x25c ./MCUBoot/bootutil/src/swap_move.o
                0x08003ce0                swap_run
 .text.app_max_size
                0x08003f3c       0x32 ./MCUBoot/bootutil/src/swap_move.o
                0x08003f3c                app_max_size
 .text.bootutil_tlv_iter_begin
                0x08003f6e       0x98 ./MCUBoot/bootutil/src/tlv.o
                0x08003f6e                bootutil_tlv_iter_begin
 .text.bootutil_tlv_iter_next
                0x08004006       0x94 ./MCUBoot/bootutil/src/tlv.o
                0x08004006                bootutil_tlv_iter_next
 *fill*         0x0800409a        0x2 
 .text.boot_hal_jump_to_app
                0x0800409c      0x104 ./MCUBoot/flash_map_backend/boot_hal.o
                0x0800409c                boot_hal_jump_to_app
 .text.flash_area_open
                0x080041a0       0x28 ./MCUBoot/flash_map_backend/flash_map_backend.o
                0x080041a0                flash_area_open
 .text.flash_area_close
                0x080041c8        0x4 ./MCUBoot/flash_map_backend/flash_map_backend.o
                0x080041c8                flash_area_close
 .text.flash_area_read
                0x080041cc       0x2a ./MCUBoot/flash_map_backend/flash_map_backend.o
                0x080041cc                flash_area_read
 *fill*         0x080041f6        0x2 
 .text.flash_area_write
                0x080041f8       0x80 ./MCUBoot/flash_map_backend/flash_map_backend.o
                0x080041f8                flash_area_write
 .text.flash_area_erase
                0x08004278       0x68 ./MCUBoot/flash_map_backend/flash_map_backend.o
                0x08004278                flash_area_erase
 .text.flash_area_align
                0x080042e0        0x4 ./MCUBoot/flash_map_backend/flash_map_backend.o
                0x080042e0                flash_area_align
 .text.flash_area_erased_val
                0x080042e4        0x4 ./MCUBoot/flash_map_backend/flash_map_backend.o
                0x080042e4                flash_area_erased_val
 .text.flash_area_get_off
                0x080042e8        0x4 ./MCUBoot/flash_map_backend/flash_map_backend.o
                0x080042e8                flash_area_get_off
 .text.flash_area_get_size
                0x080042ec        0x4 ./MCUBoot/flash_map_backend/flash_map_backend.o
                0x080042ec                flash_area_get_size
 .text.flash_area_get_id
                0x080042f0        0x4 ./MCUBoot/flash_map_backend/flash_map_backend.o
                0x080042f0                flash_area_get_id
 .text.flash_area_get_device_id
                0x080042f4        0x4 ./MCUBoot/flash_map_backend/flash_map_backend.o
                0x080042f4                flash_area_get_device_id
 .text.flash_sector_get_off
                0x080042f8        0x4 ./MCUBoot/flash_map_backend/flash_map_backend.o
                0x080042f8                flash_sector_get_off
 .text.flash_sector_get_size
                0x080042fc        0x4 ./MCUBoot/flash_map_backend/flash_map_backend.o
                0x080042fc                flash_sector_get_size
 .text.flash_area_get_sector
                0x08004300       0x20 ./MCUBoot/flash_map_backend/flash_map_backend.o
                0x08004300                flash_area_get_sector
 .text.flash_area_id_from_multi_image_slot_hook
                0x08004320       0x28 ./MCUBoot/flash_map_backend/flash_map_backend.o
                0x08004320                flash_area_id_from_multi_image_slot_hook
 .text.flash_area_id_from_multi_image_slot
                0x08004348        0xc ./MCUBoot/flash_map_backend/flash_map_backend.o
                0x08004348                flash_area_id_from_multi_image_slot
 .text.flash_area_to_sectors
                0x08004354       0x64 ./MCUBoot/flash_map_backend/flash_map_backend.o
                0x08004354                flash_area_to_sectors
 .text.__assert_func
                0x080043b8       0x3c C:/ST/STM32CubeIDE_2.1.0/STM32CubeIDE/plugins/com.st.stm32cube.ide.mcu.externaltools.gnu-tools-for-stm32.14.3.rel1.win32_1.0.100.202602081740/tools/bin/../lib/gcc/arm-none-eabi/14.3.1/../../../../arm-none-eabi/lib/thumb/v7e-m+fp/hard\libc_nano.a(libc_a-assert.o)
                0x080043b8                __assert_func
 .text.sbrk_aligned
                0x080043f4       0x44 C:/ST/STM32CubeIDE_2.1.0/STM32CubeIDE/plugins/com.st.stm32cube.ide.mcu.externaltools.gnu-tools-for-stm32.14.3.rel1.win32_1.0.100.202602081740/tools/bin/../lib/gcc/arm-none-eabi/14.3.1/../../../../arm-none-eabi/lib/thumb/v7e-m+fp/hard\libc_nano.a(libc_a-mallocr.o)
 .text._malloc_r
                0x08004438      0x100 C:/ST/STM32CubeIDE_2.1.0/STM32CubeIDE/plugins/com.st.stm32cube.ide.mcu.externaltools.gnu-tools-for-stm32.14.3.rel1.win32_1.0.100.202602081740/tools/bin/../lib/gcc/arm-none-eabi/14.3.1/../../../../arm-none-eabi/lib/thumb/v7e-m+fp/hard\libc_nano.a(libc_a-mallocr.o)
                0x08004438                _malloc_r
 .text.__malloc_lock
                0x08004538        0xc C:/ST/STM32CubeIDE_2.1.0/STM32CubeIDE/plugins/com.st.stm32cube.ide.mcu.externaltools.gnu-tools-for-stm32.14.3.rel1.win32_1.0.100.202602081740/tools/bin/../lib/gcc/arm-none-eabi/14.3.1/../../../../arm-none-eabi/lib/thumb/v7e-m+fp/hard\libc_nano.a(libc_a-mlock.o)
                0x08004538                __malloc_lock
 .text.__malloc_unlock
                0x08004544        0xc C:/ST/STM32CubeIDE_2.1.0/STM32CubeIDE/plugins/com.st.stm32cube.ide.mcu.externaltools.gnu-tools-for-stm32.14.3.rel1.win32_1.0.100.202602081740/tools/bin/../lib/gcc/arm-none-eabi/14.3.1/../../../../arm-none-eabi/lib/thumb/v7e-m+fp/hard\libc_nano.a(libc_a-mlock.o)
                0x08004544                __malloc_unlock
 .text.std      0x08004550       0x6c C:/ST/STM32CubeIDE_2.1.0/STM32CubeIDE/plugins/com.st.stm32cube.ide.mcu.externaltools.gnu-tools-for-stm32.14.3.rel1.win32_1.0.100.202602081740/tools/bin/../lib/gcc/arm-none-eabi/14.3.1/../../../../arm-none-eabi/lib/thumb/v7e-m+fp/hard\libc_nano.a(libc_a-findfp.o)
 .text.stdio_exit_handler
                0x080045bc       0x18 C:/ST/STM32CubeIDE_2.1.0/STM32CubeIDE/plugins/com.st.stm32cube.ide.mcu.externaltools.gnu-tools-for-stm32.14.3.rel1.win32_1.0.100.202602081740/tools/bin/../lib/gcc/arm-none-eabi/14.3.1/../../../../arm-none-eabi/lib/thumb/v7e-m+fp/hard\libc_nano.a(libc_a-findfp.o)
 .text.cleanup_stdio
                0x080045d4       0x40 C:/ST/STM32CubeIDE_2.1.0/STM32CubeIDE/plugins/com.st.stm32cube.ide.mcu.externaltools.gnu-tools-for-stm32.14.3.rel1.win32_1.0.100.202602081740/tools/bin/../lib/gcc/arm-none-eabi/14.3.1/../../../../arm-none-eabi/lib/thumb/v7e-m+fp/hard\libc_nano.a(libc_a-findfp.o)
 .text.global_stdio_init.part.0
                0x08004614       0x40 C:/ST/STM32CubeIDE_2.1.0/STM32CubeIDE/plugins/com.st.stm32cube.ide.mcu.externaltools.gnu-tools-for-stm32.14.3.rel1.win32_1.0.100.202602081740/tools/bin/../lib/gcc/arm-none-eabi/14.3.1/../../../../arm-none-eabi/lib/thumb/v7e-m+fp/hard\libc_nano.a(libc_a-findfp.o)
 .text.__sfp_lock_acquire
                0x08004654        0xc C:/ST/STM32CubeIDE_2.1.0/STM32CubeIDE/plugins/com.st.stm32cube.ide.mcu.externaltools.gnu-tools-for-stm32.14.3.rel1.win32_1.0.100.202602081740/tools/bin/../lib/gcc/arm-none-eabi/14.3.1/../../../../arm-none-eabi/lib/thumb/v7e-m+fp/hard\libc_nano.a(libc_a-findfp.o)
                0x08004654                __sfp_lock_acquire
 .text.__sfp_lock_release
                0x08004660        0xc C:/ST/STM32CubeIDE_2.1.0/STM32CubeIDE/plugins/com.st.stm32cube.ide.mcu.externaltools.gnu-tools-for-stm32.14.3.rel1.win32_1.0.100.202602081740/tools/bin/../lib/gcc/arm-none-eabi/14.3.1/../../../../arm-none-eabi/lib/thumb/v7e-m+fp/hard\libc_nano.a(libc_a-findfp.o)
                0x08004660                __sfp_lock_release
 .text.__sinit  0x0800466c       0x30 C:/ST/STM32CubeIDE_2.1.0/STM32CubeIDE/plugins/com.st.stm32cube.ide.mcu.externaltools.gnu-tools-for-stm32.14.3.rel1.win32_1.0.100.202602081740/tools/bin/../lib/gcc/arm-none-eabi/14.3.1/../../../../arm-none-eabi/lib/thumb/v7e-m+fp/hard\libc_nano.a(libc_a-findfp.o)
                0x0800466c                __sinit
 .text.fprintf  0x0800469c       0x24 C:/ST/STM32CubeIDE_2.1.0/STM32CubeIDE/plugins/com.st.stm32cube.ide.mcu.externaltools.gnu-tools-for-stm32.14.3.rel1.win32_1.0.100.202602081740/tools/bin/../lib/gcc/arm-none-eabi/14.3.1/../../../../arm-none-eabi/lib/thumb/v7e-m+fp/hard\libc_nano.a(libc_a-fprintf.o)
                0x0800469c                fiprintf
                0x0800469c                fprintf
 .text._fwalk_sglue
                0x080046c0       0x3c C:/ST/STM32CubeIDE_2.1.0/STM32CubeIDE/plugins/com.st.stm32cube.ide.mcu.externaltools.gnu-tools-for-stm32.14.3.rel1.win32_1.0.100.202602081740/tools/bin/../lib/gcc/arm-none-eabi/14.3.1/../../../../arm-none-eabi/lib/thumb/v7e-m+fp/hard\libc_nano.a(libc_a-fwalk.o)
                0x080046c0                _fwalk_sglue
 .text.__sread  0x080046fc       0x22 C:/ST/STM32CubeIDE_2.1.0/STM32CubeIDE/plugins/com.st.stm32cube.ide.mcu.externaltools.gnu-tools-for-stm32.14.3.rel1.win32_1.0.100.202602081740/tools/bin/../lib/gcc/arm-none-eabi/14.3.1/../../../../arm-none-eabi/lib/thumb/v7e-m+fp/hard\libc_nano.a(libc_a-stdio.o)
                0x080046fc                __sread
 .text.__swrite
                0x0800471e       0x38 C:/ST/STM32CubeIDE_2.1.0/STM32CubeIDE/plugins/com.st.stm32cube.ide.mcu.externaltools.gnu-tools-for-stm32.14.3.rel1.win32_1.0.100.202602081740/tools/bin/../lib/gcc/arm-none-eabi/14.3.1/../../../../arm-none-eabi/lib/thumb/v7e-m+fp/hard\libc_nano.a(libc_a-stdio.o)
                0x0800471e                __swrite
 .text.__sseek  0x08004756       0x26 C:/ST/STM32CubeIDE_2.1.0/STM32CubeIDE/plugins/com.st.stm32cube.ide.mcu.externaltools.gnu-tools-for-stm32.14.3.rel1.win32_1.0.100.202602081740/tools/bin/../lib/gcc/arm-none-eabi/14.3.1/../../../../arm-none-eabi/lib/thumb/v7e-m+fp/hard\libc_nano.a(libc_a-stdio.o)
                0x08004756                __sseek
 .text.__sclose
                0x0800477c        0x8 C:/ST/STM32CubeIDE_2.1.0/STM32CubeIDE/plugins/com.st.stm32cube.ide.mcu.externaltools.gnu-tools-for-stm32.14.3.rel1.win32_1.0.100.202602081740/tools/bin/../lib/gcc/arm-none-eabi/14.3.1/../../../../arm-none-eabi/lib/thumb/v7e-m+fp/hard\libc_nano.a(libc_a-stdio.o)
                0x0800477c                __sclose
 .text.memcmp   0x08004784       0x20 C:/ST/STM32CubeIDE_2.1.0/STM32CubeIDE/plugins/com.st.stm32cube.ide.mcu.externaltools.gnu-tools-for-stm32.14.3.rel1.win32_1.0.100.202602081740/tools/bin/../lib/gcc/arm-none-eabi/14.3.1/../../../../arm-none-eabi/lib/thumb/v7e-m+fp/hard\libc_nano.a(libc_a-memcmp.o)
                0x08004784                memcmp
 .text.memset   0x080047a4       0x10 C:/ST/STM32CubeIDE_2.1.0/STM32CubeIDE/plugins/com.st.stm32cube.ide.mcu.externaltools.gnu-tools-for-stm32.14.3.rel1.win32_1.0.100.202602081740/tools/bin/../lib/gcc/arm-none-eabi/14.3.1/../../../../arm-none-eabi/lib/thumb/v7e-m+fp/hard\libc_nano.a(libc_a-memset.o)
                0x080047a4                memset
 .text._close_r
                0x080047b4       0x20 C:/ST/STM32CubeIDE_2.1.0/STM32CubeIDE/plugins/com.st.stm32cube.ide.mcu.externaltools.gnu-tools-for-stm32.14.3.rel1.win32_1.0.100.202602081740/tools/bin/../lib/gcc/arm-none-eabi/14.3.1/../../../../arm-none-eabi/lib/thumb/v7e-m+fp/hard\libc_nano.a(libc_a-closer.o)
                0x080047b4                _close_r
 .text._lseek_r
                0x080047d4       0x24 C:/ST/STM32CubeIDE_2.1.0/STM32CubeIDE/plugins/com.st.stm32cube.ide.mcu.externaltools.gnu-tools-for-stm32.14.3.rel1.win32_1.0.100.202602081740/tools/bin/../lib/gcc/arm-none-eabi/14.3.1/../../../../arm-none-eabi/lib/thumb/v7e-m+fp/hard\libc_nano.a(libc_a-lseekr.o)
                0x080047d4                _lseek_r
 .text._read_r  0x080047f8       0x24 C:/ST/STM32CubeIDE_2.1.0/STM32CubeIDE/plugins/com.st.stm32cube.ide.mcu.externaltools.gnu-tools-for-stm32.14.3.rel1.win32_1.0.100.202602081740/tools/bin/../lib/gcc/arm-none-eabi/14.3.1/../../../../arm-none-eabi/lib/thumb/v7e-m+fp/hard\libc_nano.a(libc_a-readr.o)
                0x080047f8                _read_r
 .text._sbrk_r  0x0800481c       0x20 C:/ST/STM32CubeIDE_2.1.0/STM32CubeIDE/plugins/com.st.stm32cube.ide.mcu.externaltools.gnu-tools-for-stm32.14.3.rel1.win32_1.0.100.202602081740/tools/bin/../lib/gcc/arm-none-eabi/14.3.1/../../../../arm-none-eabi/lib/thumb/v7e-m+fp/hard\libc_nano.a(libc_a-sbrkr.o)
                0x0800481c                _sbrk_r
 .text._write_r
                0x0800483c       0x24 C:/ST/STM32CubeIDE_2.1.0/STM32CubeIDE/plugins/com.st.stm32cube.ide.mcu.externaltools.gnu-tools-for-stm32.14.3.rel1.win32_1.0.100.202602081740/tools/bin/../lib/gcc/arm-none-eabi/14.3.1/../../../../arm-none-eabi/lib/thumb/v7e-m+fp/hard\libc_nano.a(libc_a-writer.o)
                0x0800483c                _write_r
 .text.__errno  0x08004860        0xc C:/ST/STM32CubeIDE_2.1.0/STM32CubeIDE/plugins/com.st.stm32cube.ide.mcu.externaltools.gnu-tools-for-stm32.14.3.rel1.win32_1.0.100.202602081740/tools/bin/../lib/gcc/arm-none-eabi/14.3.1/../../../../arm-none-eabi/lib/thumb/v7e-m+fp/hard\libc_nano.a(libc_a-errno.o)
                0x08004860                __errno
 .text.__libc_init_array
                0x0800486c       0x48 C:/ST/STM32CubeIDE_2.1.0/STM32CubeIDE/plugins/com.st.stm32cube.ide.mcu.externaltools.gnu-tools-for-stm32.14.3.rel1.win32_1.0.100.202602081740/tools/bin/../lib/gcc/arm-none-eabi/14.3.1/../../../../arm-none-eabi/lib/thumb/v7e-m+fp/hard\libc_nano.a(libc_a-init.o)
                0x0800486c                __libc_init_array
 .text.__retarget_lock_init_recursive
                0x080048b4        0x2 C:/ST/STM32CubeIDE_2.1.0/STM32CubeIDE/plugins/com.st.stm32cube.ide.mcu.externaltools.gnu-tools-for-stm32.14.3.rel1.win32_1.0.100.202602081740/tools/bin/../lib/gcc/arm-none-eabi/14.3.1/../../../../arm-none-eabi/lib/thumb/v7e-m+fp/hard\libc_nano.a(libc_a-lock.o)
                0x080048b4                __retarget_lock_init_recursive
 .text.__retarget_lock_acquire_recursive
                0x080048b6        0x2 C:/ST/STM32CubeIDE_2.1.0/STM32CubeIDE/plugins/com.st.stm32cube.ide.mcu.externaltools.gnu-tools-for-stm32.14.3.rel1.win32_1.0.100.202602081740/tools/bin/../lib/gcc/arm-none-eabi/14.3.1/../../../../arm-none-eabi/lib/thumb/v7e-m+fp/hard\libc_nano.a(libc_a-lock.o)
                0x080048b6                __retarget_lock_acquire_recursive
 .text.__retarget_lock_release_recursive
                0x080048b8        0x2 C:/ST/STM32CubeIDE_2.1.0/STM32CubeIDE/plugins/com.st.stm32cube.ide.mcu.externaltools.gnu-tools-for-stm32.14.3.rel1.win32_1.0.100.202602081740/tools/bin/../lib/gcc/arm-none-eabi/14.3.1/../../../../arm-none-eabi/lib/thumb/v7e-m+fp/hard\libc_nano.a(libc_a-lock.o)
                0x080048b8                __retarget_lock_release_recursive
 .text.memcpy   0x080048ba       0x1c C:/ST/STM32CubeIDE_2.1.0/STM32CubeIDE/plugins/com.st.stm32cube.ide.mcu.externaltools.gnu-tools-for-stm32.14.3.rel1.win32_1.0.100.202602081740/tools/bin/../lib/gcc/arm-none-eabi/14.3.1/../../../../arm-none-eabi/lib/thumb/v7e-m+fp/hard\libc_nano.a(libc_a-memcpy-stub.o)
                0x080048ba                memcpy
 .text.abort    0x080048d6        0xe C:/ST/STM32CubeIDE_2.1.0/STM32CubeIDE/plugins/com.st.stm32cube.ide.mcu.externaltools.gnu-tools-for-stm32.14.3.rel1.win32_1.0.100.202602081740/tools/bin/../lib/gcc/arm-none-eabi/14.3.1/../../../../arm-none-eabi/lib/thumb/v7e-m+fp/hard\libc_nano.a(libc_a-abort.o)
                0x080048d6                abort
 .text._free_r  0x080048e4       0x94 C:/ST/STM32CubeIDE_2.1.0/STM32CubeIDE/plugins/com.st.stm32cube.ide.mcu.externaltools.gnu-tools-for-stm32.14.3.rel1.win32_1.0.100.202602081740/tools/bin/../lib/gcc/arm-none-eabi/14.3.1/../../../../arm-none-eabi/lib/thumb/v7e-m+fp/hard\libc_nano.a(libc_a-freer.o)
                0x080048e4                _free_r
 .text.__sfputc_r
                0x08004978       0x2e C:/ST/STM32CubeIDE_2.1.0/STM32CubeIDE/plugins/com.st.stm32cube.ide.mcu.externaltools.gnu-tools-for-stm32.14.3.rel1.win32_1.0.100.202602081740/tools/bin/../lib/gcc/arm-none-eabi/14.3.1/../../../../arm-none-eabi/lib/thumb/v7e-m+fp/hard\libc_nano.a(libc_a-nano-vfprintf.o)
 .text.__sfputs_r
                0x080049a6       0x24 C:/ST/STM32CubeIDE_2.1.0/STM32CubeIDE/plugins/com.st.stm32cube.ide.mcu.externaltools.gnu-tools-for-stm32.14.3.rel1.win32_1.0.100.202602081740/tools/bin/../lib/gcc/arm-none-eabi/14.3.1/../../../../arm-none-eabi/lib/thumb/v7e-m+fp/hard\libc_nano.a(libc_a-nano-vfprintf.o)
                0x080049a6                __sfputs_r
 *fill*         0x080049ca        0x2 
 .text._vfprintf_r
                0x080049cc      0x228 C:/ST/STM32CubeIDE_2.1.0/STM32CubeIDE/plugins/com.st.stm32cube.ide.mcu.externaltools.gnu-tools-for-stm32.14.3.rel1.win32_1.0.100.202602081740/tools/bin/../lib/gcc/arm-none-eabi/14.3.1/../../../../arm-none-eabi/lib/thumb/v7e-m+fp/hard\libc_nano.a(libc_a-nano-vfprintf.o)
                0x080049cc                _vfprintf_r
                0x080049cc                _vfiprintf_r
 .text._printf_common
                0x08004bf4       0xda C:/ST/STM32CubeIDE_2.1.0/STM32CubeIDE/plugins/com.st.stm32cube.ide.mcu.externaltools.gnu-tools-for-stm32.14.3.rel1.win32_1.0.100.202602081740/tools/bin/../lib/gcc/arm-none-eabi/14.3.1/../../../../arm-none-eabi/lib/thumb/v7e-m+fp/hard\libc_nano.a(libc_a-nano-vfprintf_i.o)
                0x08004bf4                _printf_common
 *fill*         0x08004cce        0x2 
 .text._printf_i
                0x08004cd0      0x24c C:/ST/STM32CubeIDE_2.1.0/STM32CubeIDE/plugins/com.st.stm32cube.ide.mcu.externaltools.gnu-tools-for-stm32.14.3.rel1.win32_1.0.100.202602081740/tools/bin/../lib/gcc/arm-none-eabi/14.3.1/../../../../arm-none-eabi/lib/thumb/v7e-m+fp/hard\libc_nano.a(libc_a-nano-vfprintf_i.o)
                0x08004cd0                _printf_i
 .text.__sflush_r
                0x08004f1c      0x104 C:/ST/STM32CubeIDE_2.1.0/STM32CubeIDE/plugins/com.st.stm32cube.ide.mcu.externaltools.gnu-tools-for-stm32.14.3.rel1.win32_1.0.100.202602081740/tools/bin/../lib/gcc/arm-none-eabi/14.3.1/../../../../arm-none-eabi/lib/thumb/v7e-m+fp/hard\libc_nano.a(libc_a-fflush.o)
                0x08004f1c                __sflush_r
 .text._fflush_r
                0x08005020       0x50 C:/ST/STM32CubeIDE_2.1.0/STM32CubeIDE/plugins/com.st.stm32cube.ide.mcu.externaltools.gnu-tools-for-stm32.14.3.rel1.win32_1.0.100.202602081740/tools/bin/../lib/gcc/arm-none-eabi/14.3.1/../../../../arm-none-eabi/lib/thumb/v7e-m+fp/hard\libc_nano.a(libc_a-fflush.o)
                0x08005020                _fflush_r
 .text.__swbuf_r
                0x08005070       0x7c C:/ST/STM32CubeIDE_2.1.0/STM32CubeIDE/plugins/com.st.stm32cube.ide.mcu.externaltools.gnu-tools-for-stm32.14.3.rel1.win32_1.0.100.202602081740/tools/bin/../lib/gcc/arm-none-eabi/14.3.1/../../../../arm-none-eabi/lib/thumb/v7e-m+fp/hard\libc_nano.a(libc_a-wbuf.o)
                0x08005070                __swbuf_r
 .text.__swsetup_r
                0x080050ec       0xa8 C:/ST/STM32CubeIDE_2.1.0/STM32CubeIDE/plugins/com.st.stm32cube.ide.mcu.externaltools.gnu-tools-for-stm32.14.3.rel1.win32_1.0.100.202602081740/tools/bin/../lib/gcc/arm-none-eabi/14.3.1/../../../../arm-none-eabi/lib/thumb/v7e-m+fp/hard\libc_nano.a(libc_a-wsetup.o)
                0x080050ec                __swsetup_r
 .text._raise_r
                0x08005194       0x50 C:/ST/STM32CubeIDE_2.1.0/STM32CubeIDE/plugins/com.st.stm32cube.ide.mcu.externaltools.gnu-tools-for-stm32.14.3.rel1.win32_1.0.100.202602081740/tools/bin/../lib/gcc/arm-none-eabi/14.3.1/../../../../arm-none-eabi/lib/thumb/v7e-m+fp/hard\libc_nano.a(libc_a-signal.o)
                0x08005194                _raise_r
 .text.raise    0x080051e4       0x10 C:/ST/STM32CubeIDE_2.1.0/STM32CubeIDE/plugins/com.st.stm32cube.ide.mcu.externaltools.gnu-tools-for-stm32.14.3.rel1.win32_1.0.100.202602081740/tools/bin/../lib/gcc/arm-none-eabi/14.3.1/../../../../arm-none-eabi/lib/thumb/v7e-m+fp/hard\libc_nano.a(libc_a-signal.o)
                0x080051e4                raise
 .text._kill_r  0x080051f4       0x24 C:/ST/STM32CubeIDE_2.1.0/STM32CubeIDE/plugins/com.st.stm32cube.ide.mcu.externaltools.gnu-tools-for-stm32.14.3.rel1.win32_1.0.100.202602081740/tools/bin/../lib/gcc/arm-none-eabi/14.3.1/../../../../arm-none-eabi/lib/thumb/v7e-m+fp/hard\libc_nano.a(libc_a-signalr.o)
                0x080051f4                _kill_r
 .text._getpid_r
                0x08005218        0x4 C:/ST/STM32CubeIDE_2.1.0/STM32CubeIDE/plugins/com.st.stm32cube.ide.mcu.externaltools.gnu-tools-for-stm32.14.3.rel1.win32_1.0.100.202602081740/tools/bin/../lib/gcc/arm-none-eabi/14.3.1/../../../../arm-none-eabi/lib/thumb/v7e-m+fp/hard\libc_nano.a(libc_a-signalr.o)
                0x08005218                _getpid_r
 .text.__swhatbuf_r
                0x0800521c       0x48 C:/ST/STM32CubeIDE_2.1.0/STM32CubeIDE/plugins/com.st.stm32cube.ide.mcu.externaltools.gnu-tools-for-stm32.14.3.rel1.win32_1.0.100.202602081740/tools/bin/../lib/gcc/arm-none-eabi/14.3.1/../../../../arm-none-eabi/lib/thumb/v7e-m+fp/hard\libc_nano.a(libc_a-makebuf.o)
                0x0800521c                __swhatbuf_r
 .text.__smakebuf_r
                0x08005264       0x72 C:/ST/STM32CubeIDE_2.1.0/STM32CubeIDE/plugins/com.st.stm32cube.ide.mcu.externaltools.gnu-tools-for-stm32.14.3.rel1.win32_1.0.100.202602081740/tools/bin/../lib/gcc/arm-none-eabi/14.3.1/../../../../arm-none-eabi/lib/thumb/v7e-m+fp/hard\libc_nano.a(libc_a-makebuf.o)
                0x08005264                __smakebuf_r
 *fill*         0x080052d6        0x2 
 .text._fstat_r
                0x080052d8       0x24 C:/ST/STM32CubeIDE_2.1.0/STM32CubeIDE/plugins/com.st.stm32cube.ide.mcu.externaltools.gnu-tools-for-stm32.14.3.rel1.win32_1.0.100.202602081740/tools/bin/../lib/gcc/arm-none-eabi/14.3.1/../../../../arm-none-eabi/lib/thumb/v7e-m+fp/hard\libc_nano.a(libc_a-fstatr.o)
                0x080052d8                _fstat_r
 .text._isatty_r
                0x080052fc       0x20 C:/ST/STM32CubeIDE_2.1.0/STM32CubeIDE/plugins/com.st.stm32cube.ide.mcu.externaltools.gnu-tools-for-stm32.14.3.rel1.win32_1.0.100.202602081740/tools/bin/../lib/gcc/arm-none-eabi/14.3.1/../../../../arm-none-eabi/lib/thumb/v7e-m+fp/hard\libc_nano.a(libc_a-isattyr.o)
                0x080052fc                _isatty_r
 *(.glue_7)
 .glue_7        0x0800531c        0x0 linker stubs
 *(.glue_7t)
 .glue_7t       0x0800531c        0x0 linker stubs
 *(.eh_frame)
 .eh_frame      0x0800531c        0x0 C:/ST/STM32CubeIDE_2.1.0/STM32CubeIDE/plugins/com.st.stm32cube.ide.mcu.externaltools.gnu-tools-for-stm32.14.3.rel1.win32_1.0.100.202602081740/tools/bin/../lib/gcc/arm-none-eabi/14.3.1/thumb/v7e-m+fp/hard/crtbegin.o
 *(.init)
 .init          0x0800531c        0x4 C:/ST/STM32CubeIDE_2.1.0/STM32CubeIDE/plugins/com.st.stm32cube.ide.mcu.externaltools.gnu-tools-for-stm32.14.3.rel1.win32_1.0.100.202602081740/tools/bin/../lib/gcc/arm-none-eabi/14.3.1/thumb/v7e-m+fp/hard/crti.o
                0x0800531c                _init
 .init          0x08005320        0x8 C:/ST/STM32CubeIDE_2.1.0/STM32CubeIDE/plugins/com.st.stm32cube.ide.mcu.externaltools.gnu-tools-for-stm32.14.3.rel1.win32_1.0.100.202602081740/tools/bin/../lib/gcc/arm-none-eabi/14.3.1/thumb/v7e-m+fp/hard/crtn.o
 *(.fini)
 .fini          0x08005328        0x4 C:/ST/STM32CubeIDE_2.1.0/STM32CubeIDE/plugins/com.st.stm32cube.ide.mcu.externaltools.gnu-tools-for-stm32.14.3.rel1.win32_1.0.100.202602081740/tools/bin/../lib/gcc/arm-none-eabi/14.3.1/thumb/v7e-m+fp/hard/crti.o
                0x08005328                _fini
 .fini          0x0800532c        0x8 C:/ST/STM32CubeIDE_2.1.0/STM32CubeIDE/plugins/com.st.stm32cube.ide.mcu.externaltools.gnu-tools-for-stm32.14.3.rel1.win32_1.0.100.202602081740/tools/bin/../lib/gcc/arm-none-eabi/14.3.1/thumb/v7e-m+fp/hard/crtn.o
                0x08005334                        . = ALIGN (0x4)
                0x08005334                        _etext = .

.vfp11_veneer   0x08005334        0x0
 .vfp11_veneer  0x08005334        0x0 linker stubs

.v4_bx          0x08005334        0x0
 .v4_bx         0x08005334        0x0 linker stubs

.iplt           0x08005334        0x0
 .iplt          0x08005334        0x0 C:/ST/STM32CubeIDE_2.1.0/STM32CubeIDE/plugins/com.st.stm32cube.ide.mcu.externaltools.gnu-tools-for-stm32.14.3.rel1.win32_1.0.100.202602081740/tools/bin/../lib/gcc/arm-none-eabi/14.3.1/thumb/v7e-m+fp/hard/crtbegin.o

.rodata         0x08005334      0x4d4
                0x08005334                        . = ALIGN (0x4)
 *(.rodata)
 *(.rodata*)
 .rodata.MSIRangeTable
                0x08005334       0x30 ./Core/Src/system_stm32l4xx.o
                0x08005334                MSIRangeTable
 .rodata.APBPrescTable
                0x08005364        0x8 ./Core/Src/system_stm32l4xx.o
                0x08005364                APBPrescTable
 .rodata.AHBPrescTable
                0x0800536c       0x10 ./Core/Src/system_stm32l4xx.o
                0x0800536c                AHBPrescTable
 .rodata.UARTPrescTable
                0x0800537c       0x18 ./Drivers/STM32L4xx_HAL_Driver/Src/stm32l4xx_hal_uart.o
                0x0800537c                UARTPrescTable
 .rodata.denominator.0
                0x08005394        0x8 ./Drivers/STM32L4xx_HAL_Driver/Src/stm32l4xx_hal_uart_ex.o
 .rodata.numerator.1
                0x0800539c        0x8 ./Drivers/STM32L4xx_HAL_Driver/Src/stm32l4xx_hal_uart_ex.o
 .rodata.boot_check_header_erased.str1.1
                0x080053a4      0x20e ./MCUBoot/bootutil/src/bootutil_loader.o
                                 0x36 (size before relaxing)
 .rodata.boot_open_all_flash_areas.str1.1
                0x080055b2        0x8 ./MCUBoot/bootutil/src/bootutil_loader.o
 .rodata.__func__.0
                0x080055b2       0x1a ./MCUBoot/bootutil/src/bootutil_loader.o
 .rodata.__func__.2
                0x080055cc       0x11 ./MCUBoot/bootutil/src/bootutil_loader.o
 .rodata.__func__.3
                0x080055dd       0x18 ./MCUBoot/bootutil/src/bootutil_loader.o
 .rodata.__func__.4
                0x080055f5       0x19 ./MCUBoot/bootutil/src/bootutil_loader.o
 .rodata.boot_status_off.str1.1
                0x0800560e       0x51 ./MCUBoot/bootutil/src/bootutil_misc.o
 .rodata.boot_read_image_size.str1.1
                0x0800560e       0x45 ./MCUBoot/bootutil/src/bootutil_misc.o
 .rodata.__func__.0
                0x0800560e       0x15 ./MCUBoot/bootutil/src/bootutil_misc.o
 .rodata.__func__.1
                0x08005623       0x10 ./MCUBoot/bootutil/src/bootutil_misc.o
 .rodata.boot_write_trailer.str1.1
                0x08005633       0x2c ./MCUBoot/bootutil/src/bootutil_public.o
 .rodata.boot_write_swap_info.str1.1
                0x08005633       0x24 ./MCUBoot/bootutil/src/bootutil_public.o
 .rodata.__func__.1
                0x08005633       0x15 ./MCUBoot/bootutil/src/bootutil_public.o
 .rodata.__func__.2
                0x08005648       0x13 ./MCUBoot/bootutil/src/bootutil_public.o
 .rodata.boot_swap_tables
                0x0800565b       0x12 ./MCUBoot/bootutil/src/bootutil_public.o
 *fill*         0x0800566d        0x1 
 .rodata.boot_img_magic
                0x0800566e       0x10 ./MCUBoot/bootutil/src/bootutil_public.o
                0x0800566e                boot_img_magic
 .rodata.ec_secp256r1_oid
                0x0800567e        0x9 ./MCUBoot/bootutil/src/image_ecdsa.o
 .rodata.ec_pubkey_oid
                0x08005687        0x8 ./MCUBoot/bootutil/src/image_ecdsa.o
 .rodata.boot_validate_slot.isra.0.str1.1
                0x0800568f       0x3d ./MCUBoot/bootutil/src/loader.o
 .rodata.boot_swap_image.isra.0.str1.1
                0x0800568f        0x8 ./MCUBoot/bootutil/src/loader.o
 .rodata.context_boot_go.str1.1
                0x0800568f        0x2 ./MCUBoot/bootutil/src/loader.o
 .rodata.__func__.2
                0x0800568f       0x13 ./MCUBoot/bootutil/src/loader.o
 .rodata.__func__.4
                0x080056a2       0x10 ./MCUBoot/bootutil/src/loader.o
 .rodata.__func__.5
                0x080056b2       0x1b ./MCUBoot/bootutil/src/loader.o
 .rodata.__func__.6
                0x080056cd       0x1e ./MCUBoot/bootutil/src/loader.o
 .rodata.__func__.7
                0x080056eb       0x10 ./MCUBoot/bootutil/src/loader.o
 .rodata.swap_erase_trailer_sectors.str1.1
                0x080056fb       0x2c ./MCUBoot/bootutil/src/swap_misc.o
 .rodata.swap_read_status.str1.1
                0x080056fb        0xe ./MCUBoot/bootutil/src/swap_misc.o
 .rodata.__func__.0
                0x080056fb       0x11 ./MCUBoot/bootutil/src/swap_misc.o
 .rodata.__func__.1
                0x0800570c       0x11 ./MCUBoot/bootutil/src/swap_misc.o
 .rodata.boot_read_image_header.str1.1
                0x0800571d       0x30 ./MCUBoot/bootutil/src/swap_move.o
 .rodata.swap_status_source.str1.1
                0x0800571d        0x8 ./MCUBoot/bootutil/src/swap_move.o
 .rodata.swap_run.str1.1
                0x0800571d       0x20 ./MCUBoot/bootutil/src/swap_move.o
 .rodata.__func__.0
                0x0800571d       0x12 ./MCUBoot/bootutil/src/swap_move.o
 .rodata.__func__.1
                0x0800572f       0x14 ./MCUBoot/bootutil/src/swap_move.o
 .rodata.__func__.2
                0x08005743        0x9 ./MCUBoot/bootutil/src/swap_move.o
 .rodata.__func__.3
                0x0800574c        0xd ./MCUBoot/bootutil/src/swap_move.o
 .rodata.__func__.4
                0x08005759       0x13 ./MCUBoot/bootutil/src/swap_move.o
 .rodata.__func__.5
                0x0800576c       0x17 ./MCUBoot/bootutil/src/swap_move.o
 *fill*         0x08005783        0x1 
 .rodata.flash_map
                0x08005784       0x30 ./MCUBoot/flash_map_backend/flash_map_backend.o
 .rodata.bootutil_key_cnt
                0x080057b4        0x4 ./MCUBoot/flash_map_backend/keys.o
                0x080057b4                bootutil_key_cnt
 .rodata.bootutil_keys
                0x080057b8        0x8 ./MCUBoot/flash_map_backend/keys.o
                0x080057b8                bootutil_keys
 .rodata.ecdsa_pub_key_len
                0x080057c0        0x4 ./MCUBoot/flash_map_backend/keys.o
 .rodata.ecdsa_pub_key
                0x080057c4       0x41 ./MCUBoot/flash_map_backend/keys.o
 .rodata.__assert_func.str1.1
                0x08005805       0x3d C:/ST/STM32CubeIDE_2.1.0/STM32CubeIDE/plugins/com.st.stm32cube.ide.mcu.externaltools.gnu-tools-for-stm32.14.3.rel1.win32_1.0.100.202602081740/tools/bin/../lib/gcc/arm-none-eabi/14.3.1/../../../../arm-none-eabi/lib/thumb/v7e-m+fp/hard\libc_nano.a(libc_a-assert.o)
 .rodata._vfprintf_r.str1.1
                0x08005805       0x11 C:/ST/STM32CubeIDE_2.1.0/STM32CubeIDE/plugins/com.st.stm32cube.ide.mcu.externaltools.gnu-tools-for-stm32.14.3.rel1.win32_1.0.100.202602081740/tools/bin/../lib/gcc/arm-none-eabi/14.3.1/../../../../arm-none-eabi/lib/thumb/v7e-m+fp/hard\libc_nano.a(libc_a-nano-vfprintf.o)
 .rodata._printf_i.str1.1
                0x08005805       0x22 C:/ST/STM32CubeIDE_2.1.0/STM32CubeIDE/plugins/com.st.stm32cube.ide.mcu.externaltools.gnu-tools-for-stm32.14.3.rel1.win32_1.0.100.202602081740/tools/bin/../lib/gcc/arm-none-eabi/14.3.1/../../../../arm-none-eabi/lib/thumb/v7e-m+fp/hard\libc_nano.a(libc_a-nano-vfprintf_i.o)
                0x08005844                        . = ALIGN (0x4)
 *fill*         0x08005805        0x3 

.ARM.extab      0x08005808        0x0
                0x08005808                        . = ALIGN (0x4)
 *(.ARM.extab* .gnu.linkonce.armextab.*)
                0x08005808                        . = ALIGN (0x4)

.ARM            0x08005808        0x8
                0x08005808                        . = ALIGN (0x4)
                0x08005808                        __exidx_start = .
 *(.ARM.exidx*)
 .ARM.exidx     0x08005808        0x8 C:/ST/STM32CubeIDE_2.1.0/STM32CubeIDE/plugins/com.st.stm32cube.ide.mcu.externaltools.gnu-tools-for-stm32.14.3.rel1.win32_1.0.100.202602081740/tools/bin/../lib/gcc/arm-none-eabi/14.3.1/../../../../arm-none-eabi/lib/thumb/v7e-m+fp/hard\libc_nano.a(libc_a-memchr.o)
 .ARM.exidx     0x08005810        0x0 C:/ST/STM32CubeIDE_2.1.0/STM32CubeIDE/plugins/com.st.stm32cube.ide.mcu.externaltools.gnu-tools-for-stm32.14.3.rel1.win32_1.0.100.202602081740/tools/bin/../lib/gcc/arm-none-eabi/14.3.1/thumb/v7e-m+fp/hard\libgcc.a(_udivmoddi4.o)
                                  0x8 (size before relaxing)
                0x08005810                        __exidx_end = .
                0x08005810                        . = ALIGN (0x4)

.preinit_array  0x08005810        0x0
                0x08005810                        . = ALIGN (0x4)
                0x08005810                        PROVIDE (__preinit_array_start = .)
 *(.preinit_array*)
                0x08005810                        PROVIDE (__preinit_array_end = .)
                0x08005810                        . = ALIGN (0x4)

.init_array     0x08005810        0x4
                0x08005810                        . = ALIGN (0x4)
                0x08005810                        PROVIDE (__init_array_start = .)
 *(SORT_BY_NAME(.init_array.*))
 *(.init_array*)
 .init_array    0x08005810        0x4 C:/ST/STM32CubeIDE_2.1.0/STM32CubeIDE/plugins/com.st.stm32cube.ide.mcu.externaltools.gnu-tools-for-stm32.14.3.rel1.win32_1.0.100.202602081740/tools/bin/../lib/gcc/arm-none-eabi/14.3.1/thumb/v7e-m+fp/hard/crtbegin.o
                0x08005814                        PROVIDE (__init_array_end = .)
                0x08005814                        . = ALIGN (0x4)

.fini_array     0x08005814        0x4
                0x08005814                        . = ALIGN (0x4)
                [!provide]                        PROVIDE (__fini_array_start = .)
 *(SORT_BY_NAME(.fini_array.*))
 *(.fini_array*)
 .fini_array    0x08005814        0x4 C:/ST/STM32CubeIDE_2.1.0/STM32CubeIDE/plugins/com.st.stm32cube.ide.mcu.externaltools.gnu-tools-for-stm32.14.3.rel1.win32_1.0.100.202602081740/tools/bin/../lib/gcc/arm-none-eabi/14.3.1/thumb/v7e-m+fp/hard/crtbegin.o
                [!provide]                        PROVIDE (__fini_array_end = .)
                0x08005818                        . = ALIGN (0x4)
                0x08005818                        _sidata = LOADADDR (.data)

.rel.dyn        0x08005818        0x0
 .rel.iplt      0x08005818        0x0 C:/ST/STM32CubeIDE_2.1.0/STM32CubeIDE/plugins/com.st.stm32cube.ide.mcu.externaltools.gnu-tools-for-stm32.14.3.rel1.win32_1.0.100.202602081740/tools/bin/../lib/gcc/arm-none-eabi/14.3.1/thumb/v7e-m+fp/hard/crtbegin.o

.data           0x20030000       0x90 load address 0x08005818
                0x20030000                        . = ALIGN (0x4)
                0x20030000                        _sdata = .
 *(.data)
 *(.data*)
 .data.SystemCoreClock
                0x20030000        0x4 ./Core/Src/system_stm32l4xx.o
                0x20030000                SystemCoreClock
 .data.uwTickFreq
                0x20030004        0x1 ./Drivers/STM32L4xx_HAL_Driver/Src/stm32l4xx_hal.o
                0x20030004                uwTickFreq
 *fill*         0x20030005        0x3 
 .data.uwTickPrio
                0x20030008        0x4 ./Drivers/STM32L4xx_HAL_Driver/Src/stm32l4xx_hal.o
                0x20030008                uwTickPrio
 .data.pFlash   0x2003000c       0x20 ./Drivers/STM32L4xx_HAL_Driver/Src/stm32l4xx_hal_flash.o
                0x2003000c                pFlash
 .data.FIH_NO_BOOTABLE_IMAGE
                0x2003002c        0x4 ./MCUBoot/bootutil/src/fault_injection_hardening.o
                0x2003002c                FIH_NO_BOOTABLE_IMAGE
 .data.FIH_FAILURE
                0x20030030        0x4 ./MCUBoot/bootutil/src/fault_injection_hardening.o
                0x20030030                FIH_FAILURE
 .data.__sglue  0x20030034        0xc C:/ST/STM32CubeIDE_2.1.0/STM32CubeIDE/plugins/com.st.stm32cube.ide.mcu.externaltools.gnu-tools-for-stm32.14.3.rel1.win32_1.0.100.202602081740/tools/bin/../lib/gcc/arm-none-eabi/14.3.1/../../../../arm-none-eabi/lib/thumb/v7e-m+fp/hard\libc_nano.a(libc_a-findfp.o)
                0x20030034                __sglue
 .data._impure_ptr
                0x20030040        0x4 C:/ST/STM32CubeIDE_2.1.0/STM32CubeIDE/plugins/com.st.stm32cube.ide.mcu.externaltools.gnu-tools-for-stm32.14.3.rel1.win32_1.0.100.202602081740/tools/bin/../lib/gcc/arm-none-eabi/14.3.1/../../../../arm-none-eabi/lib/thumb/v7e-m+fp/hard\libc_nano.a(libc_a-impure.o)
                0x20030040                _impure_ptr
 .data._impure_data
                0x20030044       0x4c C:/ST/STM32CubeIDE_2.1.0/STM32CubeIDE/plugins/com.st.stm32cube.ide.mcu.externaltools.gnu-tools-for-stm32.14.3.rel1.win32_1.0.100.202602081740/tools/bin/../lib/gcc/arm-none-eabi/14.3.1/../../../../arm-none-eabi/lib/thumb/v7e-m+fp/hard\libc_nano.a(libc_a-impure.o)
                0x20030044                _impure_data
 *(.RamFunc)
 *(.RamFunc*)
                0x20030090                        . = ALIGN (0x4)
                0x20030090                        _edata = .

.igot.plt       0x20030090        0x0 load address 0x080058a8
 .igot.plt      0x20030090        0x0 C:/ST/STM32CubeIDE_2.1.0/STM32CubeIDE/plugins/com.st.stm32cube.ide.mcu.externaltools.gnu-tools-for-stm32.14.3.rel1.win32_1.0.100.202602081740/tools/bin/../lib/gcc/arm-none-eabi/14.3.1/thumb/v7e-m+fp/hard/crtbegin.o
                0x20030090                        . = ALIGN (0x4)

.bss            0x20030090     0x1110 load address 0x080058a8
                0x20030090                        _sbss = .
                0x20030090                        __bss_start__ = _sbss
 *(.bss)
 .bss           0x20030090       0x1c C:/ST/STM32CubeIDE_2.1.0/STM32CubeIDE/plugins/com.st.stm32cube.ide.mcu.externaltools.gnu-tools-for-stm32.14.3.rel1.win32_1.0.100.202602081740/tools/bin/../lib/gcc/arm-none-eabi/14.3.1/thumb/v7e-m+fp/hard/crtbegin.o
 *(.bss*)
 .bss.hiwdg     0x200300ac       0x10 ./Core/Src/iwdg.o
                0x200300ac                hiwdg
 .bss.__sbrk_heap_end
                0x200300bc        0x4 ./Core/Src/sysmem.o
 .bss.huart2    0x200300c0       0x94 ./Core/Src/usart.o
                0x200300c0                huart2
 .bss.huart4    0x20030154       0x94 ./Core/Src/usart.o
                0x20030154                huart4
 .bss.uwTick    0x200301e8        0x4 ./Drivers/STM32L4xx_HAL_Driver/Src/stm32l4xx_hal.o
                0x200301e8                uwTick
 .bss.tmpbuf.1  0x200301ec      0x100 ./MCUBoot/bootutil/src/bootutil_loader.o
 .bss.sector_buffers
                0x200302ec      0x900 ./MCUBoot/bootutil/src/bootutil_misc.o
 .bss.FIH_SUCCESS
                0x20030bec        0x4 ./MCUBoot/bootutil/src/fault_injection_hardening.o
                0x20030bec                FIH_SUCCESS
 .bss.buf.8     0x20030bf0      0x400 ./MCUBoot/bootutil/src/loader.o
 .bss.boot_data
                0x20030ff0       0x60 ./MCUBoot/bootutil/src/loader.o
 .bss.boot_status_fails
                0x20031050        0x4 ./MCUBoot/bootutil/src/swap_move.o
                0x20031050                boot_status_fails
 .bss.__malloc_sbrk_start
                0x20031054        0x4 C:/ST/STM32CubeIDE_2.1.0/STM32CubeIDE/plugins/com.st.stm32cube.ide.mcu.externaltools.gnu-tools-for-stm32.14.3.rel1.win32_1.0.100.202602081740/tools/bin/../lib/gcc/arm-none-eabi/14.3.1/../../../../arm-none-eabi/lib/thumb/v7e-m+fp/hard\libc_nano.a(libc_a-mallocr.o)
                0x20031054                __malloc_sbrk_start
 .bss.__malloc_free_list
                0x20031058        0x4 C:/ST/STM32CubeIDE_2.1.0/STM32CubeIDE/plugins/com.st.stm32cube.ide.mcu.externaltools.gnu-tools-for-stm32.14.3.rel1.win32_1.0.100.202602081740/tools/bin/../lib/gcc/arm-none-eabi/14.3.1/../../../../arm-none-eabi/lib/thumb/v7e-m+fp/hard\libc_nano.a(libc_a-mallocr.o)
                0x20031058                __malloc_free_list
 .bss.__sf      0x2003105c      0x138 C:/ST/STM32CubeIDE_2.1.0/STM32CubeIDE/plugins/com.st.stm32cube.ide.mcu.externaltools.gnu-tools-for-stm32.14.3.rel1.win32_1.0.100.202602081740/tools/bin/../lib/gcc/arm-none-eabi/14.3.1/../../../../arm-none-eabi/lib/thumb/v7e-m+fp/hard\libc_nano.a(libc_a-findfp.o)
                0x2003105c                __sf
 .bss.__stdio_exit_handler
                0x20031194        0x4 C:/ST/STM32CubeIDE_2.1.0/STM32CubeIDE/plugins/com.st.stm32cube.ide.mcu.externaltools.gnu-tools-for-stm32.14.3.rel1.win32_1.0.100.202602081740/tools/bin/../lib/gcc/arm-none-eabi/14.3.1/../../../../arm-none-eabi/lib/thumb/v7e-m+fp/hard\libc_nano.a(libc_a-findfp.o)
                0x20031194                __stdio_exit_handler
 .bss.errno     0x20031198        0x4 C:/ST/STM32CubeIDE_2.1.0/STM32CubeIDE/plugins/com.st.stm32cube.ide.mcu.externaltools.gnu-tools-for-stm32.14.3.rel1.win32_1.0.100.202602081740/tools/bin/../lib/gcc/arm-none-eabi/14.3.1/../../../../arm-none-eabi/lib/thumb/v7e-m+fp/hard\libc_nano.a(libc_a-reent.o)
                0x20031198                errno
 .bss.__lock___malloc_recursive_mutex
                0x2003119c        0x1 C:/ST/STM32CubeIDE_2.1.0/STM32CubeIDE/plugins/com.st.stm32cube.ide.mcu.externaltools.gnu-tools-for-stm32.14.3.rel1.win32_1.0.100.202602081740/tools/bin/../lib/gcc/arm-none-eabi/14.3.1/../../../../arm-none-eabi/lib/thumb/v7e-m+fp/hard\libc_nano.a(libc_a-lock.o)
                0x2003119c                __lock___malloc_recursive_mutex
 .bss.__lock___sfp_recursive_mutex
                0x2003119d        0x1 C:/ST/STM32CubeIDE_2.1.0/STM32CubeIDE/plugins/com.st.stm32cube.ide.mcu.externaltools.gnu-tools-for-stm32.14.3.rel1.win32_1.0.100.202602081740/tools/bin/../lib/gcc/arm-none-eabi/14.3.1/../../../../arm-none-eabi/lib/thumb/v7e-m+fp/hard\libc_nano.a(libc_a-lock.o)
                0x2003119d                __lock___sfp_recursive_mutex
 *(COMMON)
                0x200311a0                        . = ALIGN (0x4)
 *fill*         0x2003119e        0x2 
                0x200311a0                        _ebss = .
                0x200311a0                        __bss_end__ = _ebss

._user_heap_stack
                0x200311a0      0x600 load address 0x080058a8
                0x200311a0                        . = ALIGN (0x8)
                [!provide]                        PROVIDE (end = .)
                0x200311a0                        PROVIDE (_end = .)
                0x200313a0                        . = (. + _Min_Heap_Size)
 *fill*         0x200311a0      0x200 
                0x200317a0                        . = (. + _Min_Stack_Size)
 *fill*         0x200313a0      0x400 
                0x200317a0                        . = ALIGN (0x8)

/DISCARD/
 libc.a(*)
 libm.a(*)
 libgcc.a(*)

.ARM.attributes
                0x00000000       0x30
 *(.ARM.attributes)
 .ARM.attributes
                0x00000000       0x22 C:/ST/STM32CubeIDE_2.1.0/STM32CubeIDE/plugins/com.st.stm32cube.ide.mcu.externaltools.gnu-tools-for-stm32.14.3.rel1.win32_1.0.100.202602081740/tools/bin/../lib/gcc/arm-none-eabi/14.3.1/thumb/v7e-m+fp/hard/crti.o
 .ARM.attributes
                0x00000022       0x34 C:/ST/STM32CubeIDE_2.1.0/STM32CubeIDE/plugins/com.st.stm32cube.ide.mcu.externaltools.gnu-tools-for-stm32.14.3.rel1.win32_1.0.100.202602081740/tools/bin/../lib/gcc/arm-none-eabi/14.3.1/thumb/v7e-m+fp/hard/crtbegin.o
 .ARM.attributes
                0x00000056       0x34 ./Core/Src/gpio.o
 .ARM.attributes
                0x0000008a       0x34 ./Core/Src/iwdg.o
 .ARM.attributes
                0x000000be       0x34 ./Core/Src/main.o
 .ARM.attributes
                0x000000f2       0x34 ./Core/Src/stm32l4xx_hal_msp.o
 .ARM.attributes
                0x00000126       0x34 ./Core/Src/stm32l4xx_it.o
 .ARM.attributes
                0x0000015a       0x34 ./Core/Src/syscalls.o
 .ARM.attributes
                0x0000018e       0x34 ./Core/Src/sysmem.o
 .ARM.attributes
                0x000001c2       0x34 ./Core/Src/system_stm32l4xx.o
 .ARM.attributes
                0x000001f6       0x34 ./Core/Src/usart.o
 .ARM.attributes
                0x0000022a       0x21 ./Core/Startup/startup_stm32l4r5vgtx.o
 .ARM.attributes
                0x0000024b       0x34 ./Drivers/STM32L4xx_HAL_Driver/Src/stm32l4xx_hal.o
 .ARM.attributes
                0x0000027f       0x34 ./Drivers/STM32L4xx_HAL_Driver/Src/stm32l4xx_hal_cortex.o
 .ARM.attributes
                0x000002b3       0x34 ./Drivers/STM32L4xx_HAL_Driver/Src/stm32l4xx_hal_flash.o
 .ARM.attributes
                0x000002e7       0x34 ./Drivers/STM32L4xx_HAL_Driver/Src/stm32l4xx_hal_flash_ex.o
 .ARM.attributes
                0x0000031b       0x34 ./Drivers/STM32L4xx_HAL_Driver/Src/stm32l4xx_hal_gpio.o
 .ARM.attributes
                0x0000034f       0x34 ./Drivers/STM32L4xx_HAL_Driver/Src/stm32l4xx_hal_iwdg.o
 .ARM.attributes
                0x00000383       0x34 ./Drivers/STM32L4xx_HAL_Driver/Src/stm32l4xx_hal_pwr_ex.o
 .ARM.attributes
                0x000003b7       0x34 ./Drivers/STM32L4xx_HAL_Driver/Src/stm32l4xx_hal_rcc.o
 .ARM.attributes
                0x000003eb       0x34 ./Drivers/STM32L4xx_HAL_Driver/Src/stm32l4xx_hal_rcc_ex.o
 .ARM.attributes
                0x0000041f       0x34 ./Drivers/STM32L4xx_HAL_Driver/Src/stm32l4xx_hal_uart.o
 .ARM.attributes
                0x00000453       0x34 ./Drivers/STM32L4xx_HAL_Driver/Src/stm32l4xx_hal_uart_ex.o
 .ARM.attributes
                0x00000487       0x34 ./MCUBoot/bootutil/src/bootutil_area.o
 .ARM.attributes
                0x000004bb       0x34 ./MCUBoot/bootutil/src/bootutil_find_key.o
 .ARM.attributes
                0x000004ef       0x34 ./MCUBoot/bootutil/src/bootutil_img_hash.o
 .ARM.attributes
                0x00000523       0x34 ./MCUBoot/bootutil/src/bootutil_loader.o
 .ARM.attributes
                0x00000557       0x34 ./MCUBoot/bootutil/src/bootutil_misc.o
 .ARM.attributes
                0x0000058b       0x34 ./MCUBoot/bootutil/src/bootutil_public.o
 .ARM.attributes
                0x000005bf       0x34 ./MCUBoot/bootutil/src/fault_injection_hardening.o
 .ARM.attributes
                0x000005f3       0x34 ./MCUBoot/bootutil/src/image_ecdsa.o
 .ARM.attributes
                0x00000627       0x34 ./MCUBoot/bootutil/src/image_validate.o
 .ARM.attributes
                0x0000065b       0x34 ./MCUBoot/bootutil/src/loader.o
 .ARM.attributes
                0x0000068f       0x34 ./MCUBoot/bootutil/src/swap_misc.o
 .ARM.attributes
                0x000006c3       0x34 ./MCUBoot/bootutil/src/swap_move.o
 .ARM.attributes
                0x000006f7       0x34 ./MCUBoot/bootutil/src/tlv.o
 .ARM.attributes
                0x0000072b       0x34 ./MCUBoot/flash_map_backend/boot_hal.o
 .ARM.attributes
                0x0000075f       0x34 ./MCUBoot/flash_map_backend/flash_map_backend.o
 .ARM.attributes
                0x00000793       0x34 ./MCUBoot/flash_map_backend/keys.o
 .ARM.attributes
                0x000007c7       0x34 C:/ST/STM32CubeIDE_2.1.0/STM32CubeIDE/plugins/com.st.stm32cube.ide.mcu.externaltools.gnu-tools-for-stm32.14.3.rel1.win32_1.0.100.202602081740/tools/bin/../lib/gcc/arm-none-eabi/14.3.1/../../../../arm-none-eabi/lib/thumb/v7e-m+fp/hard\libc_nano.a(libc_a-assert.o)
 .ARM.attributes
                0x000007fb       0x34 C:/ST/STM32CubeIDE_2.1.0/STM32CubeIDE/plugins/com.st.stm32cube.ide.mcu.externaltools.gnu-tools-for-stm32.14.3.rel1.win32_1.0.100.202602081740/tools/bin/../lib/gcc/arm-none-eabi/14.3.1/../../../../arm-none-eabi/lib/thumb/v7e-m+fp/hard\libc_nano.a(libc_a-mallocr.o)
 .ARM.attributes
                0x0000082f       0x34 C:/ST/STM32CubeIDE_2.1.0/STM32CubeIDE/plugins/com.st.stm32cube.ide.mcu.externaltools.gnu-tools-for-stm32.14.3.rel1.win32_1.0.100.202602081740/tools/bin/../lib/gcc/arm-none-eabi/14.3.1/../../../../arm-none-eabi/lib/thumb/v7e-m+fp/hard\libc_nano.a(libc_a-mlock.o)
 .ARM.attributes
                0x00000863       0x34 C:/ST/STM32CubeIDE_2.1.0/STM32CubeIDE/plugins/com.st.stm32cube.ide.mcu.externaltools.gnu-tools-for-stm32.14.3.rel1.win32_1.0.100.202602081740/tools/bin/../lib/gcc/arm-none-eabi/14.3.1/../../../../arm-none-eabi/lib/thumb/v7e-m+fp/hard\libc_nano.a(libc_a-findfp.o)
 .ARM.attributes
                0x00000897       0x34 C:/ST/STM32CubeIDE_2.1.0/STM32CubeIDE/plugins/com.st.stm32cube.ide.mcu.externaltools.gnu-tools-for-stm32.14.3.rel1.win32_1.0.100.202602081740/tools/bin/../lib/gcc/arm-none-eabi/14.3.1/../../../../arm-none-eabi/lib/thumb/v7e-m+fp/hard\libc_nano.a(libc_a-fprintf.o)
 .ARM.attributes
                0x000008cb       0x34 C:/ST/STM32CubeIDE_2.1.0/STM32CubeIDE/plugins/com.st.stm32cube.ide.mcu.externaltools.gnu-tools-for-stm32.14.3.rel1.win32_1.0.100.202602081740/tools/bin/../lib/gcc/arm-none-eabi/14.3.1/../../../../arm-none-eabi/lib/thumb/v7e-m+fp/hard\libc_nano.a(libc_a-fwalk.o)
 .ARM.attributes
                0x000008ff       0x34 C:/ST/STM32CubeIDE_2.1.0/STM32CubeIDE/plugins/com.st.stm32cube.ide.mcu.externaltools.gnu-tools-for-stm32.14.3.rel1.win32_1.0.100.202602081740/tools/bin/../lib/gcc/arm-none-eabi/14.3.1/../../../../arm-none-eabi/lib/thumb/v7e-m+fp/hard\libc_nano.a(libc_a-stdio.o)
 .ARM.attributes
                0x00000933       0x34 C:/ST/STM32CubeIDE_2.1.0/STM32CubeIDE/plugins/com.st.stm32cube.ide.mcu.externaltools.gnu-tools-for-stm32.14.3.rel1.win32_1.0.100.202602081740/tools/bin/../lib/gcc/arm-none-eabi/14.3.1/../../../../arm-none-eabi/lib/thumb/v7e-m+fp/hard\libc_nano.a(libc_a-memcmp.o)
 .ARM.attributes
                0x00000967       0x34 C:/ST/STM32CubeIDE_2.1.0/STM32CubeIDE/plugins/com.st.stm32cube.ide.mcu.externaltools.gnu-tools-for-stm32.14.3.rel1.win32_1.0.100.202602081740/tools/bin/../lib/gcc/arm-none-eabi/14.3.1/../../../../arm-none-eabi/lib/thumb/v7e-m+fp/hard\libc_nano.a(libc_a-memset.o)
 .ARM.attributes
                0x0000099b       0x34 C:/ST/STM32CubeIDE_2.1.0/STM32CubeIDE/plugins/com.st.stm32cube.ide.mcu.externaltools.gnu-tools-for-stm32.14.3.rel1.win32_1.0.100.202602081740/tools/bin/../lib/gcc/arm-none-eabi/14.3.1/../../../../arm-none-eabi/lib/thumb/v7e-m+fp/hard\libc_nano.a(libc_a-closer.o)
 .ARM.attributes
                0x000009cf       0x34 C:/ST/STM32CubeIDE_2.1.0/STM32CubeIDE/plugins/com.st.stm32cube.ide.mcu.externaltools.gnu-tools-for-stm32.14.3.rel1.win32_1.0.100.202602081740/tools/bin/../lib/gcc/arm-none-eabi/14.3.1/../../../../arm-none-eabi/lib/thumb/v7e-m+fp/hard\libc_nano.a(libc_a-reent.o)
 .ARM.attributes
                0x00000a03       0x34 C:/ST/STM32CubeIDE_2.1.0/STM32CubeIDE/plugins/com.st.stm32cube.ide.mcu.externaltools.gnu-tools-for-stm32.14.3.rel1.win32_1.0.100.202602081740/tools/bin/../lib/gcc/arm-none-eabi/14.3.1/../../../../arm-none-eabi/lib/thumb/v7e-m+fp/hard\libc_nano.a(libc_a-impure.o)
 .ARM.attributes
                0x00000a37       0x34 C:/ST/STM32CubeIDE_2.1.0/STM32CubeIDE/plugins/com.st.stm32cube.ide.mcu.externaltools.gnu-tools-for-stm32.14.3.rel1.win32_1.0.100.202602081740/tools/bin/../lib/gcc/arm-none-eabi/14.3.1/../../../../arm-none-eabi/lib/thumb/v7e-m+fp/hard\libc_nano.a(libc_a-lseekr.o)
 .ARM.attributes
                0x00000a6b       0x34 C:/ST/STM32CubeIDE_2.1.0/STM32CubeIDE/plugins/com.st.stm32cube.ide.mcu.externaltools.gnu-tools-for-stm32.14.3.rel1.win32_1.0.100.202602081740/tools/bin/../lib/gcc/arm-none-eabi/14.3.1/../../../../arm-none-eabi/lib/thumb/v7e-m+fp/hard\libc_nano.a(libc_a-readr.o)
 .ARM.attributes
                0x00000a9f       0x34 C:/ST/STM32CubeIDE_2.1.0/STM32CubeIDE/plugins/com.st.stm32cube.ide.mcu.externaltools.gnu-tools-for-stm32.14.3.rel1.win32_1.0.100.202602081740/tools/bin/../lib/gcc/arm-none-eabi/14.3.1/../../../../arm-none-eabi/lib/thumb/v7e-m+fp/hard\libc_nano.a(libc_a-sbrkr.o)
 .ARM.attributes
                0x00000ad3       0x34 C:/ST/STM32CubeIDE_2.1.0/STM32CubeIDE/plugins/com.st.stm32cube.ide.mcu.externaltools.gnu-tools-for-stm32.14.3.rel1.win32_1.0.100.202602081740/tools/bin/../lib/gcc/arm-none-eabi/14.3.1/../../../../arm-none-eabi/lib/thumb/v7e-m+fp/hard\libc_nano.a(libc_a-writer.o)
 .ARM.attributes
                0x00000b07       0x34 C:/ST/STM32CubeIDE_2.1.0/STM32CubeIDE/plugins/com.st.stm32cube.ide.mcu.externaltools.gnu-tools-for-stm32.14.3.rel1.win32_1.0.100.202602081740/tools/bin/../lib/gcc/arm-none-eabi/14.3.1/../../../../arm-none-eabi/lib/thumb/v7e-m+fp/hard\libc_nano.a(libc_a-errno.o)
 .ARM.attributes
                0x00000b3b       0x34 C:/ST/STM32CubeIDE_2.1.0/STM32CubeIDE/plugins/com.st.stm32cube.ide.mcu.externaltools.gnu-tools-for-stm32.14.3.rel1.win32_1.0.100.202602081740/tools/bin/../lib/gcc/arm-none-eabi/14.3.1/../../../../arm-none-eabi/lib/thumb/v7e-m+fp/hard\libc_nano.a(libc_a-init.o)
 .ARM.attributes
                0x00000b6f       0x34 C:/ST/STM32CubeIDE_2.1.0/STM32CubeIDE/plugins/com.st.stm32cube.ide.mcu.externaltools.gnu-tools-for-stm32.14.3.rel1.win32_1.0.100.202602081740/tools/bin/../lib/gcc/arm-none-eabi/14.3.1/../../../../arm-none-eabi/lib/thumb/v7e-m+fp/hard\libc_nano.a(libc_a-lock.o)
 .ARM.attributes
                0x00000ba3       0x34 C:/ST/STM32CubeIDE_2.1.0/STM32CubeIDE/plugins/com.st.stm32cube.ide.mcu.externaltools.gnu-tools-for-stm32.14.3.rel1.win32_1.0.100.202602081740/tools/bin/../lib/gcc/arm-none-eabi/14.3.1/../../../../arm-none-eabi/lib/thumb/v7e-m+fp/hard\libc_nano.a(libc_a-memcpy-stub.o)
 .ARM.attributes
                0x00000bd7       0x34 C:/ST/STM32CubeIDE_2.1.0/STM32CubeIDE/plugins/com.st.stm32cube.ide.mcu.externaltools.gnu-tools-for-stm32.14.3.rel1.win32_1.0.100.202602081740/tools/bin/../lib/gcc/arm-none-eabi/14.3.1/../../../../arm-none-eabi/lib/thumb/v7e-m+fp/hard\libc_nano.a(libc_a-abort.o)
 .ARM.attributes
                0x00000c0b       0x34 C:/ST/STM32CubeIDE_2.1.0/STM32CubeIDE/plugins/com.st.stm32cube.ide.mcu.externaltools.gnu-tools-for-stm32.14.3.rel1.win32_1.0.100.202602081740/tools/bin/../lib/gcc/arm-none-eabi/14.3.1/../../../../arm-none-eabi/lib/thumb/v7e-m+fp/hard\libc_nano.a(libc_a-freer.o)
 .ARM.attributes
                0x00000c3f       0x34 C:/ST/STM32CubeIDE_2.1.0/STM32CubeIDE/plugins/com.st.stm32cube.ide.mcu.externaltools.gnu-tools-for-stm32.14.3.rel1.win32_1.0.100.202602081740/tools/bin/../lib/gcc/arm-none-eabi/14.3.1/../../../../arm-none-eabi/lib/thumb/v7e-m+fp/hard\libc_nano.a(libc_a-nano-vfprintf.o)
 .ARM.attributes
                0x00000c73       0x34 C:/ST/STM32CubeIDE_2.1.0/STM32CubeIDE/plugins/com.st.stm32cube.ide.mcu.externaltools.gnu-tools-for-stm32.14.3.rel1.win32_1.0.100.202602081740/tools/bin/../lib/gcc/arm-none-eabi/14.3.1/../../../../arm-none-eabi/lib/thumb/v7e-m+fp/hard\libc_nano.a(libc_a-nano-vfprintf_i.o)
 .ARM.attributes
                0x00000ca7       0x34 C:/ST/STM32CubeIDE_2.1.0/STM32CubeIDE/plugins/com.st.stm32cube.ide.mcu.externaltools.gnu-tools-for-stm32.14.3.rel1.win32_1.0.100.202602081740/tools/bin/../lib/gcc/arm-none-eabi/14.3.1/../../../../arm-none-eabi/lib/thumb/v7e-m+fp/hard\libc_nano.a(libc_a-fflush.o)
 .ARM.attributes
                0x00000cdb       0x34 C:/ST/STM32CubeIDE_2.1.0/STM32CubeIDE/plugins/com.st.stm32cube.ide.mcu.externaltools.gnu-tools-for-stm32.14.3.rel1.win32_1.0.100.202602081740/tools/bin/../lib/gcc/arm-none-eabi/14.3.1/../../../../arm-none-eabi/lib/thumb/v7e-m+fp/hard\libc_nano.a(libc_a-wbuf.o)
 .ARM.attributes
                0x00000d0f       0x34 C:/ST/STM32CubeIDE_2.1.0/STM32CubeIDE/plugins/com.st.stm32cube.ide.mcu.externaltools.gnu-tools-for-stm32.14.3.rel1.win32_1.0.100.202602081740/tools/bin/../lib/gcc/arm-none-eabi/14.3.1/../../../../arm-none-eabi/lib/thumb/v7e-m+fp/hard\libc_nano.a(libc_a-wsetup.o)
 .ARM.attributes
                0x00000d43       0x34 C:/ST/STM32CubeIDE_2.1.0/STM32CubeIDE/plugins/com.st.stm32cube.ide.mcu.externaltools.gnu-tools-for-stm32.14.3.rel1.win32_1.0.100.202602081740/tools/bin/../lib/gcc/arm-none-eabi/14.3.1/../../../../arm-none-eabi/lib/thumb/v7e-m+fp/hard\libc_nano.a(libc_a-signal.o)
 .ARM.attributes
                0x00000d77       0x34 C:/ST/STM32CubeIDE_2.1.0/STM32CubeIDE/plugins/com.st.stm32cube.ide.mcu.externaltools.gnu-tools-for-stm32.14.3.rel1.win32_1.0.100.202602081740/tools/bin/../lib/gcc/arm-none-eabi/14.3.1/../../../../arm-none-eabi/lib/thumb/v7e-m+fp/hard\libc_nano.a(libc_a-signalr.o)
 .ARM.attributes
                0x00000dab       0x1c C:/ST/STM32CubeIDE_2.1.0/STM32CubeIDE/plugins/com.st.stm32cube.ide.mcu.externaltools.gnu-tools-for-stm32.14.3.rel1.win32_1.0.100.202602081740/tools/bin/../lib/gcc/arm-none-eabi/14.3.1/../../../../arm-none-eabi/lib/thumb/v7e-m+fp/hard\libc_nano.a(libc_a-memchr.o)
 .ARM.attributes
                0x00000dc7       0x34 C:/ST/STM32CubeIDE_2.1.0/STM32CubeIDE/plugins/com.st.stm32cube.ide.mcu.externaltools.gnu-tools-for-stm32.14.3.rel1.win32_1.0.100.202602081740/tools/bin/../lib/gcc/arm-none-eabi/14.3.1/../../../../arm-none-eabi/lib/thumb/v7e-m+fp/hard\libc_nano.a(libc_a-makebuf.o)
 .ARM.attributes
                0x00000dfb       0x34 C:/ST/STM32CubeIDE_2.1.0/STM32CubeIDE/plugins/com.st.stm32cube.ide.mcu.externaltools.gnu-tools-for-stm32.14.3.rel1.win32_1.0.100.202602081740/tools/bin/../lib/gcc/arm-none-eabi/14.3.1/../../../../arm-none-eabi/lib/thumb/v7e-m+fp/hard\libc_nano.a(libc_a-fstatr.o)
 .ARM.attributes
                0x00000e2f       0x34 C:/ST/STM32CubeIDE_2.1.0/STM32CubeIDE/plugins/com.st.stm32cube.ide.mcu.externaltools.gnu-tools-for-stm32.14.3.rel1.win32_1.0.100.202602081740/tools/bin/../lib/gcc/arm-none-eabi/14.3.1/../../../../arm-none-eabi/lib/thumb/v7e-m+fp/hard\libc_nano.a(libc_a-isattyr.o)
 .ARM.attributes
                0x00000e63       0x22 C:/ST/STM32CubeIDE_2.1.0/STM32CubeIDE/plugins/com.st.stm32cube.ide.mcu.externaltools.gnu-tools-for-stm32.14.3.rel1.win32_1.0.100.202602081740/tools/bin/../lib/gcc/arm-none-eabi/14.3.1/thumb/v7e-m+fp/hard\libgcc.a(_aeabi_uldivmod.o)
 .ARM.attributes
                0x00000e85       0x34 C:/ST/STM32CubeIDE_2.1.0/STM32CubeIDE/plugins/com.st.stm32cube.ide.mcu.externaltools.gnu-tools-for-stm32.14.3.rel1.win32_1.0.100.202602081740/tools/bin/../lib/gcc/arm-none-eabi/14.3.1/thumb/v7e-m+fp/hard\libgcc.a(_udivmoddi4.o)
 .ARM.attributes
                0x00000eb9       0x22 C:/ST/STM32CubeIDE_2.1.0/STM32CubeIDE/plugins/com.st.stm32cube.ide.mcu.externaltools.gnu-tools-for-stm32.14.3.rel1.win32_1.0.100.202602081740/tools/bin/../lib/gcc/arm-none-eabi/14.3.1/thumb/v7e-m+fp/hard\libgcc.a(_dvmd_tls.o)
 .ARM.attributes
                0x00000edb       0x22 C:/ST/STM32CubeIDE_2.1.0/STM32CubeIDE/plugins/com.st.stm32cube.ide.mcu.externaltools.gnu-tools-for-stm32.14.3.rel1.win32_1.0.100.202602081740/tools/bin/../lib/gcc/arm-none-eabi/14.3.1/thumb/v7e-m+fp/hard/crtn.o
OUTPUT(MCUBoot_Bootloader.elf elf32-littlearm)
LOAD linker stubs