Archive member included to satisfy reference by file (symbol)

C:/ST/STM32CubeIDE_2.1.0/STM32CubeIDE/plugins/com.st.stm32cube.ide.mcu.externaltools.gnu-tools-for-stm32.14.3.rel1.win32_1.0.100.202602081740/tools/bin/../lib/gcc/arm-none-eabi/14.3.1/../../../../arm-none-eabi/lib/thumb/v7e-m+fp/hard\libc_nano.a(libc_a-assert.o)
                              ./MCUBoot/bootutil/src/bootutil_loader.o (__assert_func)
C:/ST/STM32CubeIDE_2.1.0/STM32CubeIDE/plugins/com.st.stm32cube.ide.mcu.externaltools.gnu-tools-for-stm32.14.3.rel1.win32_1.0.100.202602081740/tools/bin/../lib/gcc/arm-none-eabi/14.3.1/../../../../arm-none-eabi/lib/thumb/v7e-m+fp/hard\libc_nano.a(libc_a-calloc.o)
                              ./MCUBoot/crypto/mbedtls/library/asn1parse.o (calloc)
C:/ST/STM32CubeIDE_2.1.0/STM32CubeIDE/plugins/com.st.stm32cube.ide.mcu.externaltools.gnu-tools-for-stm32.14.3.rel1.win32_1.0.100.202602081740/tools/bin/../lib/gcc/arm-none-eabi/14.3.1/../../../../arm-none-eabi/lib/thumb/v7e-m+fp/hard\libc_nano.a(libc_a-callocr.o)
                              C:/ST/STM32CubeIDE_2.1.0/STM32CubeIDE/plugins/com.st.stm32cube.ide.mcu.externaltools.gnu-tools-for-stm32.14.3.rel1.win32_1.0.100.202602081740/tools/bin/../lib/gcc/arm-none-eabi/14.3.1/../../../../arm-none-eabi/lib/thumb/v7e-m+fp/hard\libc_nano.a(libc_a-calloc.o) (_calloc_r)
C:/ST/STM32CubeIDE_2.1.0/STM32CubeIDE/plugins/com.st.stm32cube.ide.mcu.externaltools.gnu-tools-for-stm32.14.3.rel1.win32_1.0.100.202602081740/tools/bin/../lib/gcc/arm-none-eabi/14.3.1/../../../../arm-none-eabi/lib/thumb/v7e-m+fp/hard\libc_nano.a(libc_a-exit.o)
                              C:/ST/STM32CubeIDE_2.1.0/STM32CubeIDE/plugins/com.st.stm32cube.ide.mcu.externaltools.gnu-tools-for-stm32.14.3.rel1.win32_1.0.100.202602081740/tools/bin/../lib/gcc/arm-none-eabi/14.3.1/../../../../arm-none-eabi/lib/thumb/v7e-m+fp/hard/crt0.o (exit)
C:/ST/STM32CubeIDE_2.1.0/STM32CubeIDE/plugins/com.st.stm32cube.ide.mcu.externaltools.gnu-tools-for-stm32.14.3.rel1.win32_1.0.100.202602081740/tools/bin/../lib/gcc/arm-none-eabi/14.3.1/../../../../arm-none-eabi/lib/thumb/v7e-m+fp/hard\libc_nano.a(libc_a-malloc.o)
                              ./MCUBoot/bootutil/src/loader.o (malloc)
C:/ST/STM32CubeIDE_2.1.0/STM32CubeIDE/plugins/com.st.stm32cube.ide.mcu.externaltools.gnu-tools-for-stm32.14.3.rel1.win32_1.0.100.202602081740/tools/bin/../lib/gcc/arm-none-eabi/14.3.1/../../../../arm-none-eabi/lib/thumb/v7e-m+fp/hard\libc_nano.a(libc_a-mallocr.o)
                              C:/ST/STM32CubeIDE_2.1.0/STM32CubeIDE/plugins/com.st.stm32cube.ide.mcu.externaltools.gnu-tools-for-stm32.14.3.rel1.win32_1.0.100.202602081740/tools/bin/../lib/gcc/arm-none-eabi/14.3.1/../../../../arm-none-eabi/lib/thumb/v7e-m+fp/hard\libc_nano.a(libc_a-callocr.o) (_malloc_r)
C:/ST/STM32CubeIDE_2.1.0/STM32CubeIDE/plugins/com.st.stm32cube.ide.mcu.externaltools.gnu-tools-for-stm32.14.3.rel1.win32_1.0.100.202602081740/tools/bin/../lib/gcc/arm-none-eabi/14.3.1/../../../../arm-none-eabi/lib/thumb/v7e-m+fp/hard\libc_nano.a(libc_a-mlock.o)
                              C:/ST/STM32CubeIDE_2.1.0/STM32CubeIDE/plugins/com.st.stm32cube.ide.mcu.externaltools.gnu-tools-for-stm32.14.3.rel1.win32_1.0.100.202602081740/tools/bin/../lib/gcc/arm-none-eabi/14.3.1/../../../../arm-none-eabi/lib/thumb/v7e-m+fp/hard\libc_nano.a(libc_a-mallocr.o) (__malloc_lock)
C:/ST/STM32CubeIDE_2.1.0/STM32CubeIDE/plugins/com.st.stm32cube.ide.mcu.externaltools.gnu-tools-for-stm32.14.3.rel1.win32_1.0.100.202602081740/tools/bin/../lib/gcc/arm-none-eabi/14.3.1/../../../../arm-none-eabi/lib/thumb/v7e-m+fp/hard\libc_nano.a(libc_a-fclose.o)
                              ./MCUBoot/crypto/mbedtls/library/pkparse.o (fclose)
C:/ST/STM32CubeIDE_2.1.0/STM32CubeIDE/plugins/com.st.stm32cube.ide.mcu.externaltools.gnu-tools-for-stm32.14.3.rel1.win32_1.0.100.202602081740/tools/bin/../lib/gcc/arm-none-eabi/14.3.1/../../../../arm-none-eabi/lib/thumb/v7e-m+fp/hard\libc_nano.a(libc_a-fflush.o)
                              C:/ST/STM32CubeIDE_2.1.0/STM32CubeIDE/plugins/com.st.stm32cube.ide.mcu.externaltools.gnu-tools-for-stm32.14.3.rel1.win32_1.0.100.202602081740/tools/bin/../lib/gcc/arm-none-eabi/14.3.1/../../../../arm-none-eabi/lib/thumb/v7e-m+fp/hard\libc_nano.a(libc_a-fclose.o) (__sflush_r)
C:/ST/STM32CubeIDE_2.1.0/STM32CubeIDE/plugins/com.st.stm32cube.ide.mcu.externaltools.gnu-tools-for-stm32.14.3.rel1.win32_1.0.100.202602081740/tools/bin/../lib/gcc/arm-none-eabi/14.3.1/../../../../arm-none-eabi/lib/thumb/v7e-m+fp/hard\libc_nano.a(libc_a-fgets.o)
                              ./MCUBoot/crypto/mbedtls/library/bignum.o (fgets)
C:/ST/STM32CubeIDE_2.1.0/STM32CubeIDE/plugins/com.st.stm32cube.ide.mcu.externaltools.gnu-tools-for-stm32.14.3.rel1.win32_1.0.100.202602081740/tools/bin/../lib/gcc/arm-none-eabi/14.3.1/../../../../arm-none-eabi/lib/thumb/v7e-m+fp/hard\libc_nano.a(libc_a-findfp.o)
[...]
Memory Configuration

Name             Origin             Length             Attributes
FLASH            0x08000000         0x00020000         xr
RAM              0x20000000         0x00010000         xrw
RAM2             0x10000000         0x00010000         xrw
RAM3             0x20030000         0x00060000         xrw
*default*        0x00000000         0xffffffff

Linker script and memory map

LOAD C:/ST/STM32CubeIDE_2.1.0/STM32CubeIDE/plugins/com.st.stm32cube.ide.mcu.externaltools.gnu-tools-for-stm32.14.3.rel1.win32_1.0.100.202602081740/tools/bin/../lib/gcc/arm-none-eabi/14.3.1/thumb/v7e-m+fp/hard/crti.o
LOAD C:/ST/STM32CubeIDE_2.1.0/STM32CubeIDE/plugins/com.st.stm32cube.ide.mcu.externaltools.gnu-tools-for-stm32.14.3.rel1.win32_1.0.100.202602081740/tools/bin/../lib/gcc/arm-none-eabi/14.3.1/thumb/v7e-m+fp/hard/crtbegin.o
LOAD C:/ST/STM32CubeIDE_2.1.0/STM32CubeIDE/plugins/com.st.stm32cube.ide.mcu.externaltools.gnu-tools-for-stm32.14.3.rel1.win32_1.0.100.202602081740/tools/bin/../lib/gcc/arm-none-eabi/14.3.1/../../../../arm-none-eabi/lib/thumb/v7e-m+fp/hard/crt0.o
LOAD ./Core/Src/gpio.o
LOAD ./Core/Src/iwdg.o
LOAD ./Core/Src/main.o
LOAD ./Core/Src/stm32l4xx_hal_msp.o
LOAD ./Core/Src/stm32l4xx_it.o
LOAD ./Core/Src/syscalls.o
LOAD ./Core/Src/sysmem.o
LOAD ./Core/Src/system_stm32l4xx.o
LOAD ./Core/Src/usart.o
LOAD ./Core/Startup/startup_stm32l4r5vgtx.o
LOAD ./Drivers/STM32L4xx_HAL_Driver/Src/stm32l4xx_hal.o
LOAD ./Drivers/STM32L4xx_HAL_Driver/Src/stm32l4xx_hal_cortex.o
LOAD ./Drivers/STM32L4xx_HAL_Driver/Src/stm32l4xx_hal_dma.o
LOAD ./Drivers/STM32L4xx_HAL_Driver/Src/stm32l4xx_hal_dma_ex.o
LOAD ./Drivers/STM32L4xx_HAL_Driver/Src/stm32l4xx_hal_exti.o
LOAD ./Drivers/STM32L4xx_HAL_Driver/Src/stm32l4xx_hal_flash.o
LOAD ./Drivers/STM32L4xx_HAL_Driver/Src/stm32l4xx_hal_flash_ex.o
LOAD ./Drivers/STM32L4xx_HAL_Driver/Src/stm32l4xx_hal_flash_ramfunc.o
LOAD ./Drivers/STM32L4xx_HAL_Driver/Src/stm32l4xx_hal_gpio.o
LOAD ./Drivers/STM32L4xx_HAL_Driver/Src/stm32l4xx_hal_i2c.o
LOAD ./Drivers/STM32L4xx_HAL_Driver/Src/stm32l4xx_hal_i2c_ex.o
LOAD ./Drivers/STM32L4xx_HAL_Driver/Src/stm32l4xx_hal_iwdg.o
LOAD ./Drivers/STM32L4xx_HAL_Driver/Src/stm32l4xx_hal_pwr.o
LOAD ./Drivers/STM32L4xx_HAL_Driver/Src/stm32l4xx_hal_pwr_ex.o
LOAD ./Drivers/STM32L4xx_HAL_Driver/Src/stm32l4xx_hal_rcc.o
LOAD ./Drivers/STM32L4xx_HAL_Driver/Src/stm32l4xx_hal_rcc_ex.o
LOAD ./Drivers/STM32L4xx_HAL_Driver/Src/stm32l4xx_hal_uart.o
LOAD ./Drivers/STM32L4xx_HAL_Driver/Src/stm32l4xx_hal_uart_ex.o
LOAD ./MCUBoot/bootutil/src/boot_record.o
LOAD ./MCUBoot/bootutil/src/bootutil_area.o
LOAD ./MCUBoot/bootutil/src/bootutil_find_key.o
LOAD ./MCUBoot/bootutil/src/bootutil_img_hash.o
LOAD ./MCUBoot/bootutil/src/bootutil_loader.o
LOAD ./MCUBoot/bootutil/src/bootutil_misc.o
LOAD ./MCUBoot/bootutil/src/bootutil_public.o
LOAD ./MCUBoot/bootutil/src/caps.o
LOAD ./MCUBoot/bootutil/src/encrypted.o
LOAD ./MCUBoot/bootutil/src/fault_injection_hardening.o
LOAD ./MCUBoot/bootutil/src/image_ecdsa.o
LOAD ./MCUBoot/bootutil/src/image_validate.o
LOAD ./MCUBoot/bootutil/src/loader.o
LOAD ./MCUBoot/bootutil/src/swap_misc.o
LOAD ./MCUBoot/bootutil/src/swap_move.o
LOAD ./MCUBoot/bootutil/src/tlv.o
LOAD ./MCUBoot/crypto/mbedtls/library/asn1parse.o
LOAD ./MCUBoot/crypto/mbedtls/library/asn1write.o
LOAD ./MCUBoot/crypto/mbedtls/library/bignum.o
LOAD ./MCUBoot/crypto/mbedtls/library/bignum_core.o
LOAD ./MCUBoot/crypto/mbedtls/library/bignum_mod.o
LOAD ./MCUBoot/crypto/mbedtls/library/bignum_mod_raw.o
LOAD ./MCUBoot/crypto/mbedtls/library/constant_time.o
LOAD ./MCUBoot/crypto/mbedtls/library/ecdsa.o
LOAD ./MCUBoot/crypto/mbedtls/library/ecp.o
LOAD ./MCUBoot/crypto/mbedtls/library/ecp_curves.o
LOAD ./MCUBoot/crypto/mbedtls/library/memory_buffer_alloc.o
LOAD ./MCUBoot/crypto/mbedtls/library/oid.o
LOAD ./MCUBoot/crypto/mbedtls/library/pk.o
LOAD ./MCUBoot/crypto/mbedtls/library/pk_wrap.o
LOAD ./MCUBoot/crypto/mbedtls/library/pkparse.o
LOAD ./MCUBoot/crypto/mbedtls/library/pkwrite.o
LOAD ./MCUBoot/crypto/mbedtls/library/platform.o
LOAD ./MCUBoot/crypto/mbedtls/library/platform_util.o
LOAD ./MCUBoot/crypto/mbedtls/library/sha256.o
LOAD ./MCUBoot/flash_map_backend/boot_hal.o
LOAD ./MCUBoot/flash_map_backend/flash_map_backend.o
LOAD ./MCUBoot/flash_map_backend/keys.o
START GROUP
LOAD C:/ST/STM32CubeIDE_2.1.0/STM32CubeIDE/plugins/com.st.stm32cube.ide.mcu.externaltools.gnu-tools-for-stm32.14.3.rel1.win32_1.0.100.202602081740/tools/bin/../lib/gcc/arm-none-eabi/14.3.1/../../../../arm-none-eabi/lib/thumb/v7e-m+fp/hard\libc_nano.a
LOAD C:/ST/STM32CubeIDE_2.1.0/STM32CubeIDE/plugins/com.st.stm32cube.ide.mcu.externaltools.gnu-tools-for-stm32.14.3.rel1.win32_1.0.100.202602081740/tools/bin/../lib/gcc/arm-none-eabi/14.3.1/../../../../arm-none-eabi/lib/thumb/v7e-m+fp/hard\libm.a
END GROUP
START GROUP
LOAD C:/ST/STM32CubeIDE_2.1.0/STM32CubeIDE/plugins/com.st.stm32cube.ide.mcu.externaltools.gnu-tools-for-stm32.14.3.rel1.win32_1.0.100.202602081740/tools/bin/../lib/gcc/arm-none-eabi/14.3.1/thumb/v7e-m+fp/hard\libgcc.a
LOAD C:/ST/STM32CubeIDE_2.1.0/STM32CubeIDE/plugins/com.st.stm32cube.ide.mcu.externaltools.gnu-tools-for-stm32.14.3.rel1.win32_1.0.100.202602081740/tools/bin/../lib/gcc/arm-none-eabi/14.3.1/../../../../arm-none-eabi/lib/thumb/v7e-m+fp/hard\libc_nano.a
END GROUP
START GROUP
LOAD C:/ST/STM32CubeIDE_2.1.0/STM32CubeIDE/plugins/com.st.stm32cube.ide.mcu.externaltools.gnu-tools-for-stm32.14.3.rel1.win32_1.0.100.202602081740/tools/bin/../lib/gcc/arm-none-eabi/14.3.1/thumb/v7e-m+fp/hard\libgcc.a
LOAD C:/ST/STM32CubeIDE_2.1.0/STM32CubeIDE/plugins/com.st.stm32cube.ide.mcu.externaltools.gnu-tools-for-stm32.14.3.rel1.win32_1.0.100.202602081740/tools/bin/../lib/gcc/arm-none-eabi/14.3.1/../../../../arm-none-eabi/lib/thumb/v7e-m+fp/hard\libc_nano.a
LOAD C:/ST/STM32CubeIDE_2.1.0/STM32CubeIDE/plugins/com.st.stm32cube.ide.mcu.externaltools.gnu-tools-for-stm32.14.3.rel1.win32_1.0.100.202602081740/tools/bin/../lib/gcc/arm-none-eabi/14.3.1/../../../../arm-none-eabi/lib/thumb/v7e-m+fp/hard\libnosys.a
END GROUP
START GROUP
LOAD C:/ST/STM32CubeIDE_2.1.0/STM32CubeIDE/plugins/com.st.stm32cube.ide.mcu.externaltools.gnu-tools-for-stm32.14.3.rel1.win32_1.0.100.202602081740/tools/bin/../lib/gcc/arm-none-eabi/14.3.1/thumb/v7e-m+fp/hard\libgcc.a
LOAD C:/ST/STM32CubeIDE_2.1.0/STM32CubeIDE/plugins/com.st.stm32cube.ide.mcu.externaltools.gnu-tools-for-stm32.14.3.rel1.win32_1.0.100.202602081740/tools/bin/../lib/gcc/arm-none-eabi/14.3.1/../../../../arm-none-eabi/lib/thumb/v7e-m+fp/hard\libc_nano.a
LOAD C:/ST/STM32CubeIDE_2.1.0/STM32CubeIDE/plugins/com.st.stm32cube.ide.mcu.externaltools.gnu-tools-for-stm32.14.3.rel1.win32_1.0.100.202602081740/tools/bin/../lib/gcc/arm-none-eabi/14.3.1/../../../../arm-none-eabi/lib/thumb/v7e-m+fp/hard\libnosys.a
END GROUP
LOAD C:/ST/STM32CubeIDE_2.1.0/STM32CubeIDE/plugins/com.st.stm32cube.ide.mcu.externaltools.gnu-tools-for-stm32.14.3.rel1.win32_1.0.100.202602081740/tools/bin/../lib/gcc/arm-none-eabi/14.3.1/thumb/v7e-m+fp/hard/crtend.o
LOAD C:/ST/STM32CubeIDE_2.1.0/STM32CubeIDE/plugins/com.st.stm32cube.ide.mcu.externaltools.gnu-tools-for-stm32.14.3.rel1.win32_1.0.100.202602081740/tools/bin/../lib/gcc/arm-none-eabi/14.3.1/thumb/v7e-m+fp/hard/crtn.o
                0x20090000                        _estack = (ORIGIN (RAM3) + LENGTH (RAM3))
                0x00000200                        _Min_Heap_Size = 0x200
                0x00000400                        _Min_Stack_Size = 0x400

.isr_vector     0x08000000      0x1bc
                0x08000000                        . = ALIGN (0x4)
 *(.isr_vector)
 .isr_vector    0x08000000      0x1bc ./Core/Startup/startup_stm32l4r5vgtx.o
                0x08000000                g_pfnVectors
                0x080001bc                        . = ALIGN (0x4)

.text           0x080001c0     0xac74
                0x080001c0                        . = ALIGN (0x4)
 *(.text)
 .text          0x080001c0       0x40 C:/ST/STM32CubeIDE_2.1.0/STM32CubeIDE/plugins/com.st.stm32cube.ide.mcu.externaltools.gnu-tools-for-stm32.14.3.rel1.win32_1.0.100.202602081740/tools/bin/../lib/gcc/arm-none-eabi/14.3.1/thumb/v7e-m+fp/hard/crtbegin.o
 .text          0x08000200       0xa0 C:/ST/STM32CubeIDE_2.1.0/STM32CubeIDE/plugins/com.st.stm32cube.ide.mcu.externaltools.gnu-tools-for-stm32.14.3.rel1.win32_1.0.100.202602081740/tools/bin/../lib/gcc/arm-none-eabi/14.3.1/../../../../arm-none-eabi/lib/thumb/v7e-m+fp/hard\libc_nano.a(libc_a-memchr.o)
                0x08000200                memchr
 .text          0x080002a0       0x30 C:/ST/STM32CubeIDE_2.1.0/STM32CubeIDE/plugins/com.st.stm32cube.ide.mcu.externaltools.gnu-tools-for-stm32.14.3.rel1.win32_1.0.100.202602081740/tools/bin/../lib/gcc/arm-none-eabi/14.3.1/thumb/v7e-m+fp/hard\libgcc.a(_aeabi_uldivmod.o)
                0x080002a0                __aeabi_uldivmod
 .text          0x080002d0      0x2f8 C:/ST/STM32CubeIDE_2.1.0/STM32CubeIDE/plugins/com.st.stm32cube.ide.mcu.externaltools.gnu-tools-for-stm32.14.3.rel1.win32_1.0.100.202602081740/tools/bin/../lib/gcc/arm-none-eabi/14.3.1/thumb/v7e-m+fp/hard\libgcc.a(_udivmoddi4.o)
                0x080002d0                __udivmoddi4
 .text          0x080005c8        0x4 C:/ST/STM32CubeIDE_2.1.0/STM32CubeIDE/plugins/com.st.stm32cube.ide.mcu.externaltools.gnu-tools-for-stm32.14.3.rel1.win32_1.0.100.202602081740/tools/bin/../lib/gcc/arm-none-eabi/14.3.1/thumb/v7e-m+fp/hard\libgcc.a(_dvmd_tls.o)
                0x080005c8                __aeabi_idiv0
                0x080005c8                __aeabi_ldiv0
 *(.text*)
 .text.MX_GPIO_Init
                0x080005cc       0x30 ./Core/Src/gpio.o
                0x080005cc                MX_GPIO_Init
 .text._write   0x080005fc       0x18 ./Core/Src/main.o
                0x080005fc                _write
 .text.mcuboot_watchdog_feed
                0x08000614        0x2 ./Core/Src/main.o
                0x08000614                mcuboot_watchdog_feed
 *fill*         0x08000616        0x2 
 .text.Error_Handler
                0x08000618       0x14 ./Core/Src/main.o
                0x08000618                Error_Handler
 .text.SystemClock_Config
                0x0800062c       0x72 ./Core/Src/main.o
                0x0800062c                SystemClock_Config
 *fill*         0x0800069e        0x2 
 .text.startup.main
                0x080006a0       0xa8 ./Core/Src/main.o
                0x080006a0                main
 .text.HAL_MspInit
                0x08000748       0x30 ./Core/Src/stm32l4xx_hal_msp.o
                0x08000748                HAL_MspInit
 .text.NMI_Handler
                0x08000778        0x2 ./Core/Src/stm32l4xx_it.o
                0x08000778                NMI_Handler
 .text.HardFault_Handler
                0x0800077a        0x2 ./Core/Src/stm32l4xx_it.o
                0x0800077a                HardFault_Handler
 .text.MemManage_Handler
                0x0800077c        0x2 ./Core/Src/stm32l4xx_it.o
                0x0800077c                MemManage_Handler
 .text.BusFault_Handler
                0x0800077e        0x2 ./Core/Src/stm32l4xx_it.o
                0x0800077e                BusFault_Handler
 .text.UsageFault_Handler
                0x08000780        0x2 ./Core/Src/stm32l4xx_it.o
                0x08000780                UsageFault_Handler
 .text.SVC_Handler
                0x08000782        0x2 ./Core/Src/stm32l4xx_it.o
                0x08000782                SVC_Handler
 .text.DebugMon_Handler
                0x08000784        0x2 ./Core/Src/stm32l4xx_it.o
                0x08000784                DebugMon_Handler
 .text.PendSV_Handler
                0x08000786        0x2 ./Core/Src/stm32l4xx_it.o
                0x08000786                PendSV_Handler
 .text.SysTick_Handler
                0x08000788        0x4 ./Core/Src/stm32l4xx_it.o
                0x08000788                SysTick_Handler
 .text._getpid  0x0800078c        0x4 ./Core/Src/syscalls.o
                0x0800078c                _getpid
 .text._kill    0x08000790       0x10 ./Core/Src/syscalls.o
                0x08000790                _kill
 .text._exit    0x080007a0        0xc ./Core/Src/syscalls.o
                0x080007a0                _exit
 .text._read    0x080007ac       0x1c ./Core/Src/syscalls.o
                0x080007ac                _read
 .text._close   0x080007c8        0x6 ./Core/Src/syscalls.o
                0x080007c8                _close
 .text._fstat   0x080007ce        0xa ./Core/Src/syscalls.o
                0x080007ce                _fstat
 .text._isatty  0x080007d8        0x4 ./Core/Src/syscalls.o
                0x080007d8                _isatty
 .text._lseek   0x080007dc        0x4 ./Core/Src/syscalls.o
                0x080007dc                _lseek
 .text._sbrk    0x080007e0       0x3c ./Core/Src/sysmem.o
                0x080007e0                _sbrk
 .text.SystemInit
                0x0800081c       0x14 ./Core/Src/system_stm32l4xx.o
                0x0800081c                SystemInit
 .text.MX_UART4_Init
                0x08000830       0x68 ./Core/Src/usart.o
                0x08000830                MX_UART4_Init
 .text.MX_USART2_UART_Init
                0x08000898       0x68 ./Core/Src/usart.o
                0x08000898                MX_USART2_UART_Init
 .text.HAL_UART_MspInit
                0x08000900       0xd4 ./Core/Src/usart.o
                0x08000900                HAL_UART_MspInit
 .text.Reset_Handler
                0x080009d4       0x50 ./Core/Startup/startup_stm32l4r5vgtx.o
                0x080009d4                Reset_Handler
 .text.Default_Handler
                0x08000a24        0x2 ./Core/Startup/startup_stm32l4r5vgtx.o
                0x08000a24                RTC_Alarm_IRQHandler
                0x08000a24                EXTI2_IRQHandler
                0x08000a24                TIM8_TRG_COM_IRQHandler
                0x08000a24                TIM8_CC_IRQHandler
                0x08000a24                TIM1_CC_IRQHandler
                0x08000a24                TSC_IRQHandler
                0x08000a24                TAMP_STAMP_IRQHandler
                0x08000a24                EXTI3_IRQHandler
                0x08000a24                LPTIM2_IRQHandler
                0x08000a24                DFSDM1_FLT1_IRQHandler
                0x08000a24                GFXMMU_IRQHandler
                0x08000a24                I2C3_ER_IRQHandler
                0x08000a24                DFSDM1_FLT2_IRQHandler
                0x08000a24                EXTI0_IRQHandler
                0x08000a24                I2C2_EV_IRQHandler
                0x08000a24                CAN1_RX0_IRQHandler
                0x08000a24                FPU_IRQHandler
                0x08000a24                TIM1_UP_TIM16_IRQHandler
                0x08000a24                LTDC_ER_IRQHandler
                0x08000a24                SPI1_IRQHandler
                0x08000a24                OCTOSPI1_IRQHandler
                0x08000a24                TIM6_DAC_IRQHandler
                0x08000a24                DCMI_IRQHandler
                0x08000a24                TIM8_UP_IRQHandler
                0x08000a24                OCTOSPI2_IRQHandler
                0x08000a24                DMA2_Channel2_IRQHandler
                0x08000a24                DMA1_Channel4_IRQHandler
                0x08000a24                SAI2_IRQHandler
                0x08000a24                ADC1_IRQHandler
                0x08000a24                DFSDM1_FLT3_IRQHandler
                0x08000a24                USART3_IRQHandler
                0x08000a24                DMA1_Channel7_IRQHandler
                0x08000a24                CAN1_RX1_IRQHandler
                0x08000a24                UART5_IRQHandler
                0x08000a24                TIM4_IRQHandler
                0x08000a24                DMA2_Channel1_IRQHandler
                0x08000a24                I2C1_EV_IRQHandler
                0x08000a24                DMAMUX1_OVR_IRQHandler
                0x08000a24                DMA1_Channel6_IRQHandler
                0x08000a24                UART4_IRQHandler
                0x08000a24                DMA2_Channel4_IRQHandler
                0x08000a24                TIM3_IRQHandler
                0x08000a24                RCC_IRQHandler
                0x08000a24                DMA1_Channel1_IRQHandler
                0x08000a24                Default_Handler
                0x08000a24                DMA2_Channel7_IRQHandler
                0x08000a24                EXTI15_10_IRQHandler
                0x08000a24                TIM7_IRQHandler
                0x08000a24                SDMMC1_IRQHandler
                0x08000a24                TIM5_IRQHandler
                0x08000a24                I2C3_EV_IRQHandler
                0x08000a24                EXTI9_5_IRQHandler
                0x08000a24                RTC_WKUP_IRQHandler
                0x08000a24                LTDC_IRQHandler
                0x08000a24                PVD_PVM_IRQHandler
                0x08000a24                SPI2_IRQHandler
                0x08000a24                CAN1_TX_IRQHandler
                0x08000a24                DMA2_Channel5_IRQHandler
                0x08000a24                CRS_IRQHandler
                0x08000a24                DMA1_Channel5_IRQHandler
                0x08000a24                EXTI4_IRQHandler
                0x08000a24                RNG_IRQHandler
                0x08000a24                TIM1_TRG_COM_TIM17_IRQHandler
                0x08000a24                DMA1_Channel3_IRQHandler
                0x08000a24                COMP_IRQHandler
                0x08000a24                WWDG_IRQHandler
                0x08000a24                I2C4_EV_IRQHandler
                0x08000a24                LPUART1_IRQHandler
                0x08000a24                DMA2_Channel6_IRQHandler
                0x08000a24                TIM2_IRQHandler
                0x08000a24                DMA2D_IRQHandler
                0x08000a24                EXTI1_IRQHandler
                0x08000a24                USART2_IRQHandler
                0x08000a24                DFSDM1_FLT0_IRQHandler
                0x08000a24                I2C2_ER_IRQHandler
                0x08000a24                DMA1_Channel2_IRQHandler
                0x08000a24                TIM8_BRK_IRQHandler
                0x08000a24                CAN1_SCE_IRQHandler
                0x08000a24                FLASH_IRQHandler
                0x08000a24                USART1_IRQHandler
                0x08000a24                OTG_FS_IRQHandler
                0x08000a24                SPI3_IRQHandler
                0x08000a24                I2C1_ER_IRQHandler
                0x08000a24                FMC_IRQHandler
                0x08000a24                LPTIM1_IRQHandler
                0x08000a24                I2C4_ER_IRQHandler
                0x08000a24                SAI1_IRQHandler
                0x08000a24                DMA2_Channel3_IRQHandler
                0x08000a24                TIM1_BRK_TIM15_IRQHandler
 *fill*         0x08000a26        0x2 
 .text.HAL_InitTick
                0x08000a28       0x4c ./Drivers/STM32L4xx_HAL_Driver/Src/stm32l4xx_hal.o
                0x08000a28                HAL_InitTick
 .text.HAL_Init
                0x08000a74       0x2c ./Drivers/STM32L4xx_HAL_Driver/Src/stm32l4xx_hal.o
                0x08000a74                HAL_Init
 .text.HAL_IncTick
                0x08000aa0       0x18 ./Drivers/STM32L4xx_HAL_Driver/Src/stm32l4xx_hal.o
                0x08000aa0                HAL_IncTick
 .text.HAL_GetTick
                0x08000ab8        0xc ./Drivers/STM32L4xx_HAL_Driver/Src/stm32l4xx_hal.o
                0x08000ab8                HAL_GetTick
 .text.HAL_Delay
                0x08000ac4       0x28 ./Drivers/STM32L4xx_HAL_Driver/Src/stm32l4xx_hal.o
                0x08000ac4                HAL_Delay
 .text.HAL_NVIC_SetPriorityGrouping
                0x08000aec       0x24 ./Drivers/STM32L4xx_HAL_Driver/Src/stm32l4xx_hal_cortex.o
                0x08000aec                HAL_NVIC_SetPriorityGrouping
 .text.HAL_NVIC_SetPriority
                0x08000b10       0x64 ./Drivers/STM32L4xx_HAL_Driver/Src/stm32l4xx_hal_cortex.o
                0x08000b10                HAL_NVIC_SetPriority
 .text.HAL_SYSTICK_Config
                0x08000b74       0x28 ./Drivers/STM32L4xx_HAL_Driver/Src/stm32l4xx_hal_cortex.o
                0x08000b74                HAL_SYSTICK_Config
 .text.HAL_MPU_Enable
                0x08000b9c       0x18 ./Drivers/STM32L4xx_HAL_Driver/Src/stm32l4xx_hal_cortex.o
                0x08000b9c                HAL_MPU_Enable
 .text.HAL_MPU_Disable
                0x08000bb4       0x14 ./Drivers/STM32L4xx_HAL_Driver/Src/stm32l4xx_hal_cortex.o
                0x08000bb4                HAL_MPU_Disable
 .text.HAL_MPU_ConfigRegion
                0x08000bc8       0x58 ./Drivers/STM32L4xx_HAL_Driver/Src/stm32l4xx_hal_cortex.o
                0x08000bc8                HAL_MPU_ConfigRegion
 .text.FLASH_Program_Fast
                0x08000c20       0x2c ./Drivers/STM32L4xx_HAL_Driver/Src/stm32l4xx_hal_flash.o
 .text.HAL_FLASH_Unlock
                0x08000c4c       0x24 ./Drivers/STM32L4xx_HAL_Driver/Src/stm32l4xx_hal_flash.o
                0x08000c4c                HAL_FLASH_Unlock
 .text.HAL_FLASH_Lock
                0x08000c70       0x14 ./Drivers/STM32L4xx_HAL_Driver/Src/stm32l4xx_hal_flash.o
                0x08000c70                HAL_FLASH_Lock
 .text.FLASH_WaitForLastOperation
                0x08000c84       0x54 ./Drivers/STM32L4xx_HAL_Driver/Src/stm32l4xx_hal_flash.o
                0x08000c84                FLASH_WaitForLastOperation
 .text.HAL_FLASH_Program
                0x08000cd8       0xa4 ./Drivers/STM32L4xx_HAL_Driver/Src/stm32l4xx_hal_flash.o
                0x08000cd8                HAL_FLASH_Program
 .text.FLASH_MassErase
                0x08000d7c       0x3c ./Drivers/STM32L4xx_HAL_Driver/Src/stm32l4xx_hal_flash_ex.o
 .text.FLASH_PageErase
                0x08000db8       0x3c ./Drivers/STM32L4xx_HAL_Driver/Src/stm32l4xx_hal_flash_ex.o
                0x08000db8                FLASH_PageErase
 .text.FLASH_FlushCaches
                0x08000df4       0x60 ./Drivers/STM32L4xx_HAL_Driver/Src/stm32l4xx_hal_flash_ex.o
                0x08000df4                FLASH_FlushCaches
 .text.HAL_FLASHEx_Erase
                0x08000e54       0xdc ./Drivers/STM32L4xx_HAL_Driver/Src/stm32l4xx_hal_flash_ex.o
                0x08000e54                HAL_FLASHEx_Erase
 .text.HAL_GPIO_Init
                0x08000f30      0x1ac ./Drivers/STM32L4xx_HAL_Driver/Src/stm32l4xx_hal_gpio.o
                0x08000f30                HAL_GPIO_Init
 .text.HAL_IWDG_Refresh
                0x080010dc        0xc ./Drivers/STM32L4xx_HAL_Driver/Src/stm32l4xx_hal_iwdg.o
                0x080010dc                HAL_IWDG_Refresh
 .text.HAL_PWREx_GetVoltageRange
                0x080010e8       0x20 ./Drivers/STM32L4xx_HAL_Driver/Src/stm32l4xx_hal_pwr_ex.o
                0x080010e8                HAL_PWREx_GetVoltageRange
 .text.HAL_PWREx_ControlVoltageScaling
                0x08001108       0xb0 ./Drivers/STM32L4xx_HAL_Driver/Src/stm32l4xx_hal_pwr_ex.o
                0x08001108                HAL_PWREx_ControlVoltageScaling
 .text.RCC_SetFlashLatencyFromMSIRange
                0x080011b8       0x7c ./Drivers/STM32L4xx_HAL_Driver/Src/stm32l4xx_hal_rcc.o
 .text.HAL_RCC_DeInit
                0x08001234       0xe0 ./Drivers/STM32L4xx_HAL_Driver/Src/stm32l4xx_hal_rcc.o
                0x08001234                HAL_RCC_DeInit
 .text.HAL_RCC_GetSysClockFreq
                0x08001314       0x94 ./Drivers/STM32L4xx_HAL_Driver/Src/stm32l4xx_hal_rcc.o
                0x08001314                HAL_RCC_GetSysClockFreq
 .text.HAL_RCC_OscConfig
                0x080013a8      0x54c ./Drivers/STM32L4xx_HAL_Driver/Src/stm32l4xx_hal_rcc.o
                0x080013a8                HAL_RCC_OscConfig
 .text.HAL_RCC_ClockConfig
                0x080018f4      0x1f8 ./Drivers/STM32L4xx_HAL_Driver/Src/stm32l4xx_hal_rcc.o
                0x080018f4                HAL_RCC_ClockConfig
 .text.HAL_RCC_GetPCLK1Freq
                0x08001aec       0x24 ./Drivers/STM32L4xx_HAL_Driver/Src/stm32l4xx_hal_rcc.o
                0x08001aec                HAL_RCC_GetPCLK1Freq
 .text.HAL_RCC_GetPCLK2Freq
                0x08001b10       0x24 ./Drivers/STM32L4xx_HAL_Driver/Src/stm32l4xx_hal_rcc.o
                0x08001b10                HAL_RCC_GetPCLK2Freq
 .text.RCCEx_PLLSAI1_Config
                0x08001b34      0x100 ./Drivers/STM32L4xx_HAL_Driver/Src/stm32l4xx_hal_rcc_ex.o
 .text.RCCEx_PLLSAI2_Config.constprop.0
                0x08001c34       0xc8 ./Drivers/STM32L4xx_HAL_Driver/Src/stm32l4xx_hal_rcc_ex.o
 .text.HAL_RCCEx_PeriphCLKConfig
                0x08001cfc      0x448 ./Drivers/STM32L4xx_HAL_Driver/Src/stm32l4xx_hal_rcc_ex.o
                0x08001cfc                HAL_RCCEx_PeriphCLKConfig
 .text.UART_EndRxTransfer
                0x08002144       0x58 ./Drivers/STM32L4xx_HAL_Driver/Src/stm32l4xx_hal_uart.o
 .text.UART_SetConfig
                0x0800219c      0x254 ./Drivers/STM32L4xx_HAL_Driver/Src/stm32l4xx_hal_uart.o
                0x0800219c                UART_SetConfig
 .text.UART_AdvFeatureConfig
                0x080023f0       0xa8 ./Drivers/STM32L4xx_HAL_Driver/Src/stm32l4xx_hal_uart.o
                0x080023f0                UART_AdvFeatureConfig
 .text.UART_WaitOnFlagUntilTimeout
                0x08002498       0x90 ./Drivers/STM32L4xx_HAL_Driver/Src/stm32l4xx_hal_uart.o
                0x08002498                UART_WaitOnFlagUntilTimeout
 .text.HAL_UART_Transmit
                0x08002528       0xb6 ./Drivers/STM32L4xx_HAL_Driver/Src/stm32l4xx_hal_uart.o
                0x08002528                HAL_UART_Transmit
 .text.UART_CheckIdleState
                0x080025de       0xb6 ./Drivers/STM32L4xx_HAL_Driver/Src/stm32l4xx_hal_uart.o
                0x080025de                UART_CheckIdleState
 .text.HAL_UART_Init
                0x08002694       0x60 ./Drivers/STM32L4xx_HAL_Driver/Src/stm32l4xx_hal_uart.o
                0x08002694                HAL_UART_Init
 .text.UARTEx_SetNbDataToProcess
                0x080026f4       0x44 ./Drivers/STM32L4xx_HAL_Driver/Src/stm32l4xx_hal_uart_ex.o
 .text.HAL_UARTEx_DisableFifoMode
                0x08002738       0x36 ./Drivers/STM32L4xx_HAL_Driver/Src/stm32l4xx_hal_uart_ex.o
                0x08002738                HAL_UARTEx_DisableFifoMode
 .text.HAL_UARTEx_SetTxFifoThreshold
                0x0800276e       0x40 ./Drivers/STM32L4xx_HAL_Driver/Src/stm32l4xx_hal_uart_ex.o
                0x0800276e                HAL_UARTEx_SetTxFifoThreshold
 .text.HAL_UARTEx_SetRxFifoThreshold
                0x080027ae       0x40 ./Drivers/STM32L4xx_HAL_Driver/Src/stm32l4xx_hal_uart_ex.o
                0x080027ae                HAL_UARTEx_SetRxFifoThreshold
 .text.boot_trailer_sz
                0x080027ee        0xa ./MCUBoot/bootutil/src/bootutil_area.o
                0x080027ee                boot_trailer_sz
 .text.boot_trailer_scramble_offset
                0x080027f8       0x60 ./MCUBoot/bootutil/src/bootutil_area.o
                0x080027f8                boot_trailer_scramble_offset
 .text.boot_erase_region
                0x08002858       0xcc ./MCUBoot/bootutil/src/bootutil_area.o
                0x08002858                boot_erase_region
 .text.boot_scramble_region
                0x08002924       0x38 ./MCUBoot/bootutil/src/bootutil_area.o
                0x08002924                boot_scramble_region
 .text.boot_scramble_slot
                0x0800295c       0x18 ./MCUBoot/bootutil/src/bootutil_area.o
                0x0800295c                boot_scramble_slot
 .text.bootutil_find_key
                0x08002974       0x74 ./MCUBoot/bootutil/src/bootutil_find_key.o
                0x08002974                bootutil_find_key
 .text.bootutil_img_hash
                0x080029e8       0xa8 ./MCUBoot/bootutil/src/bootutil_img_hash.o
                0x080029e8                bootutil_img_hash
 .text.boot_check_header_erased
                0x08002a90       0x30 ./MCUBoot/bootutil/src/bootutil_loader.o
                0x08002a90                boot_check_header_erased
 .text.boot_check_header_valid
                0x08002ac0       0x64 ./MCUBoot/bootutil/src/bootutil_loader.o
                0x08002ac0                boot_check_header_valid
 .text.boot_read_image_headers
                0x08002b24       0x30 ./MCUBoot/bootutil/src/bootutil_loader.o
                0x08002b24                boot_read_image_headers
 .text.boot_check_image
                0x08002b54       0x40 ./MCUBoot/bootutil/src/bootutil_loader.o
                0x08002b54                boot_check_image
 .text.boot_add_shared_data
                0x08002b94        0x4 ./MCUBoot/bootutil/src/bootutil_loader.o
                0x08002b94                boot_add_shared_data
 .text.boot_open_all_flash_areas
                0x08002b98       0x48 ./MCUBoot/bootutil/src/bootutil_loader.o
                0x08002b98                boot_open_all_flash_areas
 .text.boot_close_all_flash_areas
                0x08002be0       0x1a ./MCUBoot/bootutil/src/bootutil_loader.o
                0x08002be0                boot_close_all_flash_areas
 .text.boot_state_init
                0x08002bfa        0x8 ./MCUBoot/bootutil/src/bootutil_loader.o
                0x08002bfa                boot_state_init
 .text.boot_fih_memequal
                0x08002c02        0x4 ./MCUBoot/bootutil/src/bootutil_misc.o
                0x08002c02                boot_fih_memequal
 .text.boot_status_entries
                0x08002c06       0x2c ./MCUBoot/bootutil/src/bootutil_misc.o
                0x08002c06                boot_status_entries
 *fill*         0x08002c32        0x2 
 .text.boot_status_off
                0x08002c34       0x3c ./MCUBoot/bootutil/src/bootutil_misc.o
                0x08002c34                boot_status_off
 .text.boot_find_status
                0x08002c70       0x40 ./MCUBoot/bootutil/src/bootutil_misc.o
                0x08002c70                boot_find_status
 .text.boot_read_swap_size
                0x08002cb0       0x1c ./MCUBoot/bootutil/src/bootutil_misc.o
                0x08002cb0                boot_read_swap_size
 .text.boot_write_swap_size
                0x08002ccc       0x40 ./MCUBoot/bootutil/src/bootutil_misc.o
                0x08002ccc                boot_write_swap_size
 .text.bootutil_max_image_size
                0x08002d0c        0x4 ./MCUBoot/bootutil/src/bootutil_misc.o
                0x08002d0c                bootutil_max_image_size
 .text.boot_read_image_size
                0x08002d10       0xb0 ./MCUBoot/bootutil/src/bootutil_misc.o
                0x08002d10                boot_read_image_size
 .text.boot_initialize_area
                0x08002dc0       0x34 ./MCUBoot/bootutil/src/bootutil_misc.o
                0x08002dc0                boot_initialize_area
 .text.boot_read_sectors
                0x08002df4       0x40 ./MCUBoot/bootutil/src/bootutil_misc.o
                0x08002df4                boot_read_sectors
 .text.boot_state_clear
                0x08002e34        0x2 ./MCUBoot/bootutil/src/bootutil_misc.o
                0x08002e34                boot_state_clear
 .text.boot_image_ok_off
                0x08002e36        0xe ./MCUBoot/bootutil/src/bootutil_public.o
 .text.boot_swap_info_off
                0x08002e44        0xa ./MCUBoot/bootutil/src/bootutil_public.o
                0x08002e44                boot_swap_info_off
 .text.boot_magic_compatible_check
                0x08002e4e       0x1c ./MCUBoot/bootutil/src/bootutil_public.o
                0x08002e4e                boot_magic_compatible_check
 .text.bootutil_buffer_is_erased
                0x08002e6a       0x28 ./MCUBoot/bootutil/src/bootutil_public.o
                0x08002e6a                bootutil_buffer_is_erased
 .text.boot_read_flag
                0x08002e92       0x38 ./MCUBoot/bootutil/src/bootutil_public.o
 *fill*         0x08002eca        0x2 
 .text.boot_write_magic
                0x08002ecc       0x68 ./MCUBoot/bootutil/src/bootutil_public.o
                0x08002ecc                boot_write_magic
 .text.boot_write_trailer
                0x08002f34       0x80 ./MCUBoot/bootutil/src/bootutil_public.o
                0x08002f34                boot_write_trailer
 .text.boot_write_trailer_flag
                0x08002fb4       0x12 ./MCUBoot/bootutil/src/bootutil_public.o
                0x08002fb4                boot_write_trailer_flag
 *fill*         0x08002fc6        0x2 
 .text.boot_write_image_ok
                0x08002fc8       0x38 ./MCUBoot/bootutil/src/bootutil_public.o
                0x08002fc8                boot_write_image_ok
 .text.boot_read_image_ok
                0x08003000       0x18 ./MCUBoot/bootutil/src/bootutil_public.o
                0x08003000                boot_read_image_ok
 .text.boot_read_swap_state
                0x08003018       0xb0 ./MCUBoot/bootutil/src/bootutil_public.o
                0x08003018                boot_read_swap_state
 .text.boot_read_swap_state_by_id
                0x080030c8       0x28 ./MCUBoot/bootutil/src/bootutil_public.o
                0x080030c8                boot_read_swap_state_by_id
 .text.boot_write_swap_info
                0x080030f0       0x78 ./MCUBoot/bootutil/src/bootutil_public.o
                0x080030f0                boot_write_swap_info
 .text.boot_swap_type_multi
                0x08003168       0xd8 ./MCUBoot/bootutil/src/bootutil_public.o
                0x08003168                boot_swap_type_multi
 .text.boot_write_copy_done
                0x08003240       0x38 ./MCUBoot/bootutil/src/bootutil_public.o
                0x08003240                boot_write_copy_done
 .text.bootutil_verify_sig
                0x08003278      0x104 ./MCUBoot/bootutil/src/image_ecdsa.o
                0x08003278                bootutil_verify_sig
 .text.bootutil_img_validate
                0x0800337c      0x1a0 ./MCUBoot/bootutil/src/image_validate.o
                0x0800337c                bootutil_img_validate
 .text.boot_validate_slot
                0x0800351c      0x100 ./MCUBoot/bootutil/src/loader.o
 .text.boot_status_is_reset
                0x0800361c       0x1a ./MCUBoot/bootutil/src/loader.o
                0x0800361c                boot_status_is_reset
 *fill*         0x08003636        0x2 
 .text.boot_swap_image.isra.0
                0x08003638       0xd0 ./MCUBoot/bootutil/src/loader.o
 .text.boot_write_status
                0x08003708       0x70 ./MCUBoot/bootutil/src/loader.o
                0x08003708                boot_write_status
 .text.boot_copy_region
                0x08003778       0x58 ./MCUBoot/bootutil/src/loader.o
                0x08003778                boot_copy_region
 .text.context_boot_go
                0x080037d0      0x2d0 ./MCUBoot/bootutil/src/loader.o
                0x080037d0                context_boot_go
 .text.boot_go  0x08003aa0       0x24 ./MCUBoot/bootutil/src/loader.o
                0x08003aa0                boot_go
 .text.swap_scramble_trailer_sectors
                0x08003ac4       0x48 ./MCUBoot/bootutil/src/swap_misc.o
                0x08003ac4                swap_scramble_trailer_sectors
 .text.swap_status_init
                0x08003b0c       0x94 ./MCUBoot/bootutil/src/swap_misc.o
                0x08003b0c                swap_status_init
 .text.swap_read_status
                0x08003ba0       0x84 ./MCUBoot/bootutil/src/swap_misc.o
                0x08003ba0                swap_read_status
 .text.swap_set_copy_done
                0x08003c24       0x28 ./MCUBoot/bootutil/src/swap_misc.o
                0x08003c24                swap_set_copy_done
 .text.swap_set_image_ok
                0x08003c4c       0x40 ./MCUBoot/bootutil/src/swap_misc.o
                0x08003c4c                swap_set_image_ok
 .text.boot_img_sector_off
                0x08003c8c       0x20 ./MCUBoot/bootutil/src/swap_move.o
 .text.find_last_idx
                0x08003cac       0x1c ./MCUBoot/bootutil/src/swap_move.o
                0x08003cac                find_last_idx
 .text.boot_read_image_header
                0x08003cc8       0xcc ./MCUBoot/bootutil/src/swap_move.o
                0x08003cc8                boot_read_image_header
 .text.swap_read_status_bytes
                0x08003d94       0xc4 ./MCUBoot/bootutil/src/swap_move.o
                0x08003d94                swap_read_status_bytes
 .text.boot_status_internal_off
                0x08003e58       0x28 ./MCUBoot/bootutil/src/swap_move.o
                0x08003e58                boot_status_internal_off
 .text.boot_slots_compatible
                0x08003e80       0xac ./MCUBoot/bootutil/src/swap_move.o
                0x08003e80                boot_slots_compatible
 .text.swap_status_source
                0x08003f2c       0xec ./MCUBoot/bootutil/src/swap_move.o
                0x08003f2c                swap_status_source
 .text.fixup_revert
                0x08004018       0xdc ./MCUBoot/bootutil/src/swap_move.o
                0x08004018                fixup_revert
 .text.swap_run
                0x080040f4      0x284 ./MCUBoot/bootutil/src/swap_move.o
                0x080040f4                swap_run
 .text.app_max_size
                0x08004378       0x32 ./MCUBoot/bootutil/src/swap_move.o
                0x08004378                app_max_size
 *fill*         0x080043aa        0x2 
 .text.bootutil_tlv_iter_begin
                0x080043ac       0xa8 ./MCUBoot/bootutil/src/tlv.o
                0x080043ac                bootutil_tlv_iter_begin
 .text.bootutil_tlv_iter_next
                0x08004454       0xdc ./MCUBoot/bootutil/src/tlv.o
                0x08004454                bootutil_tlv_iter_next
 .text.mbedtls_asn1_get_len
                0x08004530       0x5a ./MCUBoot/crypto/mbedtls/library/asn1parse.o
                0x08004530                mbedtls_asn1_get_len
 .text.mbedtls_asn1_get_tag
                0x0800458a       0x28 ./MCUBoot/crypto/mbedtls/library/asn1parse.o
                0x0800458a                mbedtls_asn1_get_tag
 .text.mbedtls_asn1_get_mpi
                0x080045b2       0x26 ./MCUBoot/crypto/mbedtls/library/asn1parse.o
                0x080045b2                mbedtls_asn1_get_mpi
 .text.mbedtls_asn1_get_bitstring_null
                0x080045d8       0x28 ./MCUBoot/crypto/mbedtls/library/asn1parse.o
                0x080045d8                mbedtls_asn1_get_bitstring_null
 .text.mbedtls_asn1_get_alg
                0x08004600       0x94 ./MCUBoot/crypto/mbedtls/library/asn1parse.o
                0x08004600                mbedtls_asn1_get_alg
 .text.mbedtls_ct_mpi_sign_if
                0x08004694       0x12 ./MCUBoot/crypto/mbedtls/library/bignum.o
 .text.mbedtls_mpi_init
                0x080046a6        0xa ./MCUBoot/crypto/mbedtls/library/bignum.o
                0x080046a6                mbedtls_mpi_init
 .text.mbedtls_mpi_free
                0x080046b0       0x1c ./MCUBoot/crypto/mbedtls/library/bignum.o
                0x080046b0                mbedtls_mpi_free
 .text.mbedtls_mpi_grow
                0x080046cc       0x52 ./MCUBoot/crypto/mbedtls/library/bignum.o
                0x080046cc                mbedtls_mpi_grow
 .text.mbedtls_mpi_safe_cond_assign
                0x0800471e       0x52 ./MCUBoot/crypto/mbedtls/library/bignum.o
                0x0800471e                mbedtls_mpi_safe_cond_assign
 .text.mbedtls_mpi_safe_cond_swap
                0x08004770       0x5c ./MCUBoot/crypto/mbedtls/library/bignum.o
                0x08004770                mbedtls_mpi_safe_cond_swap
 .text.mbedtls_mpi_resize_clear
                0x080047cc       0x36 ./MCUBoot/crypto/mbedtls/library/bignum.o
 .text.mbedtls_mpi_shrink
                0x08004802       0x70 ./MCUBoot/crypto/mbedtls/library/bignum.o
                0x08004802                mbedtls_mpi_shrink
 .text.mbedtls_mpi_copy
                0x08004872       0x6e ./MCUBoot/crypto/mbedtls/library/bignum.o
                0x08004872                mbedtls_mpi_copy
 .text.mbedtls_mpi_lset
                0x080048e0       0x38 ./MCUBoot/crypto/mbedtls/library/bignum.o
                0x080048e0                mbedtls_mpi_lset
 .text.mbedtls_mpi_get_bit
                0x08004918       0x20 ./MCUBoot/crypto/mbedtls/library/bignum.o
                0x08004918                mbedtls_mpi_get_bit
 .text.mbedtls_mpi_set_bit
                0x08004938       0x52 ./MCUBoot/crypto/mbedtls/library/bignum.o
                0x08004938                mbedtls_mpi_set_bit
 .text.mbedtls_mpi_lsb
                0x0800498a       0x26 ./MCUBoot/crypto/mbedtls/library/bignum.o
                0x0800498a                mbedtls_mpi_lsb
 .text.mbedtls_mpi_bitlen
                0x080049b0        0x8 ./MCUBoot/crypto/mbedtls/library/bignum.o
                0x080049b0                mbedtls_mpi_bitlen
 .text.mbedtls_mpi_size
                0x080049b8        0xc ./MCUBoot/crypto/mbedtls/library/bignum.o
                0x080049b8                mbedtls_mpi_size
 .text.mbedtls_mpi_read_binary_le
                0x080049c4       0x30 ./MCUBoot/crypto/mbedtls/library/bignum.o
                0x080049c4                mbedtls_mpi_read_binary_le
 .text.mbedtls_mpi_read_binary
                0x080049f4       0x30 ./MCUBoot/crypto/mbedtls/library/bignum.o
                0x080049f4                mbedtls_mpi_read_binary
 .text.mbedtls_mpi_shift_l
                0x08004a24       0x3e ./MCUBoot/crypto/mbedtls/library/bignum.o
                0x08004a24                mbedtls_mpi_shift_l
 .text.mbedtls_mpi_shift_r
                0x08004a62       0x12 ./MCUBoot/crypto/mbedtls/library/bignum.o
                0x08004a62                mbedtls_mpi_shift_r
 .text.mbedtls_mpi_cmp_abs
                0x08004a74       0x5e ./MCUBoot/crypto/mbedtls/library/bignum.o
                0x08004a74                mbedtls_mpi_cmp_abs
 .text.mbedtls_mpi_cmp_mpi
                0x08004ad2       0x90 ./MCUBoot/crypto/mbedtls/library/bignum.o
                0x08004ad2                mbedtls_mpi_cmp_mpi
 .text.mbedtls_mpi_cmp_int
                0x08004b62       0x2e ./MCUBoot/crypto/mbedtls/library/bignum.o
                0x08004b62                mbedtls_mpi_cmp_int
 .text.mbedtls_mpi_add_abs
                0x08004b90       0x9c ./MCUBoot/crypto/mbedtls/library/bignum.o
                0x08004b90                mbedtls_mpi_add_abs
 .text.mbedtls_mpi_sub_abs
                0x08004c2c       0xa8 ./MCUBoot/crypto/mbedtls/library/bignum.o
                0x08004c2c                mbedtls_mpi_sub_abs
 .text.add_sub_mpi
                0x08004cd4       0x66 ./MCUBoot/crypto/mbedtls/library/bignum.o
 .text.mbedtls_mpi_add_mpi
                0x08004d3a        0x6 ./MCUBoot/crypto/mbedtls/library/bignum.o
                0x08004d3a                mbedtls_mpi_add_mpi
 .text.mbedtls_mpi_sub_mpi
                0x08004d40        0x8 ./MCUBoot/crypto/mbedtls/library/bignum.o
                0x08004d40                mbedtls_mpi_sub_mpi
 .text.mbedtls_mpi_add_int
                0x08004d48       0x2e ./MCUBoot/crypto/mbedtls/library/bignum.o
                0x08004d48                mbedtls_mpi_add_int
 .text.mbedtls_mpi_sub_int
                0x08004d76       0x2e ./MCUBoot/crypto/mbedtls/library/bignum.o
                0x08004d76                mbedtls_mpi_sub_int
 .text.mbedtls_mpi_mul_mpi
                0x08004da4       0xdc ./MCUBoot/crypto/mbedtls/library/bignum.o
                0x08004da4                mbedtls_mpi_mul_mpi
 .text.mbedtls_mpi_mul_int
                0x08004e80       0x64 ./MCUBoot/crypto/mbedtls/library/bignum.o
                0x08004e80                mbedtls_mpi_mul_int
 .text.mbedtls_mpi_div_mpi
                0x08004ee4      0x3f4 ./MCUBoot/crypto/mbedtls/library/bignum.o
                0x08004ee4                mbedtls_mpi_div_mpi
 .text.mbedtls_mpi_mod_mpi
                0x080052d8       0x64 ./MCUBoot/crypto/mbedtls/library/bignum.o
                0x080052d8                mbedtls_mpi_mod_mpi
 .text.mbedtls_mpi_exp_mod
                0x0800533c      0x1a4 ./MCUBoot/crypto/mbedtls/library/bignum.o
                0x0800533c                mbedtls_mpi_exp_mod
 .text.mbedtls_mpi_gcd
                0x080054e0       0xf6 ./MCUBoot/crypto/mbedtls/library/bignum.o
                0x080054e0                mbedtls_mpi_gcd
 .text.mbedtls_mpi_random
                0x080055d6       0x42 ./MCUBoot/crypto/mbedtls/library/bignum.o
                0x080055d6                mbedtls_mpi_random
 .text.mbedtls_mpi_inv_mod
                0x08005618      0x34e ./MCUBoot/crypto/mbedtls/library/bignum.o
                0x08005618                mbedtls_mpi_inv_mod
 .text.mbedtls_ct_bool
                0x08005966        0x8 ./MCUBoot/crypto/mbedtls/library/bignum_core.o
 .text.mbedtls_ct_uint_lt
                0x0800596e       0x10 ./MCUBoot/crypto/mbedtls/library/bignum_core.o
 .text.mbedtls_mpi_core_bitlen
                0x0800597e       0x1e ./MCUBoot/crypto/mbedtls/library/bignum_core.o
                0x0800597e                mbedtls_mpi_core_bitlen
 .text.mbedtls_mpi_core_bigendian_to_host
                0x0800599c       0x26 ./MCUBoot/crypto/mbedtls/library/bignum_core.o
                0x0800599c                mbedtls_mpi_core_bigendian_to_host
 .text.mbedtls_mpi_core_uint_le_mpi
                0x080059c2       0x2a ./MCUBoot/crypto/mbedtls/library/bignum_core.o
                0x080059c2                mbedtls_mpi_core_uint_le_mpi
 .text.mbedtls_mpi_core_lt_ct
                0x080059ec       0x3c ./MCUBoot/crypto/mbedtls/library/bignum_core.o
                0x080059ec                mbedtls_mpi_core_lt_ct
 .text.mbedtls_mpi_core_cond_assign
                0x08005a28       0x28 ./MCUBoot/crypto/mbedtls/library/bignum_core.o
                0x08005a28                mbedtls_mpi_core_cond_assign
 .text.mbedtls_mpi_core_cond_swap
                0x08005a50       0x38 ./MCUBoot/crypto/mbedtls/library/bignum_core.o
                0x08005a50                mbedtls_mpi_core_cond_swap
 .text.mbedtls_mpi_core_read_le
                0x08005a88       0x4a ./MCUBoot/crypto/mbedtls/library/bignum_core.o
                0x08005a88                mbedtls_mpi_core_read_le
 .text.mbedtls_mpi_core_read_be
                0x08005ad2       0x4a ./MCUBoot/crypto/mbedtls/library/bignum_core.o
                0x08005ad2                mbedtls_mpi_core_read_be
 .text.mbedtls_mpi_core_shift_r
                0x08005b1c       0x70 ./MCUBoot/crypto/mbedtls/library/bignum_core.o
                0x08005b1c                mbedtls_mpi_core_shift_r
 .text.mbedtls_mpi_core_shift_l
                0x08005b8c       0x6c ./MCUBoot/crypto/mbedtls/library/bignum_core.o
                0x08005b8c                mbedtls_mpi_core_shift_l
 .text.mbedtls_mpi_core_add
                0x08005bf8       0x2c ./MCUBoot/crypto/mbedtls/library/bignum_core.o
                0x08005bf8                mbedtls_mpi_core_add
 .text.mbedtls_mpi_core_sub
                0x08005c24       0x3a ./MCUBoot/crypto/mbedtls/library/bignum_core.o
                0x08005c24                mbedtls_mpi_core_sub
 *fill*         0x08005c5e        0x2 
 .text.mbedtls_mpi_core_mla
                0x08005c60       0xd4 ./MCUBoot/crypto/mbedtls/library/bignum_core.o
                0x08005c60                mbedtls_mpi_core_mla
 .text.mbedtls_mpi_core_mul
                0x08005d34       0x42 ./MCUBoot/crypto/mbedtls/library/bignum_core.o
                0x08005d34                mbedtls_mpi_core_mul
 .text.mbedtls_mpi_core_montmul_init
                0x08005d76       0x28 ./MCUBoot/crypto/mbedtls/library/bignum_core.o
                0x08005d76                mbedtls_mpi_core_montmul_init
 .text.mbedtls_mpi_core_montmul
                0x08005d9e       0x96 ./MCUBoot/crypto/mbedtls/library/bignum_core.o
                0x08005d9e                mbedtls_mpi_core_montmul
 .text.mbedtls_mpi_core_get_mont_r2_unsafe
                0x08005e34       0x34 ./MCUBoot/crypto/mbedtls/library/bignum_core.o
                0x08005e34                mbedtls_mpi_core_get_mont_r2_unsafe
 .text.mbedtls_mpi_core_fill_random
                0x08005e68       0x5e ./MCUBoot/crypto/mbedtls/library/bignum_core.o
                0x08005e68                mbedtls_mpi_core_fill_random
 .text.mbedtls_mpi_core_random
                0x08005ec6       0x84 ./MCUBoot/crypto/mbedtls/library/bignum_core.o
                0x08005ec6                mbedtls_mpi_core_random
 .text.mbedtls_mpi_core_exp_mod_working_limbs
                0x08005f4a       0x16 ./MCUBoot/crypto/mbedtls/library/bignum_core.o
                0x08005f4a                mbedtls_mpi_core_exp_mod_working_limbs
 .text.mbedtls_mpi_core_exp_mod
                0x08005f60      0x166 ./MCUBoot/crypto/mbedtls/library/bignum_core.o
                0x08005f60                mbedtls_mpi_core_exp_mod
 .text.mbedtls_mpi_core_sub_int
                0x080060c6       0x28 ./MCUBoot/crypto/mbedtls/library/bignum_core.o
                0x080060c6                mbedtls_mpi_core_sub_int
 .text.mbedtls_mpi_core_check_zero_ct
                0x080060ee       0x18 ./MCUBoot/crypto/mbedtls/library/bignum_core.o
                0x080060ee                mbedtls_mpi_core_check_zero_ct
 .text.mbedtls_mpi_core_to_mont_rep
                0x08006106       0x18 ./MCUBoot/crypto/mbedtls/library/bignum_core.o
                0x08006106                mbedtls_mpi_core_to_mont_rep
 .text.mbedtls_mpi_core_from_mont_rep
                0x0800611e       0x20 ./MCUBoot/crypto/mbedtls/library/bignum_core.o
                0x0800611e                mbedtls_mpi_core_from_mont_rep
 .text.mbedtls_ct_memcpy_if
                0x0800613e       0x40 ./MCUBoot/crypto/mbedtls/library/constant_time.o
                0x0800613e                mbedtls_ct_memcpy_if
 .text.derive_mpi
                0x0800617e       0x5a ./MCUBoot/crypto/mbedtls/library/ecdsa.o
 .text.mbedtls_ecdsa_can_do
                0x080061d8        0xc ./MCUBoot/crypto/mbedtls/library/ecdsa.o
                0x080061d8                mbedtls_ecdsa_can_do
 .text.mbedtls_ecdsa_verify_restartable
                0x080061e4      0x158 ./MCUBoot/crypto/mbedtls/library/ecdsa.o
                0x080061e4                mbedtls_ecdsa_verify_restartable
 .text.mbedtls_ecdsa_read_signature_restartable
                0x0800633c       0xa4 ./MCUBoot/crypto/mbedtls/library/ecdsa.o
                0x0800633c                mbedtls_ecdsa_read_signature_restartable
 .text.mbedtls_ecdsa_read_signature
                0x080063e0       0x12 ./MCUBoot/crypto/mbedtls/library/ecdsa.o
                0x080063e0                mbedtls_ecdsa_read_signature
 .text.mbedtls_ecdsa_init
                0x080063f2        0x4 ./MCUBoot/crypto/mbedtls/library/ecdsa.o
                0x080063f2                mbedtls_ecdsa_init
 .text.mbedtls_ecdsa_free
                0x080063f6        0x8 ./MCUBoot/crypto/mbedtls/library/ecdsa.o
                0x080063f6                mbedtls_ecdsa_free
 .text.mpi_init_many
                0x080063fe       0x18 ./MCUBoot/crypto/mbedtls/library/ecp.o
 .text.mpi_free_many
                0x08006416       0x18 ./MCUBoot/crypto/mbedtls/library/ecp.o
 .text.ecp_safe_invert_jac
                0x0800642e       0x48 ./MCUBoot/crypto/mbedtls/library/ecp.o
 .text.ecp_select_comb
                0x08006476       0x72 ./MCUBoot/crypto/mbedtls/library/ecp.o
 .text.mbedtls_mpi_sub_mod
                0x080064e8       0x3e ./MCUBoot/crypto/mbedtls/library/ecp.o
 *fill*         0x08006526        0x2 
 .text.mbedtls_mpi_mul_mod
                0x08006528       0xac ./MCUBoot/crypto/mbedtls/library/ecp.o
 .text.ecp_randomize_mxz
                0x080065d4       0x5c ./MCUBoot/crypto/mbedtls/library/ecp.o
 .text.ecp_randomize_jac
                0x08006630       0x90 ./MCUBoot/crypto/mbedtls/library/ecp.o
 .text.ecp_normalize_jac
                0x080066c0       0x88 ./MCUBoot/crypto/mbedtls/library/ecp.o
 .text.ecp_normalize_jac_many
                0x08006748      0x188 ./MCUBoot/crypto/mbedtls/library/ecp.o
 .text.mbedtls_mpi_add_mod
                0x080068d0       0x38 ./MCUBoot/crypto/mbedtls/library/ecp.o
 .text.mbedtls_mpi_mul_int_mod.part.0
                0x08006908       0x26 ./MCUBoot/crypto/mbedtls/library/ecp.o
 .text.mbedtls_ecp_point_free.part.0
                0x0800692e       0x1c ./MCUBoot/crypto/mbedtls/library/ecp.o
 .text.mbedtls_mpi_shift_l_mod.constprop.0
                0x0800694a       0x1e ./MCUBoot/crypto/mbedtls/library/ecp.o
 .text.ecp_sw_rhs
                0x08006968       0x7c ./MCUBoot/crypto/mbedtls/library/ecp.o
 .text.ecp_double_jac
                0x080069e4      0x218 ./MCUBoot/crypto/mbedtls/library/ecp.o
 .text.mbedtls_ecp_get_type
                0x08006bfc       0x12 ./MCUBoot/crypto/mbedtls/library/ecp.o
                0x08006bfc                mbedtls_ecp_get_type
 .text.mbedtls_ecp_point_init
                0x08006c0e       0x1c ./MCUBoot/crypto/mbedtls/library/ecp.o
                0x08006c0e                mbedtls_ecp_point_init
 .text.mbedtls_ecp_group_init
                0x08006c2a       0x42 ./MCUBoot/crypto/mbedtls/library/ecp.o
                0x08006c2a                mbedtls_ecp_group_init
 .text.mbedtls_ecp_keypair_init
                0x08006c6c       0x1c ./MCUBoot/crypto/mbedtls/library/ecp.o
                0x08006c6c                mbedtls_ecp_keypair_init
 .text.mbedtls_ecp_point_free
                0x08006c88        0x8 ./MCUBoot/crypto/mbedtls/library/ecp.o
                0x08006c88                mbedtls_ecp_point_free
 .text.mbedtls_ecp_group_free
                0x08006c90       0x62 ./MCUBoot/crypto/mbedtls/library/ecp.o
                0x08006c90                mbedtls_ecp_group_free
 .text.mbedtls_ecp_keypair_free
                0x08006cf2       0x20 ./MCUBoot/crypto/mbedtls/library/ecp.o
                0x08006cf2                mbedtls_ecp_keypair_free
 .text.mbedtls_ecp_copy
                0x08006d12       0x2c ./MCUBoot/crypto/mbedtls/library/ecp.o
                0x08006d12                mbedtls_ecp_copy
 .text.mbedtls_ecp_set_zero
                0x08006d3e       0x28 ./MCUBoot/crypto/mbedtls/library/ecp.o
                0x08006d3e                mbedtls_ecp_set_zero
 *fill*         0x08006d66        0x2 
 .text.ecp_add_mixed
                0x08006d68      0x1f0 ./MCUBoot/crypto/mbedtls/library/ecp.o
 .text.ecp_mul_comb_after_precomp.isra.0
                0x08006f58      0x204 ./MCUBoot/crypto/mbedtls/library/ecp.o
 .text.mbedtls_ecp_is_zero
                0x0800715c       0x12 ./MCUBoot/crypto/mbedtls/library/ecp.o
                0x0800715c                mbedtls_ecp_is_zero
 *fill*         0x0800716e        0x2 
 .text.mbedtls_ecp_point_read_binary
                0x08007170      0x18c ./MCUBoot/crypto/mbedtls/library/ecp.o
                0x08007170                mbedtls_ecp_point_read_binary
 .text.mbedtls_ecp_check_pubkey
                0x080072fc      0x15c ./MCUBoot/crypto/mbedtls/library/ecp.o
                0x080072fc                mbedtls_ecp_check_pubkey
 .text.mbedtls_ecp_check_privkey
                0x08007458       0x78 ./MCUBoot/crypto/mbedtls/library/ecp.o
                0x08007458                mbedtls_ecp_check_privkey
 .text.ecp_mul_restartable_internal.isra.0
                0x080074d0      0x56c ./MCUBoot/crypto/mbedtls/library/ecp.o
 .text.mbedtls_ecp_mul_shortcuts.isra.0
                0x08007a3c       0xc6 ./MCUBoot/crypto/mbedtls/library/ecp.o
 *fill*         0x08007b02        0x2 
 .text.mbedtls_ecp_muladd_restartable
                0x08007b04       0x80 ./MCUBoot/crypto/mbedtls/library/ecp.o
                0x08007b04                mbedtls_ecp_muladd_restartable
 .text.add64    0x08007b84       0x32 ./MCUBoot/crypto/mbedtls/library/ecp_curves.o
 .text.mbedtls_ecp_fix_negative
                0x08007bb6       0x38 ./MCUBoot/crypto/mbedtls/library/ecp_curves.o
 *fill*         0x08007bee        0x2 
 .text.ecp_mod_p448
                0x08007bf0       0xec ./MCUBoot/crypto/mbedtls/library/ecp_curves.o
 .text.ecp_mod_p255
                0x08007cdc       0x4c ./MCUBoot/crypto/mbedtls/library/ecp_curves.o
 .text.ecp_mod_p521
                0x08007d28       0x64 ./MCUBoot/crypto/mbedtls/library/ecp_curves.o
 .text.ecp_mod_koblitz.constprop.0
                0x08007d8c      0x108 ./MCUBoot/crypto/mbedtls/library/ecp_curves.o
 .text.ecp_mod_p192k1
                0x08007e94        0xc ./MCUBoot/crypto/mbedtls/library/ecp_curves.o
 .text.ecp_mod_p224k1
                0x08007ea0        0xc ./MCUBoot/crypto/mbedtls/library/ecp_curves.o
 .text.ecp_mod_p256k1
                0x08007eac        0xc ./MCUBoot/crypto/mbedtls/library/ecp_curves.o
 .text.ecp_mod_p384
                0x08007eb8      0x4ce ./MCUBoot/crypto/mbedtls/library/ecp_curves.o
 .text.ecp_mod_p256
                0x08008386      0x3ac ./MCUBoot/crypto/mbedtls/library/ecp_curves.o
 .text.ecp_mod_p224
                0x08008732      0x1fa ./MCUBoot/crypto/mbedtls/library/ecp_curves.o
 .text.ecp_mod_p192
                0x0800892c       0xc8 ./MCUBoot/crypto/mbedtls/library/ecp_curves.o
 .text.mbedtls_ecp_group_load
                0x080089f4      0x680 ./MCUBoot/crypto/mbedtls/library/ecp_curves.o
                0x080089f4                mbedtls_ecp_group_load
 .text.mbedtls_platform_zeroize
                0x08009074       0x18 ./MCUBoot/crypto/mbedtls/library/platform_util.o
                0x08009074                mbedtls_platform_zeroize
 .text.mbedtls_zeroize_and_free
                0x0800908c       0x14 ./MCUBoot/crypto/mbedtls/library/platform_util.o
                0x0800908c                mbedtls_zeroize_and_free
 .text.mbedtls_sha256_init
                0x080090a0        0x8 ./MCUBoot/crypto/mbedtls/library/sha256.o
                0x080090a0                mbedtls_sha256_init
 .text.mbedtls_sha256_free
                0x080090a8        0xa ./MCUBoot/crypto/mbedtls/library/sha256.o
                0x080090a8                mbedtls_sha256_free
 *fill*         0x080090b2        0x2 
 .text.mbedtls_sha256_starts
                0x080090b4       0x9c ./MCUBoot/crypto/mbedtls/library/sha256.o
                0x080090b4                mbedtls_sha256_starts
 .text.mbedtls_internal_sha256_process
                0x08009150      0x6b0 ./MCUBoot/crypto/mbedtls/library/sha256.o
                0x08009150                mbedtls_internal_sha256_process
 .text.mbedtls_sha256_update
                0x08009800       0x80 ./MCUBoot/crypto/mbedtls/library/sha256.o
                0x08009800                mbedtls_sha256_update
 .text.mbedtls_sha256_finish
                0x08009880       0x98 ./MCUBoot/crypto/mbedtls/library/sha256.o
                0x08009880                mbedtls_sha256_finish
 .text.boot_platform_quit
                0x08009918       0x14 ./MCUBoot/flash_map_backend/boot_hal.o
                0x08009918                boot_platform_quit
 .text.boot_hal_jump_to_app
                0x0800992c      0x150 ./MCUBoot/flash_map_backend/boot_hal.o
                0x0800992c                boot_hal_jump_to_app
 .text.flash_area_open
                0x08009a7c       0x48 ./MCUBoot/flash_map_backend/flash_map_backend.o
                0x08009a7c                flash_area_open
 .text.flash_area_close
                0x08009ac4        0x4 ./MCUBoot/flash_map_backend/flash_map_backend.o
                0x08009ac4                flash_area_close
 .text.flash_area_read
                0x08009ac8       0x34 ./MCUBoot/flash_map_backend/flash_map_backend.o
                0x08009ac8                flash_area_read
 .text.flash_area_write
                0x08009afc       0xe4 ./MCUBoot/flash_map_backend/flash_map_backend.o
                0x08009afc                flash_area_write
 .text.flash_area_erase
                0x08009be0       0xc4 ./MCUBoot/flash_map_backend/flash_map_backend.o
                0x08009be0                flash_area_erase
 .text.flash_area_align
                0x08009ca4        0x4 ./MCUBoot/flash_map_backend/flash_map_backend.o
                0x08009ca4                flash_area_align
 .text.flash_area_erased_val
                0x08009ca8        0x4 ./MCUBoot/flash_map_backend/flash_map_backend.o
                0x08009ca8                flash_area_erased_val
 .text.flash_area_get_off
                0x08009cac        0x4 ./MCUBoot/flash_map_backend/flash_map_backend.o
                0x08009cac                flash_area_get_off
 .text.flash_area_get_size
                0x08009cb0        0x4 ./MCUBoot/flash_map_backend/flash_map_backend.o
                0x08009cb0                flash_area_get_size
 .text.flash_area_get_id
                0x08009cb4        0x4 ./MCUBoot/flash_map_backend/flash_map_backend.o
                0x08009cb4                flash_area_get_id
 .text.flash_area_get_device_id
                0x08009cb8        0x4 ./MCUBoot/flash_map_backend/flash_map_backend.o
                0x08009cb8                flash_area_get_device_id
 .text.flash_sector_get_off
                0x08009cbc        0x4 ./MCUBoot/flash_map_backend/flash_map_backend.o
                0x08009cbc                flash_sector_get_off
 .text.flash_sector_get_size
                0x08009cc0        0x4 ./MCUBoot/flash_map_backend/flash_map_backend.o
                0x08009cc0                flash_sector_get_size
 .text.flash_area_get_sector
                0x08009cc4       0x20 ./MCUBoot/flash_map_backend/flash_map_backend.o
                0x08009cc4                flash_area_get_sector
 .text.flash_area_id_from_multi_image_slot_hook
                0x08009ce4       0x34 ./MCUBoot/flash_map_backend/flash_map_backend.o
                0x08009ce4                flash_area_id_from_multi_image_slot_hook
 .text.flash_area_id_from_multi_image_slot
                0x08009d18        0xc ./MCUBoot/flash_map_backend/flash_map_backend.o
                0x08009d18                flash_area_id_from_multi_image_slot
 .text.flash_area_to_sectors
                0x08009d24       0x6c ./MCUBoot/flash_map_backend/flash_map_backend.o
                0x08009d24                flash_area_to_sectors
 .text.__assert_func
                0x08009d90       0x3c C:/ST/STM32CubeIDE_2.1.0/STM32CubeIDE/plugins/com.st.stm32cube.ide.mcu.externaltools.gnu-tools-for-stm32.14.3.rel1.win32_1.0.100.202602081740/tools/bin/../lib/gcc/arm-none-eabi/14.3.1/../../../../arm-none-eabi/lib/thumb/v7e-m+fp/hard\libc_nano.a(libc_a-assert.o)
                0x08009d90                __assert_func
 .text.calloc   0x08009dcc       0x10 C:/ST/STM32CubeIDE_2.1.0/STM32CubeIDE/plugins/com.st.stm32cube.ide.mcu.externaltools.gnu-tools-for-stm32.14.3.rel1.win32_1.0.100.202602081740/tools/bin/../lib/gcc/arm-none-eabi/14.3.1/../../../../arm-none-eabi/lib/thumb/v7e-m+fp/hard\libc_nano.a(libc_a-calloc.o)
                0x08009dcc                calloc
 .text._calloc_r
                0x08009ddc       0x28 C:/ST/STM32CubeIDE_2.1.0/STM32CubeIDE/plugins/com.st.stm32cube.ide.mcu.externaltools.gnu-tools-for-stm32.14.3.rel1.win32_1.0.100.202602081740/tools/bin/../lib/gcc/arm-none-eabi/14.3.1/../../../../arm-none-eabi/lib/thumb/v7e-m+fp/hard\libc_nano.a(libc_a-callocr.o)
                0x08009ddc                _calloc_r
 .text.free     0x08009e04       0x10 C:/ST/STM32CubeIDE_2.1.0/STM32CubeIDE/plugins/com.st.stm32cube.ide.mcu.externaltools.gnu-tools-for-stm32.14.3.rel1.win32_1.0.100.202602081740/tools/bin/../lib/gcc/arm-none-eabi/14.3.1/../../../../arm-none-eabi/lib/thumb/v7e-m+fp/hard\libc_nano.a(libc_a-malloc.o)
                0x08009e04                free
 .text.sbrk_aligned
                0x08009e14       0x44 C:/ST/STM32CubeIDE_2.1.0/STM32CubeIDE/plugins/com.st.stm32cube.ide.mcu.externaltools.gnu-tools-for-stm32.14.3.rel1.win32_1.0.100.202602081740/tools/bin/../lib/gcc/arm-none-eabi/14.3.1/../../../../arm-none-eabi/lib/thumb/v7e-m+fp/hard\libc_nano.a(libc_a-mallocr.o)
 .text._malloc_r
                0x08009e58      0x100 C:/ST/STM32CubeIDE_2.1.0/STM32CubeIDE/plugins/com.st.stm32cube.ide.mcu.externaltools.gnu-tools-for-stm32.14.3.rel1.win32_1.0.100.202602081740/tools/bin/../lib/gcc/arm-none-eabi/14.3.1/../../../../arm-none-eabi/lib/thumb/v7e-m+fp/hard\libc_nano.a(libc_a-mallocr.o)
                0x08009e58                _malloc_r
 .text.__malloc_lock
                0x08009f58        0xc C:/ST/STM32CubeIDE_2.1.0/STM32CubeIDE/plugins/com.st.stm32cube.ide.mcu.externaltools.gnu-tools-for-stm32.14.3.rel1.win32_1.0.100.202602081740/tools/bin/../lib/gcc/arm-none-eabi/14.3.1/../../../../arm-none-eabi/lib/thumb/v7e-m+fp/hard\libc_nano.a(libc_a-mlock.o)
                0x08009f58                __malloc_lock
 .text.__malloc_unlock
                0x08009f64        0xc C:/ST/STM32CubeIDE_2.1.0/STM32CubeIDE/plugins/com.st.stm32cube.ide.mcu.externaltools.gnu-tools-for-stm32.14.3.rel1.win32_1.0.100.202602081740/tools/bin/../lib/gcc/arm-none-eabi/14.3.1/../../../../arm-none-eabi/lib/thumb/v7e-m+fp/hard\libc_nano.a(libc_a-mlock.o)
                0x08009f64                __malloc_unlock
 .text.__sflush_r
                0x08009f70      0x104 C:/ST/STM32CubeIDE_2.1.0/STM32CubeIDE/plugins/com.st.stm32cube.ide.mcu.externaltools.gnu-tools-for-stm32.14.3.rel1.win32_1.0.100.202602081740/tools/bin/../lib/gcc/arm-none-eabi/14.3.1/../../../../arm-none-eabi/lib/thumb/v7e-m+fp/hard\libc_nano.a(libc_a-fflush.o)
                0x08009f70                __sflush_r
 .text._fflush_r
                0x0800a074       0x50 C:/ST/STM32CubeIDE_2.1.0/STM32CubeIDE/plugins/com.st.stm32cube.ide.mcu.externaltools.gnu-tools-for-stm32.14.3.rel1.win32_1.0.100.202602081740/tools/bin/../lib/gcc/arm-none-eabi/14.3.1/../../../../arm-none-eabi/lib/thumb/v7e-m+fp/hard\libc_nano.a(libc_a-fflush.o)
                0x0800a074                _fflush_r
 .text.std      0x0800a0c4       0x6c C:/ST/STM32CubeIDE_2.1.0/STM32CubeIDE/plugins/com.st.stm32cube.ide.mcu.externaltools.gnu-tools-for-stm32.14.3.rel1.win32_1.0.100.202602081740/tools/bin/../lib/gcc/arm-none-eabi/14.3.1/../../../../arm-none-eabi/lib/thumb/v7e-m+fp/hard\libc_nano.a(libc_a-findfp.o)
 .text.stdio_exit_handler
                0x0800a130       0x18 C:/ST/STM32CubeIDE_2.1.0/STM32CubeIDE/plugins/com.st.stm32cube.ide.mcu.externaltools.gnu-tools-for-stm32.14.3.rel1.win32_1.0.100.202602081740/tools/bin/../lib/gcc/arm-none-eabi/14.3.1/../../../../arm-none-eabi/lib/thumb/v7e-m+fp/hard\libc_nano.a(libc_a-findfp.o)
 .text.cleanup_stdio
                0x0800a148       0x40 C:/ST/STM32CubeIDE_2.1.0/STM32CubeIDE/plugins/com.st.stm32cube.ide.mcu.externaltools.gnu-tools-for-stm32.14.3.rel1.win32_1.0.100.202602081740/tools/bin/../lib/gcc/arm-none-eabi/14.3.1/../../../../arm-none-eabi/lib/thumb/v7e-m+fp/hard\libc_nano.a(libc_a-findfp.o)
 .text.global_stdio_init.part.0
                0x0800a188       0x40 C:/ST/STM32CubeIDE_2.1.0/STM32CubeIDE/plugins/com.st.stm32cube.ide.mcu.externaltools.gnu-tools-for-stm32.14.3.rel1.win32_1.0.100.202602081740/tools/bin/../lib/gcc/arm-none-eabi/14.3.1/../../../../arm-none-eabi/lib/thumb/v7e-m+fp/hard\libc_nano.a(libc_a-findfp.o)
 .text.__sfp_lock_acquire
                0x0800a1c8        0xc C:/ST/STM32CubeIDE_2.1.0/STM32CubeIDE/plugins/com.st.stm32cube.ide.mcu.externaltools.gnu-tools-for-stm32.14.3.rel1.win32_1.0.100.202602081740/tools/bin/../lib/gcc/arm-none-eabi/14.3.1/../../../../arm-none-eabi/lib/thumb/v7e-m+fp/hard\libc_nano.a(libc_a-findfp.o)
                0x0800a1c8                __sfp_lock_acquire
 .text.__sfp_lock_release
                0x0800a1d4        0xc C:/ST/STM32CubeIDE_2.1.0/STM32CubeIDE/plugins/com.st.stm32cube.ide.mcu.externaltools.gnu-tools-for-stm32.14.3.rel1.win32_1.0.100.202602081740/tools/bin/../lib/gcc/arm-none-eabi/14.3.1/../../../../arm-none-eabi/lib/thumb/v7e-m+fp/hard\libc_nano.a(libc_a-findfp.o)
                0x0800a1d4                __sfp_lock_release
 .text.__sinit  0x0800a1e0       0x30 C:/ST/STM32CubeIDE_2.1.0/STM32CubeIDE/plugins/com.st.stm32cube.ide.mcu.externaltools.gnu-tools-for-stm32.14.3.rel1.win32_1.0.100.202602081740/tools/bin/../lib/gcc/arm-none-eabi/14.3.1/../../../../arm-none-eabi/lib/thumb/v7e-m+fp/hard\libc_nano.a(libc_a-findfp.o)
                0x0800a1e0                __sinit
 .text.fprintf  0x0800a210       0x24 C:/ST/STM32CubeIDE_2.1.0/STM32CubeIDE/plugins/com.st.stm32cube.ide.mcu.externaltools.gnu-tools-for-stm32.14.3.rel1.win32_1.0.100.202602081740/tools/bin/../lib/gcc/arm-none-eabi/14.3.1/../../../../arm-none-eabi/lib/thumb/v7e-m+fp/hard\libc_nano.a(libc_a-fprintf.o)
                0x0800a210                fiprintf
                0x0800a210                fprintf
 .text._fwalk_sglue
                0x0800a234       0x3c C:/ST/STM32CubeIDE_2.1.0/STM32CubeIDE/plugins/com.st.stm32cube.ide.mcu.externaltools.gnu-tools-for-stm32.14.3.rel1.win32_1.0.100.202602081740/tools/bin/../lib/gcc/arm-none-eabi/14.3.1/../../../../arm-none-eabi/lib/thumb/v7e-m+fp/hard\libc_nano.a(libc_a-fwalk.o)
                0x0800a234                _fwalk_sglue
 .text.printf   0x0800a270       0x24 C:/ST/STM32CubeIDE_2.1.0/STM32CubeIDE/plugins/com.st.stm32cube.ide.mcu.externaltools.gnu-tools-for-stm32.14.3.rel1.win32_1.0.100.202602081740/tools/bin/../lib/gcc/arm-none-eabi/14.3.1/../../../../arm-none-eabi/lib/thumb/v7e-m+fp/hard\libc_nano.a(libc_a-printf.o)
                0x0800a270                iprintf
                0x0800a270                printf
 .text._puts_r  0x0800a294       0xaa C:/ST/STM32CubeIDE_2.1.0/STM32CubeIDE/plugins/com.st.stm32cube.ide.mcu.externaltools.gnu-tools-for-stm32.14.3.rel1.win32_1.0.100.202602081740/tools/bin/../lib/gcc/arm-none-eabi/14.3.1/../../../../arm-none-eabi/lib/thumb/v7e-m+fp/hard\libc_nano.a(libc_a-puts.o)
                0x0800a294                _puts_r
 *fill*         0x0800a33e        0x2 
 .text.puts     0x0800a340       0x10 C:/ST/STM32CubeIDE_2.1.0/STM32CubeIDE/plugins/com.st.stm32cube.ide.mcu.externaltools.gnu-tools-for-stm32.14.3.rel1.win32_1.0.100.202602081740/tools/bin/../lib/gcc/arm-none-eabi/14.3.1/../../../../arm-none-eabi/lib/thumb/v7e-m+fp/hard\libc_nano.a(libc_a-puts.o)
                0x0800a340                puts
 .text.__sread  0x0800a350       0x22 C:/ST/STM32CubeIDE_2.1.0/STM32CubeIDE/plugins/com.st.stm32cube.ide.mcu.externaltools.gnu-tools-for-stm32.14.3.rel1.win32_1.0.100.202602081740/tools/bin/../lib/gcc/arm-none-eabi/14.3.1/../../../../arm-none-eabi/lib/thumb/v7e-m+fp/hard\libc_nano.a(libc_a-stdio.o)
                0x0800a350                __sread
 .text.__swrite
                0x0800a372       0x38 C:/ST/STM32CubeIDE_2.1.0/STM32CubeIDE/plugins/com.st.stm32cube.ide.mcu.externaltools.gnu-tools-for-stm32.14.3.rel1.win32_1.0.100.202602081740/tools/bin/../lib/gcc/arm-none-eabi/14.3.1/../../../../arm-none-eabi/lib/thumb/v7e-m+fp/hard\libc_nano.a(libc_a-stdio.o)
                0x0800a372                __swrite
 .text.__sseek  0x0800a3aa       0x26 C:/ST/STM32CubeIDE_2.1.0/STM32CubeIDE/plugins/com.st.stm32cube.ide.mcu.externaltools.gnu-tools-for-stm32.14.3.rel1.win32_1.0.100.202602081740/tools/bin/../lib/gcc/arm-none-eabi/14.3.1/../../../../arm-none-eabi/lib/thumb/v7e-m+fp/hard\libc_nano.a(libc_a-stdio.o)
                0x0800a3aa                __sseek
 .text.__sclose
                0x0800a3d0        0x8 C:/ST/STM32CubeIDE_2.1.0/STM32CubeIDE/plugins/com.st.stm32cube.ide.mcu.externaltools.gnu-tools-for-stm32.14.3.rel1.win32_1.0.100.202602081740/tools/bin/../lib/gcc/arm-none-eabi/14.3.1/../../../../arm-none-eabi/lib/thumb/v7e-m+fp/hard\libc_nano.a(libc_a-stdio.o)
                0x0800a3d0                __sclose
 .text.__swbuf_r
                0x0800a3d8       0x7c C:/ST/STM32CubeIDE_2.1.0/STM32CubeIDE/plugins/com.st.stm32cube.ide.mcu.externaltools.gnu-tools-for-stm32.14.3.rel1.win32_1.0.100.202602081740/tools/bin/../lib/gcc/arm-none-eabi/14.3.1/../../../../arm-none-eabi/lib/thumb/v7e-m+fp/hard\libc_nano.a(libc_a-wbuf.o)
                0x0800a3d8                __swbuf_r
 .text.__swsetup_r
                0x0800a454       0xa8 C:/ST/STM32CubeIDE_2.1.0/STM32CubeIDE/plugins/com.st.stm32cube.ide.mcu.externaltools.gnu-tools-for-stm32.14.3.rel1.win32_1.0.100.202602081740/tools/bin/../lib/gcc/arm-none-eabi/14.3.1/../../../../arm-none-eabi/lib/thumb/v7e-m+fp/hard\libc_nano.a(libc_a-wsetup.o)
                0x0800a454                __swsetup_r
 .text.memcmp   0x0800a4fc       0x20 C:/ST/STM32CubeIDE_2.1.0/STM32CubeIDE/plugins/com.st.stm32cube.ide.mcu.externaltools.gnu-tools-for-stm32.14.3.rel1.win32_1.0.100.202602081740/tools/bin/../lib/gcc/arm-none-eabi/14.3.1/../../../../arm-none-eabi/lib/thumb/v7e-m+fp/hard\libc_nano.a(libc_a-memcmp.o)
                0x0800a4fc                memcmp
 .text.memset   0x0800a51c       0x10 C:/ST/STM32CubeIDE_2.1.0/STM32CubeIDE/plugins/com.st.stm32cube.ide.mcu.externaltools.gnu-tools-for-stm32.14.3.rel1.win32_1.0.100.202602081740/tools/bin/../lib/gcc/arm-none-eabi/14.3.1/../../../../arm-none-eabi/lib/thumb/v7e-m+fp/hard\libc_nano.a(libc_a-memset.o)
                0x0800a51c                memset
 .text._close_r
                0x0800a52c       0x20 C:/ST/STM32CubeIDE_2.1.0/STM32CubeIDE/plugins/com.st.stm32cube.ide.mcu.externaltools.gnu-tools-for-stm32.14.3.rel1.win32_1.0.100.202602081740/tools/bin/../lib/gcc/arm-none-eabi/14.3.1/../../../../arm-none-eabi/lib/thumb/v7e-m+fp/hard\libc_nano.a(libc_a-closer.o)
                0x0800a52c                _close_r
 .text._lseek_r
                0x0800a54c       0x24 C:/ST/STM32CubeIDE_2.1.0/STM32CubeIDE/plugins/com.st.stm32cube.ide.mcu.externaltools.gnu-tools-for-stm32.14.3.rel1.win32_1.0.100.202602081740/tools/bin/../lib/gcc/arm-none-eabi/14.3.1/../../../../arm-none-eabi/lib/thumb/v7e-m+fp/hard\libc_nano.a(libc_a-lseekr.o)
                0x0800a54c                _lseek_r
 .text._read_r  0x0800a570       0x24 C:/ST/STM32CubeIDE_2.1.0/STM32CubeIDE/plugins/com.st.stm32cube.ide.mcu.externaltools.gnu-tools-for-stm32.14.3.rel1.win32_1.0.100.202602081740/tools/bin/../lib/gcc/arm-none-eabi/14.3.1/../../../../arm-none-eabi/lib/thumb/v7e-m+fp/hard\libc_nano.a(libc_a-readr.o)
                0x0800a570                _read_r
 .text._sbrk_r  0x0800a594       0x20 C:/ST/STM32CubeIDE_2.1.0/STM32CubeIDE/plugins/com.st.stm32cube.ide.mcu.externaltools.gnu-tools-for-stm32.14.3.rel1.win32_1.0.100.202602081740/tools/bin/../lib/gcc/arm-none-eabi/14.3.1/../../../../arm-none-eabi/lib/thumb/v7e-m+fp/hard\libc_nano.a(libc_a-sbrkr.o)
                0x0800a594                _sbrk_r
 .text._write_r
                0x0800a5b4       0x24 C:/ST/STM32CubeIDE_2.1.0/STM32CubeIDE/plugins/com.st.stm32cube.ide.mcu.externaltools.gnu-tools-for-stm32.14.3.rel1.win32_1.0.100.202602081740/tools/bin/../lib/gcc/arm-none-eabi/14.3.1/../../../../arm-none-eabi/lib/thumb/v7e-m+fp/hard\libc_nano.a(libc_a-writer.o)
                0x0800a5b4                _write_r
 .text.__errno  0x0800a5d8        0xc C:/ST/STM32CubeIDE_2.1.0/STM32CubeIDE/plugins/com.st.stm32cube.ide.mcu.externaltools.gnu-tools-for-stm32.14.3.rel1.win32_1.0.100.202602081740/tools/bin/../lib/gcc/arm-none-eabi/14.3.1/../../../../arm-none-eabi/lib/thumb/v7e-m+fp/hard\libc_nano.a(libc_a-errno.o)
                0x0800a5d8                __errno
 .text.__libc_init_array
                0x0800a5e4       0x48 C:/ST/STM32CubeIDE_2.1.0/STM32CubeIDE/plugins/com.st.stm32cube.ide.mcu.externaltools.gnu-tools-for-stm32.14.3.rel1.win32_1.0.100.202602081740/tools/bin/../lib/gcc/arm-none-eabi/14.3.1/../../../../arm-none-eabi/lib/thumb/v7e-m+fp/hard\libc_nano.a(libc_a-init.o)
                0x0800a5e4                __libc_init_array
 .text.__retarget_lock_init_recursive
                0x0800a62c        0x2 C:/ST/STM32CubeIDE_2.1.0/STM32CubeIDE/plugins/com.st.stm32cube.ide.mcu.externaltools.gnu-tools-for-stm32.14.3.rel1.win32_1.0.100.202602081740/tools/bin/../lib/gcc/arm-none-eabi/14.3.1/../../../../arm-none-eabi/lib/thumb/v7e-m+fp/hard\libc_nano.a(libc_a-lock.o)
                0x0800a62c                __retarget_lock_init_recursive
 .text.__retarget_lock_acquire_recursive
                0x0800a62e        0x2 C:/ST/STM32CubeIDE_2.1.0/STM32CubeIDE/plugins/com.st.stm32cube.ide.mcu.externaltools.gnu-tools-for-stm32.14.3.rel1.win32_1.0.100.202602081740/tools/bin/../lib/gcc/arm-none-eabi/14.3.1/../../../../arm-none-eabi/lib/thumb/v7e-m+fp/hard\libc_nano.a(libc_a-lock.o)
                0x0800a62e                __retarget_lock_acquire_recursive
 .text.__retarget_lock_release_recursive
                0x0800a630        0x2 C:/ST/STM32CubeIDE_2.1.0/STM32CubeIDE/plugins/com.st.stm32cube.ide.mcu.externaltools.gnu-tools-for-stm32.14.3.rel1.win32_1.0.100.202602081740/tools/bin/../lib/gcc/arm-none-eabi/14.3.1/../../../../arm-none-eabi/lib/thumb/v7e-m+fp/hard\libc_nano.a(libc_a-lock.o)
                0x0800a630                __retarget_lock_release_recursive
 .text.memcpy   0x0800a632       0x1c C:/ST/STM32CubeIDE_2.1.0/STM32CubeIDE/plugins/com.st.stm32cube.ide.mcu.externaltools.gnu-tools-for-stm32.14.3.rel1.win32_1.0.100.202602081740/tools/bin/../lib/gcc/arm-none-eabi/14.3.1/../../../../arm-none-eabi/lib/thumb/v7e-m+fp/hard\libc_nano.a(libc_a-memcpy-stub.o)
                0x0800a632                memcpy
 .text.abort    0x0800a64e        0xe C:/ST/STM32CubeIDE_2.1.0/STM32CubeIDE/plugins/com.st.stm32cube.ide.mcu.externaltools.gnu-tools-for-stm32.14.3.rel1.win32_1.0.100.202602081740/tools/bin/../lib/gcc/arm-none-eabi/14.3.1/../../../../arm-none-eabi/lib/thumb/v7e-m+fp/hard\libc_nano.a(libc_a-abort.o)
                0x0800a64e                abort
 .text._free_r  0x0800a65c       0x94 C:/ST/STM32CubeIDE_2.1.0/STM32CubeIDE/plugins/com.st.stm32cube.ide.mcu.externaltools.gnu-tools-for-stm32.14.3.rel1.win32_1.0.100.202602081740/tools/bin/../lib/gcc/arm-none-eabi/14.3.1/../../../../arm-none-eabi/lib/thumb/v7e-m+fp/hard\libc_nano.a(libc_a-freer.o)
                0x0800a65c                _free_r
 .text.__sfputc_r
                0x0800a6f0       0x2e C:/ST/STM32CubeIDE_2.1.0/STM32CubeIDE/plugins/com.st.stm32cube.ide.mcu.externaltools.gnu-tools-for-stm32.14.3.rel1.win32_1.0.100.202602081740/tools/bin/../lib/gcc/arm-none-eabi/14.3.1/../../../../arm-none-eabi/lib/thumb/v7e-m+fp/hard\libc_nano.a(libc_a-nano-vfprintf.o)
 .text.__sfputs_r
                0x0800a71e       0x24 C:/ST/STM32CubeIDE_2.1.0/STM32CubeIDE/plugins/com.st.stm32cube.ide.mcu.externaltools.gnu-tools-for-stm32.14.3.rel1.win32_1.0.100.202602081740/tools/bin/../lib/gcc/arm-none-eabi/14.3.1/../../../../arm-none-eabi/lib/thumb/v7e-m+fp/hard\libc_nano.a(libc_a-nano-vfprintf.o)
                0x0800a71e                __sfputs_r
 *fill*         0x0800a742        0x2 
 .text._vfprintf_r
                0x0800a744      0x228 C:/ST/STM32CubeIDE_2.1.0/STM32CubeIDE/plugins/com.st.stm32cube.ide.mcu.externaltools.gnu-tools-for-stm32.14.3.rel1.win32_1.0.100.202602081740/tools/bin/../lib/gcc/arm-none-eabi/14.3.1/../../../../arm-none-eabi/lib/thumb/v7e-m+fp/hard\libc_nano.a(libc_a-nano-vfprintf.o)
                0x0800a744                _vfprintf_r
                0x0800a744                _vfiprintf_r
 .text._printf_common
                0x0800a96c       0xda C:/ST/STM32CubeIDE_2.1.0/STM32CubeIDE/plugins/com.st.stm32cube.ide.mcu.externaltools.gnu-tools-for-stm32.14.3.rel1.win32_1.0.100.202602081740/tools/bin/../lib/gcc/arm-none-eabi/14.3.1/../../../../arm-none-eabi/lib/thumb/v7e-m+fp/hard\libc_nano.a(libc_a-nano-vfprintf_i.o)
                0x0800a96c                _printf_common
 *fill*         0x0800aa46        0x2 
 .text._printf_i
                0x0800aa48      0x24c C:/ST/STM32CubeIDE_2.1.0/STM32CubeIDE/plugins/com.st.stm32cube.ide.mcu.externaltools.gnu-tools-for-stm32.14.3.rel1.win32_1.0.100.202602081740/tools/bin/../lib/gcc/arm-none-eabi/14.3.1/../../../../arm-none-eabi/lib/thumb/v7e-m+fp/hard\libc_nano.a(libc_a-nano-vfprintf_i.o)
                0x0800aa48                _printf_i
 .text.__swhatbuf_r
                0x0800ac94       0x48 C:/ST/STM32CubeIDE_2.1.0/STM32CubeIDE/plugins/com.st.stm32cube.ide.mcu.externaltools.gnu-tools-for-stm32.14.3.rel1.win32_1.0.100.202602081740/tools/bin/../lib/gcc/arm-none-eabi/14.3.1/../../../../arm-none-eabi/lib/thumb/v7e-m+fp/hard\libc_nano.a(libc_a-makebuf.o)
                0x0800ac94                __swhatbuf_r
 .text.__smakebuf_r
                0x0800acdc       0x72 C:/ST/STM32CubeIDE_2.1.0/STM32CubeIDE/plugins/com.st.stm32cube.ide.mcu.externaltools.gnu-tools-for-stm32.14.3.rel1.win32_1.0.100.202602081740/tools/bin/../lib/gcc/arm-none-eabi/14.3.1/../../../../arm-none-eabi/lib/thumb/v7e-m+fp/hard\libc_nano.a(libc_a-makebuf.o)
                0x0800acdc                __smakebuf_r
 .text._raise_r
                0x0800ad4e       0x50 C:/ST/STM32CubeIDE_2.1.0/STM32CubeIDE/plugins/com.st.stm32cube.ide.mcu.externaltools.gnu-tools-for-stm32.14.3.rel1.win32_1.0.100.202602081740/tools/bin/../lib/gcc/arm-none-eabi/14.3.1/../../../../arm-none-eabi/lib/thumb/v7e-m+fp/hard\libc_nano.a(libc_a-signal.o)
                0x0800ad4e                _raise_r
 *fill*         0x0800ad9e        0x2 
 .text.raise    0x0800ada0       0x10 C:/ST/STM32CubeIDE_2.1.0/STM32CubeIDE/plugins/com.st.stm32cube.ide.mcu.externaltools.gnu-tools-for-stm32.14.3.rel1.win32_1.0.100.202602081740/tools/bin/../lib/gcc/arm-none-eabi/14.3.1/../../../../arm-none-eabi/lib/thumb/v7e-m+fp/hard\libc_nano.a(libc_a-signal.o)
                0x0800ada0                raise
 .text._fstat_r
                0x0800adb0       0x24 C:/ST/STM32CubeIDE_2.1.0/STM32CubeIDE/plugins/com.st.stm32cube.ide.mcu.externaltools.gnu-tools-for-stm32.14.3.rel1.win32_1.0.100.202602081740/tools/bin/../lib/gcc/arm-none-eabi/14.3.1/../../../../arm-none-eabi/lib/thumb/v7e-m+fp/hard\libc_nano.a(libc_a-fstatr.o)
                0x0800adb0                _fstat_r
 .text._isatty_r
                0x0800add4       0x20 C:/ST/STM32CubeIDE_2.1.0/STM32CubeIDE/plugins/com.st.stm32cube.ide.mcu.externaltools.gnu-tools-for-stm32.14.3.rel1.win32_1.0.100.202602081740/tools/bin/../lib/gcc/arm-none-eabi/14.3.1/../../../../arm-none-eabi/lib/thumb/v7e-m+fp/hard\libc_nano.a(libc_a-isattyr.o)
                0x0800add4                _isatty_r
 .text._kill_r  0x0800adf4       0x24 C:/ST/STM32CubeIDE_2.1.0/STM32CubeIDE/plugins/com.st.stm32cube.ide.mcu.externaltools.gnu-tools-for-stm32.14.3.rel1.win32_1.0.100.202602081740/tools/bin/../lib/gcc/arm-none-eabi/14.3.1/../../../../arm-none-eabi/lib/thumb/v7e-m+fp/hard\libc_nano.a(libc_a-signalr.o)
                0x0800adf4                _kill_r
 .text._getpid_r
                0x0800ae18        0x4 C:/ST/STM32CubeIDE_2.1.0/STM32CubeIDE/plugins/com.st.stm32cube.ide.mcu.externaltools.gnu-tools-for-stm32.14.3.rel1.win32_1.0.100.202602081740/tools/bin/../lib/gcc/arm-none-eabi/14.3.1/../../../../arm-none-eabi/lib/thumb/v7e-m+fp/hard\libc_nano.a(libc_a-signalr.o)
                0x0800ae18                _getpid_r
 *(.glue_7)
 .glue_7        0x0800ae1c        0x0 linker stubs
 *(.glue_7t)
 .glue_7t       0x0800ae1c        0x0 linker stubs
 *(.eh_frame)
 .eh_frame      0x0800ae1c        0x0 C:/ST/STM32CubeIDE_2.1.0/STM32CubeIDE/plugins/com.st.stm32cube.ide.mcu.externaltools.gnu-tools-for-stm32.14.3.rel1.win32_1.0.100.202602081740/tools/bin/../lib/gcc/arm-none-eabi/14.3.1/thumb/v7e-m+fp/hard/crtbegin.o
 *(.init)
 .init          0x0800ae1c        0x4 C:/ST/STM32CubeIDE_2.1.0/STM32CubeIDE/plugins/com.st.stm32cube.ide.mcu.externaltools.gnu-tools-for-stm32.14.3.rel1.win32_1.0.100.202602081740/tools/bin/../lib/gcc/arm-none-eabi/14.3.1/thumb/v7e-m+fp/hard/crti.o
                0x0800ae1c                _init
 .init          0x0800ae20        0x8 C:/ST/STM32CubeIDE_2.1.0/STM32CubeIDE/plugins/com.st.stm32cube.ide.mcu.externaltools.gnu-tools-for-stm32.14.3.rel1.win32_1.0.100.202602081740/tools/bin/../lib/gcc/arm-none-eabi/14.3.1/thumb/v7e-m+fp/hard/crtn.o
 *(.fini)
 .fini          0x0800ae28        0x4 C:/ST/STM32CubeIDE_2.1.0/STM32CubeIDE/plugins/com.st.stm32cube.ide.mcu.externaltools.gnu-tools-for-stm32.14.3.rel1.win32_1.0.100.202602081740/tools/bin/../lib/gcc/arm-none-eabi/14.3.1/thumb/v7e-m+fp/hard/crti.o
                0x0800ae28                _fini
 .fini          0x0800ae2c        0x8 C:/ST/STM32CubeIDE_2.1.0/STM32CubeIDE/plugins/com.st.stm32cube.ide.mcu.externaltools.gnu-tools-for-stm32.14.3.rel1.win32_1.0.100.202602081740/tools/bin/../lib/gcc/arm-none-eabi/14.3.1/thumb/v7e-m+fp/hard/crtn.o
                0x0800ae34                        . = ALIGN (0x4)
                0x0800ae34                        _etext = .

.vfp11_veneer   0x0800ae34        0x0
 .vfp11_veneer  0x0800ae34        0x0 linker stubs

.v4_bx          0x0800ae34        0x0
 .v4_bx         0x0800ae34        0x0 linker stubs

.iplt           0x0800ae34        0x0
 .iplt          0x0800ae34        0x0 C:/ST/STM32CubeIDE_2.1.0/STM32CubeIDE/plugins/com.st.stm32cube.ide.mcu.externaltools.gnu-tools-for-stm32.14.3.rel1.win32_1.0.100.202602081740/tools/bin/../lib/gcc/arm-none-eabi/14.3.1/thumb/v7e-m+fp/hard/crtbegin.o

.rodata         0x0800ae34     0x8ff8
                0x0800ae34                        . = ALIGN (0x4)
 *(.rodata)
 *(.rodata*)
 .rodata.Error_Handler.str1.1
                0x0800ae34     0x1837 ./Core/Src/main.o
                                 0x31 (size before relaxing)
 .rodata.main.str1.1
                0x0800c66b      0x1bc ./Core/Src/main.o
 *fill*         0x0800c66b        0x1 
 .rodata.MSIRangeTable
                0x0800c66c       0x30 ./Core/Src/system_stm32l4xx.o
                0x0800c66c                MSIRangeTable
 .rodata.APBPrescTable
                0x0800c69c        0x8 ./Core/Src/system_stm32l4xx.o
                0x0800c69c                APBPrescTable
 .rodata.AHBPrescTable
                0x0800c6a4       0x10 ./Core/Src/system_stm32l4xx.o
                0x0800c6a4                AHBPrescTable
 .rodata.UARTPrescTable
                0x0800c6b4       0x18 ./Drivers/STM32L4xx_HAL_Driver/Src/stm32l4xx_hal_uart.o
                0x0800c6b4                UARTPrescTable
 .rodata.denominator.0
                0x0800c6cc        0x8 ./Drivers/STM32L4xx_HAL_Driver/Src/stm32l4xx_hal_uart_ex.o
 .rodata.numerator.1
                0x0800c6d4        0x8 ./Drivers/STM32L4xx_HAL_Driver/Src/stm32l4xx_hal_uart_ex.o
 .rodata.boot_trailer_scramble_offset.str1.1
                0x0800c6dc       0x98 ./MCUBoot/bootutil/src/bootutil_area.o
 .rodata.boot_erase_region.str1.1
                0x0800c6dc       0x90 ./MCUBoot/bootutil/src/bootutil_area.o
 .rodata.boot_scramble_region.str1.1
                0x0800c6dc       0x35 ./MCUBoot/bootutil/src/bootutil_area.o
 .rodata.bootutil_find_key.str1.1
                0x0800c6dc       0x22 ./MCUBoot/bootutil/src/bootutil_find_key.o
 .rodata.bootutil_img_hash.str1.1
                0x0800c6dc       0x70 ./MCUBoot/bootutil/src/bootutil_img_hash.o
 .rodata.boot_check_header_erased.str1.1
                0x0800c6dc       0x36 ./MCUBoot/bootutil/src/bootutil_loader.o
 .rodata.boot_open_all_flash_areas.str1.1
                0x0800c6dc        0x8 ./MCUBoot/bootutil/src/bootutil_loader.o
 .rodata.__func__.0
                0x0800c6dc       0x1a ./MCUBoot/bootutil/src/bootutil_loader.o
 .rodata.__func__.2
                0x0800c6f6       0x11 ./MCUBoot/bootutil/src/bootutil_loader.o
 .rodata.__func__.3
                0x0800c707       0x18 ./MCUBoot/bootutil/src/bootutil_loader.o
 .rodata.__func__.4
                0x0800c71f       0x19 ./MCUBoot/bootutil/src/bootutil_loader.o
 .rodata.boot_status_off.str1.1
                0x0800c738       0x51 ./MCUBoot/bootutil/src/bootutil_misc.o
 .rodata.boot_find_status.str1.1
                0x0800c738       0x38 ./MCUBoot/bootutil/src/bootutil_misc.o
 .rodata.boot_write_swap_size.str1.1
                0x0800c738       0x3f ./MCUBoot/bootutil/src/bootutil_misc.o
 .rodata.boot_read_image_size.str1.1
                0x0800c738       0x45 ./MCUBoot/bootutil/src/bootutil_misc.o
 .rodata.__func__.0
                0x0800c738       0x15 ./MCUBoot/bootutil/src/bootutil_misc.o
 .rodata.__func__.1
                0x0800c74d       0x10 ./MCUBoot/bootutil/src/bootutil_misc.o
 .rodata.boot_write_magic.str1.1
                0x0800c75d       0x3e ./MCUBoot/bootutil/src/bootutil_public.o
 .rodata.boot_write_trailer.str1.1
                0x0800c75d       0x6a ./MCUBoot/bootutil/src/bootutil_public.o
 .rodata.boot_write_image_ok.str1.1
                0x0800c75d       0x3e ./MCUBoot/bootutil/src/bootutil_public.o
 .rodata.boot_write_swap_info.str1.1
                0x0800c75d       0x82 ./MCUBoot/bootutil/src/bootutil_public.o
 .rodata.boot_swap_type_multi.str1.1
                0x0800c75d       0xca ./MCUBoot/bootutil/src/bootutil_public.o
 .rodata.boot_write_copy_done.str1.1
                0x0800c75d       0x3f ./MCUBoot/bootutil/src/bootutil_public.o
 .rodata.str1.1
                0x0800c75d       0x11 ./MCUBoot/bootutil/src/bootutil_public.o
 *fill*         0x0800c75d        0x3 
 .rodata.CSWTCH.36
                0x0800c760        0xc ./MCUBoot/bootutil/src/bootutil_public.o
 .rodata.__func__.1
                0x0800c76c       0x15 ./MCUBoot/bootutil/src/bootutil_public.o
 .rodata.__func__.2
                0x0800c781       0x13 ./MCUBoot/bootutil/src/bootutil_public.o
 .rodata.boot_swap_tables
                0x0800c794       0x12 ./MCUBoot/bootutil/src/bootutil_public.o
 .rodata.boot_img_magic
                0x0800c7a6       0x10 ./MCUBoot/bootutil/src/bootutil_public.o
                0x0800c7a6                boot_img_magic
 .rodata.bootutil_verify_sig.str1.1
                0x0800c7b6       0x3b ./MCUBoot/bootutil/src/image_ecdsa.o
 .rodata.ec_secp256r1_oid
                0x0800c7b6        0x9 ./MCUBoot/bootutil/src/image_ecdsa.o
 .rodata.ec_pubkey_oid
                0x0800c7bf        0x8 ./MCUBoot/bootutil/src/image_ecdsa.o
 .rodata.bootutil_img_validate.str1.1
                0x0800c7c7      0x1ae ./MCUBoot/bootutil/src/image_validate.o
 .rodata.boot_validate_slot.str1.1
                0x0800c7c7      0x153 ./MCUBoot/bootutil/src/loader.o
 .rodata.boot_swap_image.isra.0.str1.1
                0x0800c7c7       0x43 ./MCUBoot/bootutil/src/loader.o
 .rodata.boot_write_status.str1.1
                0x0800c7c7       0x41 ./MCUBoot/bootutil/src/loader.o
 .rodata.context_boot_go.str1.1
                0x0800c7c7      0x131 ./MCUBoot/bootutil/src/loader.o
 .rodata.__func__.2
                0x0800c7c7       0x13 ./MCUBoot/bootutil/src/loader.o
 .rodata.__func__.4
                0x0800c7da       0x10 ./MCUBoot/bootutil/src/loader.o
 .rodata.__func__.5
                0x0800c7ea       0x1b ./MCUBoot/bootutil/src/loader.o
 .rodata.__func__.6
                0x0800c805       0x1e ./MCUBoot/bootutil/src/loader.o
 .rodata.__func__.7
                0x0800c823       0x10 ./MCUBoot/bootutil/src/loader.o
 .rodata.swap_erase_trailer_sectors.str1.1
                0x0800c833       0x57 ./MCUBoot/bootutil/src/swap_misc.o
 .rodata.swap_scramble_trailer_sectors.str1.1
                0x0800c833       0x39 ./MCUBoot/bootutil/src/swap_misc.o
 .rodata.swap_status_init.str1.1
                0x0800c833       0x2f ./MCUBoot/bootutil/src/swap_misc.o
 .rodata.swap_read_status.str1.1
                0x0800c833        0xe ./MCUBoot/bootutil/src/swap_misc.o
 .rodata.__func__.0
                0x0800c833       0x11 ./MCUBoot/bootutil/src/swap_misc.o
 .rodata.__func__.1
                0x0800c844       0x11 ./MCUBoot/bootutil/src/swap_misc.o
 .rodata.boot_read_image_header.str1.1
                0x0800c855       0x30 ./MCUBoot/bootutil/src/swap_move.o
 .rodata.swap_read_status_bytes.str1.1
                0x0800c855       0x2e ./MCUBoot/bootutil/src/swap_move.o
 .rodata.boot_slots_compatible.str1.1
                0x0800c855      0x17a ./MCUBoot/bootutil/src/swap_move.o
 .rodata.swap_status_source.str1.1
                0x0800c855       0xce ./MCUBoot/bootutil/src/swap_move.o
 .rodata.swap_run.str1.1
                0x0800c855       0xcb ./MCUBoot/bootutil/src/swap_move.o
 .rodata.__func__.0
                0x0800c855       0x12 ./MCUBoot/bootutil/src/swap_move.o
 .rodata.__func__.1
                0x0800c867       0x14 ./MCUBoot/bootutil/src/swap_move.o
 .rodata.__func__.2
                0x0800c87b        0x9 ./MCUBoot/bootutil/src/swap_move.o
 .rodata.__func__.3
                0x0800c884        0xd ./MCUBoot/bootutil/src/swap_move.o
 .rodata.__func__.4
                0x0800c891       0x13 ./MCUBoot/bootutil/src/swap_move.o
 .rodata.__func__.5
                0x0800c8a4       0x17 ./MCUBoot/bootutil/src/swap_move.o
 .rodata.bootutil_tlv_iter_begin.str1.1
                0x0800c8bb       0x3e ./MCUBoot/bootutil/src/tlv.o
 .rodata.bootutil_tlv_iter_next.str1.1
                0x0800c8bb      0x171 ./MCUBoot/bootutil/src/tlv.o
 *fill*         0x0800c8bb        0x1 
 .rodata.ecp_x25519_bad_point_2
                0x0800c8bc        0x8 ./MCUBoot/crypto/mbedtls/library/ecp.o
 .rodata.ecp_x25519_bad_point_1
                0x0800c8c4        0x8 ./MCUBoot/crypto/mbedtls/library/ecp.o
 .rodata.x25519_bad_point_2
                0x0800c8cc       0x20 ./MCUBoot/crypto/mbedtls/library/ecp.o
 .rodata.x25519_bad_point_1
                0x0800c8ec       0x20 ./MCUBoot/crypto/mbedtls/library/ecp.o
 .rodata.Rp.0   0x0800c90c        0x8 ./MCUBoot/crypto/mbedtls/library/ecp_curves.o
 .rodata.Rp.1   0x0800c914        0x8 ./MCUBoot/crypto/mbedtls/library/ecp_curves.o
 .rodata.Rp.2   0x0800c91c        0x8 ./MCUBoot/crypto/mbedtls/library/ecp_curves.o
 .rodata.curve448_part_of_n
                0x0800c924       0x1c ./MCUBoot/crypto/mbedtls/library/ecp_curves.o
 .rodata.curve25519_part_of_n
                0x0800c940       0x10 ./MCUBoot/crypto/mbedtls/library/ecp_curves.o
 .rodata.brainpoolP512r1_T
                0x0800c950      0x300 ./MCUBoot/crypto/mbedtls/library/ecp_curves.o
 .rodata.brainpoolP512r1_T_31_Y
                0x0800cc50       0x40 ./MCUBoot/crypto/mbedtls/library/ecp_curves.o
 .rodata.brainpoolP512r1_T_31_X
                0x0800cc90       0x40 ./MCUBoot/crypto/mbedtls/library/ecp_curves.o
 .rodata.brainpoolP512r1_T_30_Y
                0x0800ccd0       0x40 ./MCUBoot/crypto/mbedtls/library/ecp_curves.o
 .rodata.brainpoolP512r1_T_30_X
                0x0800cd10       0x40 ./MCUBoot/crypto/mbedtls/library/ecp_curves.o
 .rodata.brainpoolP512r1_T_29_Y
                0x0800cd50       0x40 ./MCUBoot/crypto/mbedtls/library/ecp_curves.o
 .rodata.brainpoolP512r1_T_29_X
                0x0800cd90       0x40 ./MCUBoot/crypto/mbedtls/library/ecp_curves.o
 .rodata.brainpoolP512r1_T_28_Y
                0x0800cdd0       0x40 ./MCUBoot/crypto/mbedtls/library/ecp_curves.o
 .rodata.brainpoolP512r1_T_28_X
                0x0800ce10       0x40 ./MCUBoot/crypto/mbedtls/library/ecp_curves.o
 .rodata.brainpoolP512r1_T_27_Y
                0x0800ce50       0x40 ./MCUBoot/crypto/mbedtls/library/ecp_curves.o
 .rodata.brainpoolP512r1_T_27_X
                0x0800ce90       0x40 ./MCUBoot/crypto/mbedtls/library/ecp_curves.o
 .rodata.brainpoolP512r1_T_26_Y