Archive member included to satisfy reference by file (symbol)

C:/ST/STM32CubeIDE_2.1.0/STM32CubeIDE/plugins/com.st.stm32cube.ide.mcu.externaltools.gnu-tools-for-stm32.14.3.rel1.win32_1.0.100.202602081740/tools/bin/../lib/gcc/arm-none-eabi/14.3.1/../../../../arm-none-eabi/lib/thumb/v7e-m+fp/hard\libc_nano.a(libc_a-assert.o)
                              ./MCUBoot/bootutil/src/bootutil_loader.o (__assert_func)
C:/ST/STM32CubeIDE_2.1.0/STM32CubeIDE/plugins/com.st.stm32cube.ide.mcu.externaltools.gnu-tools-for-stm32.14.3.rel1.win32_1.0.100.202602081740/tools/bin/../lib/gcc/arm-none-eabi/14.3.1/../../../../arm-none-eabi/lib/thumb/v7e-m+fp/hard\libc_nano.a(libc_a-calloc.o)
                              ./MCUBoot/crypto/mbedtls/library/asn1parse.o (calloc)
C:/ST/STM32CubeIDE_2.1.0/STM32CubeIDE/plugins/com.st.stm32cube.ide.mcu.externaltools.gnu-tools-for-stm32.14.3.rel1.win32_1.0.100.202602081740/tools/bin/../lib/gcc/arm-none-eabi/14.3.1/../../../../arm-none-eabi/lib/thumb/v7e-m+fp/hard\libc_nano.a(libc_a-callocr.o)
                              C:/ST/STM32CubeIDE_2.1.0/STM32CubeIDE/plugins/com.st.stm32cube.ide.mcu.externaltools.gnu-tools-for-stm32.14.3.rel1.win32_1.0.100.202602081740/tools/bin/../lib/gcc/arm-none-eabi/14.3.1/../../../../arm-none-eabi/lib/thumb/v7e-m+fp/hard\libc_nano.a(libc_a-calloc.o) (_calloc_r)
C:/ST/STM32CubeIDE_2.1.0/STM32CubeIDE/plugins/com.st.stm32cube.ide.mcu.externaltools.gnu-tools-for-stm32.14.3.rel1.win32_1.0.100.202602081740/tools/bin/../lib/gcc/arm-none-eabi/14.3.1/../../../../arm-none-eabi/lib/thumb/v7e-m+fp/hard\libc_nano.a(libc_a-exit.o)
                              C:/ST/STM32CubeIDE_2.1.0/STM32CubeIDE/plugins/com.st.stm32cube.ide.mcu.externaltools.gnu-tools-for-stm32.14.3.rel1.win32_1.0.100.202602081740/tools/bin/../lib/gcc/arm-none-eabi/14.3.1/../../../../arm-none-eabi/lib/thumb/v7e-m+fp/hard/crt0.o (exit)
C:/ST/STM32CubeIDE_2.1.0/STM32CubeIDE/plugins/com.st.stm32cube.ide.mcu.externaltools.gnu-tools-for-stm32.14.3.rel1.win32_1.0.100.202602081740/tools/bin/../lib/gcc/arm-none-eabi/14.3.1/../../../../arm-none-eabi/lib/thumb/v7e-m+fp/hard\libc_nano.a(libc_a-malloc.o)
                              ./MCUBoot/bootutil/src/loader.o (malloc)
C:/ST/STM32CubeIDE_2.1.0/STM32CubeIDE/plugins/com.st.stm32cube.ide.mcu.externaltools.gnu-tools-for-stm32.14.3.rel1.win32_1.0.100.202602081740/tools/bin/../lib/gcc/arm-none-eabi/14.3.1/../../../../arm-none-eabi/lib/thumb/v7e-m+fp/hard\libc_nano.a(libc_a-mallocr.o)
                              C:/ST/STM32CubeIDE_2.1.0/STM32CubeIDE/plugins/com.st.stm32cube.ide.mcu.externaltools.gnu-tools-for-stm32.14.3.rel1.win32_1.0.100.202602081740/tools/bin/../lib/gcc/arm-none-eabi/14.3.1/../../../../arm-none-eabi/lib/thumb/v7e-m+fp/hard\libc_nano.a(libc_a-callocr.o) (_malloc_r)
C:/ST/STM32CubeIDE_2.1.0/STM32CubeIDE/plugins/com.st.stm32cube.ide.mcu.externaltools.gnu-tools-for-stm32.14.3.rel1.win32_1.0.100.202602081740/tools/bin/../lib/gcc/arm-none-eabi/14.3.1/../../../../arm-none-eabi/lib/thumb/v7e-m+fp/hard\libc_nano.a(libc_a-mlock.o)
                              C:/ST/STM32CubeIDE_2.1.0/STM32CubeIDE/plugins/com.st.stm32cube.ide.mcu.externaltools.gnu-tools-for-stm32.14.3.rel1.win32_1.0.100.202602081740/tools/bin/../lib/gcc/arm-none-eabi/14.3.1/../../../../arm-none-eabi/lib/thumb/v7e-m+fp/hard\libc_nano.a(libc_a-mallocr.o) (__malloc_lock)
C:/ST/STM32CubeIDE_2.1.0/STM32CubeIDE/plugins/com.st.stm32cube.ide.mcu.externaltools.gnu-tools-for-stm32.14.3.rel1.win32_1.0.100.202602081740/tools/bin/../lib/gcc/arm-none-eabi/14.3.1/../../../../arm-none-eabi/lib/thumb/v7e-m+fp/hard\libc_nano.a(libc_a-fclose.o)
                              ./MCUBoot/crypto/mbedtls/library/pkparse.o (fclose)
C:/ST/STM32CubeIDE_2.1.0/STM32CubeIDE/plugins/com.st.stm32cube.ide.mcu.externaltools.gnu-tools-for-stm32.14.3.rel1.win32_1.0.100.202602081740/tools/bin/../lib/gcc/arm-none-eabi/14.3.1/../../../../arm-none-eabi/lib/thumb/v7e-m+fp/hard\libc_nano.a(libc_a-fflush.o)
                              C:/ST/STM32CubeIDE_2.1.0/STM32CubeIDE/plugins/com.st.stm32cube.ide.mcu.externaltools.gnu-tools-for-stm32.14.3.rel1.win32_1.0.100.202602081740/tools/bin/../lib/gcc/arm-none-eabi/14.3.1/../../../../arm-none-eabi/lib/thumb/v7e-m+fp/hard\libc_nano.a(libc_a-fclose.o) (__sflush_r)
C:/ST/STM32CubeIDE_2.1.0/STM32CubeIDE/plugins/com.st.stm32cube.ide.mcu.externaltools.gnu-tools-for-stm32.14.3.rel1.win32_1.0.100.202602081740/tools/bin/../lib/gcc/arm-none-eabi/14.3.1/../../../../arm-none-eabi/lib/thumb/v7e-m+fp/hard\libc_nano.a(libc_a-fgets.o)
                              ./MCUBoot/crypto/mbedtls/library/bignum.o (fgets)
C:/ST/STM32CubeIDE_2.1.0/STM32CubeIDE/plugins/com.st.stm32cube.ide.mcu.externaltools.gnu-tools-for-stm32.14.3.rel1.win32_1.0.100.202602081740/tools/bin/../lib/gcc/arm-none-eabi/14.3.1/../../../../arm-none-eabi/lib/thumb/v7e-m+fp/hard\libc_nano.a(libc_a-findfp.o)
[...]
Memory Configuration

Name             Origin             Length             Attributes
FLASH            0x08000000         0x00020000         xr
RAM              0x20000000         0x00010000         xrw
RAM2             0x10000000         0x00010000         xrw
RAM3             0x20030000         0x00060000         xrw
*default*        0x00000000         0xffffffff

Linker script and memory map

LOAD C:/ST/STM32CubeIDE_2.1.0/STM32CubeIDE/plugins/com.st.stm32cube.ide.mcu.externaltools.gnu-tools-for-stm32.14.3.rel1.win32_1.0.100.202602081740/tools/bin/../lib/gcc/arm-none-eabi/14.3.1/thumb/v7e-m+fp/hard/crti.o
LOAD C:/ST/STM32CubeIDE_2.1.0/STM32CubeIDE/plugins/com.st.stm32cube.ide.mcu.externaltools.gnu-tools-for-stm32.14.3.rel1.win32_1.0.100.202602081740/tools/bin/../lib/gcc/arm-none-eabi/14.3.1/thumb/v7e-m+fp/hard/crtbegin.o
LOAD C:/ST/STM32CubeIDE_2.1.0/STM32CubeIDE/plugins/com.st.stm32cube.ide.mcu.externaltools.gnu-tools-for-stm32.14.3.rel1.win32_1.0.100.202602081740/tools/bin/../lib/gcc/arm-none-eabi/14.3.1/../../../../arm-none-eabi/lib/thumb/v7e-m+fp/hard/crt0.o
LOAD ./Core/Src/gpio.o
LOAD ./Core/Src/iwdg.o
LOAD ./Core/Src/main.o
LOAD ./Core/Src/stm32l4xx_hal_msp.o
LOAD ./Core/Src/stm32l4xx_it.o
LOAD ./Core/Src/syscalls.o
LOAD ./Core/Src/sysmem.o
LOAD ./Core/Src/system_stm32l4xx.o
LOAD ./Core/Src/usart.o
LOAD ./Core/Startup/startup_stm32l4r5vgtx.o
LOAD ./Drivers/STM32L4xx_HAL_Driver/Src/stm32l4xx_hal.o
LOAD ./Drivers/STM32L4xx_HAL_Driver/Src/stm32l4xx_hal_cortex.o
LOAD ./Drivers/STM32L4xx_HAL_Driver/Src/stm32l4xx_hal_dma.o
LOAD ./Drivers/STM32L4xx_HAL_Driver/Src/stm32l4xx_hal_dma_ex.o
LOAD ./Drivers/STM32L4xx_HAL_Driver/Src/stm32l4xx_hal_exti.o
LOAD ./Drivers/STM32L4xx_HAL_Driver/Src/stm32l4xx_hal_flash.o
LOAD ./Drivers/STM32L4xx_HAL_Driver/Src/stm32l4xx_hal_flash_ex.o
LOAD ./Drivers/STM32L4xx_HAL_Driver/Src/stm32l4xx_hal_flash_ramfunc.o
LOAD ./Drivers/STM32L4xx_HAL_Driver/Src/stm32l4xx_hal_gpio.o
LOAD ./Drivers/STM32L4xx_HAL_Driver/Src/stm32l4xx_hal_i2c.o
LOAD ./Drivers/STM32L4xx_HAL_Driver/Src/stm32l4xx_hal_i2c_ex.o
LOAD ./Drivers/STM32L4xx_HAL_Driver/Src/stm32l4xx_hal_iwdg.o
LOAD ./Drivers/STM32L4xx_HAL_Driver/Src/stm32l4xx_hal_pwr.o
LOAD ./Drivers/STM32L4xx_HAL_Driver/Src/stm32l4xx_hal_pwr_ex.o
LOAD ./Drivers/STM32L4xx_HAL_Driver/Src/stm32l4xx_hal_rcc.o
LOAD ./Drivers/STM32L4xx_HAL_Driver/Src/stm32l4xx_hal_rcc_ex.o
LOAD ./Drivers/STM32L4xx_HAL_Driver/Src/stm32l4xx_hal_uart.o
LOAD ./Drivers/STM32L4xx_HAL_Driver/Src/stm32l4xx_hal_uart_ex.o
LOAD ./MCUBoot/bootutil/src/boot_record.o
LOAD ./MCUBoot/bootutil/src/bootutil_area.o
LOAD ./MCUBoot/bootutil/src/bootutil_find_key.o
LOAD ./MCUBoot/bootutil/src/bootutil_img_hash.o
LOAD ./MCUBoot/bootutil/src/bootutil_loader.o
LOAD ./MCUBoot/bootutil/src/bootutil_misc.o
LOAD ./MCUBoot/bootutil/src/bootutil_public.o
LOAD ./MCUBoot/bootutil/src/caps.o
LOAD ./MCUBoot/bootutil/src/encrypted.o
LOAD ./MCUBoot/bootutil/src/fault_injection_hardening.o
LOAD ./MCUBoot/bootutil/src/image_ecdsa.o
LOAD ./MCUBoot/bootutil/src/image_validate.o
LOAD ./MCUBoot/bootutil/src/loader.o
LOAD ./MCUBoot/bootutil/src/swap_misc.o
LOAD ./MCUBoot/bootutil/src/swap_move.o
LOAD ./MCUBoot/bootutil/src/tlv.o
LOAD ./MCUBoot/crypto/mbedtls/library/asn1parse.o
LOAD ./MCUBoot/crypto/mbedtls/library/asn1write.o
LOAD ./MCUBoot/crypto/mbedtls/library/bignum.o
LOAD ./MCUBoot/crypto/mbedtls/library/bignum_core.o
LOAD ./MCUBoot/crypto/mbedtls/library/bignum_mod.o
LOAD ./MCUBoot/crypto/mbedtls/library/bignum_mod_raw.o
LOAD ./MCUBoot/crypto/mbedtls/library/constant_time.o
LOAD ./MCUBoot/crypto/mbedtls/library/ecdsa.o
LOAD ./MCUBoot/crypto/mbedtls/library/ecp.o
LOAD ./MCUBoot/crypto/mbedtls/library/ecp_curves.o
LOAD ./MCUBoot/crypto/mbedtls/library/memory_buffer_alloc.o
LOAD ./MCUBoot/crypto/mbedtls/library/oid.o
LOAD ./MCUBoot/crypto/mbedtls/library/pk.o
LOAD ./MCUBoot/crypto/mbedtls/library/pk_wrap.o
LOAD ./MCUBoot/crypto/mbedtls/library/pkparse.o
LOAD ./MCUBoot/crypto/mbedtls/library/pkwrite.o
LOAD ./MCUBoot/crypto/mbedtls/library/platform.o
LOAD ./MCUBoot/crypto/mbedtls/library/platform_util.o
LOAD ./MCUBoot/crypto/mbedtls/library/sha256.o
LOAD ./MCUBoot/flash_map_backend/boot_hal.o
LOAD ./MCUBoot/flash_map_backend/flash_map_backend.o
LOAD ./MCUBoot/flash_map_backend/keys.o
START GROUP
LOAD C:/ST/STM32CubeIDE_2.1.0/STM32CubeIDE/plugins/com.st.stm32cube.ide.mcu.externaltools.gnu-tools-for-stm32.14.3.rel1.win32_1.0.100.202602081740/tools/bin/../lib/gcc/arm-none-eabi/14.3.1/../../../../arm-none-eabi/lib/thumb/v7e-m+fp/hard\libc_nano.a
LOAD C:/ST/STM32CubeIDE_2.1.0/STM32CubeIDE/plugins/com.st.stm32cube.ide.mcu.externaltools.gnu-tools-for-stm32.14.3.rel1.win32_1.0.100.202602081740/tools/bin/../lib/gcc/arm-none-eabi/14.3.1/../../../../arm-none-eabi/lib/thumb/v7e-m+fp/hard\libm.a
END GROUP
START GROUP
LOAD C:/ST/STM32CubeIDE_2.1.0/STM32CubeIDE/plugins/com.st.stm32cube.ide.mcu.externaltools.gnu-tools-for-stm32.14.3.rel1.win32_1.0.100.202602081740/tools/bin/../lib/gcc/arm-none-eabi/14.3.1/thumb/v7e-m+fp/hard\libgcc.a
LOAD C:/ST/STM32CubeIDE_2.1.0/STM32CubeIDE/plugins/com.st.stm32cube.ide.mcu.externaltools.gnu-tools-for-stm32.14.3.rel1.win32_1.0.100.202602081740/tools/bin/../lib/gcc/arm-none-eabi/14.3.1/../../../../arm-none-eabi/lib/thumb/v7e-m+fp/hard\libc_nano.a
END GROUP
START GROUP
LOAD C:/ST/STM32CubeIDE_2.1.0/STM32CubeIDE/plugins/com.st.stm32cube.ide.mcu.externaltools.gnu-tools-for-stm32.14.3.rel1.win32_1.0.100.202602081740/tools/bin/../lib/gcc/arm-none-eabi/14.3.1/thumb/v7e-m+fp/hard\libgcc.a
LOAD C:/ST/STM32CubeIDE_2.1.0/STM32CubeIDE/plugins/com.st.stm32cube.ide.mcu.externaltools.gnu-tools-for-stm32.14.3.rel1.win32_1.0.100.202602081740/tools/bin/../lib/gcc/arm-none-eabi/14.3.1/../../../../arm-none-eabi/lib/thumb/v7e-m+fp/hard\libc_nano.a
LOAD C:/ST/STM32CubeIDE_2.1.0/STM32CubeIDE/plugins/com.st.stm32cube.ide.mcu.externaltools.gnu-tools-for-stm32.14.3.rel1.win32_1.0.100.202602081740/tools/bin/../lib/gcc/arm-none-eabi/14.3.1/../../../../arm-none-eabi/lib/thumb/v7e-m+fp/hard\libnosys.a
END GROUP
START GROUP
LOAD C:/ST/STM32CubeIDE_2.1.0/STM32CubeIDE/plugins/com.st.stm32cube.ide.mcu.externaltools.gnu-tools-for-stm32.14.3.rel1.win32_1.0.100.202602081740/tools/bin/../lib/gcc/arm-none-eabi/14.3.1/thumb/v7e-m+fp/hard\libgcc.a
LOAD C:/ST/STM32CubeIDE_2.1.0/STM32CubeIDE/plugins/com.st.stm32cube.ide.mcu.externaltools.gnu-tools-for-stm32.14.3.rel1.win32_1.0.100.202602081740/tools/bin/../lib/gcc/arm-none-eabi/14.3.1/../../../../arm-none-eabi/lib/thumb/v7e-m+fp/hard\libc_nano.a
LOAD C:/ST/STM32CubeIDE_2.1.0/STM32CubeIDE/plugins/com.st.stm32cube.ide.mcu.externaltools.gnu-tools-for-stm32.14.3.rel1.win32_1.0.100.202602081740/tools/bin/../lib/gcc/arm-none-eabi/14.3.1/../../../../arm-none-eabi/lib/thumb/v7e-m+fp/hard\libnosys.a
END GROUP
LOAD C:/ST/STM32CubeIDE_2.1.0/STM32CubeIDE/plugins/com.st.stm32cube.ide.mcu.externaltools.gnu-tools-for-stm32.14.3.rel1.win32_1.0.100.202602081740/tools/bin/../lib/gcc/arm-none-eabi/14.3.1/thumb/v7e-m+fp/hard/crtend.o
LOAD C:/ST/STM32CubeIDE_2.1.0/STM32CubeIDE/plugins/com.st.stm32cube.ide.mcu.externaltools.gnu-tools-for-stm32.14.3.rel1.win32_1.0.100.202602081740/tools/bin/../lib/gcc/arm-none-eabi/14.3.1/thumb/v7e-m+fp/hard/crtn.o
                0x20090000                        _estack = (ORIGIN (RAM3) + LENGTH (RAM3))
                0x00000200                        _Min_Heap_Size = 0x200
                0x00000400                        _Min_Stack_Size = 0x400

.isr_vector     0x08000000      0x1bc
                0x08000000                        . = ALIGN (0x4)
 *(.isr_vector)
 .isr_vector    0x08000000      0x1bc ./Core/Startup/startup_stm32l4r5vgtx.o
                0x08000000                g_pfnVectors
                0x080001bc                        . = ALIGN (0x4)

.text           0x080001c0     0xa5f4
                0x080001c0                        . = ALIGN (0x4)
 *(.text)
 .text          0x080001c0       0x40 C:/ST/STM32CubeIDE_2.1.0/STM32CubeIDE/plugins/com.st.stm32cube.ide.mcu.externaltools.gnu-tools-for-stm32.14.3.rel1.win32_1.0.100.202602081740/tools/bin/../lib/gcc/arm-none-eabi/14.3.1/thumb/v7e-m+fp/hard/crtbegin.o
 .text          0x08000200       0xa0 C:/ST/STM32CubeIDE_2.1.0/STM32CubeIDE/plugins/com.st.stm32cube.ide.mcu.externaltools.gnu-tools-for-stm32.14.3.rel1.win32_1.0.100.202602081740/tools/bin/../lib/gcc/arm-none-eabi/14.3.1/../../../../arm-none-eabi/lib/thumb/v7e-m+fp/hard\libc_nano.a(libc_a-memchr.o)
                0x08000200                memchr
 .text          0x080002a0       0x10 C:/ST/STM32CubeIDE_2.1.0/STM32CubeIDE/plugins/com.st.stm32cube.ide.mcu.externaltools.gnu-tools-for-stm32.14.3.rel1.win32_1.0.100.202602081740/tools/bin/../lib/gcc/arm-none-eabi/14.3.1/../../../../arm-none-eabi/lib/thumb/v7e-m+fp/hard\libc_nano.a(libc_a-strlen.o)
                0x080002a0                strlen
 .text          0x080002b0       0x30 C:/ST/STM32CubeIDE_2.1.0/STM32CubeIDE/plugins/com.st.stm32cube.ide.mcu.externaltools.gnu-tools-for-stm32.14.3.rel1.win32_1.0.100.202602081740/tools/bin/../lib/gcc/arm-none-eabi/14.3.1/thumb/v7e-m+fp/hard\libgcc.a(_aeabi_uldivmod.o)
                0x080002b0                __aeabi_uldivmod
 .text          0x080002e0      0x2f8 C:/ST/STM32CubeIDE_2.1.0/STM32CubeIDE/plugins/com.st.stm32cube.ide.mcu.externaltools.gnu-tools-for-stm32.14.3.rel1.win32_1.0.100.202602081740/tools/bin/../lib/gcc/arm-none-eabi/14.3.1/thumb/v7e-m+fp/hard\libgcc.a(_udivmoddi4.o)
                0x080002e0                __udivmoddi4
 .text          0x080005d8        0x4 C:/ST/STM32CubeIDE_2.1.0/STM32CubeIDE/plugins/com.st.stm32cube.ide.mcu.externaltools.gnu-tools-for-stm32.14.3.rel1.win32_1.0.100.202602081740/tools/bin/../lib/gcc/arm-none-eabi/14.3.1/thumb/v7e-m+fp/hard\libgcc.a(_dvmd_tls.o)
                0x080005d8                __aeabi_idiv0
                0x080005d8                __aeabi_ldiv0
 *(.text*)
 .text.MX_GPIO_Init
                0x080005dc       0x30 ./Core/Src/gpio.o
                0x080005dc                MX_GPIO_Init
 .text.MX_IWDG_Init
                0x0800060c       0x34 ./Core/Src/iwdg.o
                0x0800060c                MX_IWDG_Init
 .text._write   0x08000640       0x18 ./Core/Src/main.o
                0x08000640                _write
 .text.mcuboot_watchdog_feed
                0x08000658        0xc ./Core/Src/main.o
                0x08000658                mcuboot_watchdog_feed
 .text.Error_Handler
                0x08000664        0x6 ./Core/Src/main.o
                0x08000664                Error_Handler
 .text.SystemClock_Config
                0x0800066a       0x60 ./Core/Src/main.o
                0x0800066a                SystemClock_Config
 *fill*         0x080006ca        0x2 
 .text.startup.main
                0x080006cc       0x94 ./Core/Src/main.o
                0x080006cc                main
 .text.HAL_MspInit
                0x08000760       0x30 ./Core/Src/stm32l4xx_hal_msp.o
                0x08000760                HAL_MspInit
 .text.NMI_Handler
                0x08000790        0x2 ./Core/Src/stm32l4xx_it.o
                0x08000790                NMI_Handler
 .text.HardFault_Handler
                0x08000792        0x2 ./Core/Src/stm32l4xx_it.o
                0x08000792                HardFault_Handler
 .text.MemManage_Handler
                0x08000794        0x2 ./Core/Src/stm32l4xx_it.o
                0x08000794                MemManage_Handler
 .text.BusFault_Handler
                0x08000796        0x2 ./Core/Src/stm32l4xx_it.o
                0x08000796                BusFault_Handler
 .text.UsageFault_Handler
                0x08000798        0x2 ./Core/Src/stm32l4xx_it.o
                0x08000798                UsageFault_Handler
 .text.SVC_Handler
                0x0800079a        0x2 ./Core/Src/stm32l4xx_it.o
                0x0800079a                SVC_Handler
 .text.DebugMon_Handler
                0x0800079c        0x2 ./Core/Src/stm32l4xx_it.o
                0x0800079c                DebugMon_Handler
 .text.PendSV_Handler
                0x0800079e        0x2 ./Core/Src/stm32l4xx_it.o
                0x0800079e                PendSV_Handler
 .text.SysTick_Handler
                0x080007a0        0x4 ./Core/Src/stm32l4xx_it.o
                0x080007a0                SysTick_Handler
 .text._getpid  0x080007a4        0x4 ./Core/Src/syscalls.o
                0x080007a4                _getpid
 .text._kill    0x080007a8       0x10 ./Core/Src/syscalls.o
                0x080007a8                _kill
 .text._exit    0x080007b8        0xc ./Core/Src/syscalls.o
                0x080007b8                _exit
 .text._read    0x080007c4       0x1c ./Core/Src/syscalls.o
                0x080007c4                _read
 .text._close   0x080007e0        0x6 ./Core/Src/syscalls.o
                0x080007e0                _close
 .text._fstat   0x080007e6        0xa ./Core/Src/syscalls.o
                0x080007e6                _fstat
 .text._isatty  0x080007f0        0x4 ./Core/Src/syscalls.o
                0x080007f0                _isatty
 .text._lseek   0x080007f4        0x4 ./Core/Src/syscalls.o
                0x080007f4                _lseek
 .text._sbrk    0x080007f8       0x3c ./Core/Src/sysmem.o
                0x080007f8                _sbrk
 .text.SystemInit
                0x08000834       0x14 ./Core/Src/system_stm32l4xx.o
                0x08000834                SystemInit
 .text.MX_UART4_Init
                0x08000848       0x68 ./Core/Src/usart.o
                0x08000848                MX_UART4_Init
 .text.MX_USART2_UART_Init
                0x080008b0       0x68 ./Core/Src/usart.o
                0x080008b0                MX_USART2_UART_Init
 .text.HAL_UART_MspInit
                0x08000918       0xd4 ./Core/Src/usart.o
                0x08000918                HAL_UART_MspInit
 .text.Reset_Handler
                0x080009ec       0x50 ./Core/Startup/startup_stm32l4r5vgtx.o
                0x080009ec                Reset_Handler
 .text.Default_Handler
                0x08000a3c        0x2 ./Core/Startup/startup_stm32l4r5vgtx.o
                0x08000a3c                RTC_Alarm_IRQHandler
                0x08000a3c                EXTI2_IRQHandler
                0x08000a3c                TIM8_TRG_COM_IRQHandler
                0x08000a3c                TIM8_CC_IRQHandler
                0x08000a3c                TIM1_CC_IRQHandler
                0x08000a3c                TSC_IRQHandler
                0x08000a3c                TAMP_STAMP_IRQHandler
                0x08000a3c                EXTI3_IRQHandler
                0x08000a3c                LPTIM2_IRQHandler
                0x08000a3c                DFSDM1_FLT1_IRQHandler
                0x08000a3c                GFXMMU_IRQHandler
                0x08000a3c                I2C3_ER_IRQHandler
                0x08000a3c                DFSDM1_FLT2_IRQHandler
                0x08000a3c                EXTI0_IRQHandler
                0x08000a3c                I2C2_EV_IRQHandler
                0x08000a3c                CAN1_RX0_IRQHandler
                0x08000a3c                FPU_IRQHandler
                0x08000a3c                TIM1_UP_TIM16_IRQHandler
                0x08000a3c                LTDC_ER_IRQHandler
                0x08000a3c                SPI1_IRQHandler
                0x08000a3c                OCTOSPI1_IRQHandler
                0x08000a3c                TIM6_DAC_IRQHandler
                0x08000a3c                DCMI_IRQHandler
                0x08000a3c                TIM8_UP_IRQHandler
                0x08000a3c                OCTOSPI2_IRQHandler
                0x08000a3c                DMA2_Channel2_IRQHandler
                0x08000a3c                DMA1_Channel4_IRQHandler
                0x08000a3c                SAI2_IRQHandler
                0x08000a3c                ADC1_IRQHandler
                0x08000a3c                DFSDM1_FLT3_IRQHandler
                0x08000a3c                USART3_IRQHandler
                0x08000a3c                DMA1_Channel7_IRQHandler
                0x08000a3c                CAN1_RX1_IRQHandler
                0x08000a3c                UART5_IRQHandler
                0x08000a3c                TIM4_IRQHandler
                0x08000a3c                DMA2_Channel1_IRQHandler
                0x08000a3c                I2C1_EV_IRQHandler
                0x08000a3c                DMAMUX1_OVR_IRQHandler
                0x08000a3c                DMA1_Channel6_IRQHandler
                0x08000a3c                UART4_IRQHandler
                0x08000a3c                DMA2_Channel4_IRQHandler
                0x08000a3c                TIM3_IRQHandler
                0x08000a3c                RCC_IRQHandler
                0x08000a3c                DMA1_Channel1_IRQHandler
                0x08000a3c                Default_Handler
                0x08000a3c                DMA2_Channel7_IRQHandler
                0x08000a3c                EXTI15_10_IRQHandler
                0x08000a3c                TIM7_IRQHandler
                0x08000a3c                SDMMC1_IRQHandler
                0x08000a3c                TIM5_IRQHandler
                0x08000a3c                I2C3_EV_IRQHandler
                0x08000a3c                EXTI9_5_IRQHandler
                0x08000a3c                RTC_WKUP_IRQHandler
                0x08000a3c                LTDC_IRQHandler
                0x08000a3c                PVD_PVM_IRQHandler
                0x08000a3c                SPI2_IRQHandler
                0x08000a3c                CAN1_TX_IRQHandler
                0x08000a3c                DMA2_Channel5_IRQHandler
                0x08000a3c                CRS_IRQHandler
                0x08000a3c                DMA1_Channel5_IRQHandler
                0x08000a3c                EXTI4_IRQHandler
                0x08000a3c                RNG_IRQHandler
                0x08000a3c                TIM1_TRG_COM_TIM17_IRQHandler
                0x08000a3c                DMA1_Channel3_IRQHandler
                0x08000a3c                COMP_IRQHandler
                0x08000a3c                WWDG_IRQHandler
                0x08000a3c                I2C4_EV_IRQHandler
                0x08000a3c                LPUART1_IRQHandler
                0x08000a3c                DMA2_Channel6_IRQHandler
                0x08000a3c                TIM2_IRQHandler
                0x08000a3c                DMA2D_IRQHandler
                0x08000a3c                EXTI1_IRQHandler
                0x08000a3c                USART2_IRQHandler
                0x08000a3c                DFSDM1_FLT0_IRQHandler
                0x08000a3c                I2C2_ER_IRQHandler
                0x08000a3c                DMA1_Channel2_IRQHandler
                0x08000a3c                TIM8_BRK_IRQHandler
                0x08000a3c                CAN1_SCE_IRQHandler
                0x08000a3c                FLASH_IRQHandler
                0x08000a3c                USART1_IRQHandler
                0x08000a3c                OTG_FS_IRQHandler
                0x08000a3c                SPI3_IRQHandler
                0x08000a3c                I2C1_ER_IRQHandler
                0x08000a3c                FMC_IRQHandler
                0x08000a3c                LPTIM1_IRQHandler
                0x08000a3c                I2C4_ER_IRQHandler
                0x08000a3c                SAI1_IRQHandler
                0x08000a3c                DMA2_Channel3_IRQHandler
                0x08000a3c                TIM1_BRK_TIM15_IRQHandler
 *fill*         0x08000a3e        0x2 
 .text.HAL_InitTick
                0x08000a40       0x4c ./Drivers/STM32L4xx_HAL_Driver/Src/stm32l4xx_hal.o
                0x08000a40                HAL_InitTick
 .text.HAL_Init
                0x08000a8c       0x2c ./Drivers/STM32L4xx_HAL_Driver/Src/stm32l4xx_hal.o
                0x08000a8c                HAL_Init
 .text.HAL_IncTick
                0x08000ab8       0x18 ./Drivers/STM32L4xx_HAL_Driver/Src/stm32l4xx_hal.o
                0x08000ab8                HAL_IncTick
 .text.HAL_GetTick
                0x08000ad0        0xc ./Drivers/STM32L4xx_HAL_Driver/Src/stm32l4xx_hal.o
                0x08000ad0                HAL_GetTick
 .text.HAL_Delay
                0x08000adc       0x28 ./Drivers/STM32L4xx_HAL_Driver/Src/stm32l4xx_hal.o
                0x08000adc                HAL_Delay
 .text.HAL_NVIC_SetPriorityGrouping
                0x08000b04       0x24 ./Drivers/STM32L4xx_HAL_Driver/Src/stm32l4xx_hal_cortex.o
                0x08000b04                HAL_NVIC_SetPriorityGrouping
 .text.HAL_NVIC_SetPriority
                0x08000b28       0x64 ./Drivers/STM32L4xx_HAL_Driver/Src/stm32l4xx_hal_cortex.o
                0x08000b28                HAL_NVIC_SetPriority
 .text.HAL_SYSTICK_Config
                0x08000b8c       0x28 ./Drivers/STM32L4xx_HAL_Driver/Src/stm32l4xx_hal_cortex.o
                0x08000b8c                HAL_SYSTICK_Config
 .text.HAL_MPU_Enable
                0x08000bb4       0x18 ./Drivers/STM32L4xx_HAL_Driver/Src/stm32l4xx_hal_cortex.o
                0x08000bb4                HAL_MPU_Enable
 .text.HAL_MPU_Disable
                0x08000bcc       0x14 ./Drivers/STM32L4xx_HAL_Driver/Src/stm32l4xx_hal_cortex.o
                0x08000bcc                HAL_MPU_Disable
 .text.HAL_MPU_ConfigRegion
                0x08000be0       0x58 ./Drivers/STM32L4xx_HAL_Driver/Src/stm32l4xx_hal_cortex.o
                0x08000be0                HAL_MPU_ConfigRegion
 .text.FLASH_Program_Fast
                0x08000c38       0x2c ./Drivers/STM32L4xx_HAL_Driver/Src/stm32l4xx_hal_flash.o
 .text.HAL_FLASH_Unlock
                0x08000c64       0x24 ./Drivers/STM32L4xx_HAL_Driver/Src/stm32l4xx_hal_flash.o
                0x08000c64                HAL_FLASH_Unlock
 .text.HAL_FLASH_Lock
                0x08000c88       0x14 ./Drivers/STM32L4xx_HAL_Driver/Src/stm32l4xx_hal_flash.o
                0x08000c88                HAL_FLASH_Lock
 .text.FLASH_WaitForLastOperation
                0x08000c9c       0x54 ./Drivers/STM32L4xx_HAL_Driver/Src/stm32l4xx_hal_flash.o
                0x08000c9c                FLASH_WaitForLastOperation
 .text.HAL_FLASH_Program
                0x08000cf0       0xa4 ./Drivers/STM32L4xx_HAL_Driver/Src/stm32l4xx_hal_flash.o
                0x08000cf0                HAL_FLASH_Program
 .text.FLASH_MassErase
                0x08000d94       0x3c ./Drivers/STM32L4xx_HAL_Driver/Src/stm32l4xx_hal_flash_ex.o
 .text.FLASH_PageErase
                0x08000dd0       0x3c ./Drivers/STM32L4xx_HAL_Driver/Src/stm32l4xx_hal_flash_ex.o
                0x08000dd0                FLASH_PageErase
 .text.FLASH_FlushCaches
                0x08000e0c       0x60 ./Drivers/STM32L4xx_HAL_Driver/Src/stm32l4xx_hal_flash_ex.o
                0x08000e0c                FLASH_FlushCaches
 .text.HAL_FLASHEx_Erase
                0x08000e6c       0xdc ./Drivers/STM32L4xx_HAL_Driver/Src/stm32l4xx_hal_flash_ex.o
                0x08000e6c                HAL_FLASHEx_Erase
 .text.HAL_GPIO_Init
                0x08000f48      0x1ac ./Drivers/STM32L4xx_HAL_Driver/Src/stm32l4xx_hal_gpio.o
                0x08000f48                HAL_GPIO_Init
 .text.HAL_IWDG_Init
                0x080010f4       0x5e ./Drivers/STM32L4xx_HAL_Driver/Src/stm32l4xx_hal_iwdg.o
                0x080010f4                HAL_IWDG_Init
 .text.HAL_IWDG_Refresh
                0x08001152        0xc ./Drivers/STM32L4xx_HAL_Driver/Src/stm32l4xx_hal_iwdg.o
                0x08001152                HAL_IWDG_Refresh
 *fill*         0x0800115e        0x2 
 .text.HAL_PWREx_GetVoltageRange
                0x08001160       0x20 ./Drivers/STM32L4xx_HAL_Driver/Src/stm32l4xx_hal_pwr_ex.o
                0x08001160                HAL_PWREx_GetVoltageRange
 .text.HAL_PWREx_ControlVoltageScaling
                0x08001180       0xb0 ./Drivers/STM32L4xx_HAL_Driver/Src/stm32l4xx_hal_pwr_ex.o
                0x08001180                HAL_PWREx_ControlVoltageScaling
 .text.RCC_SetFlashLatencyFromMSIRange
                0x08001230       0x7c ./Drivers/STM32L4xx_HAL_Driver/Src/stm32l4xx_hal_rcc.o
 .text.HAL_RCC_DeInit
                0x080012ac       0xe0 ./Drivers/STM32L4xx_HAL_Driver/Src/stm32l4xx_hal_rcc.o
                0x080012ac                HAL_RCC_DeInit
 .text.HAL_RCC_GetSysClockFreq
                0x0800138c       0x94 ./Drivers/STM32L4xx_HAL_Driver/Src/stm32l4xx_hal_rcc.o
                0x0800138c                HAL_RCC_GetSysClockFreq
 .text.HAL_RCC_OscConfig
                0x08001420      0x54c ./Drivers/STM32L4xx_HAL_Driver/Src/stm32l4xx_hal_rcc.o
                0x08001420                HAL_RCC_OscConfig
 .text.HAL_RCC_ClockConfig
                0x0800196c      0x1f8 ./Drivers/STM32L4xx_HAL_Driver/Src/stm32l4xx_hal_rcc.o
                0x0800196c                HAL_RCC_ClockConfig
 .text.HAL_RCC_GetPCLK1Freq
                0x08001b64       0x24 ./Drivers/STM32L4xx_HAL_Driver/Src/stm32l4xx_hal_rcc.o
                0x08001b64                HAL_RCC_GetPCLK1Freq
 .text.HAL_RCC_GetPCLK2Freq
                0x08001b88       0x24 ./Drivers/STM32L4xx_HAL_Driver/Src/stm32l4xx_hal_rcc.o
                0x08001b88                HAL_RCC_GetPCLK2Freq
 .text.RCCEx_PLLSAI1_Config
                0x08001bac      0x100 ./Drivers/STM32L4xx_HAL_Driver/Src/stm32l4xx_hal_rcc_ex.o
 .text.RCCEx_PLLSAI2_Config.constprop.0
                0x08001cac       0xc8 ./Drivers/STM32L4xx_HAL_Driver/Src/stm32l4xx_hal_rcc_ex.o
 .text.HAL_RCCEx_PeriphCLKConfig
                0x08001d74      0x448 ./Drivers/STM32L4xx_HAL_Driver/Src/stm32l4xx_hal_rcc_ex.o
                0x08001d74                HAL_RCCEx_PeriphCLKConfig
 .text.UART_EndRxTransfer
                0x080021bc       0x58 ./Drivers/STM32L4xx_HAL_Driver/Src/stm32l4xx_hal_uart.o
 .text.UART_SetConfig
                0x08002214      0x254 ./Drivers/STM32L4xx_HAL_Driver/Src/stm32l4xx_hal_uart.o
                0x08002214                UART_SetConfig
 .text.UART_AdvFeatureConfig
                0x08002468       0xa8 ./Drivers/STM32L4xx_HAL_Driver/Src/stm32l4xx_hal_uart.o
                0x08002468                UART_AdvFeatureConfig
 .text.UART_WaitOnFlagUntilTimeout
                0x08002510       0x90 ./Drivers/STM32L4xx_HAL_Driver/Src/stm32l4xx_hal_uart.o
                0x08002510                UART_WaitOnFlagUntilTimeout
 .text.HAL_UART_Transmit
                0x080025a0       0xb6 ./Drivers/STM32L4xx_HAL_Driver/Src/stm32l4xx_hal_uart.o
                0x080025a0                HAL_UART_Transmit
 .text.UART_CheckIdleState
                0x08002656       0xb6 ./Drivers/STM32L4xx_HAL_Driver/Src/stm32l4xx_hal_uart.o
                0x08002656                UART_CheckIdleState
 .text.HAL_UART_Init
                0x0800270c       0x60 ./Drivers/STM32L4xx_HAL_Driver/Src/stm32l4xx_hal_uart.o
                0x0800270c                HAL_UART_Init
 .text.UARTEx_SetNbDataToProcess
                0x0800276c       0x44 ./Drivers/STM32L4xx_HAL_Driver/Src/stm32l4xx_hal_uart_ex.o
 .text.HAL_UARTEx_DisableFifoMode
                0x080027b0       0x36 ./Drivers/STM32L4xx_HAL_Driver/Src/stm32l4xx_hal_uart_ex.o
                0x080027b0                HAL_UARTEx_DisableFifoMode
 .text.HAL_UARTEx_SetTxFifoThreshold
                0x080027e6       0x40 ./Drivers/STM32L4xx_HAL_Driver/Src/stm32l4xx_hal_uart_ex.o
                0x080027e6                HAL_UARTEx_SetTxFifoThreshold
 .text.HAL_UARTEx_SetRxFifoThreshold
                0x08002826       0x40 ./Drivers/STM32L4xx_HAL_Driver/Src/stm32l4xx_hal_uart_ex.o
                0x08002826                HAL_UARTEx_SetRxFifoThreshold
 .text.boot_trailer_sz
                0x08002866        0xa ./MCUBoot/bootutil/src/bootutil_area.o
                0x08002866                boot_trailer_sz
 .text.boot_trailer_scramble_offset
                0x08002870       0x42 ./MCUBoot/bootutil/src/bootutil_area.o
                0x08002870                boot_trailer_scramble_offset
 .text.boot_erase_region
                0x080028b2       0xaa ./MCUBoot/bootutil/src/bootutil_area.o
                0x080028b2                boot_erase_region
 .text.boot_scramble_region
                0x0800295c       0x14 ./MCUBoot/bootutil/src/bootutil_area.o
                0x0800295c                boot_scramble_region
 .text.boot_scramble_slot
                0x08002970       0x18 ./MCUBoot/bootutil/src/bootutil_area.o
                0x08002970                boot_scramble_slot
 .text.bootutil_find_key
                0x08002988       0x6c ./MCUBoot/bootutil/src/bootutil_find_key.o
                0x08002988                bootutil_find_key
 .text.bootutil_img_hash
                0x080029f4       0x8a ./MCUBoot/bootutil/src/bootutil_img_hash.o
                0x080029f4                bootutil_img_hash
 *fill*         0x08002a7e        0x2 
 .text.boot_check_header_erased
                0x08002a80       0x30 ./MCUBoot/bootutil/src/bootutil_loader.o
                0x08002a80                boot_check_header_erased
 .text.boot_check_header_valid
                0x08002ab0       0x64 ./MCUBoot/bootutil/src/bootutil_loader.o
                0x08002ab0                boot_check_header_valid
 .text.boot_read_image_headers
                0x08002b14       0x30 ./MCUBoot/bootutil/src/bootutil_loader.o
                0x08002b14                boot_read_image_headers
 .text.boot_check_image
                0x08002b44       0x40 ./MCUBoot/bootutil/src/bootutil_loader.o
                0x08002b44                boot_check_image
 .text.boot_add_shared_data
                0x08002b84        0x4 ./MCUBoot/bootutil/src/bootutil_loader.o
                0x08002b84                boot_add_shared_data
 .text.boot_open_all_flash_areas
                0x08002b88       0x48 ./MCUBoot/bootutil/src/bootutil_loader.o
                0x08002b88                boot_open_all_flash_areas
 .text.boot_close_all_flash_areas
                0x08002bd0       0x1a ./MCUBoot/bootutil/src/bootutil_loader.o
                0x08002bd0                boot_close_all_flash_areas
 .text.boot_state_init
                0x08002bea        0x8 ./MCUBoot/bootutil/src/bootutil_loader.o
                0x08002bea                boot_state_init
 .text.boot_fih_memequal
                0x08002bf2        0x4 ./MCUBoot/bootutil/src/bootutil_misc.o
                0x08002bf2                boot_fih_memequal
 .text.boot_status_entries
                0x08002bf6       0x2c ./MCUBoot/bootutil/src/bootutil_misc.o
                0x08002bf6                boot_status_entries
 *fill*         0x08002c22        0x2 
 .text.boot_status_off
                0x08002c24       0x3c ./MCUBoot/bootutil/src/bootutil_misc.o
                0x08002c24                boot_status_off
 .text.boot_find_status
                0x08002c60       0x2a ./MCUBoot/bootutil/src/bootutil_misc.o
                0x08002c60                boot_find_status
 .text.boot_read_swap_size
                0x08002c8a       0x1c ./MCUBoot/bootutil/src/bootutil_misc.o
                0x08002c8a                boot_read_swap_size
 .text.boot_write_swap_size
                0x08002ca6       0x1e ./MCUBoot/bootutil/src/bootutil_misc.o
                0x08002ca6                boot_write_swap_size
 .text.bootutil_max_image_size
                0x08002cc4        0x4 ./MCUBoot/bootutil/src/bootutil_misc.o
                0x08002cc4                bootutil_max_image_size
 .text.boot_read_image_size
                0x08002cc8       0xb0 ./MCUBoot/bootutil/src/bootutil_misc.o
                0x08002cc8                boot_read_image_size
 .text.boot_initialize_area
                0x08002d78       0x34 ./MCUBoot/bootutil/src/bootutil_misc.o
                0x08002d78                boot_initialize_area
 .text.boot_read_sectors
                0x08002dac       0x40 ./MCUBoot/bootutil/src/bootutil_misc.o
                0x08002dac                boot_read_sectors
 .text.boot_state_clear
                0x08002dec        0x2 ./MCUBoot/bootutil/src/bootutil_misc.o
                0x08002dec                boot_state_clear
 .text.boot_image_ok_off
                0x08002dee        0xe ./MCUBoot/bootutil/src/bootutil_public.o
 .text.boot_swap_info_off
                0x08002dfc        0xa ./MCUBoot/bootutil/src/bootutil_public.o
                0x08002dfc                boot_swap_info_off
 .text.boot_magic_compatible_check
                0x08002e06       0x1c ./MCUBoot/bootutil/src/bootutil_public.o
                0x08002e06                boot_magic_compatible_check
 .text.bootutil_buffer_is_erased
                0x08002e22       0x28 ./MCUBoot/bootutil/src/bootutil_public.o
                0x08002e22                bootutil_buffer_is_erased
 .text.boot_read_flag
                0x08002e4a       0x38 ./MCUBoot/bootutil/src/bootutil_public.o
 *fill*         0x08002e82        0x2 
 .text.boot_write_magic
                0x08002e84       0x4c ./MCUBoot/bootutil/src/bootutil_public.o
                0x08002e84                boot_write_magic
 .text.boot_write_trailer
                0x08002ed0       0x70 ./MCUBoot/bootutil/src/bootutil_public.o
                0x08002ed0                boot_write_trailer
 .text.boot_write_trailer_flag
                0x08002f40       0x12 ./MCUBoot/bootutil/src/bootutil_public.o
                0x08002f40                boot_write_trailer_flag
 .text.boot_write_image_ok
                0x08002f52       0x16 ./MCUBoot/bootutil/src/bootutil_public.o
                0x08002f52                boot_write_image_ok
 .text.boot_read_image_ok
                0x08002f68       0x18 ./MCUBoot/bootutil/src/bootutil_public.o
                0x08002f68                boot_read_image_ok
 .text.boot_read_swap_state
                0x08002f80       0xb0 ./MCUBoot/bootutil/src/bootutil_public.o
                0x08002f80                boot_read_swap_state
 .text.boot_read_swap_state_by_id
                0x08003030       0x28 ./MCUBoot/bootutil/src/bootutil_public.o
                0x08003030                boot_read_swap_state_by_id
 .text.boot_write_swap_info
                0x08003058       0x4c ./MCUBoot/bootutil/src/bootutil_public.o
                0x08003058                boot_write_swap_info
 .text.boot_swap_type_multi
                0x080030a4       0x90 ./MCUBoot/bootutil/src/bootutil_public.o
                0x080030a4                boot_swap_type_multi
 .text.boot_write_copy_done
                0x08003134       0x18 ./MCUBoot/bootutil/src/bootutil_public.o
                0x08003134                boot_write_copy_done
 .text.bootutil_verify_sig
                0x0800314c       0xf8 ./MCUBoot/bootutil/src/image_ecdsa.o
                0x0800314c                bootutil_verify_sig
 .text.bootutil_img_validate
                0x08003244      0x14c ./MCUBoot/bootutil/src/image_validate.o
                0x08003244                bootutil_img_validate
 .text.boot_validate_slot.isra.0
                0x08003390       0xb8 ./MCUBoot/bootutil/src/loader.o
 .text.boot_status_is_reset
                0x08003448       0x1a ./MCUBoot/bootutil/src/loader.o
                0x08003448                boot_status_is_reset
 *fill*         0x08003462        0x2 
 .text.boot_swap_image.isra.0
                0x08003464       0xb8 ./MCUBoot/bootutil/src/loader.o
 .text.boot_write_status
                0x0800351c       0x50 ./MCUBoot/bootutil/src/loader.o
                0x0800351c                boot_write_status
 .text.boot_copy_region
                0x0800356c       0x58 ./MCUBoot/bootutil/src/loader.o
                0x0800356c                boot_copy_region
 .text.context_boot_go
                0x080035c4      0x274 ./MCUBoot/bootutil/src/loader.o
                0x080035c4                context_boot_go
 .text.boot_go  0x08003838       0x24 ./MCUBoot/bootutil/src/loader.o
                0x08003838                boot_go
 .text.swap_scramble_trailer_sectors
                0x0800385c       0x32 ./MCUBoot/bootutil/src/swap_misc.o
                0x0800385c                swap_scramble_trailer_sectors
 *fill*         0x0800388e        0x2 
 .text.swap_status_init
                0x08003890       0x80 ./MCUBoot/bootutil/src/swap_misc.o
                0x08003890                swap_status_init
 .text.swap_read_status
                0x08003910       0x84 ./MCUBoot/bootutil/src/swap_misc.o
                0x08003910                swap_read_status
 .text.swap_set_copy_done
                0x08003994       0x28 ./MCUBoot/bootutil/src/swap_misc.o
                0x08003994                swap_set_copy_done
 .text.swap_set_image_ok
                0x080039bc       0x40 ./MCUBoot/bootutil/src/swap_misc.o
                0x080039bc                swap_set_image_ok
 .text.boot_img_sector_off
                0x080039fc       0x20 ./MCUBoot/bootutil/src/swap_move.o
 .text.find_last_idx
                0x08003a1c       0x1c ./MCUBoot/bootutil/src/swap_move.o
                0x08003a1c                find_last_idx
 .text.boot_read_image_header
                0x08003a38       0xcc ./MCUBoot/bootutil/src/swap_move.o
                0x08003a38                boot_read_image_header
 .text.swap_read_status_bytes
                0x08003b04       0x9a ./MCUBoot/bootutil/src/swap_move.o
                0x08003b04                swap_read_status_bytes
 .text.boot_status_internal_off
                0x08003b9e       0x28 ./MCUBoot/bootutil/src/swap_move.o
                0x08003b9e                boot_status_internal_off
 .text.boot_slots_compatible
                0x08003bc6       0x68 ./MCUBoot/bootutil/src/swap_move.o
                0x08003bc6                boot_slots_compatible
 *fill*         0x08003c2e        0x2 
 .text.swap_status_source
                0x08003c30       0x5c ./MCUBoot/bootutil/src/swap_move.o
                0x08003c30                swap_status_source
 .text.fixup_revert
                0x08003c8c       0x9c ./MCUBoot/bootutil/src/swap_move.o
                0x08003c8c                fixup_revert
 .text.swap_run
                0x08003d28      0x25c ./MCUBoot/bootutil/src/swap_move.o
                0x08003d28                swap_run
 .text.app_max_size
                0x08003f84       0x32 ./MCUBoot/bootutil/src/swap_move.o
                0x08003f84                app_max_size
 .text.bootutil_tlv_iter_begin
                0x08003fb6       0x98 ./MCUBoot/bootutil/src/tlv.o
                0x08003fb6                bootutil_tlv_iter_begin
 .text.bootutil_tlv_iter_next
                0x0800404e       0x94 ./MCUBoot/bootutil/src/tlv.o
                0x0800404e                bootutil_tlv_iter_next
 .text.mbedtls_asn1_get_len
                0x080040e2       0x5a ./MCUBoot/crypto/mbedtls/library/asn1parse.o
                0x080040e2                mbedtls_asn1_get_len
 .text.mbedtls_asn1_get_tag
                0x0800413c       0x28 ./MCUBoot/crypto/mbedtls/library/asn1parse.o
                0x0800413c                mbedtls_asn1_get_tag
 .text.mbedtls_asn1_get_mpi
                0x08004164       0x26 ./MCUBoot/crypto/mbedtls/library/asn1parse.o
                0x08004164                mbedtls_asn1_get_mpi
 .text.mbedtls_asn1_get_bitstring_null
                0x0800418a       0x28 ./MCUBoot/crypto/mbedtls/library/asn1parse.o
                0x0800418a                mbedtls_asn1_get_bitstring_null
 .text.mbedtls_asn1_get_alg
                0x080041b2       0x94 ./MCUBoot/crypto/mbedtls/library/asn1parse.o
                0x080041b2                mbedtls_asn1_get_alg
 .text.mbedtls_ct_mpi_sign_if
                0x08004246       0x12 ./MCUBoot/crypto/mbedtls/library/bignum.o
 .text.mbedtls_mpi_init
                0x08004258        0xa ./MCUBoot/crypto/mbedtls/library/bignum.o
                0x08004258                mbedtls_mpi_init
 .text.mbedtls_mpi_free
                0x08004262       0x1c ./MCUBoot/crypto/mbedtls/library/bignum.o
                0x08004262                mbedtls_mpi_free
 .text.mbedtls_mpi_grow
                0x0800427e       0x52 ./MCUBoot/crypto/mbedtls/library/bignum.o
                0x0800427e                mbedtls_mpi_grow
 .text.mbedtls_mpi_safe_cond_assign
                0x080042d0       0x52 ./MCUBoot/crypto/mbedtls/library/bignum.o
                0x080042d0                mbedtls_mpi_safe_cond_assign
 .text.mbedtls_mpi_safe_cond_swap
                0x08004322       0x5c ./MCUBoot/crypto/mbedtls/library/bignum.o
                0x08004322                mbedtls_mpi_safe_cond_swap
 .text.mbedtls_mpi_resize_clear
                0x0800437e       0x36 ./MCUBoot/crypto/mbedtls/library/bignum.o
 .text.mbedtls_mpi_shrink
                0x080043b4       0x70 ./MCUBoot/crypto/mbedtls/library/bignum.o
                0x080043b4                mbedtls_mpi_shrink
 .text.mbedtls_mpi_copy
                0x08004424       0x6e ./MCUBoot/crypto/mbedtls/library/bignum.o
                0x08004424                mbedtls_mpi_copy
 .text.mbedtls_mpi_lset
                0x08004492       0x38 ./MCUBoot/crypto/mbedtls/library/bignum.o
                0x08004492                mbedtls_mpi_lset
 .text.mbedtls_mpi_get_bit
                0x080044ca       0x20 ./MCUBoot/crypto/mbedtls/library/bignum.o
                0x080044ca                mbedtls_mpi_get_bit
 .text.mbedtls_mpi_set_bit
                0x080044ea       0x52 ./MCUBoot/crypto/mbedtls/library/bignum.o
                0x080044ea                mbedtls_mpi_set_bit
 .text.mbedtls_mpi_lsb
                0x0800453c       0x26 ./MCUBoot/crypto/mbedtls/library/bignum.o
                0x0800453c                mbedtls_mpi_lsb
 .text.mbedtls_mpi_bitlen
                0x08004562        0x8 ./MCUBoot/crypto/mbedtls/library/bignum.o
                0x08004562                mbedtls_mpi_bitlen
 .text.mbedtls_mpi_size
                0x0800456a        0xc ./MCUBoot/crypto/mbedtls/library/bignum.o
                0x0800456a                mbedtls_mpi_size
 .text.mbedtls_mpi_read_binary_le
                0x08004576       0x30 ./MCUBoot/crypto/mbedtls/library/bignum.o
                0x08004576                mbedtls_mpi_read_binary_le
 .text.mbedtls_mpi_read_binary
                0x080045a6       0x30 ./MCUBoot/crypto/mbedtls/library/bignum.o
                0x080045a6                mbedtls_mpi_read_binary
 .text.mbedtls_mpi_shift_l
                0x080045d6       0x3e ./MCUBoot/crypto/mbedtls/library/bignum.o
                0x080045d6                mbedtls_mpi_shift_l
 .text.mbedtls_mpi_shift_r
                0x08004614       0x12 ./MCUBoot/crypto/mbedtls/library/bignum.o
                0x08004614                mbedtls_mpi_shift_r
 .text.mbedtls_mpi_cmp_abs
                0x08004626       0x5e ./MCUBoot/crypto/mbedtls/library/bignum.o
                0x08004626                mbedtls_mpi_cmp_abs
 .text.mbedtls_mpi_cmp_mpi
                0x08004684       0x90 ./MCUBoot/crypto/mbedtls/library/bignum.o
                0x08004684                mbedtls_mpi_cmp_mpi
 .text.mbedtls_mpi_cmp_int
                0x08004714       0x2e ./MCUBoot/crypto/mbedtls/library/bignum.o
                0x08004714                mbedtls_mpi_cmp_int
 .text.mbedtls_mpi_add_abs
                0x08004742       0x9c ./MCUBoot/crypto/mbedtls/library/bignum.o
                0x08004742                mbedtls_mpi_add_abs
 .text.mbedtls_mpi_sub_abs
                0x080047de       0xa8 ./MCUBoot/crypto/mbedtls/library/bignum.o
                0x080047de                mbedtls_mpi_sub_abs
 .text.add_sub_mpi
                0x08004886       0x66 ./MCUBoot/crypto/mbedtls/library/bignum.o
 .text.mbedtls_mpi_add_mpi
                0x080048ec        0x6 ./MCUBoot/crypto/mbedtls/library/bignum.o
                0x080048ec                mbedtls_mpi_add_mpi
 .text.mbedtls_mpi_sub_mpi
                0x080048f2        0x8 ./MCUBoot/crypto/mbedtls/library/bignum.o
                0x080048f2                mbedtls_mpi_sub_mpi
 .text.mbedtls_mpi_add_int
                0x080048fa       0x2e ./MCUBoot/crypto/mbedtls/library/bignum.o
                0x080048fa                mbedtls_mpi_add_int
 .text.mbedtls_mpi_sub_int
                0x08004928       0x2e ./MCUBoot/crypto/mbedtls/library/bignum.o
                0x08004928                mbedtls_mpi_sub_int
 .text.mbedtls_mpi_mul_mpi
                0x08004956       0xdc ./MCUBoot/crypto/mbedtls/library/bignum.o
                0x08004956                mbedtls_mpi_mul_mpi
 .text.mbedtls_mpi_mul_int
                0x08004a32       0x64 ./MCUBoot/crypto/mbedtls/library/bignum.o
                0x08004a32                mbedtls_mpi_mul_int
 *fill*         0x08004a96        0x2 
 .text.mbedtls_mpi_div_mpi
                0x08004a98      0x3f4 ./MCUBoot/crypto/mbedtls/library/bignum.o
                0x08004a98                mbedtls_mpi_div_mpi
 .text.mbedtls_mpi_mod_mpi
                0x08004e8c       0x64 ./MCUBoot/crypto/mbedtls/library/bignum.o
                0x08004e8c                mbedtls_mpi_mod_mpi
 .text.mbedtls_mpi_exp_mod
                0x08004ef0      0x1a4 ./MCUBoot/crypto/mbedtls/library/bignum.o
                0x08004ef0                mbedtls_mpi_exp_mod
 .text.mbedtls_mpi_gcd
                0x08005094       0xf6 ./MCUBoot/crypto/mbedtls/library/bignum.o
                0x08005094                mbedtls_mpi_gcd
 .text.mbedtls_mpi_random
                0x0800518a       0x42 ./MCUBoot/crypto/mbedtls/library/bignum.o
                0x0800518a                mbedtls_mpi_random
 .text.mbedtls_mpi_inv_mod
                0x080051cc      0x34e ./MCUBoot/crypto/mbedtls/library/bignum.o
                0x080051cc                mbedtls_mpi_inv_mod
 .text.mbedtls_ct_bool
                0x0800551a        0x8 ./MCUBoot/crypto/mbedtls/library/bignum_core.o
 .text.mbedtls_ct_uint_lt
                0x08005522       0x10 ./MCUBoot/crypto/mbedtls/library/bignum_core.o
 .text.mbedtls_mpi_core_bitlen
                0x08005532       0x1e ./MCUBoot/crypto/mbedtls/library/bignum_core.o
                0x08005532                mbedtls_mpi_core_bitlen
 .text.mbedtls_mpi_core_bigendian_to_host
                0x08005550       0x26 ./MCUBoot/crypto/mbedtls/library/bignum_core.o
                0x08005550                mbedtls_mpi_core_bigendian_to_host
 .text.mbedtls_mpi_core_uint_le_mpi
                0x08005576       0x2a ./MCUBoot/crypto/mbedtls/library/bignum_core.o
                0x08005576                mbedtls_mpi_core_uint_le_mpi
 .text.mbedtls_mpi_core_lt_ct
                0x080055a0       0x3c ./MCUBoot/crypto/mbedtls/library/bignum_core.o
                0x080055a0                mbedtls_mpi_core_lt_ct
 .text.mbedtls_mpi_core_cond_assign
                0x080055dc       0x28 ./MCUBoot/crypto/mbedtls/library/bignum_core.o
                0x080055dc                mbedtls_mpi_core_cond_assign
 .text.mbedtls_mpi_core_cond_swap
                0x08005604       0x38 ./MCUBoot/crypto/mbedtls/library/bignum_core.o
                0x08005604                mbedtls_mpi_core_cond_swap
 .text.mbedtls_mpi_core_read_le
                0x0800563c       0x4a ./MCUBoot/crypto/mbedtls/library/bignum_core.o
                0x0800563c                mbedtls_mpi_core_read_le
 .text.mbedtls_mpi_core_read_be
                0x08005686       0x4a ./MCUBoot/crypto/mbedtls/library/bignum_core.o
                0x08005686                mbedtls_mpi_core_read_be
 .text.mbedtls_mpi_core_shift_r
                0x080056d0       0x70 ./MCUBoot/crypto/mbedtls/library/bignum_core.o
                0x080056d0                mbedtls_mpi_core_shift_r
 .text.mbedtls_mpi_core_shift_l
                0x08005740       0x6c ./MCUBoot/crypto/mbedtls/library/bignum_core.o
                0x08005740                mbedtls_mpi_core_shift_l
 .text.mbedtls_mpi_core_add
                0x080057ac       0x2c ./MCUBoot/crypto/mbedtls/library/bignum_core.o
                0x080057ac                mbedtls_mpi_core_add
 .text.mbedtls_mpi_core_sub
                0x080057d8       0x3a ./MCUBoot/crypto/mbedtls/library/bignum_core.o
                0x080057d8                mbedtls_mpi_core_sub
 *fill*         0x08005812        0x2 
 .text.mbedtls_mpi_core_mla
                0x08005814       0xd4 ./MCUBoot/crypto/mbedtls/library/bignum_core.o
                0x08005814                mbedtls_mpi_core_mla
 .text.mbedtls_mpi_core_mul
                0x080058e8       0x42 ./MCUBoot/crypto/mbedtls/library/bignum_core.o
                0x080058e8                mbedtls_mpi_core_mul
 .text.mbedtls_mpi_core_montmul_init
                0x0800592a       0x28 ./MCUBoot/crypto/mbedtls/library/bignum_core.o
                0x0800592a                mbedtls_mpi_core_montmul_init
 .text.mbedtls_mpi_core_montmul
                0x08005952       0x96 ./MCUBoot/crypto/mbedtls/library/bignum_core.o
                0x08005952                mbedtls_mpi_core_montmul
 .text.mbedtls_mpi_core_get_mont_r2_unsafe
                0x080059e8       0x34 ./MCUBoot/crypto/mbedtls/library/bignum_core.o
                0x080059e8                mbedtls_mpi_core_get_mont_r2_unsafe
 .text.mbedtls_mpi_core_fill_random
                0x08005a1c       0x5e ./MCUBoot/crypto/mbedtls/library/bignum_core.o
                0x08005a1c                mbedtls_mpi_core_fill_random
 .text.mbedtls_mpi_core_random
                0x08005a7a       0x84 ./MCUBoot/crypto/mbedtls/library/bignum_core.o
                0x08005a7a                mbedtls_mpi_core_random
 .text.mbedtls_mpi_core_exp_mod_working_limbs
                0x08005afe       0x16 ./MCUBoot/crypto/mbedtls/library/bignum_core.o
                0x08005afe                mbedtls_mpi_core_exp_mod_working_limbs
 .text.mbedtls_mpi_core_exp_mod
                0x08005b14      0x166 ./MCUBoot/crypto/mbedtls/library/bignum_core.o
                0x08005b14                mbedtls_mpi_core_exp_mod
 .text.mbedtls_mpi_core_sub_int
                0x08005c7a       0x28 ./MCUBoot/crypto/mbedtls/library/bignum_core.o
                0x08005c7a                mbedtls_mpi_core_sub_int
 .text.mbedtls_mpi_core_check_zero_ct
                0x08005ca2       0x18 ./MCUBoot/crypto/mbedtls/library/bignum_core.o
                0x08005ca2                mbedtls_mpi_core_check_zero_ct
 .text.mbedtls_mpi_core_to_mont_rep
                0x08005cba       0x18 ./MCUBoot/crypto/mbedtls/library/bignum_core.o
                0x08005cba                mbedtls_mpi_core_to_mont_rep
 .text.mbedtls_mpi_core_from_mont_rep
                0x08005cd2       0x20 ./MCUBoot/crypto/mbedtls/library/bignum_core.o
                0x08005cd2                mbedtls_mpi_core_from_mont_rep
 .text.mbedtls_ct_memcpy_if
                0x08005cf2       0x40 ./MCUBoot/crypto/mbedtls/library/constant_time.o
                0x08005cf2                mbedtls_ct_memcpy_if
 .text.derive_mpi
                0x08005d32       0x5a ./MCUBoot/crypto/mbedtls/library/ecdsa.o
 .text.mbedtls_ecdsa_can_do
                0x08005d8c        0xc ./MCUBoot/crypto/mbedtls/library/ecdsa.o
                0x08005d8c                mbedtls_ecdsa_can_do
 .text.mbedtls_ecdsa_verify_restartable
                0x08005d98      0x158 ./MCUBoot/crypto/mbedtls/library/ecdsa.o
                0x08005d98                mbedtls_ecdsa_verify_restartable
 .text.mbedtls_ecdsa_read_signature_restartable
                0x08005ef0       0xa4 ./MCUBoot/crypto/mbedtls/library/ecdsa.o
                0x08005ef0                mbedtls_ecdsa_read_signature_restartable
 .text.mbedtls_ecdsa_read_signature
                0x08005f94       0x12 ./MCUBoot/crypto/mbedtls/library/ecdsa.o
                0x08005f94                mbedtls_ecdsa_read_signature
 .text.mbedtls_ecdsa_init
                0x08005fa6        0x4 ./MCUBoot/crypto/mbedtls/library/ecdsa.o
                0x08005fa6                mbedtls_ecdsa_init
 .text.mbedtls_ecdsa_free
                0x08005faa        0x8 ./MCUBoot/crypto/mbedtls/library/ecdsa.o
                0x08005faa                mbedtls_ecdsa_free
 .text.mpi_init_many
                0x08005fb2       0x18 ./MCUBoot/crypto/mbedtls/library/ecp.o
 .text.mpi_free_many
                0x08005fca       0x18 ./MCUBoot/crypto/mbedtls/library/ecp.o
 .text.ecp_safe_invert_jac
                0x08005fe2       0x48 ./MCUBoot/crypto/mbedtls/library/ecp.o
 .text.ecp_select_comb
                0x0800602a       0x72 ./MCUBoot/crypto/mbedtls/library/ecp.o
 .text.mbedtls_mpi_sub_mod
                0x0800609c       0x3e ./MCUBoot/crypto/mbedtls/library/ecp.o
 *fill*         0x080060da        0x2 
 .text.mbedtls_mpi_mul_mod
                0x080060dc       0xac ./MCUBoot/crypto/mbedtls/library/ecp.o
 .text.ecp_randomize_mxz
                0x08006188       0x5c ./MCUBoot/crypto/mbedtls/library/ecp.o
 .text.ecp_randomize_jac
                0x080061e4       0x90 ./MCUBoot/crypto/mbedtls/library/ecp.o
 .text.ecp_normalize_jac
                0x08006274       0x88 ./MCUBoot/crypto/mbedtls/library/ecp.o
 .text.ecp_normalize_jac_many
                0x080062fc      0x188 ./MCUBoot/crypto/mbedtls/library/ecp.o
 .text.mbedtls_mpi_add_mod
                0x08006484       0x38 ./MCUBoot/crypto/mbedtls/library/ecp.o
 .text.mbedtls_mpi_mul_int_mod.part.0
                0x080064bc       0x26 ./MCUBoot/crypto/mbedtls/library/ecp.o
 .text.mbedtls_ecp_point_free.part.0
                0x080064e2       0x1c ./MCUBoot/crypto/mbedtls/library/ecp.o
 .text.mbedtls_mpi_shift_l_mod.constprop.0
                0x080064fe       0x1e ./MCUBoot/crypto/mbedtls/library/ecp.o
 .text.ecp_sw_rhs
                0x0800651c       0x7c ./MCUBoot/crypto/mbedtls/library/ecp.o
 .text.ecp_double_jac
                0x08006598      0x218 ./MCUBoot/crypto/mbedtls/library/ecp.o
 .text.mbedtls_ecp_get_type
                0x080067b0       0x12 ./MCUBoot/crypto/mbedtls/library/ecp.o
                0x080067b0                mbedtls_ecp_get_type
 .text.mbedtls_ecp_point_init
                0x080067c2       0x1c ./MCUBoot/crypto/mbedtls/library/ecp.o
                0x080067c2                mbedtls_ecp_point_init
 .text.mbedtls_ecp_group_init
                0x080067de       0x42 ./MCUBoot/crypto/mbedtls/library/ecp.o
                0x080067de                mbedtls_ecp_group_init
 .text.mbedtls_ecp_keypair_init
                0x08006820       0x1c ./MCUBoot/crypto/mbedtls/library/ecp.o
                0x08006820                mbedtls_ecp_keypair_init
 .text.mbedtls_ecp_point_free
                0x0800683c        0x8 ./MCUBoot/crypto/mbedtls/library/ecp.o
                0x0800683c                mbedtls_ecp_point_free
 .text.mbedtls_ecp_group_free
                0x08006844       0x62 ./MCUBoot/crypto/mbedtls/library/ecp.o
                0x08006844                mbedtls_ecp_group_free
 .text.mbedtls_ecp_keypair_free
                0x080068a6       0x20 ./MCUBoot/crypto/mbedtls/library/ecp.o
                0x080068a6                mbedtls_ecp_keypair_free
 .text.mbedtls_ecp_copy
                0x080068c6       0x2c ./MCUBoot/crypto/mbedtls/library/ecp.o
                0x080068c6                mbedtls_ecp_copy
 .text.mbedtls_ecp_set_zero
                0x080068f2       0x28 ./MCUBoot/crypto/mbedtls/library/ecp.o
                0x080068f2                mbedtls_ecp_set_zero
 *fill*         0x0800691a        0x2 
 .text.ecp_add_mixed
                0x0800691c      0x1f0 ./MCUBoot/crypto/mbedtls/library/ecp.o
 .text.ecp_mul_comb_after_precomp.isra.0
                0x08006b0c      0x204 ./MCUBoot/crypto/mbedtls/library/ecp.o
 .text.mbedtls_ecp_is_zero
                0x08006d10       0x12 ./MCUBoot/crypto/mbedtls/library/ecp.o
                0x08006d10                mbedtls_ecp_is_zero
 *fill*         0x08006d22        0x2 
 .text.mbedtls_ecp_point_read_binary
                0x08006d24      0x18c ./MCUBoot/crypto/mbedtls/library/ecp.o
                0x08006d24                mbedtls_ecp_point_read_binary
 .text.mbedtls_ecp_check_pubkey
                0x08006eb0      0x15c ./MCUBoot/crypto/mbedtls/library/ecp.o
                0x08006eb0                mbedtls_ecp_check_pubkey
 .text.mbedtls_ecp_check_privkey
                0x0800700c       0x78 ./MCUBoot/crypto/mbedtls/library/ecp.o
                0x0800700c                mbedtls_ecp_check_privkey
 .text.ecp_mul_restartable_internal.isra.0
                0x08007084      0x56c ./MCUBoot/crypto/mbedtls/library/ecp.o
 .text.mbedtls_ecp_mul_shortcuts.isra.0
                0x080075f0       0xc6 ./MCUBoot/crypto/mbedtls/library/ecp.o
 *fill*         0x080076b6        0x2 
 .text.mbedtls_ecp_muladd_restartable
                0x080076b8       0x80 ./MCUBoot/crypto/mbedtls/library/ecp.o
                0x080076b8                mbedtls_ecp_muladd_restartable
 .text.add64    0x08007738       0x32 ./MCUBoot/crypto/mbedtls/library/ecp_curves.o
 .text.mbedtls_ecp_fix_negative
                0x0800776a       0x38 ./MCUBoot/crypto/mbedtls/library/ecp_curves.o
 *fill*         0x080077a2        0x2 
 .text.ecp_mod_p448
                0x080077a4       0xec ./MCUBoot/crypto/mbedtls/library/ecp_curves.o
 .text.ecp_mod_p255
                0x08007890       0x4c ./MCUBoot/crypto/mbedtls/library/ecp_curves.o
 .text.ecp_mod_p521
                0x080078dc       0x64 ./MCUBoot/crypto/mbedtls/library/ecp_curves.o
 .text.ecp_mod_koblitz.constprop.0
                0x08007940      0x108 ./MCUBoot/crypto/mbedtls/library/ecp_curves.o
 .text.ecp_mod_p192k1
                0x08007a48        0xc ./MCUBoot/crypto/mbedtls/library/ecp_curves.o
 .text.ecp_mod_p224k1
                0x08007a54        0xc ./MCUBoot/crypto/mbedtls/library/ecp_curves.o
 .text.ecp_mod_p256k1
                0x08007a60        0xc ./MCUBoot/crypto/mbedtls/library/ecp_curves.o
 .text.ecp_mod_p384
                0x08007a6c      0x4ce ./MCUBoot/crypto/mbedtls/library/ecp_curves.o
 .text.ecp_mod_p256
                0x08007f3a      0x3ac ./MCUBoot/crypto/mbedtls/library/ecp_curves.o
 .text.ecp_mod_p224
                0x080082e6      0x1fa ./MCUBoot/crypto/mbedtls/library/ecp_curves.o
 .text.ecp_mod_p192
                0x080084e0       0xc8 ./MCUBoot/crypto/mbedtls/library/ecp_curves.o
 .text.mbedtls_ecp_group_load
                0x080085a8      0x680 ./MCUBoot/crypto/mbedtls/library/ecp_curves.o
                0x080085a8                mbedtls_ecp_group_load
 .text.mbedtls_platform_zeroize
                0x08008c28       0x18 ./MCUBoot/crypto/mbedtls/library/platform_util.o
                0x08008c28                mbedtls_platform_zeroize
 .text.mbedtls_zeroize_and_free
                0x08008c40       0x14 ./MCUBoot/crypto/mbedtls/library/platform_util.o
                0x08008c40                mbedtls_zeroize_and_free
 .text.mbedtls_sha256_init
                0x08008c54        0x8 ./MCUBoot/crypto/mbedtls/library/sha256.o
                0x08008c54                mbedtls_sha256_init
 .text.mbedtls_sha256_free
                0x08008c5c        0xa ./MCUBoot/crypto/mbedtls/library/sha256.o
                0x08008c5c                mbedtls_sha256_free
 *fill*         0x08008c66        0x2 
 .text.mbedtls_sha256_starts
                0x08008c68       0x9c ./MCUBoot/crypto/mbedtls/library/sha256.o
                0x08008c68                mbedtls_sha256_starts
 .text.mbedtls_internal_sha256_process
                0x08008d04      0x6b0 ./MCUBoot/crypto/mbedtls/library/sha256.o
                0x08008d04                mbedtls_internal_sha256_process
 .text.mbedtls_sha256_update
                0x080093b4       0x80 ./MCUBoot/crypto/mbedtls/library/sha256.o
                0x080093b4                mbedtls_sha256_update
 .text.mbedtls_sha256_finish
                0x08009434       0x98 ./MCUBoot/crypto/mbedtls/library/sha256.o
                0x08009434                mbedtls_sha256_finish
 .text.boot_hal_jump_to_app
                0x080094cc      0x10c ./MCUBoot/flash_map_backend/boot_hal.o
                0x080094cc                boot_hal_jump_to_app
 .text.flash_area_open
                0x080095d8       0x28 ./MCUBoot/flash_map_backend/flash_map_backend.o
                0x080095d8                flash_area_open
 .text.flash_area_close
                0x08009600        0x4 ./MCUBoot/flash_map_backend/flash_map_backend.o
                0x08009600                flash_area_close
 .text.flash_area_read
                0x08009604       0x2a ./MCUBoot/flash_map_backend/flash_map_backend.o
                0x08009604                flash_area_read
 *fill*         0x0800962e        0x2 
 .text.flash_area_write
                0x08009630       0x80 ./MCUBoot/flash_map_backend/flash_map_backend.o
                0x08009630                flash_area_write
 .text.flash_area_erase
                0x080096b0       0x68 ./MCUBoot/flash_map_backend/flash_map_backend.o
                0x080096b0                flash_area_erase
 .text.flash_area_align
                0x08009718        0x4 ./MCUBoot/flash_map_backend/flash_map_backend.o
                0x08009718                flash_area_align
 .text.flash_area_erased_val
                0x0800971c        0x4 ./MCUBoot/flash_map_backend/flash_map_backend.o
                0x0800971c                flash_area_erased_val
 .text.flash_area_get_off
                0x08009720        0x4 ./MCUBoot/flash_map_backend/flash_map_backend.o
                0x08009720                flash_area_get_off
 .text.flash_area_get_size
                0x08009724        0x4 ./MCUBoot/flash_map_backend/flash_map_backend.o
                0x08009724                flash_area_get_size
 .text.flash_area_get_id
                0x08009728        0x4 ./MCUBoot/flash_map_backend/flash_map_backend.o
                0x08009728                flash_area_get_id
 .text.flash_area_get_device_id
                0x0800972c        0x4 ./MCUBoot/flash_map_backend/flash_map_backend.o
                0x0800972c                flash_area_get_device_id
 .text.flash_sector_get_off
                0x08009730        0x4 ./MCUBoot/flash_map_backend/flash_map_backend.o
                0x08009730                flash_sector_get_off
 .text.flash_sector_get_size
                0x08009734        0x4 ./MCUBoot/flash_map_backend/flash_map_backend.o
                0x08009734                flash_sector_get_size
 .text.flash_area_get_sector
                0x08009738       0x20 ./MCUBoot/flash_map_backend/flash_map_backend.o
                0x08009738                flash_area_get_sector
 .text.flash_area_id_from_multi_image_slot_hook
                0x08009758       0x28 ./MCUBoot/flash_map_backend/flash_map_backend.o
                0x08009758                flash_area_id_from_multi_image_slot_hook
 .text.flash_area_id_from_multi_image_slot
                0x08009780        0xc ./MCUBoot/flash_map_backend/flash_map_backend.o
                0x08009780                flash_area_id_from_multi_image_slot
 .text.flash_area_to_sectors
                0x0800978c       0x64 ./MCUBoot/flash_map_backend/flash_map_backend.o
                0x0800978c                flash_area_to_sectors
 .text.__assert_func
                0x080097f0       0x3c C:/ST/STM32CubeIDE_2.1.0/STM32CubeIDE/plugins/com.st.stm32cube.ide.mcu.externaltools.gnu-tools-for-stm32.14.3.rel1.win32_1.0.100.202602081740/tools/bin/../lib/gcc/arm-none-eabi/14.3.1/../../../../arm-none-eabi/lib/thumb/v7e-m+fp/hard\libc_nano.a(libc_a-assert.o)
                0x080097f0                __assert_func
 .text.calloc   0x0800982c       0x10 C:/ST/STM32CubeIDE_2.1.0/STM32CubeIDE/plugins/com.st.stm32cube.ide.mcu.externaltools.gnu-tools-for-stm32.14.3.rel1.win32_1.0.100.202602081740/tools/bin/../lib/gcc/arm-none-eabi/14.3.1/../../../../arm-none-eabi/lib/thumb/v7e-m+fp/hard\libc_nano.a(libc_a-calloc.o)
                0x0800982c                calloc
 .text._calloc_r
                0x0800983c       0x28 C:/ST/STM32CubeIDE_2.1.0/STM32CubeIDE/plugins/com.st.stm32cube.ide.mcu.externaltools.gnu-tools-for-stm32.14.3.rel1.win32_1.0.100.202602081740/tools/bin/../lib/gcc/arm-none-eabi/14.3.1/../../../../arm-none-eabi/lib/thumb/v7e-m+fp/hard\libc_nano.a(libc_a-callocr.o)
                0x0800983c                _calloc_r
 .text.free     0x08009864       0x10 C:/ST/STM32CubeIDE_2.1.0/STM32CubeIDE/plugins/com.st.stm32cube.ide.mcu.externaltools.gnu-tools-for-stm32.14.3.rel1.win32_1.0.100.202602081740/tools/bin/../lib/gcc/arm-none-eabi/14.3.1/../../../../arm-none-eabi/lib/thumb/v7e-m+fp/hard\libc_nano.a(libc_a-malloc.o)
                0x08009864                free
 .text.sbrk_aligned
                0x08009874       0x44 C:/ST/STM32CubeIDE_2.1.0/STM32CubeIDE/plugins/com.st.stm32cube.ide.mcu.externaltools.gnu-tools-for-stm32.14.3.rel1.win32_1.0.100.202602081740/tools/bin/../lib/gcc/arm-none-eabi/14.3.1/../../../../arm-none-eabi/lib/thumb/v7e-m+fp/hard\libc_nano.a(libc_a-mallocr.o)
 .text._malloc_r
                0x080098b8      0x100 C:/ST/STM32CubeIDE_2.1.0/STM32CubeIDE/plugins/com.st.stm32cube.ide.mcu.externaltools.gnu-tools-for-stm32.14.3.rel1.win32_1.0.100.202602081740/tools/bin/../lib/gcc/arm-none-eabi/14.3.1/../../../../arm-none-eabi/lib/thumb/v7e-m+fp/hard\libc_nano.a(libc_a-mallocr.o)
                0x080098b8                _malloc_r
 .text.__malloc_lock
                0x080099b8        0xc C:/ST/STM32CubeIDE_2.1.0/STM32CubeIDE/plugins/com.st.stm32cube.ide.mcu.externaltools.gnu-tools-for-stm32.14.3.rel1.win32_1.0.100.202602081740/tools/bin/../lib/gcc/arm-none-eabi/14.3.1/../../../../arm-none-eabi/lib/thumb/v7e-m+fp/hard\libc_nano.a(libc_a-mlock.o)
                0x080099b8                __malloc_lock
 .text.__malloc_unlock
                0x080099c4        0xc C:/ST/STM32CubeIDE_2.1.0/STM32CubeIDE/plugins/com.st.stm32cube.ide.mcu.externaltools.gnu-tools-for-stm32.14.3.rel1.win32_1.0.100.202602081740/tools/bin/../lib/gcc/arm-none-eabi/14.3.1/../../../../arm-none-eabi/lib/thumb/v7e-m+fp/hard\libc_nano.a(libc_a-mlock.o)
                0x080099c4                __malloc_unlock
 .text.__sflush_r
                0x080099d0      0x104 C:/ST/STM32CubeIDE_2.1.0/STM32CubeIDE/plugins/com.st.stm32cube.ide.mcu.externaltools.gnu-tools-for-stm32.14.3.rel1.win32_1.0.100.202602081740/tools/bin/../lib/gcc/arm-none-eabi/14.3.1/../../../../arm-none-eabi/lib/thumb/v7e-m+fp/hard\libc_nano.a(libc_a-fflush.o)
                0x080099d0                __sflush_r
 .text._fflush_r
                0x08009ad4       0x50 C:/ST/STM32CubeIDE_2.1.0/STM32CubeIDE/plugins/com.st.stm32cube.ide.mcu.externaltools.gnu-tools-for-stm32.14.3.rel1.win32_1.0.100.202602081740/tools/bin/../lib/gcc/arm-none-eabi/14.3.1/../../../../arm-none-eabi/lib/thumb/v7e-m+fp/hard\libc_nano.a(libc_a-fflush.o)
                0x08009ad4                _fflush_r
 .text.std      0x08009b24       0x6c C:/ST/STM32CubeIDE_2.1.0/STM32CubeIDE/plugins/com.st.stm32cube.ide.mcu.externaltools.gnu-tools-for-stm32.14.3.rel1.win32_1.0.100.202602081740/tools/bin/../lib/gcc/arm-none-eabi/14.3.1/../../../../arm-none-eabi/lib/thumb/v7e-m+fp/hard\libc_nano.a(libc_a-findfp.o)
 .text.stdio_exit_handler
                0x08009b90       0x18 C:/ST/STM32CubeIDE_2.1.0/STM32CubeIDE/plugins/com.st.stm32cube.ide.mcu.externaltools.gnu-tools-for-stm32.14.3.rel1.win32_1.0.100.202602081740/tools/bin/../lib/gcc/arm-none-eabi/14.3.1/../../../../arm-none-eabi/lib/thumb/v7e-m+fp/hard\libc_nano.a(libc_a-findfp.o)
 .text.cleanup_stdio
                0x08009ba8       0x40 C:/ST/STM32CubeIDE_2.1.0/STM32CubeIDE/plugins/com.st.stm32cube.ide.mcu.externaltools.gnu-tools-for-stm32.14.3.rel1.win32_1.0.100.202602081740/tools/bin/../lib/gcc/arm-none-eabi/14.3.1/../../../../arm-none-eabi/lib/thumb/v7e-m+fp/hard\libc_nano.a(libc_a-findfp.o)
 .text.global_stdio_init.part.0
                0x08009be8       0x40 C:/ST/STM32CubeIDE_2.1.0/STM32CubeIDE/plugins/com.st.stm32cube.ide.mcu.externaltools.gnu-tools-for-stm32.14.3.rel1.win32_1.0.100.202602081740/tools/bin/../lib/gcc/arm-none-eabi/14.3.1/../../../../arm-none-eabi/lib/thumb/v7e-m+fp/hard\libc_nano.a(libc_a-findfp.o)
 .text.__sfp_lock_acquire
                0x08009c28        0xc C:/ST/STM32CubeIDE_2.1.0/STM32CubeIDE/plugins/com.st.stm32cube.ide.mcu.externaltools.gnu-tools-for-stm32.14.3.rel1.win32_1.0.100.202602081740/tools/bin/../lib/gcc/arm-none-eabi/14.3.1/../../../../arm-none-eabi/lib/thumb/v7e-m+fp/hard\libc_nano.a(libc_a-findfp.o)
                0x08009c28                __sfp_lock_acquire
 .text.__sfp_lock_release
                0x08009c34        0xc C:/ST/STM32CubeIDE_2.1.0/STM32CubeIDE/plugins/com.st.stm32cube.ide.mcu.externaltools.gnu-tools-for-stm32.14.3.rel1.win32_1.0.100.202602081740/tools/bin/../lib/gcc/arm-none-eabi/14.3.1/../../../../arm-none-eabi/lib/thumb/v7e-m+fp/hard\libc_nano.a(libc_a-findfp.o)
                0x08009c34                __sfp_lock_release
 .text.__sinit  0x08009c40       0x30 C:/ST/STM32CubeIDE_2.1.0/STM32CubeIDE/plugins/com.st.stm32cube.ide.mcu.externaltools.gnu-tools-for-stm32.14.3.rel1.win32_1.0.100.202602081740/tools/bin/../lib/gcc/arm-none-eabi/14.3.1/../../../../arm-none-eabi/lib/thumb/v7e-m+fp/hard\libc_nano.a(libc_a-findfp.o)
                0x08009c40                __sinit
 .text.fprintf  0x08009c70       0x24 C:/ST/STM32CubeIDE_2.1.0/STM32CubeIDE/plugins/com.st.stm32cube.ide.mcu.externaltools.gnu-tools-for-stm32.14.3.rel1.win32_1.0.100.202602081740/tools/bin/../lib/gcc/arm-none-eabi/14.3.1/../../../../arm-none-eabi/lib/thumb/v7e-m+fp/hard\libc_nano.a(libc_a-fprintf.o)
                0x08009c70                fiprintf
                0x08009c70                fprintf
 .text._fwalk_sglue
                0x08009c94       0x3c C:/ST/STM32CubeIDE_2.1.0/STM32CubeIDE/plugins/com.st.stm32cube.ide.mcu.externaltools.gnu-tools-for-stm32.14.3.rel1.win32_1.0.100.202602081740/tools/bin/../lib/gcc/arm-none-eabi/14.3.1/../../../../arm-none-eabi/lib/thumb/v7e-m+fp/hard\libc_nano.a(libc_a-fwalk.o)
                0x08009c94                _fwalk_sglue
 .text.__sread  0x08009cd0       0x22 C:/ST/STM32CubeIDE_2.1.0/STM32CubeIDE/plugins/com.st.stm32cube.ide.mcu.externaltools.gnu-tools-for-stm32.14.3.rel1.win32_1.0.100.202602081740/tools/bin/../lib/gcc/arm-none-eabi/14.3.1/../../../../arm-none-eabi/lib/thumb/v7e-m+fp/hard\libc_nano.a(libc_a-stdio.o)
                0x08009cd0                __sread
 .text.__swrite
                0x08009cf2       0x38 C:/ST/STM32CubeIDE_2.1.0/STM32CubeIDE/plugins/com.st.stm32cube.ide.mcu.externaltools.gnu-tools-for-stm32.14.3.rel1.win32_1.0.100.202602081740/tools/bin/../lib/gcc/arm-none-eabi/14.3.1/../../../../arm-none-eabi/lib/thumb/v7e-m+fp/hard\libc_nano.a(libc_a-stdio.o)
                0x08009cf2                __swrite
 .text.__sseek  0x08009d2a       0x26 C:/ST/STM32CubeIDE_2.1.0/STM32CubeIDE/plugins/com.st.stm32cube.ide.mcu.externaltools.gnu-tools-for-stm32.14.3.rel1.win32_1.0.100.202602081740/tools/bin/../lib/gcc/arm-none-eabi/14.3.1/../../../../arm-none-eabi/lib/thumb/v7e-m+fp/hard\libc_nano.a(libc_a-stdio.o)
                0x08009d2a                __sseek
 .text.__sclose
                0x08009d50        0x8 C:/ST/STM32CubeIDE_2.1.0/STM32CubeIDE/plugins/com.st.stm32cube.ide.mcu.externaltools.gnu-tools-for-stm32.14.3.rel1.win32_1.0.100.202602081740/tools/bin/../lib/gcc/arm-none-eabi/14.3.1/../../../../arm-none-eabi/lib/thumb/v7e-m+fp/hard\libc_nano.a(libc_a-stdio.o)
                0x08009d50                __sclose
 .text.__swbuf_r
                0x08009d58       0x7c C:/ST/STM32CubeIDE_2.1.0/STM32CubeIDE/plugins/com.st.stm32cube.ide.mcu.externaltools.gnu-tools-for-stm32.14.3.rel1.win32_1.0.100.202602081740/tools/bin/../lib/gcc/arm-none-eabi/14.3.1/../../../../arm-none-eabi/lib/thumb/v7e-m+fp/hard\libc_nano.a(libc_a-wbuf.o)
                0x08009d58                __swbuf_r
 .text.__swsetup_r
                0x08009dd4       0xa8 C:/ST/STM32CubeIDE_2.1.0/STM32CubeIDE/plugins/com.st.stm32cube.ide.mcu.externaltools.gnu-tools-for-stm32.14.3.rel1.win32_1.0.100.202602081740/tools/bin/../lib/gcc/arm-none-eabi/14.3.1/../../../../arm-none-eabi/lib/thumb/v7e-m+fp/hard\libc_nano.a(libc_a-wsetup.o)
                0x08009dd4                __swsetup_r
 .text.memcmp   0x08009e7c       0x20 C:/ST/STM32CubeIDE_2.1.0/STM32CubeIDE/plugins/com.st.stm32cube.ide.mcu.externaltools.gnu-tools-for-stm32.14.3.rel1.win32_1.0.100.202602081740/tools/bin/../lib/gcc/arm-none-eabi/14.3.1/../../../../arm-none-eabi/lib/thumb/v7e-m+fp/hard\libc_nano.a(libc_a-memcmp.o)
                0x08009e7c                memcmp
 .text.memset   0x08009e9c       0x10 C:/ST/STM32CubeIDE_2.1.0/STM32CubeIDE/plugins/com.st.stm32cube.ide.mcu.externaltools.gnu-tools-for-stm32.14.3.rel1.win32_1.0.100.202602081740/tools/bin/../lib/gcc/arm-none-eabi/14.3.1/../../../../arm-none-eabi/lib/thumb/v7e-m+fp/hard\libc_nano.a(libc_a-memset.o)
                0x08009e9c                memset
 .text._close_r
                0x08009eac       0x20 C:/ST/STM32CubeIDE_2.1.0/STM32CubeIDE/plugins/com.st.stm32cube.ide.mcu.externaltools.gnu-tools-for-stm32.14.3.rel1.win32_1.0.100.202602081740/tools/bin/../lib/gcc/arm-none-eabi/14.3.1/../../../../arm-none-eabi/lib/thumb/v7e-m+fp/hard\libc_nano.a(libc_a-closer.o)
                0x08009eac                _close_r
 .text._lseek_r
                0x08009ecc       0x24 C:/ST/STM32CubeIDE_2.1.0/STM32CubeIDE/plugins/com.st.stm32cube.ide.mcu.externaltools.gnu-tools-for-stm32.14.3.rel1.win32_1.0.100.202602081740/tools/bin/../lib/gcc/arm-none-eabi/14.3.1/../../../../arm-none-eabi/lib/thumb/v7e-m+fp/hard\libc_nano.a(libc_a-lseekr.o)
                0x08009ecc                _lseek_r
 .text._read_r  0x08009ef0       0x24 C:/ST/STM32CubeIDE_2.1.0/STM32CubeIDE/plugins/com.st.stm32cube.ide.mcu.externaltools.gnu-tools-for-stm32.14.3.rel1.win32_1.0.100.202602081740/tools/bin/../lib/gcc/arm-none-eabi/14.3.1/../../../../arm-none-eabi/lib/thumb/v7e-m+fp/hard\libc_nano.a(libc_a-readr.o)
                0x08009ef0                _read_r
 .text._sbrk_r  0x08009f14       0x20 C:/ST/STM32CubeIDE_2.1.0/STM32CubeIDE/plugins/com.st.stm32cube.ide.mcu.externaltools.gnu-tools-for-stm32.14.3.rel1.win32_1.0.100.202602081740/tools/bin/../lib/gcc/arm-none-eabi/14.3.1/../../../../arm-none-eabi/lib/thumb/v7e-m+fp/hard\libc_nano.a(libc_a-sbrkr.o)
                0x08009f14                _sbrk_r
 .text._write_r
                0x08009f34       0x24 C:/ST/STM32CubeIDE_2.1.0/STM32CubeIDE/plugins/com.st.stm32cube.ide.mcu.externaltools.gnu-tools-for-stm32.14.3.rel1.win32_1.0.100.202602081740/tools/bin/../lib/gcc/arm-none-eabi/14.3.1/../../../../arm-none-eabi/lib/thumb/v7e-m+fp/hard\libc_nano.a(libc_a-writer.o)
                0x08009f34                _write_r
 .text.__errno  0x08009f58        0xc C:/ST/STM32CubeIDE_2.1.0/STM32CubeIDE/plugins/com.st.stm32cube.ide.mcu.externaltools.gnu-tools-for-stm32.14.3.rel1.win32_1.0.100.202602081740/tools/bin/../lib/gcc/arm-none-eabi/14.3.1/../../../../arm-none-eabi/lib/thumb/v7e-m+fp/hard\libc_nano.a(libc_a-errno.o)
                0x08009f58                __errno
 .text.__libc_init_array
                0x08009f64       0x48 C:/ST/STM32CubeIDE_2.1.0/STM32CubeIDE/plugins/com.st.stm32cube.ide.mcu.externaltools.gnu-tools-for-stm32.14.3.rel1.win32_1.0.100.202602081740/tools/bin/../lib/gcc/arm-none-eabi/14.3.1/../../../../arm-none-eabi/lib/thumb/v7e-m+fp/hard\libc_nano.a(libc_a-init.o)
                0x08009f64                __libc_init_array
 .text.__retarget_lock_init_recursive
                0x08009fac        0x2 C:/ST/STM32CubeIDE_2.1.0/STM32CubeIDE/plugins/com.st.stm32cube.ide.mcu.externaltools.gnu-tools-for-stm32.14.3.rel1.win32_1.0.100.202602081740/tools/bin/../lib/gcc/arm-none-eabi/14.3.1/../../../../arm-none-eabi/lib/thumb/v7e-m+fp/hard\libc_nano.a(libc_a-lock.o)
                0x08009fac                __retarget_lock_init_recursive
 .text.__retarget_lock_acquire_recursive
                0x08009fae        0x2 C:/ST/STM32CubeIDE_2.1.0/STM32CubeIDE/plugins/com.st.stm32cube.ide.mcu.externaltools.gnu-tools-for-stm32.14.3.rel1.win32_1.0.100.202602081740/tools/bin/../lib/gcc/arm-none-eabi/14.3.1/../../../../arm-none-eabi/lib/thumb/v7e-m+fp/hard\libc_nano.a(libc_a-lock.o)
                0x08009fae                __retarget_lock_acquire_recursive
 .text.__retarget_lock_release_recursive
                0x08009fb0        0x2 C:/ST/STM32CubeIDE_2.1.0/STM32CubeIDE/plugins/com.st.stm32cube.ide.mcu.externaltools.gnu-tools-for-stm32.14.3.rel1.win32_1.0.100.202602081740/tools/bin/../lib/gcc/arm-none-eabi/14.3.1/../../../../arm-none-eabi/lib/thumb/v7e-m+fp/hard\libc_nano.a(libc_a-lock.o)
                0x08009fb0                __retarget_lock_release_recursive
 .text.memcpy   0x08009fb2       0x1c C:/ST/STM32CubeIDE_2.1.0/STM32CubeIDE/plugins/com.st.stm32cube.ide.mcu.externaltools.gnu-tools-for-stm32.14.3.rel1.win32_1.0.100.202602081740/tools/bin/../lib/gcc/arm-none-eabi/14.3.1/../../../../arm-none-eabi/lib/thumb/v7e-m+fp/hard\libc_nano.a(libc_a-memcpy-stub.o)
                0x08009fb2                memcpy
 .text.abort    0x08009fce        0xe C:/ST/STM32CubeIDE_2.1.0/STM32CubeIDE/plugins/com.st.stm32cube.ide.mcu.externaltools.gnu-tools-for-stm32.14.3.rel1.win32_1.0.100.202602081740/tools/bin/../lib/gcc/arm-none-eabi/14.3.1/../../../../arm-none-eabi/lib/thumb/v7e-m+fp/hard\libc_nano.a(libc_a-abort.o)
                0x08009fce                abort
 .text._free_r  0x08009fdc       0x94 C:/ST/STM32CubeIDE_2.1.0/STM32CubeIDE/plugins/com.st.stm32cube.ide.mcu.externaltools.gnu-tools-for-stm32.14.3.rel1.win32_1.0.100.202602081740/tools/bin/../lib/gcc/arm-none-eabi/14.3.1/../../../../arm-none-eabi/lib/thumb/v7e-m+fp/hard\libc_nano.a(libc_a-freer.o)
                0x08009fdc                _free_r
 .text.__sfputc_r
                0x0800a070       0x2e C:/ST/STM32CubeIDE_2.1.0/STM32CubeIDE/plugins/com.st.stm32cube.ide.mcu.externaltools.gnu-tools-for-stm32.14.3.rel1.win32_1.0.100.202602081740/tools/bin/../lib/gcc/arm-none-eabi/14.3.1/../../../../arm-none-eabi/lib/thumb/v7e-m+fp/hard\libc_nano.a(libc_a-nano-vfprintf.o)
 .text.__sfputs_r
                0x0800a09e       0x24 C:/ST/STM32CubeIDE_2.1.0/STM32CubeIDE/plugins/com.st.stm32cube.ide.mcu.externaltools.gnu-tools-for-stm32.14.3.rel1.win32_1.0.100.202602081740/tools/bin/../lib/gcc/arm-none-eabi/14.3.1/../../../../arm-none-eabi/lib/thumb/v7e-m+fp/hard\libc_nano.a(libc_a-nano-vfprintf.o)
                0x0800a09e                __sfputs_r
 *fill*         0x0800a0c2        0x2 
 .text._vfprintf_r
                0x0800a0c4      0x228 C:/ST/STM32CubeIDE_2.1.0/STM32CubeIDE/plugins/com.st.stm32cube.ide.mcu.externaltools.gnu-tools-for-stm32.14.3.rel1.win32_1.0.100.202602081740/tools/bin/../lib/gcc/arm-none-eabi/14.3.1/../../../../arm-none-eabi/lib/thumb/v7e-m+fp/hard\libc_nano.a(libc_a-nano-vfprintf.o)
                0x0800a0c4                _vfprintf_r
                0x0800a0c4                _vfiprintf_r
 .text._printf_common
                0x0800a2ec       0xda C:/ST/STM32CubeIDE_2.1.0/STM32CubeIDE/plugins/com.st.stm32cube.ide.mcu.externaltools.gnu-tools-for-stm32.14.3.rel1.win32_1.0.100.202602081740/tools/bin/../lib/gcc/arm-none-eabi/14.3.1/../../../../arm-none-eabi/lib/thumb/v7e-m+fp/hard\libc_nano.a(libc_a-nano-vfprintf_i.o)
                0x0800a2ec                _printf_common
 *fill*         0x0800a3c6        0x2 
 .text._printf_i
                0x0800a3c8      0x24c C:/ST/STM32CubeIDE_2.1.0/STM32CubeIDE/plugins/com.st.stm32cube.ide.mcu.externaltools.gnu-tools-for-stm32.14.3.rel1.win32_1.0.100.202602081740/tools/bin/../lib/gcc/arm-none-eabi/14.3.1/../../../../arm-none-eabi/lib/thumb/v7e-m+fp/hard\libc_nano.a(libc_a-nano-vfprintf_i.o)
                0x0800a3c8                _printf_i
 .text.__swhatbuf_r
                0x0800a614       0x48 C:/ST/STM32CubeIDE_2.1.0/STM32CubeIDE/plugins/com.st.stm32cube.ide.mcu.externaltools.gnu-tools-for-stm32.14.3.rel1.win32_1.0.100.202602081740/tools/bin/../lib/gcc/arm-none-eabi/14.3.1/../../../../arm-none-eabi/lib/thumb/v7e-m+fp/hard\libc_nano.a(libc_a-makebuf.o)
                0x0800a614                __swhatbuf_r
 .text.__smakebuf_r
                0x0800a65c       0x72 C:/ST/STM32CubeIDE_2.1.0/STM32CubeIDE/plugins/com.st.stm32cube.ide.mcu.externaltools.gnu-tools-for-stm32.14.3.rel1.win32_1.0.100.202602081740/tools/bin/../lib/gcc/arm-none-eabi/14.3.1/../../../../arm-none-eabi/lib/thumb/v7e-m+fp/hard\libc_nano.a(libc_a-makebuf.o)
                0x0800a65c                __smakebuf_r
 .text._raise_r
                0x0800a6ce       0x50 C:/ST/STM32CubeIDE_2.1.0/STM32CubeIDE/plugins/com.st.stm32cube.ide.mcu.externaltools.gnu-tools-for-stm32.14.3.rel1.win32_1.0.100.202602081740/tools/bin/../lib/gcc/arm-none-eabi/14.3.1/../../../../arm-none-eabi/lib/thumb/v7e-m+fp/hard\libc_nano.a(libc_a-signal.o)
                0x0800a6ce                _raise_r
 *fill*         0x0800a71e        0x2 
 .text.raise    0x0800a720       0x10 C:/ST/STM32CubeIDE_2.1.0/STM32CubeIDE/plugins/com.st.stm32cube.ide.mcu.externaltools.gnu-tools-for-stm32.14.3.rel1.win32_1.0.100.202602081740/tools/bin/../lib/gcc/arm-none-eabi/14.3.1/../../../../arm-none-eabi/lib/thumb/v7e-m+fp/hard\libc_nano.a(libc_a-signal.o)
                0x0800a720                raise
 .text._fstat_r
                0x0800a730       0x24 C:/ST/STM32CubeIDE_2.1.0/STM32CubeIDE/plugins/com.st.stm32cube.ide.mcu.externaltools.gnu-tools-for-stm32.14.3.rel1.win32_1.0.100.202602081740/tools/bin/../lib/gcc/arm-none-eabi/14.3.1/../../../../arm-none-eabi/lib/thumb/v7e-m+fp/hard\libc_nano.a(libc_a-fstatr.o)
                0x0800a730                _fstat_r
 .text._isatty_r
                0x0800a754       0x20 C:/ST/STM32CubeIDE_2.1.0/STM32CubeIDE/plugins/com.st.stm32cube.ide.mcu.externaltools.gnu-tools-for-stm32.14.3.rel1.win32_1.0.100.202602081740/tools/bin/../lib/gcc/arm-none-eabi/14.3.1/../../../../arm-none-eabi/lib/thumb/v7e-m+fp/hard\libc_nano.a(libc_a-isattyr.o)
                0x0800a754                _isatty_r
 .text._kill_r  0x0800a774       0x24 C:/ST/STM32CubeIDE_2.1.0/STM32CubeIDE/plugins/com.st.stm32cube.ide.mcu.externaltools.gnu-tools-for-stm32.14.3.rel1.win32_1.0.100.202602081740/tools/bin/../lib/gcc/arm-none-eabi/14.3.1/../../../../arm-none-eabi/lib/thumb/v7e-m+fp/hard\libc_nano.a(libc_a-signalr.o)
                0x0800a774                _kill_r
 .text._getpid_r
                0x0800a798        0x4 C:/ST/STM32CubeIDE_2.1.0/STM32CubeIDE/plugins/com.st.stm32cube.ide.mcu.externaltools.gnu-tools-for-stm32.14.3.rel1.win32_1.0.100.202602081740/tools/bin/../lib/gcc/arm-none-eabi/14.3.1/../../../../arm-none-eabi/lib/thumb/v7e-m+fp/hard\libc_nano.a(libc_a-signalr.o)
                0x0800a798                _getpid_r
 *(.glue_7)
 .glue_7        0x0800a79c        0x0 linker stubs
 *(.glue_7t)
 .glue_7t       0x0800a79c        0x0 linker stubs
 *(.eh_frame)
 .eh_frame      0x0800a79c        0x0 C:/ST/STM32CubeIDE_2.1.0/STM32CubeIDE/plugins/com.st.stm32cube.ide.mcu.externaltools.gnu-tools-for-stm32.14.3.rel1.win32_1.0.100.202602081740/tools/bin/../lib/gcc/arm-none-eabi/14.3.1/thumb/v7e-m+fp/hard/crtbegin.o
 *(.init)
 .init          0x0800a79c        0x4 C:/ST/STM32CubeIDE_2.1.0/STM32CubeIDE/plugins/com.st.stm32cube.ide.mcu.externaltools.gnu-tools-for-stm32.14.3.rel1.win32_1.0.100.202602081740/tools/bin/../lib/gcc/arm-none-eabi/14.3.1/thumb/v7e-m+fp/hard/crti.o
                0x0800a79c                _init
 .init          0x0800a7a0        0x8 C:/ST/STM32CubeIDE_2.1.0/STM32CubeIDE/plugins/com.st.stm32cube.ide.mcu.externaltools.gnu-tools-for-stm32.14.3.rel1.win32_1.0.100.202602081740/tools/bin/../lib/gcc/arm-none-eabi/14.3.1/thumb/v7e-m+fp/hard/crtn.o
 *(.fini)
 .fini          0x0800a7a8        0x4 C:/ST/STM32CubeIDE_2.1.0/STM32CubeIDE/plugins/com.st.stm32cube.ide.mcu.externaltools.gnu-tools-for-stm32.14.3.rel1.win32_1.0.100.202602081740/tools/bin/../lib/gcc/arm-none-eabi/14.3.1/thumb/v7e-m+fp/hard/crti.o
                0x0800a7a8                _fini
 .fini          0x0800a7ac        0x8 C:/ST/STM32CubeIDE_2.1.0/STM32CubeIDE/plugins/com.st.stm32cube.ide.mcu.externaltools.gnu-tools-for-stm32.14.3.rel1.win32_1.0.100.202602081740/tools/bin/../lib/gcc/arm-none-eabi/14.3.1/thumb/v7e-m+fp/hard/crtn.o
                0x0800a7b4                        . = ALIGN (0x4)
                0x0800a7b4                        _etext = .

.vfp11_veneer   0x0800a7b4        0x0
 .vfp11_veneer  0x0800a7b4        0x0 linker stubs

.v4_bx          0x0800a7b4        0x0
 .v4_bx         0x0800a7b4        0x0 linker stubs

.iplt           0x0800a7b4        0x0
 .iplt          0x0800a7b4        0x0 C:/ST/STM32CubeIDE_2.1.0/STM32CubeIDE/plugins/com.st.stm32cube.ide.mcu.externaltools.gnu-tools-for-stm32.14.3.rel1.win32_1.0.100.202602081740/tools/bin/../lib/gcc/arm-none-eabi/14.3.1/thumb/v7e-m+fp/hard/crtbegin.o

.rodata         0x0800a7b4     0x79b8
                0x0800a7b4                        . = ALIGN (0x4)
 *(.rodata)
 *(.rodata*)
 .rodata.main.str1.1
                0x0800a7b4      0x219 ./Core/Src/main.o
                                  0xb (size before relaxing)
 *fill*         0x0800a9cd        0x3 
 .rodata.MSIRangeTable
                0x0800a9d0       0x30 ./Core/Src/system_stm32l4xx.o
                0x0800a9d0                MSIRangeTable
 .rodata.APBPrescTable
                0x0800aa00        0x8 ./Core/Src/system_stm32l4xx.o
                0x0800aa00                APBPrescTable
 .rodata.AHBPrescTable
                0x0800aa08       0x10 ./Core/Src/system_stm32l4xx.o
                0x0800aa08                AHBPrescTable
 .rodata.UARTPrescTable
                0x0800aa18       0x18 ./Drivers/STM32L4xx_HAL_Driver/Src/stm32l4xx_hal_uart.o
                0x0800aa18                UARTPrescTable
 .rodata.denominator.0
                0x0800aa30        0x8 ./Drivers/STM32L4xx_HAL_Driver/Src/stm32l4xx_hal_uart_ex.o
 .rodata.numerator.1
                0x0800aa38        0x8 ./Drivers/STM32L4xx_HAL_Driver/Src/stm32l4xx_hal_uart_ex.o
 .rodata.boot_check_header_erased.str1.1
                0x0800aa40       0x36 ./MCUBoot/bootutil/src/bootutil_loader.o
 .rodata.boot_open_all_flash_areas.str1.1
                0x0800aa40        0x8 ./MCUBoot/bootutil/src/bootutil_loader.o
 .rodata.__func__.0
                0x0800aa40       0x1a ./MCUBoot/bootutil/src/bootutil_loader.o
 .rodata.__func__.2
                0x0800aa5a       0x11 ./MCUBoot/bootutil/src/bootutil_loader.o
 .rodata.__func__.3
                0x0800aa6b       0x18 ./MCUBoot/bootutil/src/bootutil_loader.o
 .rodata.__func__.4
                0x0800aa83       0x19 ./MCUBoot/bootutil/src/bootutil_loader.o
 .rodata.boot_status_off.str1.1
                0x0800aa9c       0x51 ./MCUBoot/bootutil/src/bootutil_misc.o
 .rodata.boot_read_image_size.str1.1
                0x0800aa9c       0x45 ./MCUBoot/bootutil/src/bootutil_misc.o
 .rodata.__func__.0
                0x0800aa9c       0x15 ./MCUBoot/bootutil/src/bootutil_misc.o
 .rodata.__func__.1
                0x0800aab1       0x10 ./MCUBoot/bootutil/src/bootutil_misc.o
 .rodata.boot_write_trailer.str1.1
                0x0800aac1       0x2c ./MCUBoot/bootutil/src/bootutil_public.o
 .rodata.boot_write_swap_info.str1.1
                0x0800aac1       0x24 ./MCUBoot/bootutil/src/bootutil_public.o
 .rodata.__func__.1
                0x0800aac1       0x15 ./MCUBoot/bootutil/src/bootutil_public.o
 .rodata.__func__.2
                0x0800aad6       0x13 ./MCUBoot/bootutil/src/bootutil_public.o
 .rodata.boot_swap_tables
                0x0800aae9       0x12 ./MCUBoot/bootutil/src/bootutil_public.o
 *fill*         0x0800aafb        0x1 
 .rodata.boot_img_magic
                0x0800aafc       0x10 ./MCUBoot/bootutil/src/bootutil_public.o
                0x0800aafc                boot_img_magic
 .rodata.ec_secp256r1_oid
                0x0800ab0c        0x9 ./MCUBoot/bootutil/src/image_ecdsa.o
 .rodata.ec_pubkey_oid
                0x0800ab15        0x8 ./MCUBoot/bootutil/src/image_ecdsa.o
 .rodata.boot_validate_slot.isra.0.str1.1
                0x0800ab1d       0x3d ./MCUBoot/bootutil/src/loader.o
 .rodata.boot_swap_image.isra.0.str1.1
                0x0800ab1d        0x8 ./MCUBoot/bootutil/src/loader.o
 .rodata.context_boot_go.str1.1
                0x0800ab1d        0x2 ./MCUBoot/bootutil/src/loader.o
 .rodata.__func__.2
                0x0800ab1d       0x13 ./MCUBoot/bootutil/src/loader.o
 .rodata.__func__.4
                0x0800ab30       0x10 ./MCUBoot/bootutil/src/loader.o
 .rodata.__func__.5
                0x0800ab40       0x1b ./MCUBoot/bootutil/src/loader.o
 .rodata.__func__.6
                0x0800ab5b       0x1e ./MCUBoot/bootutil/src/loader.o
 .rodata.__func__.7
                0x0800ab79       0x10 ./MCUBoot/bootutil/src/loader.o
 .rodata.swap_erase_trailer_sectors.str1.1
                0x0800ab89       0x2c ./MCUBoot/bootutil/src/swap_misc.o
 .rodata.swap_read_status.str1.1
                0x0800ab89        0xe ./MCUBoot/bootutil/src/swap_misc.o
 .rodata.__func__.0
                0x0800ab89       0x11 ./MCUBoot/bootutil/src/swap_misc.o
 .rodata.__func__.1
                0x0800ab9a       0x11 ./MCUBoot/bootutil/src/swap_misc.o
 .rodata.boot_read_image_header.str1.1
                0x0800abab       0x30 ./MCUBoot/bootutil/src/swap_move.o
 .rodata.swap_status_source.str1.1
                0x0800abab        0x8 ./MCUBoot/bootutil/src/swap_move.o
 .rodata.swap_run.str1.1
                0x0800abab       0x20 ./MCUBoot/bootutil/src/swap_move.o
 .rodata.__func__.0
                0x0800abab       0x12 ./MCUBoot/bootutil/src/swap_move.o
 .rodata.__func__.1
                0x0800abbd       0x14 ./MCUBoot/bootutil/src/swap_move.o
 .rodata.__func__.2
                0x0800abd1        0x9 ./MCUBoot/bootutil/src/swap_move.o
 .rodata.__func__.3
                0x0800abda        0xd ./MCUBoot/bootutil/src/swap_move.o
 .rodata.__func__.4
                0x0800abe7       0x13 ./MCUBoot/bootutil/src/swap_move.o
 .rodata.__func__.5
                0x0800abfa       0x17 ./MCUBoot/bootutil/src/swap_move.o
 *fill*         0x0800ac11        0x3 
 .rodata.ecp_x25519_bad_point_2
                0x0800ac14        0x8 ./MCUBoot/crypto/mbedtls/library/ecp.o
 .rodata.ecp_x25519_bad_point_1
                0x0800ac1c        0x8 ./MCUBoot/crypto/mbedtls/library/ecp.o
 .rodata.x25519_bad_point_2
                0x0800ac24       0x20 ./MCUBoot/crypto/mbedtls/library/ecp.o
 .rodata.x25519_bad_point_1
                0x0800ac44       0x20 ./MCUBoot/crypto/mbedtls/library/ecp.o
 .rodata.Rp.0   0x0800ac64        0x8 ./MCUBoot/crypto/mbedtls/library/ecp_curves.o
 .rodata.Rp.1   0x0800ac6c        0x8 ./MCUBoot/crypto/mbedtls/library/ecp_curves.o
 .rodata.Rp.2   0x0800ac74        0x8 ./MCUBoot/crypto/mbedtls/library/ecp_curves.o
 .rodata.curve448_part_of_n
                0x0800ac7c       0x1c ./MCUBoot/crypto/mbedtls/library/ecp_curves.o
 .rodata.curve25519_part_of_n
                0x0800ac98       0x10 ./MCUBoot/crypto/mbedtls/library/ecp_curves.o
 .rodata.brainpoolP512r1_T
                0x0800aca8      0x300 ./MCUBoot/crypto/mbedtls/library/ecp_curves.o
 .rodata.brainpoolP512r1_T_31_Y
                0x0800afa8       0x40 ./MCUBoot/crypto/mbedtls/library/ecp_curves.o
 .rodata.brainpoolP512r1_T_31_X
                0x0800afe8       0x40 ./MCUBoot/crypto/mbedtls/library/ecp_curves.o
 .rodata.brainpoolP512r1_T_30_Y
                0x0800b028       0x40 ./MCUBoot/crypto/mbedtls/library/ecp_curves.o
 .rodata.brainpoolP512r1_T_30_X
                0x0800b068       0x40 ./MCUBoot/crypto/mbedtls/library/ecp_curves.o
 .rodata.brainpoolP512r1_T_29_Y
                0x0800b0a8       0x40 ./MCUBoot/crypto/mbedtls/library/ecp_curves.o
 .rodata.brainpoolP512r1_T_29_X
                0x0800b0e8       0x40 ./MCUBoot/crypto/mbedtls/library/ecp_curves.o
 .rodata.brainpoolP512r1_T_28_Y
                0x0800b128       0x40 ./MCUBoot/crypto/mbedtls/library/ecp_curves.o
 .rodata.brainpoolP512r1_T_28_X
                0x0800b168       0x40 ./MCUBoot/crypto/mbedtls/library/ecp_curves.o
 .rodata.brainpoolP512r1_T_27_Y
                0x0800b1a8       0x40 ./MCUBoot/crypto/mbedtls/library/ecp_curves.o
 .rodata.brainpoolP512r1_T_27_X
                0x0800b1e8       0x40 ./MCUBoot/crypto/mbedtls/library/ecp_curves.o
 .rodata.brainpoolP512r1_T_26_Y
                0x0800b228       0x40 ./MCUBoot/crypto/mbedtls/library/ecp_curves.o
 .rodata.brainpoolP512r1_T_26_X
                0x0800b268       0x40 ./MCUBoot/crypto/mbedtls/library/ecp_curves.o
 .rodata.brainpoolP512r1_T_25_Y
                0x0800b2a8       0x40 ./MCUBoot/crypto/mbedtls/library/ecp_curves.o
 .rodata.brainpoolP512r1_T_25_X
                0x0800b2e8       0x40 ./MCUBoot/crypto/mbedtls/library/ecp_curves.o
 .rodata.brainpoolP512r1_T_24_Y
                0x0800b328       0x40 ./MCUBoot/crypto/mbedtls/library/ecp_curves.o
 .rodata.brainpoolP512r1_T_24_X
                0x0800b368       0x40 ./MCUBoot/crypto/mbedtls/library/ecp_curves.o
 .rodata.brainpoolP512r1_T_23_Y
                0x0800b3a8       0x40 ./MCUBoot/crypto/mbedtls/library/ecp_curves.o
 .rodata.brainpoolP512r1_T_23_X
                0x0800b3e8       0x40 ./MCUBoot/crypto/mbedtls/library/ecp_curves.o
 .rodata.brainpoolP512r1_T_22_Y
                0x0800b428       0x40 ./MCUBoot/crypto/mbedtls/library/ecp_curves.o
 .rodata.brainpoolP512r1_T_22_X
                0x0800b468       0x40 ./MCUBoot/crypto/mbedtls/library/ecp_curves.o
 .rodata.brainpoolP512r1_T_21_Y
                0x0800b4a8       0x40 ./MCUBoot/crypto/mbedtls/library/ecp_curves.o
 .rodata.brainpoolP512r1_T_21_X
                0x0800b4e8       0x40 ./MCUBoot/crypto/mbedtls/library/ecp_curves.o
 .rodata.brainpoolP512r1_T_20_Y
                0x0800b528       0x40 ./MCUBoot/crypto/mbedtls/library/ecp_curves.o
 .rodata.brainpoolP512r1_T_20_X
                0x0800b568       0x40 ./MCUBoot/crypto/mbedtls/library/ecp_curves.o
 .rodata.brainpoolP512r1_T_19_Y
                0x0800b5a8       0x40 ./MCUBoot/crypto/mbedtls/library/ecp_curves.o
 .rodata.brainpoolP512r1_T_19_X
                0x0800b5e8       0x40 ./MCUBoot/crypto/mbedtls/library/ecp_curves.o
 .rodata.brainpoolP512r1_T_18_Y
                0x0800b628       0x40 ./MCUBoot/crypto/mbedtls/library/ecp_curves.o
 .rodata.brainpoolP512r1_T_18_X
                0x0800b668       0x40 ./MCUBoot/crypto/mbedtls/library/ecp_curves.o
 .rodata.brainpoolP512r1_T_17_Y
                0x0800b6a8       0x40 ./MCUBoot/crypto/mbedtls/library/ecp_curves.o
 .rodata.brainpoolP512r1_T_17_X
                0x0800b6e8       0x40 ./MCUBoot/crypto/mbedtls/library/ecp_curves.o
 .rodata.brainpoolP512r1_T_16_Y
                0x0800b728       0x40 ./MCUBoot/crypto/mbedtls/library/ecp_curves.o
 .rodata.brainpoolP512r1_T_16_X
                0x0800b768       0x40 ./MCUBoot/crypto/mbedtls/library/ecp_curves.o
 .rodata.brainpoolP512r1_T_15_Y
                0x0800b7a8       0x40 ./MCUBoot/crypto/mbedtls/library/ecp_curves.o
 .rodata.brainpoolP512r1_T_15_X
                0x0800b7e8       0x40 ./MCUBoot/crypto/mbedtls/library/ecp_curves.o
 .rodata.brainpoolP512r1_T_14_Y
                0x0800b828       0x40 ./MCUBoot/crypto/mbedtls/library/ecp_curves.o
 .rodata.brainpoolP512r1_T_14_X
                0x0800b868       0x40 ./MCUBoot/crypto/mbedtls/library/ecp_curves.o
 .rodata.brainpoolP512r1_T_13_Y