../MCUBoot/flash_map_backend/flash_map_backend.c:59:24:flash_abs_addr	16	static
../MCUBoot/flash_map_backend/flash_map_backend.c:78:12:flash_area_check_bounds	24	static
../MCUBoot/flash_map_backend/flash_map_backend.c:94:5:flash_area_open	32	static
../MCUBoot/flash_map_backend/flash_map_backend.c:118:6:flash_area_close	16	static
../MCUBoot/flash_map_backend/flash_map_backend.c:131:5:flash_area_read	32	static
../MCUBoot/flash_map_backend/flash_map_backend.c:151:5:flash_area_write	64	static
../MCUBoot/flash_map_backend/flash_map_backend.c:206:5:flash_area_erase	64	static
../MCUBoot/flash_map_backend/flash_map_backend.c:270:10:flash_area_align	16	static
../MCUBoot/flash_map_backend/flash_map_backend.c:281:10:flash_area_erased_val	16	static
../MCUBoot/flash_map_backend/flash_map_backend.c:299:10:flash_area_get_off	16	static
../MCUBoot/flash_map_backend/flash_map_backend.c:304:10:flash_area_get_size	16	static
../MCUBoot/flash_map_backend/flash_map_backend.c:309:9:flash_area_get_id	16	static
../MCUBoot/flash_map_backend/flash_map_backend.c:314:9:flash_area_get_device_id	16	static
../MCUBoot/flash_map_backend/flash_map_backend.c:323:10:flash_sector_get_off	16	static
../MCUBoot/flash_map_backend/flash_map_backend.c:328:10:flash_sector_get_size	16	static
../MCUBoot/flash_map_backend/flash_map_backend.c:341:5:flash_area_get_sector	32	static
../MCUBoot/flash_map_backend/flash_map_backend.c:365:5:flash_area_get_sectors	40	static
../MCUBoot/flash_map_backend/flash_map_backend.c:408:5:flash_area_id_from_multi_image_slot_hook	32	static
../MCUBoot/flash_map_backend/flash_map_backend.c:434:5:flash_area_id_from_multi_image_slot	24	static
../MCUBoot/flash_map_backend/flash_map_backend.c:445:5:flash_area_to_sectors	40	static
../MCUBoot/flash_map_backend/flash_map_backend.c:486:5:flash_area_id_from_image_slot	16	static
