../MCUBoot/crypto/mbedtls/library/bignum_core.c:24:8:mbedtls_mpi_core_clz	0	static
../MCUBoot/crypto/mbedtls/library/bignum_core.c:53:8:mbedtls_mpi_core_bitlen	0	static
../MCUBoot/crypto/mbedtls/library/bignum_core.c:82:6:mbedtls_mpi_core_bigendian_to_host	0	static
../MCUBoot/crypto/mbedtls/library/bignum_core.c:114:24:mbedtls_mpi_core_uint_le_mpi	8	static,ignoring_inline_asm
../MCUBoot/crypto/mbedtls/library/bignum_core.c:132:24:mbedtls_mpi_core_lt_ct	20	static,ignoring_inline_asm
../MCUBoot/crypto/mbedtls/library/bignum_core.c:168:6:mbedtls_mpi_core_cond_assign	12	static,ignoring_inline_asm
../MCUBoot/crypto/mbedtls/library/bignum_core.c:187:6:mbedtls_mpi_core_cond_swap	12	static,ignoring_inline_asm
../MCUBoot/crypto/mbedtls/library/bignum_core.c:203:5:mbedtls_mpi_core_read_le	16	static
../MCUBoot/crypto/mbedtls/library/bignum_core.c:226:5:mbedtls_mpi_core_read_be	24	static
../MCUBoot/crypto/mbedtls/library/bignum_core.c:257:5:mbedtls_mpi_core_write_le	16	static
../MCUBoot/crypto/mbedtls/library/bignum_core.c:291:5:mbedtls_mpi_core_write_be	16	static
../MCUBoot/crypto/mbedtls/library/bignum_core.c:330:6:mbedtls_mpi_core_shift_r	24	static
../MCUBoot/crypto/mbedtls/library/bignum_core.c:370:6:mbedtls_mpi_core_shift_l	24	static
../MCUBoot/crypto/mbedtls/library/bignum_core.c:405:18:mbedtls_mpi_core_add	8	static
../MCUBoot/crypto/mbedtls/library/bignum_core.c:423:18:mbedtls_mpi_core_add_if	12	static,ignoring_inline_asm
../MCUBoot/crypto/mbedtls/library/bignum_core.c:444:18:mbedtls_mpi_core_sub	16	static
../MCUBoot/crypto/mbedtls/library/bignum_core.c:461:18:mbedtls_mpi_core_mla	24	static,ignoring_inline_asm
../MCUBoot/crypto/mbedtls/library/bignum_core.c:499:6:mbedtls_mpi_core_mul	40	static
../MCUBoot/crypto/mbedtls/library/bignum_core.c:513:18:mbedtls_mpi_core_montmul_init	0	static
../MCUBoot/crypto/mbedtls/library/bignum_core.c:526:6:mbedtls_mpi_core_montmul	64	static,ignoring_inline_asm
../MCUBoot/crypto/mbedtls/library/bignum_core.c:582:5:mbedtls_mpi_core_get_mont_r2_unsafe	16	static
../MCUBoot/crypto/mbedtls/library/bignum_core.c:615:5:mbedtls_mpi_core_fill_random	32	static
../MCUBoot/crypto/mbedtls/library/bignum_core.c:637:5:mbedtls_mpi_core_random	56	static,ignoring_inline_asm
../MCUBoot/crypto/mbedtls/library/bignum_core.c:709:8:mbedtls_mpi_core_exp_mod_working_limbs	0	static
../MCUBoot/crypto/mbedtls/library/bignum_core.c:761:6:mbedtls_mpi_core_exp_mod	88	static,ignoring_inline_asm
../MCUBoot/crypto/mbedtls/library/bignum_core.c:844:18:mbedtls_mpi_core_sub_int	0	static
../MCUBoot/crypto/mbedtls/library/bignum_core.c:859:24:mbedtls_mpi_core_check_zero_ct	0	static,ignoring_inline_asm
../MCUBoot/crypto/mbedtls/library/bignum_core.c:872:6:mbedtls_mpi_core_to_mont_rep	24	static
../MCUBoot/crypto/mbedtls/library/bignum_core.c:883:6:mbedtls_mpi_core_from_mont_rep	32	static
