../MCUBoot/crypto/mbedtls/library/pk.c:739:12:import_public_into_psa.constprop	1072	static
../MCUBoot/crypto/mbedtls/library/pk.c:645:12:import_pair_into_psa.constprop	2400	static
../MCUBoot/crypto/mbedtls/library/pk.c:864:12:copy_from_psa	2440	static
../MCUBoot/crypto/mbedtls/library/pk.c:45:6:mbedtls_pk_init	0	static
../MCUBoot/crypto/mbedtls/library/pk.c:63:6:mbedtls_pk_free	8	static
../MCUBoot/crypto/mbedtls/library/pk.c:114:26:mbedtls_pk_info_from_type	0	static
../MCUBoot/crypto/mbedtls/library/pk.c:140:5:mbedtls_pk_setup	16	static
../MCUBoot/crypto/mbedtls/library/pk.c:199:5:mbedtls_pk_setup_rsa_alt	32	static
../MCUBoot/crypto/mbedtls/library/pk.c:231:5:mbedtls_pk_can_do	0	static
../MCUBoot/crypto/mbedtls/library/pk.c:404:5:mbedtls_pk_get_psa_attributes	48	static
../MCUBoot/crypto/mbedtls/library/pk.c:842:5:mbedtls_pk_import_into_psa	0	static
../MCUBoot/crypto/mbedtls/library/pk.c:981:5:mbedtls_pk_copy_from_psa	0	static
../MCUBoot/crypto/mbedtls/library/pk.c:987:5:mbedtls_pk_copy_public_from_psa	0	static
../MCUBoot/crypto/mbedtls/library/pk.c:1042:5:mbedtls_pk_verify_restartable	32	static
../MCUBoot/crypto/mbedtls/library/pk.c:1092:5:mbedtls_pk_verify	32	static
../MCUBoot/crypto/mbedtls/library/pk.c:1103:5:mbedtls_pk_verify_ext	56	static
../MCUBoot/crypto/mbedtls/library/pk.c:1233:5:mbedtls_pk_sign_restartable	48	static
../MCUBoot/crypto/mbedtls/library/pk.c:1287:5:mbedtls_pk_sign	48	static
../MCUBoot/crypto/mbedtls/library/pk.c:1300:5:mbedtls_pk_sign_ext	64	static
../MCUBoot/crypto/mbedtls/library/pk.c:1402:5:mbedtls_pk_decrypt	16	static
../MCUBoot/crypto/mbedtls/library/pk.c:1422:5:mbedtls_pk_encrypt	16	static
../MCUBoot/crypto/mbedtls/library/pk.c:1442:5:mbedtls_pk_check_pair	12	static
../MCUBoot/crypto/mbedtls/library/pk.c:1479:8:mbedtls_pk_get_bitlen	0	static
../MCUBoot/crypto/mbedtls/library/pk.c:1493:5:mbedtls_pk_debug	8	static
../MCUBoot/crypto/mbedtls/library/pk.c:1510:13:mbedtls_pk_get_name	0	static
../MCUBoot/crypto/mbedtls/library/pk.c:1522:19:mbedtls_pk_get_type	0	static
