../MCUBoot/crypto/mbedtls/library/bignum.c:47:28:mbedtls_ct_mpi_sign_if	0	static,ignoring_inline_asm
../MCUBoot/crypto/mbedtls/library/bignum.c:488:12:mpi_get_digit	8	static
../MCUBoot/crypto/mbedtls/library/bignum.c:56:5:mbedtls_mpi_lt_mpi_ct	24	static,ignoring_inline_asm
../MCUBoot/crypto/mbedtls/library/bignum.c:180:6:mbedtls_mpi_init	0	static
../MCUBoot/crypto/mbedtls/library/bignum.c:190:6:mbedtls_mpi_free	8	static
../MCUBoot/crypto/mbedtls/library/bignum.c:208:5:mbedtls_mpi_grow	24	static
../MCUBoot/crypto/mbedtls/library/bignum.c:117:5:mbedtls_mpi_safe_cond_assign	24	static,ignoring_inline_asm
../MCUBoot/crypto/mbedtls/library/bignum.c:148:5:mbedtls_mpi_safe_cond_swap	16	static,ignoring_inline_asm
../MCUBoot/crypto/mbedtls/library/bignum.c:283:12:mbedtls_mpi_resize_clear	16	static
../MCUBoot/crypto/mbedtls/library/bignum.c:239:5:mbedtls_mpi_shrink	24	static
../MCUBoot/crypto/mbedtls/library/bignum.c:306:5:mbedtls_mpi_copy	16	static
../MCUBoot/crypto/mbedtls/library/bignum.c:348:6:mbedtls_mpi_swap	16	static
../MCUBoot/crypto/mbedtls/library/bignum.c:376:5:mbedtls_mpi_lset	16	static
../MCUBoot/crypto/mbedtls/library/bignum.c:394:5:mbedtls_mpi_get_bit	0	static
../MCUBoot/crypto/mbedtls/library/bignum.c:406:5:mbedtls_mpi_set_bit	24	static
../MCUBoot/crypto/mbedtls/library/bignum.c:435:8:mbedtls_mpi_lsb	0	static
../MCUBoot/crypto/mbedtls/library/bignum.c:472:8:mbedtls_mpi_bitlen	0	static
../MCUBoot/crypto/mbedtls/library/bignum.c:480:8:mbedtls_mpi_size	8	static
../MCUBoot/crypto/mbedtls/library/bignum.c:792:5:mbedtls_mpi_read_binary_le	16	static
../MCUBoot/crypto/mbedtls/library/bignum.c:819:5:mbedtls_mpi_read_binary	16	static
../MCUBoot/crypto/mbedtls/library/bignum.c:842:5:mbedtls_mpi_write_binary_le	0	static
../MCUBoot/crypto/mbedtls/library/bignum.c:851:5:mbedtls_mpi_write_binary	0	static
../MCUBoot/crypto/mbedtls/library/bignum.c:860:5:mbedtls_mpi_shift_l	16	static
../MCUBoot/crypto/mbedtls/library/bignum.c:882:5:mbedtls_mpi_shift_r	8	static
../MCUBoot/crypto/mbedtls/library/bignum.c:893:5:mbedtls_mpi_cmp_abs	8	static
../MCUBoot/crypto/mbedtls/library/bignum.c:934:5:mbedtls_mpi_cmp_mpi	12	static
../MCUBoot/crypto/mbedtls/library/bignum.c:983:5:mbedtls_mpi_cmp_int	24	static
../MCUBoot/crypto/mbedtls/library/bignum.c:999:5:mbedtls_mpi_add_abs	24	static
../MCUBoot/crypto/mbedtls/library/bignum.c:1060:5:mbedtls_mpi_sub_abs	24	static
../MCUBoot/crypto/mbedtls/library/bignum.c:1111:12:add_sub_mpi	32	static
../MCUBoot/crypto/mbedtls/library/bignum.c:1144:5:mbedtls_mpi_add_mpi	0	static
../MCUBoot/crypto/mbedtls/library/bignum.c:1152:5:mbedtls_mpi_sub_mpi	0	static
../MCUBoot/crypto/mbedtls/library/bignum.c:1160:5:mbedtls_mpi_add_int	24	static
../MCUBoot/crypto/mbedtls/library/bignum.c:1176:5:mbedtls_mpi_sub_int	24	static
../MCUBoot/crypto/mbedtls/library/bignum.c:1192:5:mbedtls_mpi_mul_mpi	56	static
../MCUBoot/crypto/mbedtls/library/bignum.c:1252:5:mbedtls_mpi_mul_int	32	static
../MCUBoot/crypto/mbedtls/library/bignum.c:512:5:mbedtls_mpi_read_string	48	static
../MCUBoot/crypto/mbedtls/library/bignum.c:699:5:mbedtls_mpi_read_file	2512	static
../MCUBoot/crypto/mbedtls/library/bignum.c:1392:5:mbedtls_mpi_div_mpi	136	static
../MCUBoot/crypto/mbedtls/library/bignum.c:1515:5:mbedtls_mpi_div_int	24	static
../MCUBoot/crypto/mbedtls/library/bignum.c:1533:5:mbedtls_mpi_mod_mpi	16	static
../MCUBoot/crypto/mbedtls/library/bignum.c:1559:5:mbedtls_mpi_mod_int	20	static
../MCUBoot/crypto/mbedtls/library/bignum.c:614:5:mbedtls_mpi_write_string	56	static
../MCUBoot/crypto/mbedtls/library/bignum.c:744:5:mbedtls_mpi_write_file	2528	static
../MCUBoot/crypto/mbedtls/library/bignum.c:2003:12:mpi_check_small_factors	32	static
../MCUBoot/crypto/mbedtls/library/bignum.c:1613:5:mbedtls_mpi_exp_mod	72	static
../MCUBoot/crypto/mbedtls/library/bignum.c:1726:5:mbedtls_mpi_gcd	40	static
../MCUBoot/crypto/mbedtls/library/bignum.c:1835:5:mbedtls_mpi_fill_random	32	static
../MCUBoot/crypto/mbedtls/library/bignum.c:2032:12:mpi_miller_rabin	104	static
../MCUBoot/crypto/mbedtls/library/bignum.c:1854:5:mbedtls_mpi_random	32	static
../MCUBoot/crypto/mbedtls/library/bignum.c:1881:5:mbedtls_mpi_inv_mod	120	static
../MCUBoot/crypto/mbedtls/library/bignum.c:2121:5:mbedtls_mpi_is_prime_ext	32	static
../MCUBoot/crypto/mbedtls/library/bignum.c:2159:5:mbedtls_mpi_gen_prime	64	static
../MCUBoot/crypto/mbedtls/library/bignum.c:2293:5:mbedtls_mpi_self_test	88	static
