../MCUBoot/crypto/mbedtls/library/ecp_curves.c:4832:20:add64	8	static
../MCUBoot/crypto/mbedtls/library/ecp_curves.c:4981:13:mbedtls_ecp_fix_negative	20	static
../MCUBoot/crypto/mbedtls/library/ecp_curves.c:5248:12:ecp_mod_p448	160	static
../MCUBoot/crypto/mbedtls/library/ecp_curves.c:5198:12:ecp_mod_p255	64	static
../MCUBoot/crypto/mbedtls/library/ecp_curves.c:5146:12:ecp_mod_p521	88	static
../MCUBoot/crypto/mbedtls/library/ecp_curves.c:5314:19:ecp_mod_koblitz.constprop	112	static
../MCUBoot/crypto/mbedtls/library/ecp_curves.c:5397:12:ecp_mod_p192k1	0	static
../MCUBoot/crypto/mbedtls/library/ecp_curves.c:5414:12:ecp_mod_p224k1	0	static
../MCUBoot/crypto/mbedtls/library/ecp_curves.c:5436:12:ecp_mod_p256k1	0	static
../MCUBoot/crypto/mbedtls/library/ecp_curves.c:5073:12:ecp_mod_p384	48	static
../MCUBoot/crypto/mbedtls/library/ecp_curves.c:5036:12:ecp_mod_p256	56	static
../MCUBoot/crypto/mbedtls/library/ecp_curves.c:5015:12:ecp_mod_p224	32	static
../MCUBoot/crypto/mbedtls/library/ecp_curves.c:4862:12:ecp_mod_p192	40	static
../MCUBoot/crypto/mbedtls/library/ecp_curves.c:4717:5:mbedtls_ecp_group_load	24	static
