../MCUBoot/crypto/mbedtls/library/sha256.c:221:6:mbedtls_sha256_init	0	static
../MCUBoot/crypto/mbedtls/library/sha256.c:226:6:mbedtls_sha256_free	0	static
../MCUBoot/crypto/mbedtls/library/sha256.c:235:6:mbedtls_sha256_clone	8	static
../MCUBoot/crypto/mbedtls/library/sha256.c:244:5:mbedtls_sha256_starts	24	static
../MCUBoot/crypto/mbedtls/library/sha256.c:488:5:mbedtls_internal_sha256_process	360	static
../MCUBoot/crypto/mbedtls/library/sha256.c:641:5:mbedtls_sha256_update	24	static
../MCUBoot/crypto/mbedtls/library/sha256.c:696:5:mbedtls_sha256_finish	16	static
../MCUBoot/crypto/mbedtls/library/sha256.c:874:12:mbedtls_sha256_common_self_test	192	static
../MCUBoot/crypto/mbedtls/library/sha256.c:769:5:mbedtls_sha256	144	static
../MCUBoot/crypto/mbedtls/library/sha256.c:961:5:mbedtls_sha256_self_test	0	static
../MCUBoot/crypto/mbedtls/library/sha256.c:968:5:mbedtls_sha224_self_test	0	static
